使用设备: cuda
模型总参数量: 96,480
==================================================
Training Started
==================================================
实验名称: BaselineSR_x2_0730_1753
放大倍数: 2
批次大小: 64
学习率: 0.0015
最小学习率: 5e-05
训练轮数: 150
设备: cuda
模型参数数量: 96,480
训练批次: 1110
==================================================
Begin Training
Epoch 1/150: Training loss=0.041107, lr=3.00e-04
Epoch 1/150: Validation loss=0.035530
Model saved! Best loss: 0.035530
Set5: PSNR(Y)=34.252, SSIM(Y)=0.9344
Set14: PSNR(Y)=30.838, SSIM(Y)=0.8826
B100: PSNR(Y)=30.070, SSIM(Y)=0.8619
U100: PSNR(Y)=27.444, SSIM(Y)=0.8548
M109: PSNR(Y)=31.606, SSIM(Y)=0.9369
Epoch 2/150: Training loss=0.025404, lr=3.80e-04
Epoch 2/150: Validation loss=0.032141
Model saved! Best loss: 0.032141
Set5: PSNR(Y)=35.148, SSIM(Y)=0.9441
Set14: PSNR(Y)=31.467, SSIM(Y)=0.8962
B100: PSNR(Y)=30.574, SSIM(Y)=0.8778
U100: PSNR(Y)=27.959, SSIM(Y)=0.8692
M109: PSNR(Y)=32.727, SSIM(Y)=0.9492
Epoch 3/150: Training loss=0.023596, lr=4.60e-04
Epoch 3/150: Validation loss=0.030629
Model saved! Best loss: 0.030629
Set5: PSNR(Y)=35.518, SSIM(Y)=0.9467
Set14: PSNR(Y)=31.690, SSIM(Y)=0.8990
B100: PSNR(Y)=30.718, SSIM(Y)=0.8803
U100: PSNR(Y)=28.167, SSIM(Y)=0.8737
M109: PSNR(Y)=33.357, SSIM(Y)=0.9541
Epoch 4/150: Training loss=0.022696, lr=5.40e-04
Epoch 4/150: Validation loss=0.029085
Model saved! Best loss: 0.029085
Set5: PSNR(Y)=35.993, SSIM(Y)=0.9504
Set14: PSNR(Y)=31.976, SSIM(Y)=0.9022
B100: PSNR(Y)=30.936, SSIM(Y)=0.8834
U100: PSNR(Y)=28.519, SSIM(Y)=0.8808
M109: PSNR(Y)=34.240, SSIM(Y)=0.9599
Epoch 5/150: Training loss=0.022083, lr=6.20e-04
Epoch 5/150: Validation loss=0.027863
Model saved! Best loss: 0.027863
Set5: PSNR(Y)=36.402, SSIM(Y)=0.9532
Set14: PSNR(Y)=32.221, SSIM(Y)=0.9047
B100: PSNR(Y)=31.126, SSIM(Y)=0.8859
U100: PSNR(Y)=28.879, SSIM(Y)=0.8874
M109: PSNR(Y)=34.995, SSIM(Y)=0.9641
Epoch 6/150: Training loss=0.021863, lr=7.00e-04
Epoch 6/150: Validation loss=0.027025
Model saved! Best loss: 0.027025
Set5: PSNR(Y)=36.662, SSIM(Y)=0.9547
Set14: PSNR(Y)=32.387, SSIM(Y)=0.9064
B100: PSNR(Y)=31.245, SSIM(Y)=0.8874
U100: PSNR(Y)=29.142, SSIM(Y)=0.8918
M109: PSNR(Y)=35.488, SSIM(Y)=0.9665
Epoch 7/150: Training loss=0.021519, lr=7.80e-04
Epoch 7/150: Validation loss=0.026454
Model saved! Best loss: 0.026454
Set5: PSNR(Y)=36.837, SSIM(Y)=0.9556
Set14: PSNR(Y)=32.499, SSIM(Y)=0.9076
B100: PSNR(Y)=31.327, SSIM(Y)=0.8885
U100: PSNR(Y)=29.339, SSIM(Y)=0.8950
M109: PSNR(Y)=35.813, SSIM(Y)=0.9680
Epoch 8/150: Training loss=0.021221, lr=8.60e-04
Epoch 8/150: Validation loss=0.026209
Model saved! Best loss: 0.026209
Set5: PSNR(Y)=36.936, SSIM(Y)=0.9562
Set14: PSNR(Y)=32.572, SSIM(Y)=0.9083
B100: PSNR(Y)=31.380, SSIM(Y)=0.8893
U100: PSNR(Y)=29.496, SSIM(Y)=0.8974
M109: PSNR(Y)=36.003, SSIM(Y)=0.9689
Epoch 9/150: Training loss=0.021135, lr=9.40e-04
Epoch 9/150: Validation loss=0.025896
Model saved! Best loss: 0.025896
Set5: PSNR(Y)=37.020, SSIM(Y)=0.9567
Set14: PSNR(Y)=32.635, SSIM(Y)=0.9090
B100: PSNR(Y)=31.428, SSIM(Y)=0.8900
U100: PSNR(Y)=29.639, SSIM(Y)=0.8995
M109: PSNR(Y)=36.188, SSIM(Y)=0.9698
Epoch 10/150: Training loss=0.021024, lr=1.02e-03
Epoch 10/150: Validation loss=0.025911
Epoch 11/150: Training loss=0.020945, lr=1.10e-03
Epoch 11/150: Validation loss=0.025809
Model saved! Best loss: 0.025809
Set5: PSNR(Y)=37.000, SSIM(Y)=0.9574
Set14: PSNR(Y)=32.680, SSIM(Y)=0.9102
B100: PSNR(Y)=31.471, SSIM(Y)=0.8913
U100: PSNR(Y)=29.862, SSIM(Y)=0.9032
M109: PSNR(Y)=36.213, SSIM(Y)=0.9710
Epoch 12/150: Training loss=0.020757, lr=1.18e-03
Epoch 12/150: Validation loss=0.025074
Model saved! Best loss: 0.025074
Set5: PSNR(Y)=37.214, SSIM(Y)=0.9577
Set14: PSNR(Y)=32.809, SSIM(Y)=0.9107
B100: PSNR(Y)=31.568, SSIM(Y)=0.8919
U100: PSNR(Y)=30.021, SSIM(Y)=0.9048
M109: PSNR(Y)=36.680, SSIM(Y)=0.9715
Epoch 13/150: Training loss=0.020756, lr=1.26e-03
Epoch 13/150: Validation loss=0.024825
Model saved! Best loss: 0.024825
Set5: PSNR(Y)=37.274, SSIM(Y)=0.9579
Set14: PSNR(Y)=32.855, SSIM(Y)=0.9110
B100: PSNR(Y)=31.603, SSIM(Y)=0.8923
U100: PSNR(Y)=30.118, SSIM(Y)=0.9061
M109: PSNR(Y)=36.826, SSIM(Y)=0.9720
Epoch 14/150: Training loss=0.020736, lr=1.34e-03
Epoch 14/150: Validation loss=0.024673
Model saved! Best loss: 0.024673
Set5: PSNR(Y)=37.329, SSIM(Y)=0.9581
Set14: PSNR(Y)=32.890, SSIM(Y)=0.9113
B100: PSNR(Y)=31.630, SSIM(Y)=0.8926
U100: PSNR(Y)=30.189, SSIM(Y)=0.9069
M109: PSNR(Y)=36.913, SSIM(Y)=0.9723
Epoch 15/150: Training loss=0.020681, lr=1.42e-03
Epoch 15/150: Validation loss=0.024520
Model saved! Best loss: 0.024520
Set5: PSNR(Y)=37.374, SSIM(Y)=0.9582
Set14: PSNR(Y)=32.922, SSIM(Y)=0.9115
B100: PSNR(Y)=31.653, SSIM(Y)=0.8929
U100: PSNR(Y)=30.250, SSIM(Y)=0.9077
M109: PSNR(Y)=37.023, SSIM(Y)=0.9725
Epoch 16/150: Training loss=0.020816, lr=1.50e-03
Epoch 16/150: Validation loss=0.024515
Model saved! Best loss: 0.024515
Set5: PSNR(Y)=37.375, SSIM(Y)=0.9583
Set14: PSNR(Y)=32.939, SSIM(Y)=0.9118
B100: PSNR(Y)=31.665, SSIM(Y)=0.8932
U100: PSNR(Y)=30.294, SSIM(Y)=0.9083
M109: PSNR(Y)=37.066, SSIM(Y)=0.9729
Epoch 17/150: Training loss=0.020661, lr=1.50e-03
Epoch 17/150: Validation loss=0.024501
Model saved! Best loss: 0.024501
Set5: PSNR(Y)=37.396, SSIM(Y)=0.9583
Set14: PSNR(Y)=32.948, SSIM(Y)=0.9120
B100: PSNR(Y)=31.676, SSIM(Y)=0.8934
U100: PSNR(Y)=30.325, SSIM(Y)=0.9087
M109: PSNR(Y)=37.074, SSIM(Y)=0.9730
Epoch 18/150: Training loss=0.020407, lr=1.50e-03
Epoch 18/150: Validation loss=0.024302
Model saved! Best loss: 0.024302
Set5: PSNR(Y)=37.418, SSIM(Y)=0.9584
Set14: PSNR(Y)=32.963, SSIM(Y)=0.9120
B100: PSNR(Y)=31.697, SSIM(Y)=0.8936
U100: PSNR(Y)=30.365, SSIM(Y)=0.9092
M109: PSNR(Y)=37.179, SSIM(Y)=0.9732
Epoch 19/150: Training loss=0.020402, lr=1.50e-03
Epoch 19/150: Validation loss=0.024143
Model saved! Best loss: 0.024143
Set5: PSNR(Y)=37.443, SSIM(Y)=0.9585
Set14: PSNR(Y)=32.978, SSIM(Y)=0.9122
B100: PSNR(Y)=31.713, SSIM(Y)=0.8937
U100: PSNR(Y)=30.398, SSIM(Y)=0.9095
M109: PSNR(Y)=37.241, SSIM(Y)=0.9733
Epoch 20/150: Training loss=0.020473, lr=1.50e-03
Epoch 20/150: Validation loss=0.024056
Model saved! Best loss: 0.024056
Set5: PSNR(Y)=37.446, SSIM(Y)=0.9585
Set14: PSNR(Y)=32.983, SSIM(Y)=0.9122
B100: PSNR(Y)=31.720, SSIM(Y)=0.8938
U100: PSNR(Y)=30.420, SSIM(Y)=0.9098
M109: PSNR(Y)=37.263, SSIM(Y)=0.9734
Epoch 21/150: Training loss=0.020218, lr=1.50e-03
Epoch 21/150: Validation loss=0.023989
Model saved! Best loss: 0.023989
Set5: PSNR(Y)=37.466, SSIM(Y)=0.9586
Set14: PSNR(Y)=32.998, SSIM(Y)=0.9123
B100: PSNR(Y)=31.731, SSIM(Y)=0.8939
U100: PSNR(Y)=30.451, SSIM(Y)=0.9101
M109: PSNR(Y)=37.299, SSIM(Y)=0.9735
Epoch 22/150: Training loss=0.020419, lr=1.49e-03
Epoch 22/150: Validation loss=0.023919
Model saved! Best loss: 0.023919
Set5: PSNR(Y)=37.472, SSIM(Y)=0.9586
Set14: PSNR(Y)=33.002, SSIM(Y)=0.9123
B100: PSNR(Y)=31.739, SSIM(Y)=0.8941
U100: PSNR(Y)=30.472, SSIM(Y)=0.9103
M109: PSNR(Y)=37.334, SSIM(Y)=0.9736
Epoch 23/150: Training loss=0.020257, lr=1.49e-03
Epoch 23/150: Validation loss=0.023894
Model saved! Best loss: 0.023894
Set5: PSNR(Y)=37.478, SSIM(Y)=0.9586
Set14: PSNR(Y)=33.007, SSIM(Y)=0.9124
B100: PSNR(Y)=31.744, SSIM(Y)=0.8941
U100: PSNR(Y)=30.485, SSIM(Y)=0.9105
M109: PSNR(Y)=37.343, SSIM(Y)=0.9737
Epoch 24/150: Training loss=0.020164, lr=1.49e-03
Epoch 24/150: Validation loss=0.023857
Model saved! Best loss: 0.023857
Set5: PSNR(Y)=37.487, SSIM(Y)=0.9586
Set14: PSNR(Y)=33.017, SSIM(Y)=0.9124
B100: PSNR(Y)=31.750, SSIM(Y)=0.8942
U100: PSNR(Y)=30.507, SSIM(Y)=0.9107
M109: PSNR(Y)=37.359, SSIM(Y)=0.9737
Epoch 25/150: Training loss=0.020242, lr=1.48e-03
Epoch 25/150: Validation loss=0.023853
Model saved! Best loss: 0.023853
Set5: PSNR(Y)=37.491, SSIM(Y)=0.9587
Set14: PSNR(Y)=33.024, SSIM(Y)=0.9125
B100: PSNR(Y)=31.745, SSIM(Y)=0.8941
U100: PSNR(Y)=30.498, SSIM(Y)=0.9107
M109: PSNR(Y)=37.363, SSIM(Y)=0.9737
Epoch 26/150: Training loss=0.020081, lr=1.48e-03
Epoch 26/150: Validation loss=0.023815
Model saved! Best loss: 0.023815
Set5: PSNR(Y)=37.503, SSIM(Y)=0.9587
Set14: PSNR(Y)=33.031, SSIM(Y)=0.9125
B100: PSNR(Y)=31.756, SSIM(Y)=0.8943
U100: PSNR(Y)=30.519, SSIM(Y)=0.9108
M109: PSNR(Y)=37.371, SSIM(Y)=0.9738
Epoch 27/150: Training loss=0.020148, lr=1.48e-03
Epoch 27/150: Validation loss=0.023794
Model saved! Best loss: 0.023794
Set5: PSNR(Y)=37.513, SSIM(Y)=0.9587
Set14: PSNR(Y)=33.037, SSIM(Y)=0.9125
B100: PSNR(Y)=31.759, SSIM(Y)=0.8943
U100: PSNR(Y)=30.534, SSIM(Y)=0.9110
M109: PSNR(Y)=37.388, SSIM(Y)=0.9738
Epoch 28/150: Training loss=0.020003, lr=1.47e-03
Epoch 28/150: Validation loss=0.023761
Model saved! Best loss: 0.023761
Set5: PSNR(Y)=37.514, SSIM(Y)=0.9587
Set14: PSNR(Y)=33.043, SSIM(Y)=0.9127
B100: PSNR(Y)=31.766, SSIM(Y)=0.8944
U100: PSNR(Y)=30.551, SSIM(Y)=0.9112
M109: PSNR(Y)=37.398, SSIM(Y)=0.9738
Epoch 29/150: Training loss=0.020043, lr=1.47e-03
Epoch 29/150: Validation loss=0.023771
Epoch 30/150: Training loss=0.019981, lr=1.46e-03
Epoch 30/150: Validation loss=0.023738
Model saved! Best loss: 0.023738
Set5: PSNR(Y)=37.516, SSIM(Y)=0.9588
Set14: PSNR(Y)=33.049, SSIM(Y)=0.9127
B100: PSNR(Y)=31.771, SSIM(Y)=0.8945
U100: PSNR(Y)=30.568, SSIM(Y)=0.9114
M109: PSNR(Y)=37.419, SSIM(Y)=0.9739
Epoch 31/150: Training loss=0.019936, lr=1.46e-03
Epoch 31/150: Validation loss=0.023721
Model saved! Best loss: 0.023721
Set5: PSNR(Y)=37.519, SSIM(Y)=0.9588
Set14: PSNR(Y)=33.053, SSIM(Y)=0.9126
B100: PSNR(Y)=31.776, SSIM(Y)=0.8945
U100: PSNR(Y)=30.582, SSIM(Y)=0.9116
M109: PSNR(Y)=37.430, SSIM(Y)=0.9739
Epoch 32/150: Training loss=0.019945, lr=1.45e-03
Epoch 32/150: Validation loss=0.023717
Model saved! Best loss: 0.023717
Set5: PSNR(Y)=37.519, SSIM(Y)=0.9588
Set14: PSNR(Y)=33.054, SSIM(Y)=0.9127
B100: PSNR(Y)=31.776, SSIM(Y)=0.8945
U100: PSNR(Y)=30.585, SSIM(Y)=0.9117
M109: PSNR(Y)=37.433, SSIM(Y)=0.9739
Epoch 33/150: Training loss=0.019932, lr=1.44e-03
Epoch 33/150: Validation loss=0.023706
Model saved! Best loss: 0.023706
Set5: PSNR(Y)=37.517, SSIM(Y)=0.9588
Set14: PSNR(Y)=33.057, SSIM(Y)=0.9127
B100: PSNR(Y)=31.778, SSIM(Y)=0.8946
U100: PSNR(Y)=30.594, SSIM(Y)=0.9118
M109: PSNR(Y)=37.436, SSIM(Y)=0.9739
Epoch 34/150: Training loss=0.019917, lr=1.44e-03
Epoch 34/150: Validation loss=0.023695
Model saved! Best loss: 0.023695
Set5: PSNR(Y)=37.516, SSIM(Y)=0.9588
Set14: PSNR(Y)=33.057, SSIM(Y)=0.9127
B100: PSNR(Y)=31.777, SSIM(Y)=0.8946
U100: PSNR(Y)=30.593, SSIM(Y)=0.9117
M109: PSNR(Y)=37.443, SSIM(Y)=0.9740
Epoch 35/150: Training loss=0.019889, lr=1.43e-03
Epoch 35/150: Validation loss=0.023695
Epoch 36/150: Training loss=0.019806, lr=1.42e-03
Epoch 36/150: Validation loss=0.023670
Model saved! Best loss: 0.023670
Set5: PSNR(Y)=37.517, SSIM(Y)=0.9588
Set14: PSNR(Y)=33.065, SSIM(Y)=0.9128
B100: PSNR(Y)=31.783, SSIM(Y)=0.8946
U100: PSNR(Y)=30.604, SSIM(Y)=0.9119
M109: PSNR(Y)=37.447, SSIM(Y)=0.9740
Epoch 37/150: Training loss=0.019846, lr=1.42e-03
Epoch 37/150: Validation loss=0.023653
Model saved! Best loss: 0.023653
Set5: PSNR(Y)=37.521, SSIM(Y)=0.9588
Set14: PSNR(Y)=33.068, SSIM(Y)=0.9128
B100: PSNR(Y)=31.787, SSIM(Y)=0.8947
U100: PSNR(Y)=30.615, SSIM(Y)=0.9120
M109: PSNR(Y)=37.463, SSIM(Y)=0.9740
Epoch 38/150: Training loss=0.019810, lr=1.41e-03
Epoch 38/150: Validation loss=0.023643
Model saved! Best loss: 0.023643
Set5: PSNR(Y)=37.521, SSIM(Y)=0.9588
Set14: PSNR(Y)=33.067, SSIM(Y)=0.9128
B100: PSNR(Y)=31.788, SSIM(Y)=0.8947
U100: PSNR(Y)=30.622, SSIM(Y)=0.9121
M109: PSNR(Y)=37.463, SSIM(Y)=0.9741
Epoch 39/150: Training loss=0.019723, lr=1.40e-03
Epoch 39/150: Validation loss=0.023639
Model saved! Best loss: 0.023639
Set5: PSNR(Y)=37.523, SSIM(Y)=0.9588
Set14: PSNR(Y)=33.068, SSIM(Y)=0.9128
B100: PSNR(Y)=31.790, SSIM(Y)=0.8947
U100: PSNR(Y)=30.629, SSIM(Y)=0.9122
M109: PSNR(Y)=37.464, SSIM(Y)=0.9741
Epoch 40/150: Training loss=0.019754, lr=1.39e-03
Epoch 40/150: Validation loss=0.023626
Model saved! Best loss: 0.023626
Set5: PSNR(Y)=37.522, SSIM(Y)=0.9588
Set14: PSNR(Y)=33.069, SSIM(Y)=0.9128
B100: PSNR(Y)=31.790, SSIM(Y)=0.8947
U100: PSNR(Y)=30.634, SSIM(Y)=0.9123
M109: PSNR(Y)=37.466, SSIM(Y)=0.9741
Epoch 41/150: Training loss=0.019752, lr=1.38e-03
Epoch 41/150: Validation loss=0.023609
Model saved! Best loss: 0.023609
Set5: PSNR(Y)=37.528, SSIM(Y)=0.9589
Set14: PSNR(Y)=33.071, SSIM(Y)=0.9128
B100: PSNR(Y)=31.793, SSIM(Y)=0.8948
U100: PSNR(Y)=30.643, SSIM(Y)=0.9125
M109: PSNR(Y)=37.482, SSIM(Y)=0.9741
Epoch 42/150: Training loss=0.019698, lr=1.37e-03
Epoch 42/150: Validation loss=0.023609
Model saved! Best loss: 0.023609
Set5: PSNR(Y)=37.531, SSIM(Y)=0.9589
Set14: PSNR(Y)=33.082, SSIM(Y)=0.9129
B100: PSNR(Y)=31.794, SSIM(Y)=0.8948
U100: PSNR(Y)=30.644, SSIM(Y)=0.9125
M109: PSNR(Y)=37.480, SSIM(Y)=0.9741
Epoch 43/150: Training loss=0.019820, lr=1.36e-03
Epoch 43/150: Validation loss=0.023606
Model saved! Best loss: 0.023606
Set5: PSNR(Y)=37.535, SSIM(Y)=0.9589
Set14: PSNR(Y)=33.083, SSIM(Y)=0.9128
B100: PSNR(Y)=31.795, SSIM(Y)=0.8948
U100: PSNR(Y)=30.648, SSIM(Y)=0.9125
M109: PSNR(Y)=37.478, SSIM(Y)=0.9741
Epoch 44/150: Training loss=0.019652, lr=1.35e-03
Epoch 44/150: Validation loss=0.023599
Model saved! Best loss: 0.023599
Set5: PSNR(Y)=37.529, SSIM(Y)=0.9589
Set14: PSNR(Y)=33.084, SSIM(Y)=0.9129
B100: PSNR(Y)=31.797, SSIM(Y)=0.8948
U100: PSNR(Y)=30.651, SSIM(Y)=0.9125
M109: PSNR(Y)=37.492, SSIM(Y)=0.9741
Epoch 45/150: Training loss=0.019582, lr=1.34e-03
Epoch 45/150: Validation loss=0.023582
Model saved! Best loss: 0.023582
Set5: PSNR(Y)=37.531, SSIM(Y)=0.9589
Set14: PSNR(Y)=33.077, SSIM(Y)=0.9128
B100: PSNR(Y)=31.798, SSIM(Y)=0.8948
U100: PSNR(Y)=30.658, SSIM(Y)=0.9126
M109: PSNR(Y)=37.497, SSIM(Y)=0.9742
Epoch 46/150: Training loss=0.019677, lr=1.33e-03
Epoch 46/150: Validation loss=0.023581
Model saved! Best loss: 0.023581
Set5: PSNR(Y)=37.536, SSIM(Y)=0.9589
Set14: PSNR(Y)=33.077, SSIM(Y)=0.9129
B100: PSNR(Y)=31.798, SSIM(Y)=0.8948
U100: PSNR(Y)=30.662, SSIM(Y)=0.9126
M109: PSNR(Y)=37.501, SSIM(Y)=0.9742
Epoch 47/150: Training loss=0.019610, lr=1.32e-03
Epoch 47/150: Validation loss=0.023594
Epoch 48/150: Training loss=0.019685, lr=1.31e-03
Epoch 48/150: Validation loss=0.023583
Epoch 49/150: Training loss=0.019480, lr=1.30e-03
Epoch 49/150: Validation loss=0.023569
Model saved! Best loss: 0.023569
Set5: PSNR(Y)=37.534, SSIM(Y)=0.9589
Set14: PSNR(Y)=33.077, SSIM(Y)=0.9127
B100: PSNR(Y)=31.801, SSIM(Y)=0.8949
U100: PSNR(Y)=30.673, SSIM(Y)=0.9127
M109: PSNR(Y)=37.504, SSIM(Y)=0.9742
Epoch 50/150: Training loss=0.019672, lr=1.28e-03
Epoch 50/150: Validation loss=0.023562
Model saved! Best loss: 0.023562
Set5: PSNR(Y)=37.533, SSIM(Y)=0.9589
Set14: PSNR(Y)=33.090, SSIM(Y)=0.9131
B100: PSNR(Y)=31.803, SSIM(Y)=0.8949
U100: PSNR(Y)=30.679, SSIM(Y)=0.9128
M109: PSNR(Y)=37.507, SSIM(Y)=0.9742
Epoch 51/150: Training loss=0.019471, lr=1.27e-03
Epoch 51/150: Validation loss=0.023540
Model saved! Best loss: 0.023540
Set5: PSNR(Y)=37.538, SSIM(Y)=0.9589
Set14: PSNR(Y)=33.095, SSIM(Y)=0.9131
B100: PSNR(Y)=31.804, SSIM(Y)=0.8949
U100: PSNR(Y)=30.685, SSIM(Y)=0.9129
M109: PSNR(Y)=37.521, SSIM(Y)=0.9742
Epoch 52/150: Training loss=0.019542, lr=1.26e-03
Epoch 52/150: Validation loss=0.023540
Epoch 53/150: Training loss=0.019443, lr=1.25e-03
Epoch 53/150: Validation loss=0.023533
Model saved! Best loss: 0.023533
Set5: PSNR(Y)=37.530, SSIM(Y)=0.9589
Set14: PSNR(Y)=33.101, SSIM(Y)=0.9130
B100: PSNR(Y)=31.809, SSIM(Y)=0.8949
U100: PSNR(Y)=30.693, SSIM(Y)=0.9129
M109: PSNR(Y)=37.522, SSIM(Y)=0.9743
Epoch 54/150: Training loss=0.019487, lr=1.23e-03
Epoch 54/150: Validation loss=0.023537
Epoch 55/150: Training loss=0.019472, lr=1.22e-03
Epoch 55/150: Validation loss=0.023535
Epoch 56/150: Training loss=0.019432, lr=1.21e-03
Epoch 56/150: Validation loss=0.023522
Model saved! Best loss: 0.023522
Set5: PSNR(Y)=37.542, SSIM(Y)=0.9590
Set14: PSNR(Y)=33.100, SSIM(Y)=0.9131
B100: PSNR(Y)=31.812, SSIM(Y)=0.8950
U100: PSNR(Y)=30.703, SSIM(Y)=0.9131
M109: PSNR(Y)=37.536, SSIM(Y)=0.9743
Epoch 57/150: Training loss=0.019431, lr=1.19e-03
Epoch 57/150: Validation loss=0.023506
Model saved! Best loss: 0.023506
Set5: PSNR(Y)=37.549, SSIM(Y)=0.9590
Set14: PSNR(Y)=33.101, SSIM(Y)=0.9131
B100: PSNR(Y)=31.812, SSIM(Y)=0.8950
U100: PSNR(Y)=30.705, SSIM(Y)=0.9131
M109: PSNR(Y)=37.538, SSIM(Y)=0.9743
Epoch 58/150: Training loss=0.019370, lr=1.18e-03
Epoch 58/150: Validation loss=0.023491
Model saved! Best loss: 0.023491
Set5: PSNR(Y)=37.550, SSIM(Y)=0.9590
Set14: PSNR(Y)=33.103, SSIM(Y)=0.9131
B100: PSNR(Y)=31.814, SSIM(Y)=0.8950
U100: PSNR(Y)=30.711, SSIM(Y)=0.9132
M109: PSNR(Y)=37.542, SSIM(Y)=0.9743
Epoch 59/150: Training loss=0.019417, lr=1.17e-03
Epoch 59/150: Validation loss=0.023494
Epoch 60/150: Training loss=0.019335, lr=1.15e-03
Epoch 60/150: Validation loss=0.023482
Model saved! Best loss: 0.023482
Set5: PSNR(Y)=37.558, SSIM(Y)=0.9590
Set14: PSNR(Y)=33.105, SSIM(Y)=0.9130
B100: PSNR(Y)=31.817, SSIM(Y)=0.8950
U100: PSNR(Y)=30.718, SSIM(Y)=0.9132
M109: PSNR(Y)=37.553, SSIM(Y)=0.9744
Epoch 61/150: Training loss=0.019355, lr=1.14e-03
Epoch 61/150: Validation loss=0.023477
Model saved! Best loss: 0.023477
Set5: PSNR(Y)=37.561, SSIM(Y)=0.9590
Set14: PSNR(Y)=33.117, SSIM(Y)=0.9132
B100: PSNR(Y)=31.818, SSIM(Y)=0.8951
U100: PSNR(Y)=30.724, SSIM(Y)=0.9134
M109: PSNR(Y)=37.556, SSIM(Y)=0.9744
Epoch 62/150: Training loss=0.019355, lr=1.12e-03
Epoch 62/150: Validation loss=0.023466
Model saved! Best loss: 0.023466
Set5: PSNR(Y)=37.563, SSIM(Y)=0.9590
Set14: PSNR(Y)=33.117, SSIM(Y)=0.9132
B100: PSNR(Y)=31.820, SSIM(Y)=0.8951
U100: PSNR(Y)=30.726, SSIM(Y)=0.9134
M109: PSNR(Y)=37.563, SSIM(Y)=0.9744
Epoch 63/150: Training loss=0.019335, lr=1.11e-03
Epoch 63/150: Validation loss=0.023455
Model saved! Best loss: 0.023455
Set5: PSNR(Y)=37.569, SSIM(Y)=0.9590
Set14: PSNR(Y)=33.112, SSIM(Y)=0.9132
B100: PSNR(Y)=31.821, SSIM(Y)=0.8951
U100: PSNR(Y)=30.734, SSIM(Y)=0.9134
M109: PSNR(Y)=37.567, SSIM(Y)=0.9744
Epoch 64/150: Training loss=0.019311, lr=1.09e-03
Epoch 64/150: Validation loss=0.023460
Epoch 65/150: Training loss=0.019297, lr=1.08e-03
Epoch 65/150: Validation loss=0.023449
Model saved! Best loss: 0.023449
Set5: PSNR(Y)=37.572, SSIM(Y)=0.9590
Set14: PSNR(Y)=33.113, SSIM(Y)=0.9132
B100: PSNR(Y)=31.823, SSIM(Y)=0.8951
U100: PSNR(Y)=30.735, SSIM(Y)=0.9135
M109: PSNR(Y)=37.571, SSIM(Y)=0.9744
Epoch 66/150: Training loss=0.019192, lr=1.06e-03
Epoch 66/150: Validation loss=0.023442
Model saved! Best loss: 0.023442
Set5: PSNR(Y)=37.572, SSIM(Y)=0.9590
Set14: PSNR(Y)=33.113, SSIM(Y)=0.9132
B100: PSNR(Y)=31.824, SSIM(Y)=0.8951
U100: PSNR(Y)=30.743, SSIM(Y)=0.9135
M109: PSNR(Y)=37.573, SSIM(Y)=0.9744
Epoch 67/150: Training loss=0.019258, lr=1.05e-03
Epoch 67/150: Validation loss=0.023441
Model saved! Best loss: 0.023441
Set5: PSNR(Y)=37.574, SSIM(Y)=0.9590
Set14: PSNR(Y)=33.114, SSIM(Y)=0.9131
B100: PSNR(Y)=31.824, SSIM(Y)=0.8951
U100: PSNR(Y)=30.743, SSIM(Y)=0.9135
M109: PSNR(Y)=37.574, SSIM(Y)=0.9745
Epoch 68/150: Training loss=0.019219, lr=1.03e-03
Epoch 68/150: Validation loss=0.023433
Model saved! Best loss: 0.023433
Set5: PSNR(Y)=37.575, SSIM(Y)=0.9590
Set14: PSNR(Y)=33.119, SSIM(Y)=0.9131
B100: PSNR(Y)=31.826, SSIM(Y)=0.8951
U100: PSNR(Y)=30.746, SSIM(Y)=0.9136
M109: PSNR(Y)=37.578, SSIM(Y)=0.9745
Epoch 69/150: Training loss=0.019245, lr=1.02e-03
Epoch 69/150: Validation loss=0.023427
Model saved! Best loss: 0.023427
Set5: PSNR(Y)=37.571, SSIM(Y)=0.9590
Set14: PSNR(Y)=33.119, SSIM(Y)=0.9132
B100: PSNR(Y)=31.827, SSIM(Y)=0.8952
U100: PSNR(Y)=30.750, SSIM(Y)=0.9136
M109: PSNR(Y)=37.578, SSIM(Y)=0.9745
Epoch 70/150: Training loss=0.019168, lr=9.99e-04
Epoch 70/150: Validation loss=0.023419
Model saved! Best loss: 0.023419
Set5: PSNR(Y)=37.578, SSIM(Y)=0.9590
Set14: PSNR(Y)=33.121, SSIM(Y)=0.9132
B100: PSNR(Y)=31.829, SSIM(Y)=0.8952
U100: PSNR(Y)=30.754, SSIM(Y)=0.9137
M109: PSNR(Y)=37.580, SSIM(Y)=0.9745
Epoch 71/150: Training loss=0.019146, lr=9.83e-04
Epoch 71/150: Validation loss=0.023413
Model saved! Best loss: 0.023413
Set5: PSNR(Y)=37.579, SSIM(Y)=0.9590
Set14: PSNR(Y)=33.120, SSIM(Y)=0.9131
B100: PSNR(Y)=31.830, SSIM(Y)=0.8952
U100: PSNR(Y)=30.754, SSIM(Y)=0.9137
M109: PSNR(Y)=37.587, SSIM(Y)=0.9745
Epoch 72/150: Training loss=0.019133, lr=9.67e-04
Epoch 72/150: Validation loss=0.023406
Model saved! Best loss: 0.023406
Set5: PSNR(Y)=37.583, SSIM(Y)=0.9591
Set14: PSNR(Y)=33.125, SSIM(Y)=0.9132
B100: PSNR(Y)=31.831, SSIM(Y)=0.8952
U100: PSNR(Y)=30.758, SSIM(Y)=0.9138
M109: PSNR(Y)=37.590, SSIM(Y)=0.9745
Epoch 73/150: Training loss=0.019106, lr=9.50e-04
Epoch 73/150: Validation loss=0.023407
Epoch 74/150: Training loss=0.019112, lr=9.34e-04
Epoch 74/150: Validation loss=0.023404
Model saved! Best loss: 0.023404
Set5: PSNR(Y)=37.587, SSIM(Y)=0.9591
Set14: PSNR(Y)=33.126, SSIM(Y)=0.9132
B100: PSNR(Y)=31.831, SSIM(Y)=0.8952
U100: PSNR(Y)=30.765, SSIM(Y)=0.9138
M109: PSNR(Y)=37.587, SSIM(Y)=0.9745
Epoch 75/150: Training loss=0.019121, lr=9.17e-04
Epoch 75/150: Validation loss=0.023398
Model saved! Best loss: 0.023398
Set5: PSNR(Y)=37.585, SSIM(Y)=0.9591
Set14: PSNR(Y)=33.123, SSIM(Y)=0.9133
B100: PSNR(Y)=31.832, SSIM(Y)=0.8952
U100: PSNR(Y)=30.770, SSIM(Y)=0.9138
M109: PSNR(Y)=37.592, SSIM(Y)=0.9745
Epoch 76/150: Training loss=0.019103, lr=9.01e-04
Epoch 76/150: Validation loss=0.023389
Model saved! Best loss: 0.023389
Set5: PSNR(Y)=37.587, SSIM(Y)=0.9591
Set14: PSNR(Y)=33.128, SSIM(Y)=0.9133
B100: PSNR(Y)=31.833, SSIM(Y)=0.8953
U100: PSNR(Y)=30.775, SSIM(Y)=0.9139
M109: PSNR(Y)=37.594, SSIM(Y)=0.9745
Epoch 77/150: Training loss=0.019061, lr=8.84e-04
Epoch 77/150: Validation loss=0.023381
Model saved! Best loss: 0.023381
Set5: PSNR(Y)=37.589, SSIM(Y)=0.9591
Set14: PSNR(Y)=33.130, SSIM(Y)=0.9133
B100: PSNR(Y)=31.836, SSIM(Y)=0.8953
U100: PSNR(Y)=30.777, SSIM(Y)=0.9139
M109: PSNR(Y)=37.601, SSIM(Y)=0.9745
Epoch 78/150: Training loss=0.019064, lr=8.68e-04
Epoch 78/150: Validation loss=0.023381
Model saved! Best loss: 0.023381
Set5: PSNR(Y)=37.591, SSIM(Y)=0.9591
Set14: PSNR(Y)=33.133, SSIM(Y)=0.9133
B100: PSNR(Y)=31.837, SSIM(Y)=0.8953
U100: PSNR(Y)=30.778, SSIM(Y)=0.9140
M109: PSNR(Y)=37.600, SSIM(Y)=0.9746
Epoch 79/150: Training loss=0.019025, lr=8.51e-04
Epoch 79/150: Validation loss=0.023375
Model saved! Best loss: 0.023375
Set5: PSNR(Y)=37.593, SSIM(Y)=0.9591
Set14: PSNR(Y)=33.134, SSIM(Y)=0.9133
B100: PSNR(Y)=31.837, SSIM(Y)=0.8953
U100: PSNR(Y)=30.781, SSIM(Y)=0.9140
M109: PSNR(Y)=37.606, SSIM(Y)=0.9746
Epoch 80/150: Training loss=0.019029, lr=8.34e-04
Epoch 80/150: Validation loss=0.023367
Model saved! Best loss: 0.023367
Set5: PSNR(Y)=37.598, SSIM(Y)=0.9591
Set14: PSNR(Y)=33.136, SSIM(Y)=0.9134
B100: PSNR(Y)=31.838, SSIM(Y)=0.8953
U100: PSNR(Y)=30.782, SSIM(Y)=0.9141
M109: PSNR(Y)=37.612, SSIM(Y)=0.9746
Epoch 81/150: Training loss=0.018990, lr=8.17e-04
Epoch 81/150: Validation loss=0.023369
Epoch 82/150: Training loss=0.019009, lr=8.00e-04
Epoch 82/150: Validation loss=0.023365
Model saved! Best loss: 0.023365
Set5: PSNR(Y)=37.598, SSIM(Y)=0.9591
Set14: PSNR(Y)=33.127, SSIM(Y)=0.9133
B100: PSNR(Y)=31.838, SSIM(Y)=0.8953
U100: PSNR(Y)=30.784, SSIM(Y)=0.9140
M109: PSNR(Y)=37.612, SSIM(Y)=0.9746
Epoch 83/150: Training loss=0.019032, lr=7.83e-04
Epoch 83/150: Validation loss=0.023356
Model saved! Best loss: 0.023356
Set5: PSNR(Y)=37.598, SSIM(Y)=0.9591
Set14: PSNR(Y)=33.133, SSIM(Y)=0.9134
B100: PSNR(Y)=31.840, SSIM(Y)=0.8953
U100: PSNR(Y)=30.791, SSIM(Y)=0.9141
M109: PSNR(Y)=37.617, SSIM(Y)=0.9746
Epoch 84/150: Training loss=0.018957, lr=7.67e-04
Epoch 84/150: Validation loss=0.023353
Model saved! Best loss: 0.023353
Set5: PSNR(Y)=37.597, SSIM(Y)=0.9591
Set14: PSNR(Y)=33.131, SSIM(Y)=0.9133
B100: PSNR(Y)=31.839, SSIM(Y)=0.8953
U100: PSNR(Y)=30.796, SSIM(Y)=0.9141
M109: PSNR(Y)=37.620, SSIM(Y)=0.9746
Epoch 85/150: Training loss=0.018964, lr=7.50e-04
Epoch 85/150: Validation loss=0.023349
Model saved! Best loss: 0.023349
Set5: PSNR(Y)=37.603, SSIM(Y)=0.9591
Set14: PSNR(Y)=33.136, SSIM(Y)=0.9134
B100: PSNR(Y)=31.841, SSIM(Y)=0.8953
U100: PSNR(Y)=30.797, SSIM(Y)=0.9142
M109: PSNR(Y)=37.622, SSIM(Y)=0.9746
Epoch 86/150: Training loss=0.018962, lr=7.33e-04
Epoch 86/150: Validation loss=0.023342
Model saved! Best loss: 0.023342
Set5: PSNR(Y)=37.608, SSIM(Y)=0.9591
Set14: PSNR(Y)=33.137, SSIM(Y)=0.9133
B100: PSNR(Y)=31.842, SSIM(Y)=0.8953
U100: PSNR(Y)=30.799, SSIM(Y)=0.9142
M109: PSNR(Y)=37.618, SSIM(Y)=0.9746
Epoch 87/150: Training loss=0.018907, lr=7.16e-04
Epoch 87/150: Validation loss=0.023337
Model saved! Best loss: 0.023337
Set5: PSNR(Y)=37.606, SSIM(Y)=0.9591
Set14: PSNR(Y)=33.135, SSIM(Y)=0.9134
B100: PSNR(Y)=31.843, SSIM(Y)=0.8954
U100: PSNR(Y)=30.802, SSIM(Y)=0.9143
M109: PSNR(Y)=37.619, SSIM(Y)=0.9746
Epoch 88/150: Training loss=0.018966, lr=6.99e-04
Epoch 88/150: Validation loss=0.023338
Epoch 89/150: Training loss=0.018926, lr=6.82e-04
Epoch 89/150: Validation loss=0.023328
Model saved! Best loss: 0.023328
Set5: PSNR(Y)=37.606, SSIM(Y)=0.9591
Set14: PSNR(Y)=33.148, SSIM(Y)=0.9135
B100: PSNR(Y)=31.845, SSIM(Y)=0.8954
U100: PSNR(Y)=30.807, SSIM(Y)=0.9143
M109: PSNR(Y)=37.625, SSIM(Y)=0.9746
Epoch 90/150: Training loss=0.018946, lr=6.66e-04
Epoch 90/150: Validation loss=0.023326
Model saved! Best loss: 0.023326
Set5: PSNR(Y)=37.609, SSIM(Y)=0.9591
Set14: PSNR(Y)=33.145, SSIM(Y)=0.9134
B100: PSNR(Y)=31.846, SSIM(Y)=0.8954
U100: PSNR(Y)=30.808, SSIM(Y)=0.9143
M109: PSNR(Y)=37.629, SSIM(Y)=0.9746
Epoch 91/150: Training loss=0.018882, lr=6.49e-04
Epoch 91/150: Validation loss=0.023324
Model saved! Best loss: 0.023324
Set5: PSNR(Y)=37.612, SSIM(Y)=0.9592
Set14: PSNR(Y)=33.148, SSIM(Y)=0.9135
B100: PSNR(Y)=31.846, SSIM(Y)=0.8954
U100: PSNR(Y)=30.811, SSIM(Y)=0.9143
M109: PSNR(Y)=37.627, SSIM(Y)=0.9746
Epoch 92/150: Training loss=0.018874, lr=6.33e-04
Epoch 92/150: Validation loss=0.023319
Model saved! Best loss: 0.023319
Set5: PSNR(Y)=37.615, SSIM(Y)=0.9592
Set14: PSNR(Y)=33.142, SSIM(Y)=0.9135
B100: PSNR(Y)=31.846, SSIM(Y)=0.8954
U100: PSNR(Y)=30.813, SSIM(Y)=0.9144
M109: PSNR(Y)=37.634, SSIM(Y)=0.9747
Epoch 93/150: Training loss=0.018865, lr=6.16e-04
Epoch 93/150: Validation loss=0.023313
Model saved! Best loss: 0.023313
Set5: PSNR(Y)=37.618, SSIM(Y)=0.9592
Set14: PSNR(Y)=33.144, SSIM(Y)=0.9135
B100: PSNR(Y)=31.847, SSIM(Y)=0.8954
U100: PSNR(Y)=30.818, SSIM(Y)=0.9144
M109: PSNR(Y)=37.638, SSIM(Y)=0.9747
Epoch 94/150: Training loss=0.018889, lr=6.00e-04
Epoch 94/150: Validation loss=0.023311
Model saved! Best loss: 0.023311
Set5: PSNR(Y)=37.622, SSIM(Y)=0.9592
Set14: PSNR(Y)=33.142, SSIM(Y)=0.9135
B100: PSNR(Y)=31.846, SSIM(Y)=0.8954
U100: PSNR(Y)=30.817, SSIM(Y)=0.9144
M109: PSNR(Y)=37.639, SSIM(Y)=0.9747
Epoch 95/150: Training loss=0.018882, lr=5.83e-04
Epoch 95/150: Validation loss=0.023309
Model saved! Best loss: 0.023309
Set5: PSNR(Y)=37.618, SSIM(Y)=0.9592
Set14: PSNR(Y)=33.141, SSIM(Y)=0.9135
B100: PSNR(Y)=31.848, SSIM(Y)=0.8954
U100: PSNR(Y)=30.819, SSIM(Y)=0.9144
M109: PSNR(Y)=37.632, SSIM(Y)=0.9747
Epoch 96/150: Training loss=0.018859, lr=5.67e-04
Epoch 96/150: Validation loss=0.023311
Epoch 97/150: Training loss=0.018824, lr=5.51e-04
Epoch 97/150: Validation loss=0.023300
Model saved! Best loss: 0.023300
Set5: PSNR(Y)=37.616, SSIM(Y)=0.9592
Set14: PSNR(Y)=33.141, SSIM(Y)=0.9133
B100: PSNR(Y)=31.850, SSIM(Y)=0.8954
U100: PSNR(Y)=30.825, SSIM(Y)=0.9145
M109: PSNR(Y)=37.638, SSIM(Y)=0.9747
Epoch 98/150: Training loss=0.018856, lr=5.35e-04
Epoch 98/150: Validation loss=0.023301
Epoch 99/150: Training loss=0.018829, lr=5.19e-04
Epoch 99/150: Validation loss=0.023299
Model saved! Best loss: 0.023299
Set5: PSNR(Y)=37.619, SSIM(Y)=0.9592
Set14: PSNR(Y)=33.147, SSIM(Y)=0.9134
B100: PSNR(Y)=31.849, SSIM(Y)=0.8954
U100: PSNR(Y)=30.825, SSIM(Y)=0.9145
M109: PSNR(Y)=37.645, SSIM(Y)=0.9747
Epoch 100/150: Training loss=0.018813, lr=5.03e-04
Epoch 100/150: Validation loss=0.023295
Model saved! Best loss: 0.023295
Set5: PSNR(Y)=37.617, SSIM(Y)=0.9592
Set14: PSNR(Y)=33.150, SSIM(Y)=0.9135
B100: PSNR(Y)=31.850, SSIM(Y)=0.8955
U100: PSNR(Y)=30.829, SSIM(Y)=0.9145
M109: PSNR(Y)=37.647, SSIM(Y)=0.9747
Epoch 101/150: Training loss=0.018794, lr=4.88e-04
Epoch 101/150: Validation loss=0.023293
Model saved! Best loss: 0.023293
Set5: PSNR(Y)=37.618, SSIM(Y)=0.9592
Set14: PSNR(Y)=33.146, SSIM(Y)=0.9134
B100: PSNR(Y)=31.851, SSIM(Y)=0.8955
U100: PSNR(Y)=30.830, SSIM(Y)=0.9145
M109: PSNR(Y)=37.648, SSIM(Y)=0.9747
Epoch 102/150: Training loss=0.018809, lr=4.72e-04
Epoch 102/150: Validation loss=0.023283
Model saved! Best loss: 0.023283
Set5: PSNR(Y)=37.612, SSIM(Y)=0.9592
Set14: PSNR(Y)=33.146, SSIM(Y)=0.9134
B100: PSNR(Y)=31.851, SSIM(Y)=0.8955
U100: PSNR(Y)=30.833, SSIM(Y)=0.9146
M109: PSNR(Y)=37.648, SSIM(Y)=0.9747
Epoch 103/150: Training loss=0.018820, lr=4.57e-04
Epoch 103/150: Validation loss=0.023281
Model saved! Best loss: 0.023281
Set5: PSNR(Y)=37.617, SSIM(Y)=0.9592
Set14: PSNR(Y)=33.149, SSIM(Y)=0.9135
B100: PSNR(Y)=31.851, SSIM(Y)=0.8955
U100: PSNR(Y)=30.836, SSIM(Y)=0.9146
M109: PSNR(Y)=37.648, SSIM(Y)=0.9747
Epoch 104/150: Training loss=0.018770, lr=4.42e-04
Epoch 104/150: Validation loss=0.023278
Model saved! Best loss: 0.023278
Set5: PSNR(Y)=37.621, SSIM(Y)=0.9592
Set14: PSNR(Y)=33.147, SSIM(Y)=0.9135
B100: PSNR(Y)=31.851, SSIM(Y)=0.8955
U100: PSNR(Y)=30.837, SSIM(Y)=0.9146
M109: PSNR(Y)=37.652, SSIM(Y)=0.9747
Epoch 105/150: Training loss=0.018758, lr=4.27e-04
Epoch 105/150: Validation loss=0.023280
Epoch 106/150: Training loss=0.018770, lr=4.13e-04
Epoch 106/150: Validation loss=0.023276
Model saved! Best loss: 0.023276
Set5: PSNR(Y)=37.623, SSIM(Y)=0.9592
Set14: PSNR(Y)=33.146, SSIM(Y)=0.9135
B100: PSNR(Y)=31.853, SSIM(Y)=0.8955
U100: PSNR(Y)=30.838, SSIM(Y)=0.9146
M109: PSNR(Y)=37.655, SSIM(Y)=0.9747
Epoch 107/150: Training loss=0.018749, lr=3.98e-04
Epoch 107/150: Validation loss=0.023273
Model saved! Best loss: 0.023273
Set5: PSNR(Y)=37.621, SSIM(Y)=0.9592
Set14: PSNR(Y)=33.147, SSIM(Y)=0.9134
B100: PSNR(Y)=31.854, SSIM(Y)=0.8955
U100: PSNR(Y)=30.841, SSIM(Y)=0.9147
M109: PSNR(Y)=37.658, SSIM(Y)=0.9747
Epoch 108/150: Training loss=0.018783, lr=3.84e-04
Epoch 108/150: Validation loss=0.023270
Model saved! Best loss: 0.023270
Set5: PSNR(Y)=37.622, SSIM(Y)=0.9592
Set14: PSNR(Y)=33.153, SSIM(Y)=0.9136
B100: PSNR(Y)=31.854, SSIM(Y)=0.8955
U100: PSNR(Y)=30.841, SSIM(Y)=0.9147
M109: PSNR(Y)=37.654, SSIM(Y)=0.9747
Epoch 109/150: Training loss=0.018723, lr=3.70e-04
Epoch 109/150: Validation loss=0.023267
Model saved! Best loss: 0.023267
Set5: PSNR(Y)=37.626, SSIM(Y)=0.9592
Set14: PSNR(Y)=33.151, SSIM(Y)=0.9136
B100: PSNR(Y)=31.855, SSIM(Y)=0.8955
U100: PSNR(Y)=30.844, SSIM(Y)=0.9147
M109: PSNR(Y)=37.652, SSIM(Y)=0.9747
Epoch 110/150: Training loss=0.018697, lr=3.56e-04
Epoch 110/150: Validation loss=0.023265
Model saved! Best loss: 0.023265
Set5: PSNR(Y)=37.625, SSIM(Y)=0.9592
Set14: PSNR(Y)=33.151, SSIM(Y)=0.9136
B100: PSNR(Y)=31.855, SSIM(Y)=0.8955
U100: PSNR(Y)=30.845, SSIM(Y)=0.9147
M109: PSNR(Y)=37.657, SSIM(Y)=0.9747
Epoch 111/150: Training loss=0.018726, lr=3.42e-04
Epoch 111/150: Validation loss=0.023263
Model saved! Best loss: 0.023263
Set5: PSNR(Y)=37.623, SSIM(Y)=0.9592
Set14: PSNR(Y)=33.153, SSIM(Y)=0.9136
B100: PSNR(Y)=31.856, SSIM(Y)=0.8955
U100: PSNR(Y)=30.845, SSIM(Y)=0.9148
M109: PSNR(Y)=37.659, SSIM(Y)=0.9747
Epoch 112/150: Training loss=0.018749, lr=3.29e-04
Epoch 112/150: Validation loss=0.023257
Model saved! Best loss: 0.023257
Set5: PSNR(Y)=37.624, SSIM(Y)=0.9592
Set14: PSNR(Y)=33.155, SSIM(Y)=0.9135
B100: PSNR(Y)=31.857, SSIM(Y)=0.8955
U100: PSNR(Y)=30.850, SSIM(Y)=0.9148
M109: PSNR(Y)=37.661, SSIM(Y)=0.9747
Epoch 113/150: Training loss=0.018723, lr=3.15e-04
Epoch 113/150: Validation loss=0.023256
Model saved! Best loss: 0.023256
Set5: PSNR(Y)=37.622, SSIM(Y)=0.9592
Set14: PSNR(Y)=33.150, SSIM(Y)=0.9136
B100: PSNR(Y)=31.856, SSIM(Y)=0.8955
U100: PSNR(Y)=30.851, SSIM(Y)=0.9148
M109: PSNR(Y)=37.659, SSIM(Y)=0.9747
Epoch 114/150: Training loss=0.018720, lr=3.03e-04
Epoch 114/150: Validation loss=0.023254
Model saved! Best loss: 0.023254
Set5: PSNR(Y)=37.625, SSIM(Y)=0.9592
Set14: PSNR(Y)=33.153, SSIM(Y)=0.9136
B100: PSNR(Y)=31.857, SSIM(Y)=0.8955
U100: PSNR(Y)=30.854, SSIM(Y)=0.9148
M109: PSNR(Y)=37.655, SSIM(Y)=0.9747
Epoch 115/150: Training loss=0.018677, lr=2.90e-04
Epoch 115/150: Validation loss=0.023254
Model saved! Best loss: 0.023254
Set5: PSNR(Y)=37.626, SSIM(Y)=0.9592
Set14: PSNR(Y)=33.151, SSIM(Y)=0.9136
B100: PSNR(Y)=31.857, SSIM(Y)=0.8956
U100: PSNR(Y)=30.857, SSIM(Y)=0.9148
M109: PSNR(Y)=37.654, SSIM(Y)=0.9747
Epoch 116/150: Training loss=0.018680, lr=2.77e-04
Epoch 116/150: Validation loss=0.023251
Model saved! Best loss: 0.023251
Set5: PSNR(Y)=37.630, SSIM(Y)=0.9592
Set14: PSNR(Y)=33.151, SSIM(Y)=0.9135
B100: PSNR(Y)=31.858, SSIM(Y)=0.8956
U100: PSNR(Y)=30.859, SSIM(Y)=0.9149
M109: PSNR(Y)=37.656, SSIM(Y)=0.9747
Epoch 117/150: Training loss=0.018643, lr=2.65e-04
Epoch 117/150: Validation loss=0.023250
Model saved! Best loss: 0.023250
Set5: PSNR(Y)=37.631, SSIM(Y)=0.9592
Set14: PSNR(Y)=33.159, SSIM(Y)=0.9136
B100: PSNR(Y)=31.858, SSIM(Y)=0.8956
U100: PSNR(Y)=30.858, SSIM(Y)=0.9149
M109: PSNR(Y)=37.656, SSIM(Y)=0.9747
Epoch 118/150: Training loss=0.018702, lr=2.53e-04
Epoch 118/150: Validation loss=0.023248
Model saved! Best loss: 0.023248
Set5: PSNR(Y)=37.631, SSIM(Y)=0.9592
Set14: PSNR(Y)=33.159, SSIM(Y)=0.9136
B100: PSNR(Y)=31.859, SSIM(Y)=0.8956
U100: PSNR(Y)=30.858, SSIM(Y)=0.9149
M109: PSNR(Y)=37.659, SSIM(Y)=0.9748
Epoch 119/150: Training loss=0.018694, lr=2.42e-04
Epoch 119/150: Validation loss=0.023247
Model saved! Best loss: 0.023247
Set5: PSNR(Y)=37.627, SSIM(Y)=0.9592
Set14: PSNR(Y)=33.158, SSIM(Y)=0.9136
B100: PSNR(Y)=31.859, SSIM(Y)=0.8956
U100: PSNR(Y)=30.859, SSIM(Y)=0.9149
M109: PSNR(Y)=37.662, SSIM(Y)=0.9748
Epoch 120/150: Training loss=0.018665, lr=2.31e-04
Epoch 120/150: Validation loss=0.023241
Model saved! Best loss: 0.023241
Set5: PSNR(Y)=37.627, SSIM(Y)=0.9592
Set14: PSNR(Y)=33.157, SSIM(Y)=0.9136
B100: PSNR(Y)=31.860, SSIM(Y)=0.8956
U100: PSNR(Y)=30.861, SSIM(Y)=0.9149
M109: PSNR(Y)=37.664, SSIM(Y)=0.9748
Epoch 121/150: Training loss=0.018639, lr=2.20e-04
Epoch 121/150: Validation loss=0.023242
