使用设备: cuda
模型总参数量: 13,915
==================================================
Training Started
==================================================
实验名称: DPSR_x2_0607_1913
放大倍数: 2
批次大小: 64
学习率: 0.002
最小学习率: 5e-05
训练轮数: 150
设备: cuda
模型参数数量: 13,915
训练批次: 1110
==================================================
Begin Training
Epoch 1/150: Training loss=0.027644, lr=3.00e-04
Epoch 1/150: Validation loss=0.038160
Model saved! Best loss: 0.038160
Set5: PSNR(Y)=32.256, SSIM(Y)=0.9118
Set14: PSNR(Y)=29.231, SSIM(Y)=0.8399
B100: PSNR(Y)=28.651, SSIM(Y)=0.8098
U100: PSNR(Y)=25.957, SSIM(Y)=0.8079
M109: PSNR(Y)=29.111, SSIM(Y)=0.9118
Epoch 2/150: Training loss=0.027646, lr=4.70e-04
Epoch 2/150: Validation loss=0.038160
Model saved! Best loss: 0.038160
Set5: PSNR(Y)=32.256, SSIM(Y)=0.9118
Set14: PSNR(Y)=29.231, SSIM(Y)=0.8399
B100: PSNR(Y)=28.651, SSIM(Y)=0.8098
U100: PSNR(Y)=25.957, SSIM(Y)=0.8079
M109: PSNR(Y)=29.112, SSIM(Y)=0.9118
Epoch 3/150: Training loss=0.024905, lr=6.40e-04
Epoch 3/150: Validation loss=0.036544
Model saved! Best loss: 0.036544
Set5: PSNR(Y)=32.857, SSIM(Y)=0.9200
Set14: PSNR(Y)=29.661, SSIM(Y)=0.8515
B100: PSNR(Y)=29.003, SSIM(Y)=0.8227
U100: PSNR(Y)=26.345, SSIM(Y)=0.8217
M109: PSNR(Y)=29.810, SSIM(Y)=0.9223
Epoch 4/150: Training loss=0.021352, lr=8.10e-04
Epoch 4/150: Validation loss=0.028765
Model saved! Best loss: 0.028765
Set5: PSNR(Y)=36.069, SSIM(Y)=0.9511
Set14: PSNR(Y)=32.035, SSIM(Y)=0.9006
B100: PSNR(Y)=30.938, SSIM(Y)=0.8798
U100: PSNR(Y)=28.621, SSIM(Y)=0.8814
M109: PSNR(Y)=34.344, SSIM(Y)=0.9615
Epoch 5/150: Training loss=0.020965, lr=9.80e-04
Epoch 5/150: Validation loss=0.027606
Model saved! Best loss: 0.027606
Set5: PSNR(Y)=36.561, SSIM(Y)=0.9543
Set14: PSNR(Y)=32.380, SSIM(Y)=0.9055
B100: PSNR(Y)=31.204, SSIM(Y)=0.8857
U100: PSNR(Y)=29.098, SSIM(Y)=0.8903
M109: PSNR(Y)=35.263, SSIM(Y)=0.9657
Epoch 6/150: Training loss=0.020795, lr=1.15e-03
Epoch 6/150: Validation loss=0.027257
Model saved! Best loss: 0.027257
Set5: PSNR(Y)=36.688, SSIM(Y)=0.9551
Set14: PSNR(Y)=32.466, SSIM(Y)=0.9065
B100: PSNR(Y)=31.274, SSIM(Y)=0.8870
U100: PSNR(Y)=29.251, SSIM(Y)=0.8930
M109: PSNR(Y)=35.506, SSIM(Y)=0.9669
Epoch 7/150: Training loss=0.020691, lr=1.32e-03
Epoch 7/150: Validation loss=0.027048
Model saved! Best loss: 0.027048
Set5: PSNR(Y)=36.760, SSIM(Y)=0.9555
Set14: PSNR(Y)=32.517, SSIM(Y)=0.9071
B100: PSNR(Y)=31.313, SSIM(Y)=0.8876
U100: PSNR(Y)=29.341, SSIM(Y)=0.8945
M109: PSNR(Y)=35.642, SSIM(Y)=0.9675
Epoch 8/150: Training loss=0.020614, lr=1.49e-03
Epoch 8/150: Validation loss=0.026897
Model saved! Best loss: 0.026897
Set5: PSNR(Y)=36.818, SSIM(Y)=0.9558
Set14: PSNR(Y)=32.553, SSIM(Y)=0.9074
B100: PSNR(Y)=31.341, SSIM(Y)=0.8880
U100: PSNR(Y)=29.408, SSIM(Y)=0.8955
M109: PSNR(Y)=35.742, SSIM(Y)=0.9679
Epoch 9/150: Training loss=0.020564, lr=1.66e-03
Epoch 9/150: Validation loss=0.026772
Model saved! Best loss: 0.026772
Set5: PSNR(Y)=36.861, SSIM(Y)=0.9560
Set14: PSNR(Y)=32.581, SSIM(Y)=0.9077
B100: PSNR(Y)=31.364, SSIM(Y)=0.8884
U100: PSNR(Y)=29.462, SSIM(Y)=0.8964
M109: PSNR(Y)=35.829, SSIM(Y)=0.9683
Epoch 10/150: Training loss=0.020510, lr=1.83e-03
Epoch 10/150: Validation loss=0.026642
Model saved! Best loss: 0.026642
Set5: PSNR(Y)=36.899, SSIM(Y)=0.9562
Set14: PSNR(Y)=32.611, SSIM(Y)=0.9080
B100: PSNR(Y)=31.390, SSIM(Y)=0.8887
U100: PSNR(Y)=29.520, SSIM(Y)=0.8972
M109: PSNR(Y)=35.922, SSIM(Y)=0.9686
Epoch 11/150: Training loss=0.020448, lr=2.00e-03
Epoch 11/150: Validation loss=0.026514
Model saved! Best loss: 0.026514
Set5: PSNR(Y)=36.934, SSIM(Y)=0.9563
Set14: PSNR(Y)=32.634, SSIM(Y)=0.9082
B100: PSNR(Y)=31.417, SSIM(Y)=0.8891
U100: PSNR(Y)=29.580, SSIM(Y)=0.8980
M109: PSNR(Y)=36.012, SSIM(Y)=0.9689
Epoch 12/150: Training loss=0.020390, lr=2.00e-03
Epoch 12/150: Validation loss=0.026379
Model saved! Best loss: 0.026379
Set5: PSNR(Y)=36.974, SSIM(Y)=0.9564
Set14: PSNR(Y)=32.656, SSIM(Y)=0.9086
B100: PSNR(Y)=31.445, SSIM(Y)=0.8895
U100: PSNR(Y)=29.645, SSIM(Y)=0.8989
M109: PSNR(Y)=36.108, SSIM(Y)=0.9692
Epoch 13/150: Training loss=0.020338, lr=2.00e-03
Epoch 13/150: Validation loss=0.026250
Model saved! Best loss: 0.026250
Set5: PSNR(Y)=37.006, SSIM(Y)=0.9565
Set14: PSNR(Y)=32.682, SSIM(Y)=0.9089
B100: PSNR(Y)=31.468, SSIM(Y)=0.8900
U100: PSNR(Y)=29.705, SSIM(Y)=0.8997
M109: PSNR(Y)=36.205, SSIM(Y)=0.9695
Epoch 14/150: Training loss=0.020301, lr=2.00e-03
Epoch 14/150: Validation loss=0.026147
Model saved! Best loss: 0.026147
Set5: PSNR(Y)=37.027, SSIM(Y)=0.9567
Set14: PSNR(Y)=32.701, SSIM(Y)=0.9091
B100: PSNR(Y)=31.487, SSIM(Y)=0.8903
U100: PSNR(Y)=29.754, SSIM(Y)=0.9005
M109: PSNR(Y)=36.281, SSIM(Y)=0.9698
Epoch 15/150: Training loss=0.020274, lr=2.00e-03
Epoch 15/150: Validation loss=0.026063
Model saved! Best loss: 0.026063
Set5: PSNR(Y)=37.045, SSIM(Y)=0.9568
Set14: PSNR(Y)=32.717, SSIM(Y)=0.9093
B100: PSNR(Y)=31.503, SSIM(Y)=0.8905
U100: PSNR(Y)=29.794, SSIM(Y)=0.9011
M109: PSNR(Y)=36.340, SSIM(Y)=0.9700
Epoch 16/150: Training loss=0.020234, lr=1.99e-03
Epoch 16/150: Validation loss=0.025998
Model saved! Best loss: 0.025998
Set5: PSNR(Y)=37.057, SSIM(Y)=0.9568
Set14: PSNR(Y)=32.727, SSIM(Y)=0.9094
B100: PSNR(Y)=31.516, SSIM(Y)=0.8907
U100: PSNR(Y)=29.827, SSIM(Y)=0.9016
M109: PSNR(Y)=36.385, SSIM(Y)=0.9702
Epoch 17/150: Training loss=0.020220, lr=1.99e-03
Epoch 17/150: Validation loss=0.025943
Model saved! Best loss: 0.025943
Set5: PSNR(Y)=37.066, SSIM(Y)=0.9569
Set14: PSNR(Y)=32.736, SSIM(Y)=0.9095
B100: PSNR(Y)=31.527, SSIM(Y)=0.8909
U100: PSNR(Y)=29.855, SSIM(Y)=0.9019
M109: PSNR(Y)=36.422, SSIM(Y)=0.9703
Epoch 18/150: Training loss=0.020216, lr=1.99e-03
Epoch 18/150: Validation loss=0.025897
Model saved! Best loss: 0.025897
Set5: PSNR(Y)=37.074, SSIM(Y)=0.9569
Set14: PSNR(Y)=32.745, SSIM(Y)=0.9096
B100: PSNR(Y)=31.537, SSIM(Y)=0.8911
U100: PSNR(Y)=29.880, SSIM(Y)=0.9023
M109: PSNR(Y)=36.452, SSIM(Y)=0.9704
Epoch 19/150: Training loss=0.020176, lr=1.98e-03
Epoch 19/150: Validation loss=0.025856
Model saved! Best loss: 0.025856
Set5: PSNR(Y)=37.088, SSIM(Y)=0.9570
Set14: PSNR(Y)=32.751, SSIM(Y)=0.9097
B100: PSNR(Y)=31.546, SSIM(Y)=0.8912
U100: PSNR(Y)=29.902, SSIM(Y)=0.9026
M109: PSNR(Y)=36.480, SSIM(Y)=0.9705
Epoch 20/150: Training loss=0.020158, lr=1.98e-03
Epoch 20/150: Validation loss=0.025819
Model saved! Best loss: 0.025819
Set5: PSNR(Y)=37.098, SSIM(Y)=0.9570
Set14: PSNR(Y)=32.757, SSIM(Y)=0.9097
B100: PSNR(Y)=31.553, SSIM(Y)=0.8913
U100: PSNR(Y)=29.921, SSIM(Y)=0.9029
M109: PSNR(Y)=36.508, SSIM(Y)=0.9706
Epoch 21/150: Training loss=0.020130, lr=1.98e-03
Epoch 21/150: Validation loss=0.025788
Model saved! Best loss: 0.025788
Set5: PSNR(Y)=37.106, SSIM(Y)=0.9571
Set14: PSNR(Y)=32.764, SSIM(Y)=0.9098
B100: PSNR(Y)=31.559, SSIM(Y)=0.8914
U100: PSNR(Y)=29.939, SSIM(Y)=0.9031
M109: PSNR(Y)=36.530, SSIM(Y)=0.9707
Epoch 22/150: Training loss=0.020143, lr=1.97e-03
Epoch 22/150: Validation loss=0.025760
Model saved! Best loss: 0.025760
Set5: PSNR(Y)=37.116, SSIM(Y)=0.9571
Set14: PSNR(Y)=32.767, SSIM(Y)=0.9099
B100: PSNR(Y)=31.564, SSIM(Y)=0.8915
U100: PSNR(Y)=29.954, SSIM(Y)=0.9033
M109: PSNR(Y)=36.549, SSIM(Y)=0.9707
Epoch 23/150: Training loss=0.020122, lr=1.96e-03
Epoch 23/150: Validation loss=0.025733
Model saved! Best loss: 0.025733
Set5: PSNR(Y)=37.128, SSIM(Y)=0.9572
Set14: PSNR(Y)=32.774, SSIM(Y)=0.9099
B100: PSNR(Y)=31.570, SSIM(Y)=0.8916
U100: PSNR(Y)=29.968, SSIM(Y)=0.9035
M109: PSNR(Y)=36.565, SSIM(Y)=0.9708
Epoch 24/150: Training loss=0.020107, lr=1.96e-03
Epoch 24/150: Validation loss=0.025711
Model saved! Best loss: 0.025711
Set5: PSNR(Y)=37.135, SSIM(Y)=0.9572
Set14: PSNR(Y)=32.779, SSIM(Y)=0.9100
B100: PSNR(Y)=31.574, SSIM(Y)=0.8917
U100: PSNR(Y)=29.980, SSIM(Y)=0.9037
M109: PSNR(Y)=36.581, SSIM(Y)=0.9709
Epoch 25/150: Training loss=0.020102, lr=1.95e-03
Epoch 25/150: Validation loss=0.025693
Model saved! Best loss: 0.025693
Set5: PSNR(Y)=37.143, SSIM(Y)=0.9572
Set14: PSNR(Y)=32.785, SSIM(Y)=0.9100
B100: PSNR(Y)=31.577, SSIM(Y)=0.8917
U100: PSNR(Y)=29.989, SSIM(Y)=0.9038
M109: PSNR(Y)=36.592, SSIM(Y)=0.9709
Epoch 26/150: Training loss=0.020086, lr=1.95e-03
Epoch 26/150: Validation loss=0.025674
Model saved! Best loss: 0.025674
Set5: PSNR(Y)=37.149, SSIM(Y)=0.9572
Set14: PSNR(Y)=32.790, SSIM(Y)=0.9101
B100: PSNR(Y)=31.581, SSIM(Y)=0.8918
U100: PSNR(Y)=29.996, SSIM(Y)=0.9039
M109: PSNR(Y)=36.604, SSIM(Y)=0.9709
Epoch 27/150: Training loss=0.020076, lr=1.94e-03
Epoch 27/150: Validation loss=0.025657
Model saved! Best loss: 0.025657
Set5: PSNR(Y)=37.150, SSIM(Y)=0.9573
Set14: PSNR(Y)=32.795, SSIM(Y)=0.9102
B100: PSNR(Y)=31.585, SSIM(Y)=0.8919
U100: PSNR(Y)=30.006, SSIM(Y)=0.9040
M109: PSNR(Y)=36.612, SSIM(Y)=0.9710
Epoch 28/150: Training loss=0.020065, lr=1.93e-03
Epoch 28/150: Validation loss=0.025643
Model saved! Best loss: 0.025643
Set5: PSNR(Y)=37.151, SSIM(Y)=0.9573
Set14: PSNR(Y)=32.800, SSIM(Y)=0.9102
B100: PSNR(Y)=31.589, SSIM(Y)=0.8919
U100: PSNR(Y)=30.014, SSIM(Y)=0.9041
M109: PSNR(Y)=36.619, SSIM(Y)=0.9710
Epoch 29/150: Training loss=0.020061, lr=1.92e-03
Epoch 29/150: Validation loss=0.025631
Model saved! Best loss: 0.025631
Set5: PSNR(Y)=37.156, SSIM(Y)=0.9573
Set14: PSNR(Y)=32.802, SSIM(Y)=0.9102
B100: PSNR(Y)=31.592, SSIM(Y)=0.8920
U100: PSNR(Y)=30.021, SSIM(Y)=0.9042
M109: PSNR(Y)=36.623, SSIM(Y)=0.9710
Epoch 30/150: Training loss=0.020048, lr=1.91e-03
Epoch 30/150: Validation loss=0.025617
Model saved! Best loss: 0.025617
Set5: PSNR(Y)=37.158, SSIM(Y)=0.9573
Set14: PSNR(Y)=32.802, SSIM(Y)=0.9102
B100: PSNR(Y)=31.595, SSIM(Y)=0.8920
U100: PSNR(Y)=30.029, SSIM(Y)=0.9043
M109: PSNR(Y)=36.630, SSIM(Y)=0.9710
Epoch 31/150: Training loss=0.020049, lr=1.90e-03
Epoch 31/150: Validation loss=0.025600
Model saved! Best loss: 0.025600
Set5: PSNR(Y)=37.158, SSIM(Y)=0.9573
Set14: PSNR(Y)=32.808, SSIM(Y)=0.9103
B100: PSNR(Y)=31.598, SSIM(Y)=0.8921
U100: PSNR(Y)=30.040, SSIM(Y)=0.9045
M109: PSNR(Y)=36.637, SSIM(Y)=0.9711
Epoch 32/150: Training loss=0.020038, lr=1.89e-03
Epoch 32/150: Validation loss=0.025583
Model saved! Best loss: 0.025583
Set5: PSNR(Y)=37.159, SSIM(Y)=0.9573
Set14: PSNR(Y)=32.809, SSIM(Y)=0.9103
B100: PSNR(Y)=31.601, SSIM(Y)=0.8921
U100: PSNR(Y)=30.049, SSIM(Y)=0.9046
M109: PSNR(Y)=36.648, SSIM(Y)=0.9711
Epoch 33/150: Training loss=0.020028, lr=1.88e-03
Epoch 33/150: Validation loss=0.025562
Model saved! Best loss: 0.025562
Set5: PSNR(Y)=37.152, SSIM(Y)=0.9574
Set14: PSNR(Y)=32.810, SSIM(Y)=0.9103
B100: PSNR(Y)=31.605, SSIM(Y)=0.8922
U100: PSNR(Y)=30.060, SSIM(Y)=0.9048
M109: PSNR(Y)=36.663, SSIM(Y)=0.9712
Epoch 34/150: Training loss=0.019997, lr=1.87e-03
Epoch 34/150: Validation loss=0.025546
Model saved! Best loss: 0.025546
Set5: PSNR(Y)=37.142, SSIM(Y)=0.9573
Set14: PSNR(Y)=32.808, SSIM(Y)=0.9103
B100: PSNR(Y)=31.607, SSIM(Y)=0.8922
U100: PSNR(Y)=30.068, SSIM(Y)=0.9049
M109: PSNR(Y)=36.669, SSIM(Y)=0.9712
Epoch 35/150: Training loss=0.019898, lr=1.86e-03
Epoch 35/150: Validation loss=0.025524
Model saved! Best loss: 0.025524
Set5: PSNR(Y)=37.118, SSIM(Y)=0.9573
Set14: PSNR(Y)=32.790, SSIM(Y)=0.9101
B100: PSNR(Y)=31.597, SSIM(Y)=0.8921
U100: PSNR(Y)=30.033, SSIM(Y)=0.9045
M109: PSNR(Y)=36.614, SSIM(Y)=0.9710
Epoch 36/150: Training loss=0.019793, lr=1.85e-03
Epoch 36/150: Validation loss=0.025404
Model saved! Best loss: 0.025404
Set5: PSNR(Y)=37.122, SSIM(Y)=0.9573
Set14: PSNR(Y)=32.774, SSIM(Y)=0.9099
B100: PSNR(Y)=31.585, SSIM(Y)=0.8919
U100: PSNR(Y)=29.998, SSIM(Y)=0.9040
M109: PSNR(Y)=36.572, SSIM(Y)=0.9708
Epoch 37/150: Training loss=0.019746, lr=1.84e-03
Epoch 37/150: Validation loss=0.025270
Model saved! Best loss: 0.025270
Set5: PSNR(Y)=37.140, SSIM(Y)=0.9573
Set14: PSNR(Y)=32.777, SSIM(Y)=0.9098
B100: PSNR(Y)=31.585, SSIM(Y)=0.8919
U100: PSNR(Y)=29.999, SSIM(Y)=0.9040
M109: PSNR(Y)=36.570, SSIM(Y)=0.9708
Epoch 38/150: Training loss=0.019722, lr=1.83e-03
Epoch 38/150: Validation loss=0.025182
Model saved! Best loss: 0.025182
Set5: PSNR(Y)=37.155, SSIM(Y)=0.9574
Set14: PSNR(Y)=32.782, SSIM(Y)=0.9098
B100: PSNR(Y)=31.589, SSIM(Y)=0.8919
U100: PSNR(Y)=30.013, SSIM(Y)=0.9042
M109: PSNR(Y)=36.585, SSIM(Y)=0.9709
Epoch 39/150: Training loss=0.019700, lr=1.81e-03
Epoch 39/150: Validation loss=0.025125
Model saved! Best loss: 0.025125
Set5: PSNR(Y)=37.166, SSIM(Y)=0.9574
Set14: PSNR(Y)=32.786, SSIM(Y)=0.9099
B100: PSNR(Y)=31.594, SSIM(Y)=0.8920
U100: PSNR(Y)=30.028, SSIM(Y)=0.9045
M109: PSNR(Y)=36.600, SSIM(Y)=0.9710
Epoch 40/150: Training loss=0.019682, lr=1.80e-03
Epoch 40/150: Validation loss=0.025082
Model saved! Best loss: 0.025082
Set5: PSNR(Y)=37.175, SSIM(Y)=0.9574
Set14: PSNR(Y)=32.788, SSIM(Y)=0.9100
B100: PSNR(Y)=31.598, SSIM(Y)=0.8921
U100: PSNR(Y)=30.042, SSIM(Y)=0.9047
M109: PSNR(Y)=36.614, SSIM(Y)=0.9710
Epoch 41/150: Training loss=0.019653, lr=1.79e-03
Epoch 41/150: Validation loss=0.025047
Model saved! Best loss: 0.025047
Set5: PSNR(Y)=37.183, SSIM(Y)=0.9575
Set14: PSNR(Y)=32.795, SSIM(Y)=0.9100
B100: PSNR(Y)=31.601, SSIM(Y)=0.8922
U100: PSNR(Y)=30.053, SSIM(Y)=0.9048
M109: PSNR(Y)=36.626, SSIM(Y)=0.9711
Epoch 42/150: Training loss=0.019652, lr=1.77e-03
Epoch 42/150: Validation loss=0.025022
Model saved! Best loss: 0.025022
Set5: PSNR(Y)=37.189, SSIM(Y)=0.9575
Set14: PSNR(Y)=32.802, SSIM(Y)=0.9101
B100: PSNR(Y)=31.604, SSIM(Y)=0.8922
U100: PSNR(Y)=30.063, SSIM(Y)=0.9050
M109: PSNR(Y)=36.635, SSIM(Y)=0.9711
Epoch 43/150: Training loss=0.019647, lr=1.76e-03
Epoch 43/150: Validation loss=0.024999
Model saved! Best loss: 0.024999
Set5: PSNR(Y)=37.194, SSIM(Y)=0.9575
Set14: PSNR(Y)=32.810, SSIM(Y)=0.9102
B100: PSNR(Y)=31.607, SSIM(Y)=0.8923
U100: PSNR(Y)=30.072, SSIM(Y)=0.9051
M109: PSNR(Y)=36.645, SSIM(Y)=0.9712
Epoch 44/150: Training loss=0.019628, lr=1.74e-03
Epoch 44/150: Validation loss=0.024979
Model saved! Best loss: 0.024979
Set5: PSNR(Y)=37.198, SSIM(Y)=0.9575
Set14: PSNR(Y)=32.815, SSIM(Y)=0.9102
B100: PSNR(Y)=31.610, SSIM(Y)=0.8923
U100: PSNR(Y)=30.079, SSIM(Y)=0.9052
M109: PSNR(Y)=36.654, SSIM(Y)=0.9712
Epoch 45/150: Training loss=0.019623, lr=1.73e-03
Epoch 45/150: Validation loss=0.024962
Model saved! Best loss: 0.024962
Set5: PSNR(Y)=37.203, SSIM(Y)=0.9576
Set14: PSNR(Y)=32.819, SSIM(Y)=0.9102
B100: PSNR(Y)=31.612, SSIM(Y)=0.8924
U100: PSNR(Y)=30.086, SSIM(Y)=0.9053
M109: PSNR(Y)=36.663, SSIM(Y)=0.9713
Epoch 46/150: Training loss=0.019614, lr=1.71e-03
Epoch 46/150: Validation loss=0.024948
Model saved! Best loss: 0.024948
Set5: PSNR(Y)=37.207, SSIM(Y)=0.9576
Set14: PSNR(Y)=32.822, SSIM(Y)=0.9103
B100: PSNR(Y)=31.614, SSIM(Y)=0.8924
U100: PSNR(Y)=30.092, SSIM(Y)=0.9054
M109: PSNR(Y)=36.673, SSIM(Y)=0.9713
Epoch 47/150: Training loss=0.019601, lr=1.70e-03
Epoch 47/150: Validation loss=0.024934
Model saved! Best loss: 0.024934
Set5: PSNR(Y)=37.206, SSIM(Y)=0.9576
Set14: PSNR(Y)=32.822, SSIM(Y)=0.9102
B100: PSNR(Y)=31.617, SSIM(Y)=0.8925
U100: PSNR(Y)=30.098, SSIM(Y)=0.9055
M109: PSNR(Y)=36.679, SSIM(Y)=0.9713
Epoch 48/150: Training loss=0.019591, lr=1.68e-03
Epoch 48/150: Validation loss=0.024921
Model saved! Best loss: 0.024921
Set5: PSNR(Y)=37.210, SSIM(Y)=0.9576
Set14: PSNR(Y)=32.826, SSIM(Y)=0.9103
B100: PSNR(Y)=31.619, SSIM(Y)=0.8925
U100: PSNR(Y)=30.106, SSIM(Y)=0.9056
M109: PSNR(Y)=36.686, SSIM(Y)=0.9713
Epoch 49/150: Training loss=0.019585, lr=1.67e-03
Epoch 49/150: Validation loss=0.024909
Model saved! Best loss: 0.024909
Set5: PSNR(Y)=37.212, SSIM(Y)=0.9576
Set14: PSNR(Y)=32.834, SSIM(Y)=0.9103
B100: PSNR(Y)=31.622, SSIM(Y)=0.8925
U100: PSNR(Y)=30.111, SSIM(Y)=0.9057
M109: PSNR(Y)=36.692, SSIM(Y)=0.9714
Epoch 50/150: Training loss=0.019578, lr=1.65e-03
Epoch 50/150: Validation loss=0.024896
Model saved! Best loss: 0.024896
Set5: PSNR(Y)=37.214, SSIM(Y)=0.9576
Set14: PSNR(Y)=32.836, SSIM(Y)=0.9104
B100: PSNR(Y)=31.624, SSIM(Y)=0.8925
U100: PSNR(Y)=30.117, SSIM(Y)=0.9058
M109: PSNR(Y)=36.703, SSIM(Y)=0.9714
Epoch 51/150: Training loss=0.019566, lr=1.63e-03
Epoch 51/150: Validation loss=0.024885
Model saved! Best loss: 0.024885
Set5: PSNR(Y)=37.215, SSIM(Y)=0.9576
Set14: PSNR(Y)=32.834, SSIM(Y)=0.9103
B100: PSNR(Y)=31.626, SSIM(Y)=0.8926
U100: PSNR(Y)=30.122, SSIM(Y)=0.9058
M109: PSNR(Y)=36.707, SSIM(Y)=0.9714
Epoch 52/150: Training loss=0.019565, lr=1.62e-03
Epoch 52/150: Validation loss=0.024873
Model saved! Best loss: 0.024873
Set5: PSNR(Y)=37.219, SSIM(Y)=0.9576
Set14: PSNR(Y)=32.836, SSIM(Y)=0.9104
B100: PSNR(Y)=31.628, SSIM(Y)=0.8926
U100: PSNR(Y)=30.129, SSIM(Y)=0.9059
M109: PSNR(Y)=36.715, SSIM(Y)=0.9714
Epoch 53/150: Training loss=0.019553, lr=1.60e-03
Epoch 53/150: Validation loss=0.024860
Model saved! Best loss: 0.024860
Set5: PSNR(Y)=37.221, SSIM(Y)=0.9576
Set14: PSNR(Y)=32.839, SSIM(Y)=0.9104
B100: PSNR(Y)=31.630, SSIM(Y)=0.8926
U100: PSNR(Y)=30.136, SSIM(Y)=0.9060
M109: PSNR(Y)=36.720, SSIM(Y)=0.9715
Epoch 54/150: Training loss=0.019547, lr=1.58e-03
Epoch 54/150: Validation loss=0.024849
Model saved! Best loss: 0.024849
Set5: PSNR(Y)=37.221, SSIM(Y)=0.9577
Set14: PSNR(Y)=32.840, SSIM(Y)=0.9104
B100: PSNR(Y)=31.632, SSIM(Y)=0.8926
U100: PSNR(Y)=30.142, SSIM(Y)=0.9061
M109: PSNR(Y)=36.726, SSIM(Y)=0.9715
Epoch 55/150: Training loss=0.019545, lr=1.56e-03
Epoch 55/150: Validation loss=0.024840
Model saved! Best loss: 0.024840
Set5: PSNR(Y)=37.223, SSIM(Y)=0.9577
Set14: PSNR(Y)=32.844, SSIM(Y)=0.9105
B100: PSNR(Y)=31.634, SSIM(Y)=0.8927
U100: PSNR(Y)=30.148, SSIM(Y)=0.9062
M109: PSNR(Y)=36.732, SSIM(Y)=0.9715
Epoch 56/150: Training loss=0.019542, lr=1.54e-03
Epoch 56/150: Validation loss=0.024831
Model saved! Best loss: 0.024831
Set5: PSNR(Y)=37.223, SSIM(Y)=0.9577
Set14: PSNR(Y)=32.841, SSIM(Y)=0.9105
B100: PSNR(Y)=31.635, SSIM(Y)=0.8927
U100: PSNR(Y)=30.153, SSIM(Y)=0.9062
M109: PSNR(Y)=36.736, SSIM(Y)=0.9715
Epoch 57/150: Training loss=0.019520, lr=1.53e-03
Epoch 57/150: Validation loss=0.024821
Model saved! Best loss: 0.024821
Set5: PSNR(Y)=37.225, SSIM(Y)=0.9577
Set14: PSNR(Y)=32.846, SSIM(Y)=0.9105
B100: PSNR(Y)=31.637, SSIM(Y)=0.8927
U100: PSNR(Y)=30.158, SSIM(Y)=0.9063
M109: PSNR(Y)=36.740, SSIM(Y)=0.9715
Epoch 58/150: Training loss=0.019518, lr=1.51e-03
Epoch 58/150: Validation loss=0.024811
Model saved! Best loss: 0.024811
Set5: PSNR(Y)=37.227, SSIM(Y)=0.9577
Set14: PSNR(Y)=32.849, SSIM(Y)=0.9105
B100: PSNR(Y)=31.638, SSIM(Y)=0.8927
U100: PSNR(Y)=30.164, SSIM(Y)=0.9064
M109: PSNR(Y)=36.745, SSIM(Y)=0.9716
Epoch 59/150: Training loss=0.019513, lr=1.49e-03
Epoch 59/150: Validation loss=0.024803
Model saved! Best loss: 0.024803
Set5: PSNR(Y)=37.227, SSIM(Y)=0.9577
Set14: PSNR(Y)=32.850, SSIM(Y)=0.9105
B100: PSNR(Y)=31.640, SSIM(Y)=0.8927
U100: PSNR(Y)=30.168, SSIM(Y)=0.9065
M109: PSNR(Y)=36.748, SSIM(Y)=0.9716
Epoch 60/150: Training loss=0.019519, lr=1.47e-03
Epoch 60/150: Validation loss=0.024794
Model saved! Best loss: 0.024794
Set5: PSNR(Y)=37.230, SSIM(Y)=0.9577
Set14: PSNR(Y)=32.853, SSIM(Y)=0.9106
B100: PSNR(Y)=31.642, SSIM(Y)=0.8928
U100: PSNR(Y)=30.172, SSIM(Y)=0.9065
M109: PSNR(Y)=36.751, SSIM(Y)=0.9716
Epoch 61/150: Training loss=0.019518, lr=1.45e-03
Epoch 61/150: Validation loss=0.024787
Model saved! Best loss: 0.024787
Set5: PSNR(Y)=37.232, SSIM(Y)=0.9577
Set14: PSNR(Y)=32.854, SSIM(Y)=0.9106
B100: PSNR(Y)=31.643, SSIM(Y)=0.8928
U100: PSNR(Y)=30.177, SSIM(Y)=0.9066
M109: PSNR(Y)=36.754, SSIM(Y)=0.9716
Epoch 62/150: Training loss=0.019509, lr=1.43e-03
Epoch 62/150: Validation loss=0.024780
Model saved! Best loss: 0.024780
Set5: PSNR(Y)=37.235, SSIM(Y)=0.9577
Set14: PSNR(Y)=32.856, SSIM(Y)=0.9106
B100: PSNR(Y)=31.645, SSIM(Y)=0.8928
U100: PSNR(Y)=30.182, SSIM(Y)=0.9066
M109: PSNR(Y)=36.756, SSIM(Y)=0.9716
Epoch 63/150: Training loss=0.019510, lr=1.41e-03
Epoch 63/150: Validation loss=0.024773
Model saved! Best loss: 0.024773
Set5: PSNR(Y)=37.237, SSIM(Y)=0.9577
Set14: PSNR(Y)=32.860, SSIM(Y)=0.9106
B100: PSNR(Y)=31.647, SSIM(Y)=0.8928
U100: PSNR(Y)=30.185, SSIM(Y)=0.9067
M109: PSNR(Y)=36.759, SSIM(Y)=0.9716
Epoch 64/150: Training loss=0.019503, lr=1.39e-03
Epoch 64/150: Validation loss=0.024766
Model saved! Best loss: 0.024766
Set5: PSNR(Y)=37.239, SSIM(Y)=0.9577
Set14: PSNR(Y)=32.859, SSIM(Y)=0.9107
B100: PSNR(Y)=31.648, SSIM(Y)=0.8928
U100: PSNR(Y)=30.190, SSIM(Y)=0.9068
M109: PSNR(Y)=36.761, SSIM(Y)=0.9716
Epoch 65/150: Training loss=0.019487, lr=1.37e-03
Epoch 65/150: Validation loss=0.024762
Model saved! Best loss: 0.024762
Set5: PSNR(Y)=37.240, SSIM(Y)=0.9577
Set14: PSNR(Y)=32.860, SSIM(Y)=0.9107
B100: PSNR(Y)=31.649, SSIM(Y)=0.8929
U100: PSNR(Y)=30.192, SSIM(Y)=0.9068
M109: PSNR(Y)=36.762, SSIM(Y)=0.9716
Epoch 66/150: Training loss=0.019490, lr=1.35e-03
Epoch 66/150: Validation loss=0.024755
Model saved! Best loss: 0.024755
Set5: PSNR(Y)=37.243, SSIM(Y)=0.9577
Set14: PSNR(Y)=32.858, SSIM(Y)=0.9106
B100: PSNR(Y)=31.650, SSIM(Y)=0.8929
U100: PSNR(Y)=30.196, SSIM(Y)=0.9068
M109: PSNR(Y)=36.767, SSIM(Y)=0.9716
Epoch 67/150: Training loss=0.019487, lr=1.33e-03
Epoch 67/150: Validation loss=0.024748
Model saved! Best loss: 0.024748
Set5: PSNR(Y)=37.243, SSIM(Y)=0.9577
Set14: PSNR(Y)=32.862, SSIM(Y)=0.9107
B100: PSNR(Y)=31.651, SSIM(Y)=0.8929
U100: PSNR(Y)=30.200, SSIM(Y)=0.9069
M109: PSNR(Y)=36.770, SSIM(Y)=0.9717
Epoch 68/150: Training loss=0.019496, lr=1.31e-03
Epoch 68/150: Validation loss=0.024742
Model saved! Best loss: 0.024742
Set5: PSNR(Y)=37.246, SSIM(Y)=0.9577
Set14: PSNR(Y)=32.861, SSIM(Y)=0.9107
B100: PSNR(Y)=31.653, SSIM(Y)=0.8929
U100: PSNR(Y)=30.203, SSIM(Y)=0.9069
M109: PSNR(Y)=36.775, SSIM(Y)=0.9717
Epoch 69/150: Training loss=0.019477, lr=1.28e-03
Epoch 69/150: Validation loss=0.024737
Model saved! Best loss: 0.024737
Set5: PSNR(Y)=37.247, SSIM(Y)=0.9577
Set14: PSNR(Y)=32.864, SSIM(Y)=0.9107
B100: PSNR(Y)=31.654, SSIM(Y)=0.8929
U100: PSNR(Y)=30.205, SSIM(Y)=0.9069
M109: PSNR(Y)=36.776, SSIM(Y)=0.9717
Epoch 70/150: Training loss=0.019475, lr=1.26e-03
Epoch 70/150: Validation loss=0.024731
Model saved! Best loss: 0.024731
Set5: PSNR(Y)=37.247, SSIM(Y)=0.9577
Set14: PSNR(Y)=32.862, SSIM(Y)=0.9107
B100: PSNR(Y)=31.655, SSIM(Y)=0.8929
U100: PSNR(Y)=30.209, SSIM(Y)=0.9070
M109: PSNR(Y)=36.778, SSIM(Y)=0.9717
Epoch 71/150: Training loss=0.019478, lr=1.24e-03
Epoch 71/150: Validation loss=0.024726
Model saved! Best loss: 0.024726
Set5: PSNR(Y)=37.248, SSIM(Y)=0.9577
Set14: PSNR(Y)=32.861, SSIM(Y)=0.9107
B100: PSNR(Y)=31.656, SSIM(Y)=0.8930
U100: PSNR(Y)=30.212, SSIM(Y)=0.9070
M109: PSNR(Y)=36.780, SSIM(Y)=0.9717
Epoch 72/150: Training loss=0.019461, lr=1.22e-03
Epoch 72/150: Validation loss=0.024723
Model saved! Best loss: 0.024723
Set5: PSNR(Y)=37.250, SSIM(Y)=0.9577
Set14: PSNR(Y)=32.861, SSIM(Y)=0.9107
B100: PSNR(Y)=31.657, SSIM(Y)=0.8930
U100: PSNR(Y)=30.214, SSIM(Y)=0.9070
M109: PSNR(Y)=36.782, SSIM(Y)=0.9717
Epoch 73/150: Training loss=0.019466, lr=1.20e-03
Epoch 73/150: Validation loss=0.024717
Model saved! Best loss: 0.024717
Set5: PSNR(Y)=37.252, SSIM(Y)=0.9577
Set14: PSNR(Y)=32.863, SSIM(Y)=0.9107
B100: PSNR(Y)=31.658, SSIM(Y)=0.8930
U100: PSNR(Y)=30.217, SSIM(Y)=0.9070
M109: PSNR(Y)=36.784, SSIM(Y)=0.9717
Epoch 74/150: Training loss=0.019453, lr=1.18e-03
Epoch 74/150: Validation loss=0.024712
Model saved! Best loss: 0.024712
Set5: PSNR(Y)=37.253, SSIM(Y)=0.9577
Set14: PSNR(Y)=32.864, SSIM(Y)=0.9107
B100: PSNR(Y)=31.659, SSIM(Y)=0.8930
U100: PSNR(Y)=30.220, SSIM(Y)=0.9071
M109: PSNR(Y)=36.786, SSIM(Y)=0.9717
Epoch 75/150: Training loss=0.019461, lr=1.16e-03
Epoch 75/150: Validation loss=0.024708
Model saved! Best loss: 0.024708
Set5: PSNR(Y)=37.254, SSIM(Y)=0.9577
Set14: PSNR(Y)=32.862, SSIM(Y)=0.9107
B100: PSNR(Y)=31.660, SSIM(Y)=0.8930
U100: PSNR(Y)=30.222, SSIM(Y)=0.9071
M109: PSNR(Y)=36.787, SSIM(Y)=0.9717
Epoch 76/150: Training loss=0.019457, lr=1.13e-03
Epoch 76/150: Validation loss=0.024703
Model saved! Best loss: 0.024703
Set5: PSNR(Y)=37.257, SSIM(Y)=0.9578
Set14: PSNR(Y)=32.864, SSIM(Y)=0.9107
B100: PSNR(Y)=31.660, SSIM(Y)=0.8930
U100: PSNR(Y)=30.224, SSIM(Y)=0.9071
M109: PSNR(Y)=36.792, SSIM(Y)=0.9717
Epoch 77/150: Training loss=0.019451, lr=1.11e-03
Epoch 77/150: Validation loss=0.024699
Model saved! Best loss: 0.024699
Set5: PSNR(Y)=37.258, SSIM(Y)=0.9578
Set14: PSNR(Y)=32.866, SSIM(Y)=0.9107
B100: PSNR(Y)=31.662, SSIM(Y)=0.8930
U100: PSNR(Y)=30.227, SSIM(Y)=0.9072
M109: PSNR(Y)=36.792, SSIM(Y)=0.9717
Epoch 78/150: Training loss=0.019444, lr=1.09e-03
Epoch 78/150: Validation loss=0.024696
Model saved! Best loss: 0.024696
Set5: PSNR(Y)=37.258, SSIM(Y)=0.9578
Set14: PSNR(Y)=32.867, SSIM(Y)=0.9107
B100: PSNR(Y)=31.663, SSIM(Y)=0.8931
U100: PSNR(Y)=30.228, SSIM(Y)=0.9072
M109: PSNR(Y)=36.795, SSIM(Y)=0.9718
Epoch 79/150: Training loss=0.019438, lr=1.07e-03
Epoch 79/150: Validation loss=0.024692
Model saved! Best loss: 0.024692
Set5: PSNR(Y)=37.256, SSIM(Y)=0.9578
Set14: PSNR(Y)=32.867, SSIM(Y)=0.9107
B100: PSNR(Y)=31.663, SSIM(Y)=0.8931
U100: PSNR(Y)=30.231, SSIM(Y)=0.9072
M109: PSNR(Y)=36.796, SSIM(Y)=0.9718
Epoch 80/150: Training loss=0.019441, lr=1.05e-03
Epoch 80/150: Validation loss=0.024688
Model saved! Best loss: 0.024688
Set5: PSNR(Y)=37.256, SSIM(Y)=0.9578
Set14: PSNR(Y)=32.869, SSIM(Y)=0.9107
B100: PSNR(Y)=31.665, SSIM(Y)=0.8931
U100: PSNR(Y)=30.233, SSIM(Y)=0.9072
M109: PSNR(Y)=36.799, SSIM(Y)=0.9718
Epoch 81/150: Training loss=0.019427, lr=1.03e-03
Epoch 81/150: Validation loss=0.024684
Model saved! Best loss: 0.024684
Set5: PSNR(Y)=37.258, SSIM(Y)=0.9578
Set14: PSNR(Y)=32.869, SSIM(Y)=0.9107
B100: PSNR(Y)=31.665, SSIM(Y)=0.8931
U100: PSNR(Y)=30.234, SSIM(Y)=0.9073
M109: PSNR(Y)=36.803, SSIM(Y)=0.9718
Epoch 82/150: Training loss=0.019444, lr=1.00e-03
Epoch 82/150: Validation loss=0.024681
Model saved! Best loss: 0.024681
Set5: PSNR(Y)=37.257, SSIM(Y)=0.9578
Set14: PSNR(Y)=32.868, SSIM(Y)=0.9107
B100: PSNR(Y)=31.666, SSIM(Y)=0.8931
U100: PSNR(Y)=30.236, SSIM(Y)=0.9073
M109: PSNR(Y)=36.805, SSIM(Y)=0.9718
Epoch 83/150: Training loss=0.019423, lr=9.81e-04
Epoch 83/150: Validation loss=0.024677
Model saved! Best loss: 0.024677
Set5: PSNR(Y)=37.258, SSIM(Y)=0.9578
Set14: PSNR(Y)=32.870, SSIM(Y)=0.9108
B100: PSNR(Y)=31.667, SSIM(Y)=0.8931
U100: PSNR(Y)=30.240, SSIM(Y)=0.9073
M109: PSNR(Y)=36.803, SSIM(Y)=0.9718
Epoch 84/150: Training loss=0.019415, lr=9.59e-04
Epoch 84/150: Validation loss=0.024673
Model saved! Best loss: 0.024673
Set5: PSNR(Y)=37.260, SSIM(Y)=0.9578
Set14: PSNR(Y)=32.871, SSIM(Y)=0.9108
B100: PSNR(Y)=31.667, SSIM(Y)=0.8931
U100: PSNR(Y)=30.241, SSIM(Y)=0.9074
M109: PSNR(Y)=36.805, SSIM(Y)=0.9718
Epoch 85/150: Training loss=0.019416, lr=9.38e-04
Epoch 85/150: Validation loss=0.024670
Model saved! Best loss: 0.024670
Set5: PSNR(Y)=37.260, SSIM(Y)=0.9578
Set14: PSNR(Y)=32.874, SSIM(Y)=0.9108
B100: PSNR(Y)=31.669, SSIM(Y)=0.8931
U100: PSNR(Y)=30.243, SSIM(Y)=0.9074
M109: PSNR(Y)=36.805, SSIM(Y)=0.9718
Epoch 86/150: Training loss=0.019424, lr=9.16e-04
Epoch 86/150: Validation loss=0.024667
Model saved! Best loss: 0.024667
Set5: PSNR(Y)=37.260, SSIM(Y)=0.9578
Set14: PSNR(Y)=32.874, SSIM(Y)=0.9108
B100: PSNR(Y)=31.669, SSIM(Y)=0.8931
U100: PSNR(Y)=30.245, SSIM(Y)=0.9074
M109: PSNR(Y)=36.808, SSIM(Y)=0.9718
Epoch 87/150: Training loss=0.019415, lr=8.94e-04
Epoch 87/150: Validation loss=0.024663
Model saved! Best loss: 0.024663
Set5: PSNR(Y)=37.263, SSIM(Y)=0.9578
Set14: PSNR(Y)=32.874, SSIM(Y)=0.9108
B100: PSNR(Y)=31.670, SSIM(Y)=0.8932
U100: PSNR(Y)=30.247, SSIM(Y)=0.9074
M109: PSNR(Y)=36.812, SSIM(Y)=0.9718
Epoch 88/150: Training loss=0.019404, lr=8.72e-04
Epoch 88/150: Validation loss=0.024660
Model saved! Best loss: 0.024660
Set5: PSNR(Y)=37.263, SSIM(Y)=0.9578
Set14: PSNR(Y)=32.872, SSIM(Y)=0.9108
B100: PSNR(Y)=31.670, SSIM(Y)=0.8932
U100: PSNR(Y)=30.248, SSIM(Y)=0.9075
M109: PSNR(Y)=36.813, SSIM(Y)=0.9718
Epoch 89/150: Training loss=0.019412, lr=8.51e-04
Epoch 89/150: Validation loss=0.024659
Model saved! Best loss: 0.024659
Set5: PSNR(Y)=37.264, SSIM(Y)=0.9578
Set14: PSNR(Y)=32.872, SSIM(Y)=0.9108
B100: PSNR(Y)=31.671, SSIM(Y)=0.8932
U100: PSNR(Y)=30.249, SSIM(Y)=0.9075
M109: PSNR(Y)=36.811, SSIM(Y)=0.9718
Epoch 90/150: Training loss=0.019412, lr=8.29e-04
Epoch 90/150: Validation loss=0.024655
Model saved! Best loss: 0.024655
Set5: PSNR(Y)=37.265, SSIM(Y)=0.9578
Set14: PSNR(Y)=32.870, SSIM(Y)=0.9107
B100: PSNR(Y)=31.671, SSIM(Y)=0.8932
U100: PSNR(Y)=30.251, SSIM(Y)=0.9075
M109: PSNR(Y)=36.814, SSIM(Y)=0.9718
Epoch 91/150: Training loss=0.019412, lr=8.08e-04
Epoch 91/150: Validation loss=0.024652
Model saved! Best loss: 0.024652
Set5: PSNR(Y)=37.265, SSIM(Y)=0.9578
Set14: PSNR(Y)=32.874, SSIM(Y)=0.9108
B100: PSNR(Y)=31.672, SSIM(Y)=0.8932
U100: PSNR(Y)=30.253, SSIM(Y)=0.9075
M109: PSNR(Y)=36.814, SSIM(Y)=0.9718
Epoch 92/150: Training loss=0.019398, lr=7.87e-04
Epoch 92/150: Validation loss=0.024650
Model saved! Best loss: 0.024650
Set5: PSNR(Y)=37.265, SSIM(Y)=0.9578
Set14: PSNR(Y)=32.873, SSIM(Y)=0.9108
B100: PSNR(Y)=31.673, SSIM(Y)=0.8932
U100: PSNR(Y)=30.254, SSIM(Y)=0.9075
M109: PSNR(Y)=36.816, SSIM(Y)=0.9718
Epoch 93/150: Training loss=0.019407, lr=7.66e-04
Epoch 93/150: Validation loss=0.024648
Model saved! Best loss: 0.024648
Set5: PSNR(Y)=37.269, SSIM(Y)=0.9578
Set14: PSNR(Y)=32.876, SSIM(Y)=0.9108
B100: PSNR(Y)=31.673, SSIM(Y)=0.8932
U100: PSNR(Y)=30.254, SSIM(Y)=0.9076
M109: PSNR(Y)=36.816, SSIM(Y)=0.9718
Epoch 94/150: Training loss=0.019388, lr=7.45e-04
Epoch 94/150: Validation loss=0.024645
Model saved! Best loss: 0.024645
Set5: PSNR(Y)=37.269, SSIM(Y)=0.9578
Set14: PSNR(Y)=32.875, SSIM(Y)=0.9108
B100: PSNR(Y)=31.674, SSIM(Y)=0.8932
U100: PSNR(Y)=30.256, SSIM(Y)=0.9076
M109: PSNR(Y)=36.816, SSIM(Y)=0.9718
Epoch 95/150: Training loss=0.019390, lr=7.24e-04
Epoch 95/150: Validation loss=0.024642
Model saved! Best loss: 0.024642
Set5: PSNR(Y)=37.269, SSIM(Y)=0.9578
Set14: PSNR(Y)=32.875, SSIM(Y)=0.9108
B100: PSNR(Y)=31.674, SSIM(Y)=0.8932
U100: PSNR(Y)=30.258, SSIM(Y)=0.9076
M109: PSNR(Y)=36.818, SSIM(Y)=0.9718
Epoch 96/150: Training loss=0.019395, lr=7.03e-04
Epoch 96/150: Validation loss=0.024638
Model saved! Best loss: 0.024638
Set5: PSNR(Y)=37.268, SSIM(Y)=0.9578
Set14: PSNR(Y)=32.875, SSIM(Y)=0.9108
B100: PSNR(Y)=31.675, SSIM(Y)=0.8932
U100: PSNR(Y)=30.260, SSIM(Y)=0.9076
M109: PSNR(Y)=36.821, SSIM(Y)=0.9719
Epoch 97/150: Training loss=0.019392, lr=6.82e-04
Epoch 97/150: Validation loss=0.024636
Model saved! Best loss: 0.024636
Set5: PSNR(Y)=37.268, SSIM(Y)=0.9578
Set14: PSNR(Y)=32.876, SSIM(Y)=0.9108
B100: PSNR(Y)=31.676, SSIM(Y)=0.8932
U100: PSNR(Y)=30.262, SSIM(Y)=0.9076
M109: PSNR(Y)=36.821, SSIM(Y)=0.9719
Epoch 98/150: Training loss=0.019395, lr=6.62e-04
Epoch 98/150: Validation loss=0.024633
Model saved! Best loss: 0.024633
Set5: PSNR(Y)=37.269, SSIM(Y)=0.9578
Set14: PSNR(Y)=32.881, SSIM(Y)=0.9108
B100: PSNR(Y)=31.676, SSIM(Y)=0.8933
U100: PSNR(Y)=30.263, SSIM(Y)=0.9077
M109: PSNR(Y)=36.821, SSIM(Y)=0.9719
Epoch 99/150: Training loss=0.019393, lr=6.42e-04
Epoch 99/150: Validation loss=0.024631
Model saved! Best loss: 0.024631
Set5: PSNR(Y)=37.271, SSIM(Y)=0.9578
Set14: PSNR(Y)=32.878, SSIM(Y)=0.9108
B100: PSNR(Y)=31.676, SSIM(Y)=0.8933
U100: PSNR(Y)=30.264, SSIM(Y)=0.9077
M109: PSNR(Y)=36.822, SSIM(Y)=0.9719
Epoch 100/150: Training loss=0.019378, lr=6.22e-04
Epoch 100/150: Validation loss=0.024627
Model saved! Best loss: 0.024627
Set5: PSNR(Y)=37.273, SSIM(Y)=0.9578
Set14: PSNR(Y)=32.880, SSIM(Y)=0.9108
B100: PSNR(Y)=31.677, SSIM(Y)=0.8933
U100: PSNR(Y)=30.266, SSIM(Y)=0.9077
M109: PSNR(Y)=36.822, SSIM(Y)=0.9719
Epoch 101/150: Training loss=0.019384, lr=6.02e-04
Epoch 101/150: Validation loss=0.024625
Model saved! Best loss: 0.024625
Set5: PSNR(Y)=37.273, SSIM(Y)=0.9578
Set14: PSNR(Y)=32.883, SSIM(Y)=0.9109
B100: PSNR(Y)=31.677, SSIM(Y)=0.8933
U100: PSNR(Y)=30.266, SSIM(Y)=0.9077
M109: PSNR(Y)=36.825, SSIM(Y)=0.9719
Epoch 102/150: Training loss=0.019381, lr=5.82e-04
Epoch 102/150: Validation loss=0.024625
Model saved! Best loss: 0.024625
Set5: PSNR(Y)=37.273, SSIM(Y)=0.9578
Set14: PSNR(Y)=32.880, SSIM(Y)=0.9108
B100: PSNR(Y)=31.677, SSIM(Y)=0.8933
U100: PSNR(Y)=30.267, SSIM(Y)=0.9077
M109: PSNR(Y)=36.825, SSIM(Y)=0.9719
Epoch 103/150: Training loss=0.019366, lr=5.63e-04
Epoch 103/150: Validation loss=0.024623
Model saved! Best loss: 0.024623
Set5: PSNR(Y)=37.274, SSIM(Y)=0.9578
Set14: PSNR(Y)=32.880, SSIM(Y)=0.9108
B100: PSNR(Y)=31.678, SSIM(Y)=0.8933
U100: PSNR(Y)=30.268, SSIM(Y)=0.9078
M109: PSNR(Y)=36.825, SSIM(Y)=0.9719
Epoch 104/150: Training loss=0.019363, lr=5.44e-04
Epoch 104/150: Validation loss=0.024621
Model saved! Best loss: 0.024621
Set5: PSNR(Y)=37.276, SSIM(Y)=0.9578
Set14: PSNR(Y)=32.878, SSIM(Y)=0.9108
B100: PSNR(Y)=31.678, SSIM(Y)=0.8933
U100: PSNR(Y)=30.269, SSIM(Y)=0.9078
M109: PSNR(Y)=36.825, SSIM(Y)=0.9719
Epoch 105/150: Training loss=0.019377, lr=5.25e-04
Epoch 105/150: Validation loss=0.024619
Model saved! Best loss: 0.024619
Set5: PSNR(Y)=37.273, SSIM(Y)=0.9578
Set14: PSNR(Y)=32.878, SSIM(Y)=0.9108
B100: PSNR(Y)=31.678, SSIM(Y)=0.8933
U100: PSNR(Y)=30.270, SSIM(Y)=0.9078
M109: PSNR(Y)=36.825, SSIM(Y)=0.9719
Epoch 106/150: Training loss=0.019360, lr=5.06e-04
Epoch 106/150: Validation loss=0.024617
Model saved! Best loss: 0.024617
Set5: PSNR(Y)=37.273, SSIM(Y)=0.9578
Set14: PSNR(Y)=32.880, SSIM(Y)=0.9108
B100: PSNR(Y)=31.679, SSIM(Y)=0.8933
U100: PSNR(Y)=30.271, SSIM(Y)=0.9078
M109: PSNR(Y)=36.827, SSIM(Y)=0.9719
Epoch 107/150: Training loss=0.019369, lr=4.88e-04
Epoch 107/150: Validation loss=0.024614
Model saved! Best loss: 0.024614
Set5: PSNR(Y)=37.274, SSIM(Y)=0.9578
Set14: PSNR(Y)=32.881, SSIM(Y)=0.9108
B100: PSNR(Y)=31.679, SSIM(Y)=0.8933
U100: PSNR(Y)=30.272, SSIM(Y)=0.9078
M109: PSNR(Y)=36.828, SSIM(Y)=0.9719
Epoch 108/150: Training loss=0.019361, lr=4.70e-04
Epoch 108/150: Validation loss=0.024612
Model saved! Best loss: 0.024612
Set5: PSNR(Y)=37.273, SSIM(Y)=0.9578
Set14: PSNR(Y)=32.881, SSIM(Y)=0.9108
B100: PSNR(Y)=31.679, SSIM(Y)=0.8933
U100: PSNR(Y)=30.274, SSIM(Y)=0.9078
M109: PSNR(Y)=36.830, SSIM(Y)=0.9719
Epoch 109/150: Training loss=0.019357, lr=4.52e-04
Epoch 109/150: Validation loss=0.024611
Model saved! Best loss: 0.024611
Set5: PSNR(Y)=37.274, SSIM(Y)=0.9578
Set14: PSNR(Y)=32.881, SSIM(Y)=0.9108
B100: PSNR(Y)=31.680, SSIM(Y)=0.8933
U100: PSNR(Y)=30.275, SSIM(Y)=0.9079
M109: PSNR(Y)=36.829, SSIM(Y)=0.9719
Epoch 110/150: Training loss=0.019365, lr=4.34e-04
Epoch 110/150: Validation loss=0.024609
Model saved! Best loss: 0.024609
Set5: PSNR(Y)=37.275, SSIM(Y)=0.9578
Set14: PSNR(Y)=32.883, SSIM(Y)=0.9108
B100: PSNR(Y)=31.680, SSIM(Y)=0.8933
U100: PSNR(Y)=30.275, SSIM(Y)=0.9079
M109: PSNR(Y)=36.828, SSIM(Y)=0.9719
Epoch 111/150: Training loss=0.019358, lr=4.17e-04
Epoch 111/150: Validation loss=0.024608
Model saved! Best loss: 0.024608
Set5: PSNR(Y)=37.275, SSIM(Y)=0.9578
Set14: PSNR(Y)=32.882, SSIM(Y)=0.9108
B100: PSNR(Y)=31.680, SSIM(Y)=0.8933
U100: PSNR(Y)=30.276, SSIM(Y)=0.9079
M109: PSNR(Y)=36.829, SSIM(Y)=0.9719
Epoch 112/150: Training loss=0.019367, lr=4.00e-04
Epoch 112/150: Validation loss=0.024607
Model saved! Best loss: 0.024607
Set5: PSNR(Y)=37.276, SSIM(Y)=0.9578
Set14: PSNR(Y)=32.883, SSIM(Y)=0.9108
B100: PSNR(Y)=31.680, SSIM(Y)=0.8933
U100: PSNR(Y)=30.276, SSIM(Y)=0.9079
M109: PSNR(Y)=36.830, SSIM(Y)=0.9719
Epoch 113/150: Training loss=0.019358, lr=3.84e-04
Epoch 113/150: Validation loss=0.024605
Model saved! Best loss: 0.024605
Set5: PSNR(Y)=37.276, SSIM(Y)=0.9578
Set14: PSNR(Y)=32.882, SSIM(Y)=0.9108
B100: PSNR(Y)=31.681, SSIM(Y)=0.8933
U100: PSNR(Y)=30.277, SSIM(Y)=0.9079
M109: PSNR(Y)=36.832, SSIM(Y)=0.9719
Epoch 114/150: Training loss=0.019355, lr=3.67e-04
Epoch 114/150: Validation loss=0.024603
Model saved! Best loss: 0.024603
Set5: PSNR(Y)=37.274, SSIM(Y)=0.9578
Set14: PSNR(Y)=32.882, SSIM(Y)=0.9108
B100: PSNR(Y)=31.681, SSIM(Y)=0.8933
U100: PSNR(Y)=30.278, SSIM(Y)=0.9079
M109: PSNR(Y)=36.830, SSIM(Y)=0.9719
Epoch 115/150: Training loss=0.019347, lr=3.51e-04
Epoch 115/150: Validation loss=0.024602
Model saved! Best loss: 0.024602
Set5: PSNR(Y)=37.274, SSIM(Y)=0.9578
Set14: PSNR(Y)=32.881, SSIM(Y)=0.9108
B100: PSNR(Y)=31.681, SSIM(Y)=0.8933
U100: PSNR(Y)=30.279, SSIM(Y)=0.9079
M109: PSNR(Y)=36.830, SSIM(Y)=0.9719
Epoch 116/150: Training loss=0.019348, lr=3.36e-04
Epoch 116/150: Validation loss=0.024601
Model saved! Best loss: 0.024601
Set5: PSNR(Y)=37.276, SSIM(Y)=0.9578
Set14: PSNR(Y)=32.884, SSIM(Y)=0.9108
B100: PSNR(Y)=31.682, SSIM(Y)=0.8934
U100: PSNR(Y)=30.279, SSIM(Y)=0.9079
M109: PSNR(Y)=36.833, SSIM(Y)=0.9719
Epoch 117/150: Training loss=0.019348, lr=3.20e-04
Epoch 117/150: Validation loss=0.024599
Model saved! Best loss: 0.024599
Set5: PSNR(Y)=37.274, SSIM(Y)=0.9578
Set14: PSNR(Y)=32.883, SSIM(Y)=0.9108
B100: PSNR(Y)=31.682, SSIM(Y)=0.8934
U100: PSNR(Y)=30.280, SSIM(Y)=0.9079
M109: PSNR(Y)=36.833, SSIM(Y)=0.9719
Epoch 118/150: Training loss=0.019342, lr=3.05e-04
Epoch 118/150: Validation loss=0.024597
Model saved! Best loss: 0.024597
Set5: PSNR(Y)=37.276, SSIM(Y)=0.9579
Set14: PSNR(Y)=32.883, SSIM(Y)=0.9109
B100: PSNR(Y)=31.682, SSIM(Y)=0.8934
U100: PSNR(Y)=30.281, SSIM(Y)=0.9080
M109: PSNR(Y)=36.834, SSIM(Y)=0.9719
Epoch 119/150: Training loss=0.019355, lr=2.91e-04
Epoch 119/150: Validation loss=0.024597
Model saved! Best loss: 0.024597
Set5: PSNR(Y)=37.276, SSIM(Y)=0.9578
Set14: PSNR(Y)=32.886, SSIM(Y)=0.9109
B100: PSNR(Y)=31.683, SSIM(Y)=0.8934
U100: PSNR(Y)=30.281, SSIM(Y)=0.9080
M109: PSNR(Y)=36.833, SSIM(Y)=0.9719
Epoch 120/150: Training loss=0.019340, lr=2.77e-04
Epoch 120/150: Validation loss=0.024595
Model saved! Best loss: 0.024595
Set5: PSNR(Y)=37.277, SSIM(Y)=0.9578
Set14: PSNR(Y)=32.885, SSIM(Y)=0.9109
B100: PSNR(Y)=31.683, SSIM(Y)=0.8934
U100: PSNR(Y)=30.282, SSIM(Y)=0.9080
M109: PSNR(Y)=36.834, SSIM(Y)=0.9719
Epoch 121/150: Training loss=0.019342, lr=2.63e-04
Epoch 121/150: Validation loss=0.024595
Model saved! Best loss: 0.024595
Set5: PSNR(Y)=37.276, SSIM(Y)=0.9578
Set14: PSNR(Y)=32.887, SSIM(Y)=0.9109
B100: PSNR(Y)=31.683, SSIM(Y)=0.8934
U100: PSNR(Y)=30.283, SSIM(Y)=0.9080
M109: PSNR(Y)=36.833, SSIM(Y)=0.9719
Epoch 122/150: Training loss=0.019348, lr=2.49e-04
Epoch 122/150: Validation loss=0.024594
Model saved! Best loss: 0.024594
Set5: PSNR(Y)=37.275, SSIM(Y)=0.9578
Set14: PSNR(Y)=32.886, SSIM(Y)=0.9109
B100: PSNR(Y)=31.684, SSIM(Y)=0.8934
U100: PSNR(Y)=30.283, SSIM(Y)=0.9080
M109: PSNR(Y)=36.833, SSIM(Y)=0.9719
Epoch 123/150: Training loss=0.019341, lr=2.36e-04
Epoch 123/150: Validation loss=0.024592
Model saved! Best loss: 0.024592
Set5: PSNR(Y)=37.276, SSIM(Y)=0.9578
Set14: PSNR(Y)=32.888, SSIM(Y)=0.9109
B100: PSNR(Y)=31.684, SSIM(Y)=0.8934
U100: PSNR(Y)=30.284, SSIM(Y)=0.9080
M109: PSNR(Y)=36.834, SSIM(Y)=0.9719
Epoch 124/150: Training loss=0.019331, lr=2.24e-04
Epoch 124/150: Validation loss=0.024593
Epoch 125/150: Training loss=0.019328, lr=2.11e-04
Epoch 125/150: Validation loss=0.024591
Model saved! Best loss: 0.024591
Set5: PSNR(Y)=37.277, SSIM(Y)=0.9579
Set14: PSNR(Y)=32.884, SSIM(Y)=0.9108
B100: PSNR(Y)=31.684, SSIM(Y)=0.8934
U100: PSNR(Y)=30.285, SSIM(Y)=0.9080
M109: PSNR(Y)=36.835, SSIM(Y)=0.9719
Epoch 126/150: Training loss=0.019333, lr=1.99e-04
Epoch 126/150: Validation loss=0.024591
Model saved! Best loss: 0.024591
Set5: PSNR(Y)=37.277, SSIM(Y)=0.9578
Set14: PSNR(Y)=32.884, SSIM(Y)=0.9109
B100: PSNR(Y)=31.684, SSIM(Y)=0.8934
U100: PSNR(Y)=30.285, SSIM(Y)=0.9080
M109: PSNR(Y)=36.835, SSIM(Y)=0.9719
Epoch 127/150: Training loss=0.019345, lr=1.88e-04
Epoch 127/150: Validation loss=0.024590
Model saved! Best loss: 0.024590
Set5: PSNR(Y)=37.276, SSIM(Y)=0.9579
Set14: PSNR(Y)=32.885, SSIM(Y)=0.9109
B100: PSNR(Y)=31.684, SSIM(Y)=0.8934
U100: PSNR(Y)=30.286, SSIM(Y)=0.9080
M109: PSNR(Y)=36.833, SSIM(Y)=0.9719
Epoch 128/150: Training loss=0.019333, lr=1.77e-04
Epoch 128/150: Validation loss=0.024589
Model saved! Best loss: 0.024589
Set5: PSNR(Y)=37.278, SSIM(Y)=0.9579
Set14: PSNR(Y)=32.886, SSIM(Y)=0.9109
B100: PSNR(Y)=31.684, SSIM(Y)=0.8934
U100: PSNR(Y)=30.287, SSIM(Y)=0.9080
M109: PSNR(Y)=36.833, SSIM(Y)=0.9719
Epoch 129/150: Training loss=0.019326, lr=1.66e-04
Epoch 129/150: Validation loss=0.024588
Model saved! Best loss: 0.024588
Set5: PSNR(Y)=37.277, SSIM(Y)=0.9579
Set14: PSNR(Y)=32.888, SSIM(Y)=0.9109
B100: PSNR(Y)=31.685, SSIM(Y)=0.8934
U100: PSNR(Y)=30.287, SSIM(Y)=0.9080
M109: PSNR(Y)=36.835, SSIM(Y)=0.9719
Epoch 130/150: Training loss=0.019328, lr=1.56e-04
Epoch 130/150: Validation loss=0.024587
Model saved! Best loss: 0.024587
Set5: PSNR(Y)=37.277, SSIM(Y)=0.9579
Set14: PSNR(Y)=32.888, SSIM(Y)=0.9109
B100: PSNR(Y)=31.685, SSIM(Y)=0.8934
U100: PSNR(Y)=30.287, SSIM(Y)=0.9080
M109: PSNR(Y)=36.834, SSIM(Y)=0.9719
Epoch 131/150: Training loss=0.019348, lr=1.47e-04
Epoch 131/150: Validation loss=0.024587
Model saved! Best loss: 0.024587
Set5: PSNR(Y)=37.277, SSIM(Y)=0.9579
Set14: PSNR(Y)=32.888, SSIM(Y)=0.9109
B100: PSNR(Y)=31.685, SSIM(Y)=0.8934
U100: PSNR(Y)=30.287, SSIM(Y)=0.9080
M109: PSNR(Y)=36.834, SSIM(Y)=0.9719
Epoch 132/150: Training loss=0.019325, lr=1.37e-04
Epoch 132/150: Validation loss=0.024586
Model saved! Best loss: 0.024586
Set5: PSNR(Y)=37.277, SSIM(Y)=0.9579
Set14: PSNR(Y)=32.887, SSIM(Y)=0.9109
B100: PSNR(Y)=31.685, SSIM(Y)=0.8934
U100: PSNR(Y)=30.288, SSIM(Y)=0.9080
M109: PSNR(Y)=36.835, SSIM(Y)=0.9719
Epoch 133/150: Training loss=0.019325, lr=1.28e-04
Epoch 133/150: Validation loss=0.024586
Model saved! Best loss: 0.024586
Set5: PSNR(Y)=37.277, SSIM(Y)=0.9579
Set14: PSNR(Y)=32.887, SSIM(Y)=0.9109
B100: PSNR(Y)=31.685, SSIM(Y)=0.8934
U100: PSNR(Y)=30.288, SSIM(Y)=0.9081
M109: PSNR(Y)=36.835, SSIM(Y)=0.9719
Epoch 134/150: Training loss=0.019331, lr=1.20e-04
Epoch 134/150: Validation loss=0.024585
Model saved! Best loss: 0.024585
Set5: PSNR(Y)=37.276, SSIM(Y)=0.9579
Set14: PSNR(Y)=32.887, SSIM(Y)=0.9109
B100: PSNR(Y)=31.685, SSIM(Y)=0.8934
U100: PSNR(Y)=30.288, SSIM(Y)=0.9081
M109: PSNR(Y)=36.835, SSIM(Y)=0.9719
Epoch 135/150: Training loss=0.019331, lr=1.12e-04
Epoch 135/150: Validation loss=0.024584
Model saved! Best loss: 0.024584
Set5: PSNR(Y)=37.277, SSIM(Y)=0.9579
Set14: PSNR(Y)=32.889, SSIM(Y)=0.9109
B100: PSNR(Y)=31.686, SSIM(Y)=0.8934
U100: PSNR(Y)=30.289, SSIM(Y)=0.9081
M109: PSNR(Y)=36.835, SSIM(Y)=0.9719
Epoch 136/150: Training loss=0.019313, lr=1.05e-04
Epoch 136/150: Validation loss=0.024584
Epoch 137/150: Training loss=0.019336, lr=9.77e-05
Epoch 137/150: Validation loss=0.024584
Model saved! Best loss: 0.024584
Set5: PSNR(Y)=37.276, SSIM(Y)=0.9579
Set14: PSNR(Y)=32.890, SSIM(Y)=0.9109
B100: PSNR(Y)=31.686, SSIM(Y)=0.8934
U100: PSNR(Y)=30.289, SSIM(Y)=0.9081
M109: PSNR(Y)=36.834, SSIM(Y)=0.9719
Epoch 138/150: Training loss=0.019330, lr=9.12e-05
Epoch 138/150: Validation loss=0.024584
Model saved! Best loss: 0.024584
Set5: PSNR(Y)=37.277, SSIM(Y)=0.9579
Set14: PSNR(Y)=32.888, SSIM(Y)=0.9109
B100: PSNR(Y)=31.686, SSIM(Y)=0.8934
U100: PSNR(Y)=30.290, SSIM(Y)=0.9081
M109: PSNR(Y)=36.833, SSIM(Y)=0.9719
Epoch 139/150: Training loss=0.019322, lr=8.51e-05
Epoch 139/150: Validation loss=0.024583
Model saved! Best loss: 0.024583
Set5: PSNR(Y)=37.277, SSIM(Y)=0.9579
Set14: PSNR(Y)=32.887, SSIM(Y)=0.9109
B100: PSNR(Y)=31.686, SSIM(Y)=0.8934
U100: PSNR(Y)=30.290, SSIM(Y)=0.9081
M109: PSNR(Y)=36.834, SSIM(Y)=0.9719
Epoch 140/150: Training loss=0.019326, lr=7.96e-05
Epoch 140/150: Validation loss=0.024583
Model saved! Best loss: 0.024583
Set5: PSNR(Y)=37.276, SSIM(Y)=0.9579
Set14: PSNR(Y)=32.887, SSIM(Y)=0.9109
B100: PSNR(Y)=31.686, SSIM(Y)=0.8934
U100: PSNR(Y)=30.290, SSIM(Y)=0.9081
M109: PSNR(Y)=36.833, SSIM(Y)=0.9719
Epoch 141/150: Training loss=0.019337, lr=7.44e-05
Epoch 141/150: Validation loss=0.024583
Model saved! Best loss: 0.024583
Set5: PSNR(Y)=37.277, SSIM(Y)=0.9579
Set14: PSNR(Y)=32.888, SSIM(Y)=0.9109
B100: PSNR(Y)=31.686, SSIM(Y)=0.8934
U100: PSNR(Y)=30.291, SSIM(Y)=0.9081
M109: PSNR(Y)=36.833, SSIM(Y)=0.9719
Epoch 142/150: Training loss=0.019316, lr=6.98e-05
Epoch 142/150: Validation loss=0.024581
Model saved! Best loss: 0.024581
Set5: PSNR(Y)=37.277, SSIM(Y)=0.9579
Set14: PSNR(Y)=32.888, SSIM(Y)=0.9109
B100: PSNR(Y)=31.686, SSIM(Y)=0.8934
U100: PSNR(Y)=30.291, SSIM(Y)=0.9081
M109: PSNR(Y)=36.834, SSIM(Y)=0.9719
Epoch 143/150: Training loss=0.019327, lr=6.57e-05
Epoch 143/150: Validation loss=0.024581
Model saved! Best loss: 0.024581
Set5: PSNR(Y)=37.278, SSIM(Y)=0.9579
Set14: PSNR(Y)=32.888, SSIM(Y)=0.9109
B100: PSNR(Y)=31.686, SSIM(Y)=0.8934
U100: PSNR(Y)=30.291, SSIM(Y)=0.9081
M109: PSNR(Y)=36.835, SSIM(Y)=0.9719
Epoch 144/150: Training loss=0.019318, lr=6.20e-05
Epoch 144/150: Validation loss=0.024580
Model saved! Best loss: 0.024580
Set5: PSNR(Y)=37.276, SSIM(Y)=0.9579
Set14: PSNR(Y)=32.888, SSIM(Y)=0.9109
B100: PSNR(Y)=31.686, SSIM(Y)=0.8934
U100: PSNR(Y)=30.291, SSIM(Y)=0.9081
M109: PSNR(Y)=36.835, SSIM(Y)=0.9719
Epoch 145/150: Training loss=0.019335, lr=5.88e-05
Epoch 145/150: Validation loss=0.024580
Model saved! Best loss: 0.024580
Set5: PSNR(Y)=37.277, SSIM(Y)=0.9579
Set14: PSNR(Y)=32.888, SSIM(Y)=0.9109
B100: PSNR(Y)=31.687, SSIM(Y)=0.8934
U100: PSNR(Y)=30.292, SSIM(Y)=0.9081
M109: PSNR(Y)=36.834, SSIM(Y)=0.9719
Epoch 146/150: Training loss=0.019319, lr=5.61e-05
Epoch 146/150: Validation loss=0.024580
Epoch 147/150: Training loss=0.019322, lr=5.39e-05
Epoch 147/150: Validation loss=0.024580
Epoch 148/150: Training loss=0.019322, lr=5.22e-05
Epoch 148/150: Validation loss=0.024580
Epoch 149/150: Training loss=0.019318, lr=5.10e-05
Epoch 149/150: Validation loss=0.024580
Epoch 150/150: Training loss=0.019326, lr=5.02e-05
Epoch 150/150: Validation loss=0.024580
==================================================
Training Finished
==================================================
==================================================
Testing Best Model
==================================================
Set5: PSNR(Y)=37.277, SSIM(Y)=0.9579
Set14: PSNR(Y)=32.888, SSIM(Y)=0.9109
B100: PSNR(Y)=31.687, SSIM(Y)=0.8934
U100: PSNR(Y)=30.292, SSIM(Y)=0.9081
M109: PSNR(Y)=36.834, SSIM(Y)=0.9719
==================================================
Testing Bicubic Interpolation
==================================================
Set5: PSNR(Y)=33.977, SSIM(Y)=0.9330
Set14: PSNR(Y)=30.539, SSIM(Y)=0.8748
B100: PSNR(Y)=29.707, SSIM(Y)=0.8490
U100: PSNR(Y)=27.063, SSIM(Y)=0.8451
M109: PSNR(Y)=31.213, SSIM(Y)=0.9382
