使用设备: cuda
模型总参数量: 16,512
==================================================
Training Started
==================================================
实验名称: DPSR_x2_0323_1456
放大倍数: 2
批次大小: 64
学习率: 0.002
最小学习率: 1e-05
训练轮数: 300
设备: cuda
模型参数数量: 16,512
训练批次: 1110
验证批次: 328
==================================================
Begin Training
Epoch 1/300: Training loss=0.028562, lr=2.00e-04
Epoch 1/300: Validation loss=0.031785
Model saved! Best loss: 0.031785
Set5: PSNR(Y)=34.345, SSIM(Y)=0.9379
Set14: PSNR(Y)=30.876, SSIM(Y)=0.8856
B100: PSNR(Y)=30.078, SSIM(Y)=0.8642
U100: PSNR(Y)=27.385, SSIM(Y)=0.8559
M109: PSNR(Y)=31.628, SSIM(Y)=0.9421
Epoch 2/300: Training loss=0.021927, lr=3.20e-04
Epoch 2/300: Validation loss=0.029905
Model saved! Best loss: 0.029905
Set5: PSNR(Y)=35.126, SSIM(Y)=0.9441
Set14: PSNR(Y)=31.434, SSIM(Y)=0.8968
B100: PSNR(Y)=30.535, SSIM(Y)=0.8778
U100: PSNR(Y)=27.898, SSIM(Y)=0.8685
M109: PSNR(Y)=32.729, SSIM(Y)=0.9501
Epoch 3/300: Training loss=0.021508, lr=4.40e-04
Epoch 3/300: Validation loss=0.029525
Model saved! Best loss: 0.029525
Set5: PSNR(Y)=35.262, SSIM(Y)=0.9450
Set14: PSNR(Y)=31.531, SSIM(Y)=0.8978
B100: PSNR(Y)=30.594, SSIM(Y)=0.8786
U100: PSNR(Y)=27.977, SSIM(Y)=0.8696
M109: PSNR(Y)=32.936, SSIM(Y)=0.9513
Epoch 4/300: Training loss=0.021131, lr=5.60e-04
Epoch 4/300: Validation loss=0.028855
Model saved! Best loss: 0.028855
Set5: PSNR(Y)=35.495, SSIM(Y)=0.9469
Set14: PSNR(Y)=31.709, SSIM(Y)=0.8995
B100: PSNR(Y)=30.717, SSIM(Y)=0.8802
U100: PSNR(Y)=28.154, SSIM(Y)=0.8729
M109: PSNR(Y)=33.311, SSIM(Y)=0.9539
Epoch 5/300: Training loss=0.020645, lr=6.80e-04
Epoch 5/300: Validation loss=0.027889
Model saved! Best loss: 0.027889
Set5: PSNR(Y)=35.878, SSIM(Y)=0.9498
Set14: PSNR(Y)=31.956, SSIM(Y)=0.9018
B100: PSNR(Y)=30.884, SSIM(Y)=0.8824
U100: PSNR(Y)=28.422, SSIM(Y)=0.8785
M109: PSNR(Y)=33.940, SSIM(Y)=0.9582
Epoch 6/300: Training loss=0.020276, lr=8.00e-04
Epoch 6/300: Validation loss=0.027140
Model saved! Best loss: 0.027140
Set5: PSNR(Y)=36.175, SSIM(Y)=0.9517
Set14: PSNR(Y)=32.127, SSIM(Y)=0.9034
B100: PSNR(Y)=31.008, SSIM(Y)=0.8839
U100: PSNR(Y)=28.648, SSIM(Y)=0.8828
M109: PSNR(Y)=34.457, SSIM(Y)=0.9613
Epoch 7/300: Training loss=0.019994, lr=9.20e-04
Epoch 7/300: Validation loss=0.026562
Model saved! Best loss: 0.026562
Set5: PSNR(Y)=36.382, SSIM(Y)=0.9531
Set14: PSNR(Y)=32.253, SSIM(Y)=0.9046
B100: PSNR(Y)=31.099, SSIM(Y)=0.8851
U100: PSNR(Y)=28.840, SSIM(Y)=0.8861
M109: PSNR(Y)=34.853, SSIM(Y)=0.9634
Epoch 8/300: Training loss=0.019788, lr=1.04e-03
Epoch 8/300: Validation loss=0.026129
Model saved! Best loss: 0.026129
Set5: PSNR(Y)=36.528, SSIM(Y)=0.9540
Set14: PSNR(Y)=32.348, SSIM(Y)=0.9055
B100: PSNR(Y)=31.166, SSIM(Y)=0.8860
U100: PSNR(Y)=28.996, SSIM(Y)=0.8887
M109: PSNR(Y)=35.143, SSIM(Y)=0.9648
Epoch 9/300: Training loss=0.019662, lr=1.16e-03
Epoch 9/300: Validation loss=0.025816
Model saved! Best loss: 0.025816
Set5: PSNR(Y)=36.634, SSIM(Y)=0.9545
Set14: PSNR(Y)=32.411, SSIM(Y)=0.9060
B100: PSNR(Y)=31.215, SSIM(Y)=0.8866
U100: PSNR(Y)=29.113, SSIM(Y)=0.8905
M109: PSNR(Y)=35.345, SSIM(Y)=0.9657
Epoch 10/300: Training loss=0.019551, lr=1.28e-03
Epoch 10/300: Validation loss=0.025575
Model saved! Best loss: 0.025575
Set5: PSNR(Y)=36.717, SSIM(Y)=0.9549
Set14: PSNR(Y)=32.457, SSIM(Y)=0.9065
B100: PSNR(Y)=31.253, SSIM(Y)=0.8871
U100: PSNR(Y)=29.202, SSIM(Y)=0.8919
M109: PSNR(Y)=35.496, SSIM(Y)=0.9663
Epoch 11/300: Training loss=0.019487, lr=1.40e-03
Epoch 11/300: Validation loss=0.025378
Model saved! Best loss: 0.025378
Set5: PSNR(Y)=36.783, SSIM(Y)=0.9552
Set14: PSNR(Y)=32.492, SSIM(Y)=0.9068
B100: PSNR(Y)=31.285, SSIM(Y)=0.8875
U100: PSNR(Y)=29.279, SSIM(Y)=0.8931
M109: PSNR(Y)=35.620, SSIM(Y)=0.9669
Epoch 12/300: Training loss=0.019385, lr=1.52e-03
Epoch 12/300: Validation loss=0.025192
Model saved! Best loss: 0.025192
Set5: PSNR(Y)=36.838, SSIM(Y)=0.9555
Set14: PSNR(Y)=32.529, SSIM(Y)=0.9072
B100: PSNR(Y)=31.315, SSIM(Y)=0.8879
U100: PSNR(Y)=29.355, SSIM(Y)=0.8944
M109: PSNR(Y)=35.747, SSIM(Y)=0.9675
Epoch 13/300: Training loss=0.019321, lr=1.64e-03
Epoch 13/300: Validation loss=0.025016
Model saved! Best loss: 0.025016
Set5: PSNR(Y)=36.885, SSIM(Y)=0.9557
Set14: PSNR(Y)=32.564, SSIM(Y)=0.9076
B100: PSNR(Y)=31.343, SSIM(Y)=0.8883
U100: PSNR(Y)=29.429, SSIM(Y)=0.8955
M109: PSNR(Y)=35.863, SSIM(Y)=0.9680
Epoch 14/300: Training loss=0.019263, lr=1.76e-03
Epoch 14/300: Validation loss=0.024852
Model saved! Best loss: 0.024852
Set5: PSNR(Y)=36.924, SSIM(Y)=0.9559
Set14: PSNR(Y)=32.594, SSIM(Y)=0.9079
B100: PSNR(Y)=31.368, SSIM(Y)=0.8886
U100: PSNR(Y)=29.500, SSIM(Y)=0.8966
M109: PSNR(Y)=35.972, SSIM(Y)=0.9684
Epoch 15/300: Training loss=0.019190, lr=1.88e-03
Epoch 15/300: Validation loss=0.024696
Model saved! Best loss: 0.024696
Set5: PSNR(Y)=36.957, SSIM(Y)=0.9561
Set14: PSNR(Y)=32.621, SSIM(Y)=0.9083
B100: PSNR(Y)=31.391, SSIM(Y)=0.8890
U100: PSNR(Y)=29.568, SSIM(Y)=0.8977
M109: PSNR(Y)=36.073, SSIM(Y)=0.9688
Epoch 16/300: Training loss=0.019147, lr=2.00e-03
Epoch 16/300: Validation loss=0.024552
Model saved! Best loss: 0.024552
Set5: PSNR(Y)=36.998, SSIM(Y)=0.9563
Set14: PSNR(Y)=32.645, SSIM(Y)=0.9085
B100: PSNR(Y)=31.414, SSIM(Y)=0.8894
U100: PSNR(Y)=29.632, SSIM(Y)=0.8987
M109: PSNR(Y)=36.167, SSIM(Y)=0.9692
Epoch 17/300: Training loss=0.019094, lr=2.00e-03
Epoch 17/300: Validation loss=0.024417
Model saved! Best loss: 0.024417
Set5: PSNR(Y)=37.034, SSIM(Y)=0.9564
Set14: PSNR(Y)=32.669, SSIM(Y)=0.9087
B100: PSNR(Y)=31.435, SSIM(Y)=0.8897
U100: PSNR(Y)=29.693, SSIM(Y)=0.8996
M109: PSNR(Y)=36.258, SSIM(Y)=0.9696
Epoch 18/300: Training loss=0.019042, lr=2.00e-03
Epoch 18/300: Validation loss=0.024297
Model saved! Best loss: 0.024297
Set5: PSNR(Y)=37.062, SSIM(Y)=0.9565
Set14: PSNR(Y)=32.689, SSIM(Y)=0.9089
B100: PSNR(Y)=31.454, SSIM(Y)=0.8900
U100: PSNR(Y)=29.748, SSIM(Y)=0.9004
M109: PSNR(Y)=36.338, SSIM(Y)=0.9699
Epoch 19/300: Training loss=0.018996, lr=2.00e-03
Epoch 19/300: Validation loss=0.024194
Model saved! Best loss: 0.024194
Set5: PSNR(Y)=37.093, SSIM(Y)=0.9567
Set14: PSNR(Y)=32.712, SSIM(Y)=0.9091
B100: PSNR(Y)=31.473, SSIM(Y)=0.8902
U100: PSNR(Y)=29.797, SSIM(Y)=0.9012
M109: PSNR(Y)=36.412, SSIM(Y)=0.9702
Epoch 20/300: Training loss=0.018954, lr=2.00e-03
Epoch 20/300: Validation loss=0.024103
Model saved! Best loss: 0.024103
Set5: PSNR(Y)=37.118, SSIM(Y)=0.9568
Set14: PSNR(Y)=32.732, SSIM(Y)=0.9093
B100: PSNR(Y)=31.490, SSIM(Y)=0.8905
U100: PSNR(Y)=29.839, SSIM(Y)=0.9018
M109: PSNR(Y)=36.478, SSIM(Y)=0.9704
Epoch 21/300: Training loss=0.018925, lr=2.00e-03
Epoch 21/300: Validation loss=0.024016
Model saved! Best loss: 0.024016
Set5: PSNR(Y)=37.142, SSIM(Y)=0.9569
Set14: PSNR(Y)=32.751, SSIM(Y)=0.9094
B100: PSNR(Y)=31.506, SSIM(Y)=0.8907
U100: PSNR(Y)=29.880, SSIM(Y)=0.9023
M109: PSNR(Y)=36.540, SSIM(Y)=0.9706
Epoch 22/300: Training loss=0.018879, lr=2.00e-03
Epoch 22/300: Validation loss=0.023938
Model saved! Best loss: 0.023938
Set5: PSNR(Y)=37.159, SSIM(Y)=0.9570
Set14: PSNR(Y)=32.768, SSIM(Y)=0.9096
B100: PSNR(Y)=31.520, SSIM(Y)=0.8909
U100: PSNR(Y)=29.914, SSIM(Y)=0.9029
M109: PSNR(Y)=36.601, SSIM(Y)=0.9708
Epoch 23/300: Training loss=0.018848, lr=2.00e-03
Epoch 23/300: Validation loss=0.023864
Model saved! Best loss: 0.023864
Set5: PSNR(Y)=37.178, SSIM(Y)=0.9571
Set14: PSNR(Y)=32.788, SSIM(Y)=0.9098
B100: PSNR(Y)=31.535, SSIM(Y)=0.8911
U100: PSNR(Y)=29.949, SSIM(Y)=0.9034
M109: PSNR(Y)=36.660, SSIM(Y)=0.9710
Epoch 24/300: Training loss=0.018816, lr=2.00e-03
Epoch 24/300: Validation loss=0.023789
Model saved! Best loss: 0.023789
Set5: PSNR(Y)=37.199, SSIM(Y)=0.9571
Set14: PSNR(Y)=32.804, SSIM(Y)=0.9099
B100: PSNR(Y)=31.548, SSIM(Y)=0.8913
U100: PSNR(Y)=29.980, SSIM(Y)=0.9038
M109: PSNR(Y)=36.715, SSIM(Y)=0.9712
Epoch 25/300: Training loss=0.018778, lr=2.00e-03
Epoch 25/300: Validation loss=0.023727
Model saved! Best loss: 0.023727
Set5: PSNR(Y)=37.216, SSIM(Y)=0.9572
Set14: PSNR(Y)=32.820, SSIM(Y)=0.9101
B100: PSNR(Y)=31.561, SSIM(Y)=0.8915
U100: PSNR(Y)=30.009, SSIM(Y)=0.9042
M109: PSNR(Y)=36.762, SSIM(Y)=0.9713
Epoch 26/300: Training loss=0.018748, lr=1.99e-03
Epoch 26/300: Validation loss=0.023664
Model saved! Best loss: 0.023664
Set5: PSNR(Y)=37.233, SSIM(Y)=0.9573
Set14: PSNR(Y)=32.835, SSIM(Y)=0.9102
B100: PSNR(Y)=31.573, SSIM(Y)=0.8917
U100: PSNR(Y)=30.038, SSIM(Y)=0.9046
M109: PSNR(Y)=36.804, SSIM(Y)=0.9715
Epoch 27/300: Training loss=0.018715, lr=1.99e-03
Epoch 27/300: Validation loss=0.023605
Model saved! Best loss: 0.023605
Set5: PSNR(Y)=37.243, SSIM(Y)=0.9573
Set14: PSNR(Y)=32.848, SSIM(Y)=0.9103
B100: PSNR(Y)=31.584, SSIM(Y)=0.8918
U100: PSNR(Y)=30.064, SSIM(Y)=0.9050
M109: PSNR(Y)=36.840, SSIM(Y)=0.9716
Epoch 28/300: Training loss=0.018710, lr=1.99e-03
Epoch 28/300: Validation loss=0.023559
Model saved! Best loss: 0.023559
Set5: PSNR(Y)=37.252, SSIM(Y)=0.9574
Set14: PSNR(Y)=32.859, SSIM(Y)=0.9104
B100: PSNR(Y)=31.593, SSIM(Y)=0.8920
U100: PSNR(Y)=30.086, SSIM(Y)=0.9053
M109: PSNR(Y)=36.869, SSIM(Y)=0.9717
Epoch 29/300: Training loss=0.018690, lr=1.99e-03
Epoch 29/300: Validation loss=0.023516
Model saved! Best loss: 0.023516
Set5: PSNR(Y)=37.263, SSIM(Y)=0.9574
Set14: PSNR(Y)=32.866, SSIM(Y)=0.9105
B100: PSNR(Y)=31.602, SSIM(Y)=0.8921
U100: PSNR(Y)=30.105, SSIM(Y)=0.9056
M109: PSNR(Y)=36.895, SSIM(Y)=0.9718
Epoch 30/300: Training loss=0.018671, lr=1.99e-03
Epoch 30/300: Validation loss=0.023481
Model saved! Best loss: 0.023481
Set5: PSNR(Y)=37.272, SSIM(Y)=0.9575
Set14: PSNR(Y)=32.876, SSIM(Y)=0.9106
B100: PSNR(Y)=31.609, SSIM(Y)=0.8922
U100: PSNR(Y)=30.121, SSIM(Y)=0.9058
M109: PSNR(Y)=36.913, SSIM(Y)=0.9719
Epoch 31/300: Training loss=0.018663, lr=1.99e-03
Epoch 31/300: Validation loss=0.023446
Model saved! Best loss: 0.023446
Set5: PSNR(Y)=37.279, SSIM(Y)=0.9575
Set14: PSNR(Y)=32.885, SSIM(Y)=0.9106
B100: PSNR(Y)=31.616, SSIM(Y)=0.8923
U100: PSNR(Y)=30.138, SSIM(Y)=0.9060
M109: PSNR(Y)=36.936, SSIM(Y)=0.9720
Epoch 32/300: Training loss=0.018629, lr=1.98e-03
Epoch 32/300: Validation loss=0.023414
Model saved! Best loss: 0.023414
Set5: PSNR(Y)=37.285, SSIM(Y)=0.9575
Set14: PSNR(Y)=32.890, SSIM(Y)=0.9107
B100: PSNR(Y)=31.623, SSIM(Y)=0.8924
U100: PSNR(Y)=30.154, SSIM(Y)=0.9063
M109: PSNR(Y)=36.955, SSIM(Y)=0.9720
Epoch 33/300: Training loss=0.018621, lr=1.98e-03
Epoch 33/300: Validation loss=0.023389
Model saved! Best loss: 0.023389
Set5: PSNR(Y)=37.288, SSIM(Y)=0.9576
Set14: PSNR(Y)=32.896, SSIM(Y)=0.9107
B100: PSNR(Y)=31.628, SSIM(Y)=0.8924
U100: PSNR(Y)=30.168, SSIM(Y)=0.9064
M109: PSNR(Y)=36.973, SSIM(Y)=0.9721
Epoch 34/300: Training loss=0.018606, lr=1.98e-03
Epoch 34/300: Validation loss=0.023362
Model saved! Best loss: 0.023362
Set5: PSNR(Y)=37.293, SSIM(Y)=0.9576
Set14: PSNR(Y)=32.901, SSIM(Y)=0.9108
B100: PSNR(Y)=31.633, SSIM(Y)=0.8925
U100: PSNR(Y)=30.182, SSIM(Y)=0.9066
M109: PSNR(Y)=36.986, SSIM(Y)=0.9721
Epoch 35/300: Training loss=0.018591, lr=1.98e-03
Epoch 35/300: Validation loss=0.023338
Model saved! Best loss: 0.023338
Set5: PSNR(Y)=37.296, SSIM(Y)=0.9576
Set14: PSNR(Y)=32.902, SSIM(Y)=0.9108
B100: PSNR(Y)=31.637, SSIM(Y)=0.8925
U100: PSNR(Y)=30.193, SSIM(Y)=0.9068
M109: PSNR(Y)=37.003, SSIM(Y)=0.9722
Epoch 36/300: Training loss=0.018589, lr=1.98e-03
Epoch 36/300: Validation loss=0.023314
Model saved! Best loss: 0.023314
Set5: PSNR(Y)=37.301, SSIM(Y)=0.9576
Set14: PSNR(Y)=32.904, SSIM(Y)=0.9108
B100: PSNR(Y)=31.641, SSIM(Y)=0.8926
U100: PSNR(Y)=30.202, SSIM(Y)=0.9069
M109: PSNR(Y)=37.018, SSIM(Y)=0.9722
Epoch 37/300: Training loss=0.018577, lr=1.97e-03
Epoch 37/300: Validation loss=0.023291
Model saved! Best loss: 0.023291
Set5: PSNR(Y)=37.303, SSIM(Y)=0.9576
Set14: PSNR(Y)=32.909, SSIM(Y)=0.9109
B100: PSNR(Y)=31.645, SSIM(Y)=0.8926
U100: PSNR(Y)=30.213, SSIM(Y)=0.9070
M109: PSNR(Y)=37.031, SSIM(Y)=0.9723
Epoch 38/300: Training loss=0.018566, lr=1.97e-03
Epoch 38/300: Validation loss=0.023272
Model saved! Best loss: 0.023272
Set5: PSNR(Y)=37.306, SSIM(Y)=0.9576
Set14: PSNR(Y)=32.917, SSIM(Y)=0.9110
B100: PSNR(Y)=31.648, SSIM(Y)=0.8927
U100: PSNR(Y)=30.223, SSIM(Y)=0.9071
M109: PSNR(Y)=37.044, SSIM(Y)=0.9723
Epoch 39/300: Training loss=0.018548, lr=1.97e-03
Epoch 39/300: Validation loss=0.023253
Model saved! Best loss: 0.023253
Set5: PSNR(Y)=37.307, SSIM(Y)=0.9577
Set14: PSNR(Y)=32.922, SSIM(Y)=0.9110
B100: PSNR(Y)=31.652, SSIM(Y)=0.8927
U100: PSNR(Y)=30.233, SSIM(Y)=0.9072
M109: PSNR(Y)=37.054, SSIM(Y)=0.9724
Epoch 40/300: Training loss=0.018546, lr=1.97e-03
Epoch 40/300: Validation loss=0.023235
Model saved! Best loss: 0.023235
Set5: PSNR(Y)=37.309, SSIM(Y)=0.9577
Set14: PSNR(Y)=32.924, SSIM(Y)=0.9110
B100: PSNR(Y)=31.655, SSIM(Y)=0.8928
U100: PSNR(Y)=30.244, SSIM(Y)=0.9074
M109: PSNR(Y)=37.067, SSIM(Y)=0.9724
Epoch 41/300: Training loss=0.018543, lr=1.96e-03
Epoch 41/300: Validation loss=0.023220
Model saved! Best loss: 0.023220
Set5: PSNR(Y)=37.312, SSIM(Y)=0.9577
Set14: PSNR(Y)=32.929, SSIM(Y)=0.9110
B100: PSNR(Y)=31.658, SSIM(Y)=0.8928
U100: PSNR(Y)=30.250, SSIM(Y)=0.9074
M109: PSNR(Y)=37.078, SSIM(Y)=0.9724
Epoch 42/300: Training loss=0.018530, lr=1.96e-03
Epoch 42/300: Validation loss=0.023202
Model saved! Best loss: 0.023202
Set5: PSNR(Y)=37.315, SSIM(Y)=0.9577
Set14: PSNR(Y)=32.935, SSIM(Y)=0.9111
B100: PSNR(Y)=31.661, SSIM(Y)=0.8928
U100: PSNR(Y)=30.259, SSIM(Y)=0.9076
M109: PSNR(Y)=37.088, SSIM(Y)=0.9725
Epoch 43/300: Training loss=0.018526, lr=1.96e-03
Epoch 43/300: Validation loss=0.023185
Model saved! Best loss: 0.023185
Set5: PSNR(Y)=37.319, SSIM(Y)=0.9577
Set14: PSNR(Y)=32.937, SSIM(Y)=0.9111
B100: PSNR(Y)=31.665, SSIM(Y)=0.8929
U100: PSNR(Y)=30.268, SSIM(Y)=0.9077
M109: PSNR(Y)=37.098, SSIM(Y)=0.9725
Epoch 44/300: Training loss=0.018515, lr=1.95e-03
Epoch 44/300: Validation loss=0.023171
Model saved! Best loss: 0.023171
Set5: PSNR(Y)=37.324, SSIM(Y)=0.9577
Set14: PSNR(Y)=32.936, SSIM(Y)=0.9111
B100: PSNR(Y)=31.667, SSIM(Y)=0.8929
U100: PSNR(Y)=30.276, SSIM(Y)=0.9078
M109: PSNR(Y)=37.107, SSIM(Y)=0.9725
Epoch 45/300: Training loss=0.018512, lr=1.95e-03
Epoch 45/300: Validation loss=0.023155
Model saved! Best loss: 0.023155
Set5: PSNR(Y)=37.326, SSIM(Y)=0.9577
Set14: PSNR(Y)=32.942, SSIM(Y)=0.9111
B100: PSNR(Y)=31.670, SSIM(Y)=0.8930
U100: PSNR(Y)=30.285, SSIM(Y)=0.9079
M109: PSNR(Y)=37.118, SSIM(Y)=0.9726
Epoch 46/300: Training loss=0.018514, lr=1.95e-03
Epoch 46/300: Validation loss=0.023141
Model saved! Best loss: 0.023141
Set5: PSNR(Y)=37.327, SSIM(Y)=0.9578
Set14: PSNR(Y)=32.942, SSIM(Y)=0.9112
B100: PSNR(Y)=31.672, SSIM(Y)=0.8930
U100: PSNR(Y)=30.292, SSIM(Y)=0.9080
M109: PSNR(Y)=37.129, SSIM(Y)=0.9726
Epoch 47/300: Training loss=0.018497, lr=1.94e-03
Epoch 47/300: Validation loss=0.023130
Model saved! Best loss: 0.023130
Set5: PSNR(Y)=37.331, SSIM(Y)=0.9578
Set14: PSNR(Y)=32.942, SSIM(Y)=0.9112
B100: PSNR(Y)=31.674, SSIM(Y)=0.8930
U100: PSNR(Y)=30.299, SSIM(Y)=0.9080
M109: PSNR(Y)=37.139, SSIM(Y)=0.9726
Epoch 48/300: Training loss=0.018492, lr=1.94e-03
Epoch 48/300: Validation loss=0.023118
Model saved! Best loss: 0.023118
Set5: PSNR(Y)=37.338, SSIM(Y)=0.9578
Set14: PSNR(Y)=32.942, SSIM(Y)=0.9111
B100: PSNR(Y)=31.676, SSIM(Y)=0.8930
U100: PSNR(Y)=30.304, SSIM(Y)=0.9081
M109: PSNR(Y)=37.150, SSIM(Y)=0.9727
Epoch 49/300: Training loss=0.018495, lr=1.93e-03
Epoch 49/300: Validation loss=0.023107
Model saved! Best loss: 0.023107
Set5: PSNR(Y)=37.341, SSIM(Y)=0.9578
Set14: PSNR(Y)=32.947, SSIM(Y)=0.9112
B100: PSNR(Y)=31.678, SSIM(Y)=0.8931
U100: PSNR(Y)=30.310, SSIM(Y)=0.9082
M109: PSNR(Y)=37.158, SSIM(Y)=0.9727
Epoch 50/300: Training loss=0.018494, lr=1.93e-03
Epoch 50/300: Validation loss=0.023095
Model saved! Best loss: 0.023095
Set5: PSNR(Y)=37.344, SSIM(Y)=0.9578
Set14: PSNR(Y)=32.950, SSIM(Y)=0.9112
B100: PSNR(Y)=31.681, SSIM(Y)=0.8931
U100: PSNR(Y)=30.316, SSIM(Y)=0.9083
M109: PSNR(Y)=37.167, SSIM(Y)=0.9727
Epoch 51/300: Training loss=0.018468, lr=1.93e-03
Epoch 51/300: Validation loss=0.023087
Model saved! Best loss: 0.023087
Set5: PSNR(Y)=37.347, SSIM(Y)=0.9578
Set14: PSNR(Y)=32.951, SSIM(Y)=0.9112
B100: PSNR(Y)=31.683, SSIM(Y)=0.8931
U100: PSNR(Y)=30.322, SSIM(Y)=0.9083
M109: PSNR(Y)=37.173, SSIM(Y)=0.9727
Epoch 52/300: Training loss=0.018480, lr=1.92e-03
Epoch 52/300: Validation loss=0.023078
Model saved! Best loss: 0.023078
Set5: PSNR(Y)=37.353, SSIM(Y)=0.9578
Set14: PSNR(Y)=32.952, SSIM(Y)=0.9113
B100: PSNR(Y)=31.685, SSIM(Y)=0.8931
U100: PSNR(Y)=30.326, SSIM(Y)=0.9084
M109: PSNR(Y)=37.179, SSIM(Y)=0.9727
Epoch 53/300: Training loss=0.018459, lr=1.92e-03
Epoch 53/300: Validation loss=0.023069
Model saved! Best loss: 0.023069
Set5: PSNR(Y)=37.356, SSIM(Y)=0.9578
Set14: PSNR(Y)=32.959, SSIM(Y)=0.9113
B100: PSNR(Y)=31.687, SSIM(Y)=0.8932
U100: PSNR(Y)=30.332, SSIM(Y)=0.9084
M109: PSNR(Y)=37.184, SSIM(Y)=0.9728
Epoch 54/300: Training loss=0.018467, lr=1.91e-03
Epoch 54/300: Validation loss=0.023064
Model saved! Best loss: 0.023064
Set5: PSNR(Y)=37.359, SSIM(Y)=0.9578
Set14: PSNR(Y)=32.956, SSIM(Y)=0.9113
B100: PSNR(Y)=31.688, SSIM(Y)=0.8932
U100: PSNR(Y)=30.335, SSIM(Y)=0.9085
M109: PSNR(Y)=37.188, SSIM(Y)=0.9728
Epoch 55/300: Training loss=0.018473, lr=1.91e-03
Epoch 55/300: Validation loss=0.023058
Model saved! Best loss: 0.023058
Set5: PSNR(Y)=37.360, SSIM(Y)=0.9578
Set14: PSNR(Y)=32.958, SSIM(Y)=0.9113
B100: PSNR(Y)=31.690, SSIM(Y)=0.8932
U100: PSNR(Y)=30.339, SSIM(Y)=0.9085
M109: PSNR(Y)=37.191, SSIM(Y)=0.9728
Epoch 56/300: Training loss=0.018446, lr=1.90e-03
Epoch 56/300: Validation loss=0.023049
Model saved! Best loss: 0.023049
Set5: PSNR(Y)=37.362, SSIM(Y)=0.9579
Set14: PSNR(Y)=32.957, SSIM(Y)=0.9113
B100: PSNR(Y)=31.691, SSIM(Y)=0.8932
U100: PSNR(Y)=30.344, SSIM(Y)=0.9086
M109: PSNR(Y)=37.197, SSIM(Y)=0.9728
Epoch 57/300: Training loss=0.018463, lr=1.90e-03
Epoch 57/300: Validation loss=0.023042
Model saved! Best loss: 0.023042
Set5: PSNR(Y)=37.362, SSIM(Y)=0.9579
Set14: PSNR(Y)=32.964, SSIM(Y)=0.9113
B100: PSNR(Y)=31.693, SSIM(Y)=0.8933
U100: PSNR(Y)=30.346, SSIM(Y)=0.9086
M109: PSNR(Y)=37.201, SSIM(Y)=0.9728
Epoch 58/300: Training loss=0.018459, lr=1.90e-03
Epoch 58/300: Validation loss=0.023037
Model saved! Best loss: 0.023037
Set5: PSNR(Y)=37.362, SSIM(Y)=0.9579
Set14: PSNR(Y)=32.961, SSIM(Y)=0.9113
B100: PSNR(Y)=31.694, SSIM(Y)=0.8933
U100: PSNR(Y)=30.350, SSIM(Y)=0.9087
M109: PSNR(Y)=37.206, SSIM(Y)=0.9728
Epoch 59/300: Training loss=0.018454, lr=1.89e-03
Epoch 59/300: Validation loss=0.023032
Model saved! Best loss: 0.023032
Set5: PSNR(Y)=37.366, SSIM(Y)=0.9579
Set14: PSNR(Y)=32.964, SSIM(Y)=0.9113
B100: PSNR(Y)=31.695, SSIM(Y)=0.8933
U100: PSNR(Y)=30.352, SSIM(Y)=0.9087
M109: PSNR(Y)=37.210, SSIM(Y)=0.9728
Epoch 60/300: Training loss=0.018442, lr=1.89e-03
Epoch 60/300: Validation loss=0.023027
Model saved! Best loss: 0.023027
Set5: PSNR(Y)=37.372, SSIM(Y)=0.9579
Set14: PSNR(Y)=32.963, SSIM(Y)=0.9113
B100: PSNR(Y)=31.696, SSIM(Y)=0.8933
U100: PSNR(Y)=30.356, SSIM(Y)=0.9088
M109: PSNR(Y)=37.213, SSIM(Y)=0.9728
Epoch 61/300: Training loss=0.018443, lr=1.88e-03
Epoch 61/300: Validation loss=0.023023
Model saved! Best loss: 0.023023
Set5: PSNR(Y)=37.371, SSIM(Y)=0.9579
Set14: PSNR(Y)=32.960, SSIM(Y)=0.9113
B100: PSNR(Y)=31.697, SSIM(Y)=0.8933
U100: PSNR(Y)=30.358, SSIM(Y)=0.9088
M109: PSNR(Y)=37.214, SSIM(Y)=0.9728
Epoch 62/300: Training loss=0.018452, lr=1.87e-03
Epoch 62/300: Validation loss=0.023019
Model saved! Best loss: 0.023019
Set5: PSNR(Y)=37.372, SSIM(Y)=0.9579
Set14: PSNR(Y)=32.961, SSIM(Y)=0.9113
B100: PSNR(Y)=31.698, SSIM(Y)=0.8933
U100: PSNR(Y)=30.360, SSIM(Y)=0.9088
M109: PSNR(Y)=37.218, SSIM(Y)=0.9728
Epoch 63/300: Training loss=0.018439, lr=1.87e-03
Epoch 63/300: Validation loss=0.023011
Model saved! Best loss: 0.023011
Set5: PSNR(Y)=37.372, SSIM(Y)=0.9579
Set14: PSNR(Y)=32.962, SSIM(Y)=0.9113
B100: PSNR(Y)=31.700, SSIM(Y)=0.8934
U100: PSNR(Y)=30.365, SSIM(Y)=0.9089
M109: PSNR(Y)=37.225, SSIM(Y)=0.9729
Epoch 64/300: Training loss=0.018430, lr=1.86e-03
Epoch 64/300: Validation loss=0.023007
Model saved! Best loss: 0.023007
Set5: PSNR(Y)=37.373, SSIM(Y)=0.9579
Set14: PSNR(Y)=32.962, SSIM(Y)=0.9114
B100: PSNR(Y)=31.701, SSIM(Y)=0.8934
U100: PSNR(Y)=30.367, SSIM(Y)=0.9089
M109: PSNR(Y)=37.227, SSIM(Y)=0.9729
Epoch 65/300: Training loss=0.018422, lr=1.86e-03
Epoch 65/300: Validation loss=0.023001
Model saved! Best loss: 0.023001
Set5: PSNR(Y)=37.373, SSIM(Y)=0.9579
Set14: PSNR(Y)=32.966, SSIM(Y)=0.9114
B100: PSNR(Y)=31.701, SSIM(Y)=0.8934
U100: PSNR(Y)=30.370, SSIM(Y)=0.9089
M109: PSNR(Y)=37.228, SSIM(Y)=0.9729
Epoch 66/300: Training loss=0.018433, lr=1.85e-03
Epoch 66/300: Validation loss=0.022996
Model saved! Best loss: 0.022996
Set5: PSNR(Y)=37.372, SSIM(Y)=0.9579
Set14: PSNR(Y)=32.970, SSIM(Y)=0.9114
B100: PSNR(Y)=31.703, SSIM(Y)=0.8934
U100: PSNR(Y)=30.374, SSIM(Y)=0.9090
M109: PSNR(Y)=37.229, SSIM(Y)=0.9729
Epoch 67/300: Training loss=0.018430, lr=1.85e-03
Epoch 67/300: Validation loss=0.022994
Model saved! Best loss: 0.022994
Set5: PSNR(Y)=37.370, SSIM(Y)=0.9579
Set14: PSNR(Y)=32.971, SSIM(Y)=0.9114
B100: PSNR(Y)=31.703, SSIM(Y)=0.8934
U100: PSNR(Y)=30.375, SSIM(Y)=0.9090
M109: PSNR(Y)=37.230, SSIM(Y)=0.9729
Epoch 68/300: Training loss=0.018421, lr=1.84e-03
Epoch 68/300: Validation loss=0.022990
Model saved! Best loss: 0.022990
Set5: PSNR(Y)=37.373, SSIM(Y)=0.9579
Set14: PSNR(Y)=32.969, SSIM(Y)=0.9114
B100: PSNR(Y)=31.704, SSIM(Y)=0.8934
U100: PSNR(Y)=30.376, SSIM(Y)=0.9090
M109: PSNR(Y)=37.234, SSIM(Y)=0.9729
Epoch 69/300: Training loss=0.018417, lr=1.83e-03
Epoch 69/300: Validation loss=0.022987
Model saved! Best loss: 0.022987
Set5: PSNR(Y)=37.373, SSIM(Y)=0.9579
Set14: PSNR(Y)=32.970, SSIM(Y)=0.9114
B100: PSNR(Y)=31.704, SSIM(Y)=0.8934
U100: PSNR(Y)=30.378, SSIM(Y)=0.9090
M109: PSNR(Y)=37.235, SSIM(Y)=0.9729
Epoch 70/300: Training loss=0.018418, lr=1.83e-03
Epoch 70/300: Validation loss=0.022983
Model saved! Best loss: 0.022983
Set5: PSNR(Y)=37.372, SSIM(Y)=0.9579
Set14: PSNR(Y)=32.971, SSIM(Y)=0.9114
B100: PSNR(Y)=31.705, SSIM(Y)=0.8934
U100: PSNR(Y)=30.379, SSIM(Y)=0.9090
M109: PSNR(Y)=37.239, SSIM(Y)=0.9729
Epoch 71/300: Training loss=0.018411, lr=1.82e-03
Epoch 71/300: Validation loss=0.022979
Model saved! Best loss: 0.022979
Set5: PSNR(Y)=37.373, SSIM(Y)=0.9579
Set14: PSNR(Y)=32.970, SSIM(Y)=0.9114
B100: PSNR(Y)=31.706, SSIM(Y)=0.8934
U100: PSNR(Y)=30.381, SSIM(Y)=0.9091
M109: PSNR(Y)=37.241, SSIM(Y)=0.9729
Epoch 72/300: Training loss=0.018413, lr=1.82e-03
Epoch 72/300: Validation loss=0.022975
Model saved! Best loss: 0.022975
Set5: PSNR(Y)=37.370, SSIM(Y)=0.9579
Set14: PSNR(Y)=32.974, SSIM(Y)=0.9115
B100: PSNR(Y)=31.707, SSIM(Y)=0.8935
U100: PSNR(Y)=30.383, SSIM(Y)=0.9091
M109: PSNR(Y)=37.246, SSIM(Y)=0.9729
Epoch 73/300: Training loss=0.018411, lr=1.81e-03
Epoch 73/300: Validation loss=0.022973
Model saved! Best loss: 0.022973
Set5: PSNR(Y)=37.367, SSIM(Y)=0.9579
Set14: PSNR(Y)=32.972, SSIM(Y)=0.9114
B100: PSNR(Y)=31.706, SSIM(Y)=0.8935
U100: PSNR(Y)=30.384, SSIM(Y)=0.9091
M109: PSNR(Y)=37.245, SSIM(Y)=0.9729
Epoch 74/300: Training loss=0.018410, lr=1.80e-03
Epoch 74/300: Validation loss=0.022968
Model saved! Best loss: 0.022968
Set5: PSNR(Y)=37.367, SSIM(Y)=0.9579
Set14: PSNR(Y)=32.976, SSIM(Y)=0.9115
B100: PSNR(Y)=31.708, SSIM(Y)=0.8935
U100: PSNR(Y)=30.386, SSIM(Y)=0.9091
M109: PSNR(Y)=37.247, SSIM(Y)=0.9729
Epoch 75/300: Training loss=0.018398, lr=1.80e-03
Epoch 75/300: Validation loss=0.022967
Model saved! Best loss: 0.022967
Set5: PSNR(Y)=37.368, SSIM(Y)=0.9579
Set14: PSNR(Y)=32.973, SSIM(Y)=0.9115
B100: PSNR(Y)=31.708, SSIM(Y)=0.8935
U100: PSNR(Y)=30.386, SSIM(Y)=0.9091
M109: PSNR(Y)=37.247, SSIM(Y)=0.9729
Epoch 76/300: Training loss=0.018407, lr=1.79e-03
Epoch 76/300: Validation loss=0.022965
Model saved! Best loss: 0.022965
Set5: PSNR(Y)=37.369, SSIM(Y)=0.9579
Set14: PSNR(Y)=32.974, SSIM(Y)=0.9115
B100: PSNR(Y)=31.709, SSIM(Y)=0.8935
U100: PSNR(Y)=30.388, SSIM(Y)=0.9092
M109: PSNR(Y)=37.248, SSIM(Y)=0.9729
Epoch 77/300: Training loss=0.018409, lr=1.78e-03
Epoch 77/300: Validation loss=0.022961
Model saved! Best loss: 0.022961
Set5: PSNR(Y)=37.371, SSIM(Y)=0.9579
Set14: PSNR(Y)=32.977, SSIM(Y)=0.9115
B100: PSNR(Y)=31.709, SSIM(Y)=0.8935
U100: PSNR(Y)=30.390, SSIM(Y)=0.9092
M109: PSNR(Y)=37.252, SSIM(Y)=0.9730
Epoch 78/300: Training loss=0.018407, lr=1.78e-03
Epoch 78/300: Validation loss=0.022960
Model saved! Best loss: 0.022960
Set5: PSNR(Y)=37.371, SSIM(Y)=0.9579
Set14: PSNR(Y)=32.977, SSIM(Y)=0.9114
B100: PSNR(Y)=31.710, SSIM(Y)=0.8935
U100: PSNR(Y)=30.391, SSIM(Y)=0.9092
M109: PSNR(Y)=37.251, SSIM(Y)=0.9730
Epoch 79/300: Training loss=0.018408, lr=1.77e-03
Epoch 79/300: Validation loss=0.022958
Model saved! Best loss: 0.022958
Set5: PSNR(Y)=37.372, SSIM(Y)=0.9579
Set14: PSNR(Y)=32.978, SSIM(Y)=0.9115
B100: PSNR(Y)=31.710, SSIM(Y)=0.8935
U100: PSNR(Y)=30.391, SSIM(Y)=0.9092
M109: PSNR(Y)=37.253, SSIM(Y)=0.9730
Epoch 80/300: Training loss=0.018407, lr=1.76e-03
Epoch 80/300: Validation loss=0.022954
Model saved! Best loss: 0.022954
Set5: PSNR(Y)=37.371, SSIM(Y)=0.9579
Set14: PSNR(Y)=32.978, SSIM(Y)=0.9115
B100: PSNR(Y)=31.711, SSIM(Y)=0.8935
U100: PSNR(Y)=30.394, SSIM(Y)=0.9092
M109: PSNR(Y)=37.254, SSIM(Y)=0.9730
Epoch 81/300: Training loss=0.018408, lr=1.76e-03
Epoch 81/300: Validation loss=0.022952
Model saved! Best loss: 0.022952
Set5: PSNR(Y)=37.372, SSIM(Y)=0.9579
Set14: PSNR(Y)=32.978, SSIM(Y)=0.9114
B100: PSNR(Y)=31.711, SSIM(Y)=0.8935
U100: PSNR(Y)=30.396, SSIM(Y)=0.9093
M109: PSNR(Y)=37.254, SSIM(Y)=0.9730
Epoch 82/300: Training loss=0.018393, lr=1.75e-03
Epoch 82/300: Validation loss=0.022948
Model saved! Best loss: 0.022948
Set5: PSNR(Y)=37.371, SSIM(Y)=0.9579
Set14: PSNR(Y)=32.977, SSIM(Y)=0.9115
B100: PSNR(Y)=31.711, SSIM(Y)=0.8935
U100: PSNR(Y)=30.399, SSIM(Y)=0.9093
M109: PSNR(Y)=37.256, SSIM(Y)=0.9730
Epoch 83/300: Training loss=0.018396, lr=1.74e-03
Epoch 83/300: Validation loss=0.022947
Model saved! Best loss: 0.022947
Set5: PSNR(Y)=37.375, SSIM(Y)=0.9579
Set14: PSNR(Y)=32.978, SSIM(Y)=0.9115
B100: PSNR(Y)=31.711, SSIM(Y)=0.8935
U100: PSNR(Y)=30.398, SSIM(Y)=0.9093
M109: PSNR(Y)=37.257, SSIM(Y)=0.9730
Epoch 84/300: Training loss=0.018398, lr=1.73e-03
Epoch 84/300: Validation loss=0.022942
Model saved! Best loss: 0.022942
Set5: PSNR(Y)=37.376, SSIM(Y)=0.9579
Set14: PSNR(Y)=32.981, SSIM(Y)=0.9115
B100: PSNR(Y)=31.712, SSIM(Y)=0.8936
U100: PSNR(Y)=30.400, SSIM(Y)=0.9093
M109: PSNR(Y)=37.261, SSIM(Y)=0.9730
Epoch 85/300: Training loss=0.018398, lr=1.73e-03
Epoch 85/300: Validation loss=0.022940
Model saved! Best loss: 0.022940
Set5: PSNR(Y)=37.376, SSIM(Y)=0.9579
Set14: PSNR(Y)=32.979, SSIM(Y)=0.9115
B100: PSNR(Y)=31.712, SSIM(Y)=0.8936
U100: PSNR(Y)=30.402, SSIM(Y)=0.9093
M109: PSNR(Y)=37.260, SSIM(Y)=0.9730
Epoch 86/300: Training loss=0.018391, lr=1.72e-03
Epoch 86/300: Validation loss=0.022938
Model saved! Best loss: 0.022938
Set5: PSNR(Y)=37.376, SSIM(Y)=0.9579
Set14: PSNR(Y)=32.985, SSIM(Y)=0.9115
B100: PSNR(Y)=31.714, SSIM(Y)=0.8936
U100: PSNR(Y)=30.403, SSIM(Y)=0.9093
M109: PSNR(Y)=37.262, SSIM(Y)=0.9730
Epoch 87/300: Training loss=0.018390, lr=1.71e-03
Epoch 87/300: Validation loss=0.022935
Model saved! Best loss: 0.022935
Set5: PSNR(Y)=37.376, SSIM(Y)=0.9579
Set14: PSNR(Y)=32.982, SSIM(Y)=0.9115
B100: PSNR(Y)=31.714, SSIM(Y)=0.8936
U100: PSNR(Y)=30.406, SSIM(Y)=0.9094
M109: PSNR(Y)=37.265, SSIM(Y)=0.9730
Epoch 88/300: Training loss=0.018395, lr=1.70e-03
Epoch 88/300: Validation loss=0.022932
Model saved! Best loss: 0.022932
Set5: PSNR(Y)=37.376, SSIM(Y)=0.9579
Set14: PSNR(Y)=32.979, SSIM(Y)=0.9115
B100: PSNR(Y)=31.714, SSIM(Y)=0.8936
U100: PSNR(Y)=30.407, SSIM(Y)=0.9094
M109: PSNR(Y)=37.268, SSIM(Y)=0.9730
Epoch 89/300: Training loss=0.018380, lr=1.69e-03
Epoch 89/300: Validation loss=0.022931
Model saved! Best loss: 0.022931
Set5: PSNR(Y)=37.374, SSIM(Y)=0.9579
Set14: PSNR(Y)=32.983, SSIM(Y)=0.9115
B100: PSNR(Y)=31.715, SSIM(Y)=0.8936
U100: PSNR(Y)=30.409, SSIM(Y)=0.9094
M109: PSNR(Y)=37.266, SSIM(Y)=0.9730
Epoch 90/300: Training loss=0.018378, lr=1.69e-03
Epoch 90/300: Validation loss=0.022930
Model saved! Best loss: 0.022930
Set5: PSNR(Y)=37.377, SSIM(Y)=0.9579
Set14: PSNR(Y)=32.985, SSIM(Y)=0.9115
B100: PSNR(Y)=31.715, SSIM(Y)=0.8936
U100: PSNR(Y)=30.408, SSIM(Y)=0.9094
M109: PSNR(Y)=37.266, SSIM(Y)=0.9730
Epoch 91/300: Training loss=0.018386, lr=1.68e-03
Epoch 91/300: Validation loss=0.022928
Model saved! Best loss: 0.022928
Set5: PSNR(Y)=37.379, SSIM(Y)=0.9579
Set14: PSNR(Y)=32.986, SSIM(Y)=0.9115
B100: PSNR(Y)=31.715, SSIM(Y)=0.8936
U100: PSNR(Y)=30.409, SSIM(Y)=0.9095
M109: PSNR(Y)=37.266, SSIM(Y)=0.9730
Epoch 92/300: Training loss=0.018390, lr=1.67e-03
Epoch 92/300: Validation loss=0.022928
Model saved! Best loss: 0.022928
Set5: PSNR(Y)=37.379, SSIM(Y)=0.9579
Set14: PSNR(Y)=32.987, SSIM(Y)=0.9115
B100: PSNR(Y)=31.715, SSIM(Y)=0.8936
U100: PSNR(Y)=30.410, SSIM(Y)=0.9094
M109: PSNR(Y)=37.265, SSIM(Y)=0.9730
Epoch 93/300: Training loss=0.018392, lr=1.66e-03
Epoch 93/300: Validation loss=0.022924
Model saved! Best loss: 0.022924
Set5: PSNR(Y)=37.380, SSIM(Y)=0.9580
Set14: PSNR(Y)=32.990, SSIM(Y)=0.9116
B100: PSNR(Y)=31.715, SSIM(Y)=0.8936
U100: PSNR(Y)=30.413, SSIM(Y)=0.9095
M109: PSNR(Y)=37.268, SSIM(Y)=0.9730
Epoch 94/300: Training loss=0.018373, lr=1.65e-03
Epoch 94/300: Validation loss=0.022923
Model saved! Best loss: 0.022923
Set5: PSNR(Y)=37.380, SSIM(Y)=0.9580
Set14: PSNR(Y)=32.992, SSIM(Y)=0.9116
B100: PSNR(Y)=31.716, SSIM(Y)=0.8936
U100: PSNR(Y)=30.414, SSIM(Y)=0.9095
M109: PSNR(Y)=37.263, SSIM(Y)=0.9730
Epoch 95/300: Training loss=0.018375, lr=1.65e-03
Epoch 95/300: Validation loss=0.022922
Model saved! Best loss: 0.022922
Set5: PSNR(Y)=37.384, SSIM(Y)=0.9580
Set14: PSNR(Y)=32.991, SSIM(Y)=0.9116
B100: PSNR(Y)=31.716, SSIM(Y)=0.8936
U100: PSNR(Y)=30.415, SSIM(Y)=0.9095
M109: PSNR(Y)=37.266, SSIM(Y)=0.9730
Epoch 96/300: Training loss=0.018364, lr=1.64e-03
Epoch 96/300: Validation loss=0.022919
Model saved! Best loss: 0.022919
Set5: PSNR(Y)=37.385, SSIM(Y)=0.9580
Set14: PSNR(Y)=32.986, SSIM(Y)=0.9116
B100: PSNR(Y)=31.716, SSIM(Y)=0.8936
U100: PSNR(Y)=30.417, SSIM(Y)=0.9095
M109: PSNR(Y)=37.267, SSIM(Y)=0.9730
Epoch 97/300: Training loss=0.018372, lr=1.63e-03
Epoch 97/300: Validation loss=0.022916
Model saved! Best loss: 0.022916
Set5: PSNR(Y)=37.386, SSIM(Y)=0.9580
Set14: PSNR(Y)=32.987, SSIM(Y)=0.9116
B100: PSNR(Y)=31.717, SSIM(Y)=0.8936
U100: PSNR(Y)=30.418, SSIM(Y)=0.9096
M109: PSNR(Y)=37.270, SSIM(Y)=0.9730
Epoch 98/300: Training loss=0.018378, lr=1.62e-03
Epoch 98/300: Validation loss=0.022916
Model saved! Best loss: 0.022916
Set5: PSNR(Y)=37.387, SSIM(Y)=0.9580
Set14: PSNR(Y)=32.991, SSIM(Y)=0.9116
B100: PSNR(Y)=31.718, SSIM(Y)=0.8936
U100: PSNR(Y)=30.417, SSIM(Y)=0.9096
M109: PSNR(Y)=37.270, SSIM(Y)=0.9730
Epoch 99/300: Training loss=0.018360, lr=1.61e-03
Epoch 99/300: Validation loss=0.022912
Model saved! Best loss: 0.022912
Set5: PSNR(Y)=37.388, SSIM(Y)=0.9580
Set14: PSNR(Y)=32.990, SSIM(Y)=0.9116
B100: PSNR(Y)=31.718, SSIM(Y)=0.8937
U100: PSNR(Y)=30.419, SSIM(Y)=0.9096
M109: PSNR(Y)=37.275, SSIM(Y)=0.9730
Epoch 100/300: Training loss=0.018370, lr=1.60e-03
Epoch 100/300: Validation loss=0.022908
Model saved! Best loss: 0.022908
Set5: PSNR(Y)=37.387, SSIM(Y)=0.9580
Set14: PSNR(Y)=32.993, SSIM(Y)=0.9116
B100: PSNR(Y)=31.719, SSIM(Y)=0.8937
U100: PSNR(Y)=30.422, SSIM(Y)=0.9096
M109: PSNR(Y)=37.277, SSIM(Y)=0.9730
Epoch 101/300: Training loss=0.018365, lr=1.59e-03
Epoch 101/300: Validation loss=0.022907
Model saved! Best loss: 0.022907
Set5: PSNR(Y)=37.392, SSIM(Y)=0.9580
Set14: PSNR(Y)=32.988, SSIM(Y)=0.9116
B100: PSNR(Y)=31.719, SSIM(Y)=0.8937
U100: PSNR(Y)=30.423, SSIM(Y)=0.9096
M109: PSNR(Y)=37.278, SSIM(Y)=0.9731
Epoch 102/300: Training loss=0.018367, lr=1.59e-03
Epoch 102/300: Validation loss=0.022907
Model saved! Best loss: 0.022907
Set5: PSNR(Y)=37.392, SSIM(Y)=0.9580
Set14: PSNR(Y)=32.991, SSIM(Y)=0.9116
B100: PSNR(Y)=31.719, SSIM(Y)=0.8937
U100: PSNR(Y)=30.425, SSIM(Y)=0.9096
M109: PSNR(Y)=37.274, SSIM(Y)=0.9730
Epoch 103/300: Training loss=0.018359, lr=1.58e-03
Epoch 103/300: Validation loss=0.022905
Model saved! Best loss: 0.022905
Set5: PSNR(Y)=37.392, SSIM(Y)=0.9580
Set14: PSNR(Y)=32.993, SSIM(Y)=0.9116
B100: PSNR(Y)=31.721, SSIM(Y)=0.8937
U100: PSNR(Y)=30.425, SSIM(Y)=0.9096
M109: PSNR(Y)=37.276, SSIM(Y)=0.9730
Epoch 104/300: Training loss=0.018360, lr=1.57e-03
Epoch 104/300: Validation loss=0.022903
Model saved! Best loss: 0.022903
Set5: PSNR(Y)=37.395, SSIM(Y)=0.9580
Set14: PSNR(Y)=32.994, SSIM(Y)=0.9116
B100: PSNR(Y)=31.720, SSIM(Y)=0.8937
U100: PSNR(Y)=30.426, SSIM(Y)=0.9097
M109: PSNR(Y)=37.276, SSIM(Y)=0.9731
Epoch 105/300: Training loss=0.018354, lr=1.56e-03
Epoch 105/300: Validation loss=0.022902
Model saved! Best loss: 0.022902
Set5: PSNR(Y)=37.396, SSIM(Y)=0.9580
Set14: PSNR(Y)=32.996, SSIM(Y)=0.9116
B100: PSNR(Y)=31.721, SSIM(Y)=0.8937
U100: PSNR(Y)=30.426, SSIM(Y)=0.9097
M109: PSNR(Y)=37.277, SSIM(Y)=0.9731
Epoch 106/300: Training loss=0.018361, lr=1.55e-03
Epoch 106/300: Validation loss=0.022899
Model saved! Best loss: 0.022899
Set5: PSNR(Y)=37.395, SSIM(Y)=0.9580
Set14: PSNR(Y)=32.994, SSIM(Y)=0.9116
B100: PSNR(Y)=31.721, SSIM(Y)=0.8937
U100: PSNR(Y)=30.430, SSIM(Y)=0.9097
M109: PSNR(Y)=37.278, SSIM(Y)=0.9731
Epoch 107/300: Training loss=0.018345, lr=1.54e-03
Epoch 107/300: Validation loss=0.022899
Epoch 108/300: Training loss=0.018352, lr=1.53e-03
Epoch 108/300: Validation loss=0.022895
Model saved! Best loss: 0.022895
Set5: PSNR(Y)=37.396, SSIM(Y)=0.9580
Set14: PSNR(Y)=32.996, SSIM(Y)=0.9116
B100: PSNR(Y)=31.722, SSIM(Y)=0.8937
U100: PSNR(Y)=30.433, SSIM(Y)=0.9097
M109: PSNR(Y)=37.278, SSIM(Y)=0.9731
Epoch 109/300: Training loss=0.018359, lr=1.52e-03
Epoch 109/300: Validation loss=0.022893
Model saved! Best loss: 0.022893
Set5: PSNR(Y)=37.400, SSIM(Y)=0.9580
Set14: PSNR(Y)=32.997, SSIM(Y)=0.9117
B100: PSNR(Y)=31.723, SSIM(Y)=0.8937
U100: PSNR(Y)=30.433, SSIM(Y)=0.9098
M109: PSNR(Y)=37.280, SSIM(Y)=0.9731
Epoch 110/300: Training loss=0.018350, lr=1.51e-03
Epoch 110/300: Validation loss=0.022891
Model saved! Best loss: 0.022891
Set5: PSNR(Y)=37.398, SSIM(Y)=0.9580
Set14: PSNR(Y)=32.995, SSIM(Y)=0.9116
B100: PSNR(Y)=31.723, SSIM(Y)=0.8937
U100: PSNR(Y)=30.435, SSIM(Y)=0.9098
M109: PSNR(Y)=37.281, SSIM(Y)=0.9731
Epoch 111/300: Training loss=0.018361, lr=1.50e-03
Epoch 111/300: Validation loss=0.022891
Model saved! Best loss: 0.022891
Set5: PSNR(Y)=37.403, SSIM(Y)=0.9580
Set14: PSNR(Y)=32.997, SSIM(Y)=0.9116
B100: PSNR(Y)=31.723, SSIM(Y)=0.8937
U100: PSNR(Y)=30.435, SSIM(Y)=0.9098
M109: PSNR(Y)=37.282, SSIM(Y)=0.9731
Epoch 112/300: Training loss=0.018347, lr=1.49e-03
Epoch 112/300: Validation loss=0.022888
Model saved! Best loss: 0.022888
Set5: PSNR(Y)=37.406, SSIM(Y)=0.9580
Set14: PSNR(Y)=32.996, SSIM(Y)=0.9116
B100: PSNR(Y)=31.723, SSIM(Y)=0.8937
U100: PSNR(Y)=30.437, SSIM(Y)=0.9098
M109: PSNR(Y)=37.284, SSIM(Y)=0.9731
Epoch 113/300: Training loss=0.018337, lr=1.48e-03
Epoch 113/300: Validation loss=0.022887
Model saved! Best loss: 0.022887
Set5: PSNR(Y)=37.406, SSIM(Y)=0.9580
Set14: PSNR(Y)=32.994, SSIM(Y)=0.9116
B100: PSNR(Y)=31.724, SSIM(Y)=0.8937
U100: PSNR(Y)=30.439, SSIM(Y)=0.9098
M109: PSNR(Y)=37.285, SSIM(Y)=0.9731
Epoch 114/300: Training loss=0.018342, lr=1.47e-03
Epoch 114/300: Validation loss=0.022885
Model saved! Best loss: 0.022885
Set5: PSNR(Y)=37.404, SSIM(Y)=0.9580
Set14: PSNR(Y)=32.991, SSIM(Y)=0.9116
B100: PSNR(Y)=31.724, SSIM(Y)=0.8937
U100: PSNR(Y)=30.439, SSIM(Y)=0.9098
M109: PSNR(Y)=37.288, SSIM(Y)=0.9731
Epoch 115/300: Training loss=0.018343, lr=1.46e-03
Epoch 115/300: Validation loss=0.022882
Model saved! Best loss: 0.022882
Set5: PSNR(Y)=37.403, SSIM(Y)=0.9580
Set14: PSNR(Y)=32.997, SSIM(Y)=0.9116
B100: PSNR(Y)=31.725, SSIM(Y)=0.8937
U100: PSNR(Y)=30.441, SSIM(Y)=0.9098
M109: PSNR(Y)=37.288, SSIM(Y)=0.9731
Epoch 116/300: Training loss=0.018350, lr=1.45e-03
Epoch 116/300: Validation loss=0.022882
Model saved! Best loss: 0.022882
Set5: PSNR(Y)=37.406, SSIM(Y)=0.9581
Set14: PSNR(Y)=32.997, SSIM(Y)=0.9116
B100: PSNR(Y)=31.725, SSIM(Y)=0.8937
U100: PSNR(Y)=30.440, SSIM(Y)=0.9098
M109: PSNR(Y)=37.287, SSIM(Y)=0.9731
Epoch 117/300: Training loss=0.018341, lr=1.44e-03
Epoch 117/300: Validation loss=0.022879
Model saved! Best loss: 0.022879
Set5: PSNR(Y)=37.407, SSIM(Y)=0.9580
Set14: PSNR(Y)=33.002, SSIM(Y)=0.9117
B100: PSNR(Y)=31.726, SSIM(Y)=0.8937
U100: PSNR(Y)=30.442, SSIM(Y)=0.9099
M109: PSNR(Y)=37.289, SSIM(Y)=0.9731
Epoch 118/300: Training loss=0.018343, lr=1.43e-03
Epoch 118/300: Validation loss=0.022878
Model saved! Best loss: 0.022878
Set5: PSNR(Y)=37.408, SSIM(Y)=0.9581
Set14: PSNR(Y)=33.002, SSIM(Y)=0.9117
B100: PSNR(Y)=31.726, SSIM(Y)=0.8938
U100: PSNR(Y)=30.443, SSIM(Y)=0.9099
M109: PSNR(Y)=37.289, SSIM(Y)=0.9731
Epoch 119/300: Training loss=0.018338, lr=1.42e-03
Epoch 119/300: Validation loss=0.022876
Model saved! Best loss: 0.022876
Set5: PSNR(Y)=37.408, SSIM(Y)=0.9580
Set14: PSNR(Y)=33.002, SSIM(Y)=0.9117
B100: PSNR(Y)=31.727, SSIM(Y)=0.8938
U100: PSNR(Y)=30.444, SSIM(Y)=0.9099
M109: PSNR(Y)=37.289, SSIM(Y)=0.9731
Epoch 120/300: Training loss=0.018342, lr=1.41e-03
Epoch 120/300: Validation loss=0.022876
Model saved! Best loss: 0.022876
Set5: PSNR(Y)=37.408, SSIM(Y)=0.9580
Set14: PSNR(Y)=32.999, SSIM(Y)=0.9116
B100: PSNR(Y)=31.727, SSIM(Y)=0.8938
U100: PSNR(Y)=30.444, SSIM(Y)=0.9099
M109: PSNR(Y)=37.289, SSIM(Y)=0.9731
Epoch 121/300: Training loss=0.018351, lr=1.40e-03
Epoch 121/300: Validation loss=0.022876
Epoch 122/300: Training loss=0.018332, lr=1.39e-03
Epoch 122/300: Validation loss=0.022875
Model saved! Best loss: 0.022875
Set5: PSNR(Y)=37.412, SSIM(Y)=0.9581
Set14: PSNR(Y)=32.993, SSIM(Y)=0.9116
B100: PSNR(Y)=31.727, SSIM(Y)=0.8938
U100: PSNR(Y)=30.445, SSIM(Y)=0.9099
M109: PSNR(Y)=37.288, SSIM(Y)=0.9731
Epoch 123/300: Training loss=0.018335, lr=1.38e-03
Epoch 123/300: Validation loss=0.022873
Model saved! Best loss: 0.022873
Set5: PSNR(Y)=37.412, SSIM(Y)=0.9581
Set14: PSNR(Y)=33.000, SSIM(Y)=0.9117
B100: PSNR(Y)=31.728, SSIM(Y)=0.8938
U100: PSNR(Y)=30.447, SSIM(Y)=0.9099
M109: PSNR(Y)=37.287, SSIM(Y)=0.9731
Epoch 124/300: Training loss=0.018339, lr=1.37e-03
Epoch 124/300: Validation loss=0.022870
Model saved! Best loss: 0.022870
Set5: PSNR(Y)=37.413, SSIM(Y)=0.9581
Set14: PSNR(Y)=33.000, SSIM(Y)=0.9117
B100: PSNR(Y)=31.728, SSIM(Y)=0.8938
U100: PSNR(Y)=30.448, SSIM(Y)=0.9100
M109: PSNR(Y)=37.289, SSIM(Y)=0.9731
Epoch 125/300: Training loss=0.018333, lr=1.36e-03
Epoch 125/300: Validation loss=0.022867
Model saved! Best loss: 0.022867
Set5: PSNR(Y)=37.412, SSIM(Y)=0.9581
Set14: PSNR(Y)=33.002, SSIM(Y)=0.9117
B100: PSNR(Y)=31.729, SSIM(Y)=0.8938
U100: PSNR(Y)=30.450, SSIM(Y)=0.9100
M109: PSNR(Y)=37.290, SSIM(Y)=0.9731
Epoch 126/300: Training loss=0.018332, lr=1.35e-03
Epoch 126/300: Validation loss=0.022865
Model saved! Best loss: 0.022865
Set5: PSNR(Y)=37.413, SSIM(Y)=0.9581
Set14: PSNR(Y)=33.006, SSIM(Y)=0.9118
B100: PSNR(Y)=31.730, SSIM(Y)=0.8938
U100: PSNR(Y)=30.451, SSIM(Y)=0.9100
M109: PSNR(Y)=37.291, SSIM(Y)=0.9731
Epoch 127/300: Training loss=0.018334, lr=1.34e-03
Epoch 127/300: Validation loss=0.022863
Model saved! Best loss: 0.022863
Set5: PSNR(Y)=37.415, SSIM(Y)=0.9581
Set14: PSNR(Y)=33.006, SSIM(Y)=0.9117
B100: PSNR(Y)=31.731, SSIM(Y)=0.8938
U100: PSNR(Y)=30.453, SSIM(Y)=0.9100
M109: PSNR(Y)=37.292, SSIM(Y)=0.9731
Epoch 128/300: Training loss=0.018327, lr=1.33e-03
Epoch 128/300: Validation loss=0.022862
Model saved! Best loss: 0.022862
Set5: PSNR(Y)=37.415, SSIM(Y)=0.9581
Set14: PSNR(Y)=33.005, SSIM(Y)=0.9117
B100: PSNR(Y)=31.731, SSIM(Y)=0.8938
U100: PSNR(Y)=30.455, SSIM(Y)=0.9101
M109: PSNR(Y)=37.294, SSIM(Y)=0.9731
Epoch 129/300: Training loss=0.018325, lr=1.32e-03
Epoch 129/300: Validation loss=0.022860
Model saved! Best loss: 0.022860
Set5: PSNR(Y)=37.415, SSIM(Y)=0.9581
Set14: PSNR(Y)=33.004, SSIM(Y)=0.9117
B100: PSNR(Y)=31.731, SSIM(Y)=0.8938
U100: PSNR(Y)=30.455, SSIM(Y)=0.9101
M109: PSNR(Y)=37.292, SSIM(Y)=0.9731
Epoch 130/300: Training loss=0.018332, lr=1.31e-03
Epoch 130/300: Validation loss=0.022859
Model saved! Best loss: 0.022859
Set5: PSNR(Y)=37.416, SSIM(Y)=0.9581
Set14: PSNR(Y)=33.003, SSIM(Y)=0.9117
B100: PSNR(Y)=31.732, SSIM(Y)=0.8938
U100: PSNR(Y)=30.455, SSIM(Y)=0.9101
M109: PSNR(Y)=37.296, SSIM(Y)=0.9731
Epoch 131/300: Training loss=0.018321, lr=1.30e-03
Epoch 131/300: Validation loss=0.022858
Model saved! Best loss: 0.022858
Set5: PSNR(Y)=37.415, SSIM(Y)=0.9581
Set14: PSNR(Y)=33.006, SSIM(Y)=0.9117
B100: PSNR(Y)=31.732, SSIM(Y)=0.8938
U100: PSNR(Y)=30.455, SSIM(Y)=0.9101
M109: PSNR(Y)=37.296, SSIM(Y)=0.9731
Epoch 132/300: Training loss=0.018321, lr=1.29e-03
Epoch 132/300: Validation loss=0.022855
Model saved! Best loss: 0.022855
Set5: PSNR(Y)=37.416, SSIM(Y)=0.9581
Set14: PSNR(Y)=33.006, SSIM(Y)=0.9117
B100: PSNR(Y)=31.732, SSIM(Y)=0.8938
U100: PSNR(Y)=30.458, SSIM(Y)=0.9101
M109: PSNR(Y)=37.297, SSIM(Y)=0.9731
Epoch 133/300: Training loss=0.018314, lr=1.28e-03
Epoch 133/300: Validation loss=0.022855
Model saved! Best loss: 0.022855
Set5: PSNR(Y)=37.414, SSIM(Y)=0.9581
Set14: PSNR(Y)=33.007, SSIM(Y)=0.9117
B100: PSNR(Y)=31.733, SSIM(Y)=0.8938
U100: PSNR(Y)=30.458, SSIM(Y)=0.9101
M109: PSNR(Y)=37.296, SSIM(Y)=0.9731
Epoch 134/300: Training loss=0.018313, lr=1.27e-03
Epoch 134/300: Validation loss=0.022853
Model saved! Best loss: 0.022853
Set5: PSNR(Y)=37.414, SSIM(Y)=0.9581
Set14: PSNR(Y)=33.003, SSIM(Y)=0.9117
B100: PSNR(Y)=31.734, SSIM(Y)=0.8938
U100: PSNR(Y)=30.461, SSIM(Y)=0.9101
M109: PSNR(Y)=37.297, SSIM(Y)=0.9732
Epoch 135/300: Training loss=0.018313, lr=1.26e-03
Epoch 135/300: Validation loss=0.022853
Epoch 136/300: Training loss=0.018324, lr=1.25e-03
Epoch 136/300: Validation loss=0.022852
Model saved! Best loss: 0.022852
Set5: PSNR(Y)=37.420, SSIM(Y)=0.9581
Set14: PSNR(Y)=33.007, SSIM(Y)=0.9117
B100: PSNR(Y)=31.734, SSIM(Y)=0.8938
U100: PSNR(Y)=30.460, SSIM(Y)=0.9101
M109: PSNR(Y)=37.296, SSIM(Y)=0.9732
Epoch 137/300: Training loss=0.018314, lr=1.24e-03
Epoch 137/300: Validation loss=0.022851
Model saved! Best loss: 0.022851
Set5: PSNR(Y)=37.421, SSIM(Y)=0.9581
Set14: PSNR(Y)=33.007, SSIM(Y)=0.9117
B100: PSNR(Y)=31.734, SSIM(Y)=0.8938
U100: PSNR(Y)=30.461, SSIM(Y)=0.9101
M109: PSNR(Y)=37.298, SSIM(Y)=0.9732
Epoch 138/300: Training loss=0.018322, lr=1.23e-03
Epoch 138/300: Validation loss=0.022848
Model saved! Best loss: 0.022848
Set5: PSNR(Y)=37.421, SSIM(Y)=0.9581
Set14: PSNR(Y)=33.010, SSIM(Y)=0.9118
B100: PSNR(Y)=31.735, SSIM(Y)=0.8938
U100: PSNR(Y)=30.462, SSIM(Y)=0.9102
M109: PSNR(Y)=37.299, SSIM(Y)=0.9732
Epoch 139/300: Training loss=0.018319, lr=1.22e-03
Epoch 139/300: Validation loss=0.022846
Model saved! Best loss: 0.022846
Set5: PSNR(Y)=37.421, SSIM(Y)=0.9581
Set14: PSNR(Y)=33.010, SSIM(Y)=0.9118
B100: PSNR(Y)=31.735, SSIM(Y)=0.8939
U100: PSNR(Y)=30.463, SSIM(Y)=0.9102
M109: PSNR(Y)=37.297, SSIM(Y)=0.9732
Epoch 140/300: Training loss=0.018309, lr=1.21e-03
Epoch 140/300: Validation loss=0.022846
Model saved! Best loss: 0.022846
Set5: PSNR(Y)=37.417, SSIM(Y)=0.9581
Set14: PSNR(Y)=33.003, SSIM(Y)=0.9117
B100: PSNR(Y)=31.735, SSIM(Y)=0.8938
U100: PSNR(Y)=30.464, SSIM(Y)=0.9102
M109: PSNR(Y)=37.299, SSIM(Y)=0.9732
Epoch 141/300: Training loss=0.018308, lr=1.20e-03
Epoch 141/300: Validation loss=0.022845
Model saved! Best loss: 0.022845
Set5: PSNR(Y)=37.415, SSIM(Y)=0.9581
Set14: PSNR(Y)=32.999, SSIM(Y)=0.9117
B100: PSNR(Y)=31.735, SSIM(Y)=0.8939
U100: PSNR(Y)=30.466, SSIM(Y)=0.9102
M109: PSNR(Y)=37.299, SSIM(Y)=0.9732
Epoch 142/300: Training loss=0.018315, lr=1.18e-03
Epoch 142/300: Validation loss=0.022844
Model saved! Best loss: 0.022844
Set5: PSNR(Y)=37.420, SSIM(Y)=0.9581
Set14: PSNR(Y)=33.004, SSIM(Y)=0.9117
B100: PSNR(Y)=31.735, SSIM(Y)=0.8939
U100: PSNR(Y)=30.467, SSIM(Y)=0.9102
M109: PSNR(Y)=37.298, SSIM(Y)=0.9732
Epoch 143/300: Training loss=0.018300, lr=1.17e-03
Epoch 143/300: Validation loss=0.022842
Model saved! Best loss: 0.022842
Set5: PSNR(Y)=37.421, SSIM(Y)=0.9581
Set14: PSNR(Y)=33.005, SSIM(Y)=0.9117
B100: PSNR(Y)=31.736, SSIM(Y)=0.8939
U100: PSNR(Y)=30.468, SSIM(Y)=0.9102
M109: PSNR(Y)=37.300, SSIM(Y)=0.9732
Epoch 144/300: Training loss=0.018313, lr=1.16e-03
Epoch 144/300: Validation loss=0.022840
Model saved! Best loss: 0.022840
Set5: PSNR(Y)=37.420, SSIM(Y)=0.9581
Set14: PSNR(Y)=33.003, SSIM(Y)=0.9117
B100: PSNR(Y)=31.736, SSIM(Y)=0.8939
U100: PSNR(Y)=30.470, SSIM(Y)=0.9102
M109: PSNR(Y)=37.299, SSIM(Y)=0.9732
Epoch 145/300: Training loss=0.018299, lr=1.15e-03
Epoch 145/300: Validation loss=0.022840
Model saved! Best loss: 0.022840
Set5: PSNR(Y)=37.418, SSIM(Y)=0.9581
Set14: PSNR(Y)=33.002, SSIM(Y)=0.9117
B100: PSNR(Y)=31.737, SSIM(Y)=0.8939
U100: PSNR(Y)=30.470, SSIM(Y)=0.9102
M109: PSNR(Y)=37.300, SSIM(Y)=0.9732
Epoch 146/300: Training loss=0.018287, lr=1.14e-03
Epoch 146/300: Validation loss=0.022839
Model saved! Best loss: 0.022839
Set5: PSNR(Y)=37.420, SSIM(Y)=0.9581
Set14: PSNR(Y)=33.002, SSIM(Y)=0.9117
B100: PSNR(Y)=31.738, SSIM(Y)=0.8939
U100: PSNR(Y)=30.470, SSIM(Y)=0.9102
M109: PSNR(Y)=37.300, SSIM(Y)=0.9732
Epoch 147/300: Training loss=0.018310, lr=1.13e-03
Epoch 147/300: Validation loss=0.022838
Model saved! Best loss: 0.022838
Set5: PSNR(Y)=37.419, SSIM(Y)=0.9581
Set14: PSNR(Y)=33.009, SSIM(Y)=0.9117
B100: PSNR(Y)=31.738, SSIM(Y)=0.8939
U100: PSNR(Y)=30.471, SSIM(Y)=0.9103
M109: PSNR(Y)=37.299, SSIM(Y)=0.9732
Epoch 148/300: Training loss=0.018302, lr=1.12e-03
Epoch 148/300: Validation loss=0.022837
Model saved! Best loss: 0.022837
Set5: PSNR(Y)=37.417, SSIM(Y)=0.9581
Set14: PSNR(Y)=33.001, SSIM(Y)=0.9117
B100: PSNR(Y)=31.738, SSIM(Y)=0.8939
U100: PSNR(Y)=30.472, SSIM(Y)=0.9103
M109: PSNR(Y)=37.299, SSIM(Y)=0.9732
Epoch 149/300: Training loss=0.018312, lr=1.11e-03
Epoch 149/300: Validation loss=0.022837
Model saved! Best loss: 0.022837
Set5: PSNR(Y)=37.420, SSIM(Y)=0.9581
Set14: PSNR(Y)=33.001, SSIM(Y)=0.9117
B100: PSNR(Y)=31.737, SSIM(Y)=0.8939
U100: PSNR(Y)=30.473, SSIM(Y)=0.9103
M109: PSNR(Y)=37.297, SSIM(Y)=0.9732
Epoch 150/300: Training loss=0.018285, lr=1.10e-03
Epoch 150/300: Validation loss=0.022837
Model saved! Best loss: 0.022837
Set5: PSNR(Y)=37.419, SSIM(Y)=0.9581
Set14: PSNR(Y)=33.002, SSIM(Y)=0.9117
B100: PSNR(Y)=31.738, SSIM(Y)=0.8939
U100: PSNR(Y)=30.473, SSIM(Y)=0.9103
M109: PSNR(Y)=37.299, SSIM(Y)=0.9732
Epoch 151/300: Training loss=0.018305, lr=1.09e-03
Epoch 151/300: Validation loss=0.022836
Model saved! Best loss: 0.022836
Set5: PSNR(Y)=37.421, SSIM(Y)=0.9581
Set14: PSNR(Y)=33.007, SSIM(Y)=0.9117
B100: PSNR(Y)=31.739, SSIM(Y)=0.8939
U100: PSNR(Y)=30.473, SSIM(Y)=0.9103
M109: PSNR(Y)=37.298, SSIM(Y)=0.9732
Epoch 152/300: Training loss=0.018292, lr=1.08e-03
Epoch 152/300: Validation loss=0.022835
Model saved! Best loss: 0.022835
Set5: PSNR(Y)=37.421, SSIM(Y)=0.9581
Set14: PSNR(Y)=33.009, SSIM(Y)=0.9117
B100: PSNR(Y)=31.739, SSIM(Y)=0.8939
U100: PSNR(Y)=30.473, SSIM(Y)=0.9103
M109: PSNR(Y)=37.300, SSIM(Y)=0.9732
Epoch 153/300: Training loss=0.018289, lr=1.07e-03
Epoch 153/300: Validation loss=0.022832
Model saved! Best loss: 0.022832
Set5: PSNR(Y)=37.420, SSIM(Y)=0.9581
Set14: PSNR(Y)=33.010, SSIM(Y)=0.9117
B100: PSNR(Y)=31.740, SSIM(Y)=0.8939
U100: PSNR(Y)=30.474, SSIM(Y)=0.9103
M109: PSNR(Y)=37.302, SSIM(Y)=0.9732
Epoch 154/300: Training loss=0.018297, lr=1.05e-03
Epoch 154/300: Validation loss=0.022831
Model saved! Best loss: 0.022831
Set5: PSNR(Y)=37.423, SSIM(Y)=0.9581
Set14: PSNR(Y)=33.007, SSIM(Y)=0.9117
B100: PSNR(Y)=31.740, SSIM(Y)=0.8939
U100: PSNR(Y)=30.477, SSIM(Y)=0.9104
M109: PSNR(Y)=37.301, SSIM(Y)=0.9732
Epoch 155/300: Training loss=0.018293, lr=1.04e-03
Epoch 155/300: Validation loss=0.022831
Epoch 156/300: Training loss=0.018291, lr=1.03e-03
Epoch 156/300: Validation loss=0.022830
Model saved! Best loss: 0.022830
Set5: PSNR(Y)=37.423, SSIM(Y)=0.9581
Set14: PSNR(Y)=33.003, SSIM(Y)=0.9117
B100: PSNR(Y)=31.740, SSIM(Y)=0.8939
U100: PSNR(Y)=30.477, SSIM(Y)=0.9103
M109: PSNR(Y)=37.301, SSIM(Y)=0.9732
Epoch 157/300: Training loss=0.018296, lr=1.02e-03
Epoch 157/300: Validation loss=0.022827
Model saved! Best loss: 0.022827
Set5: PSNR(Y)=37.423, SSIM(Y)=0.9581
Set14: PSNR(Y)=33.010, SSIM(Y)=0.9118
B100: PSNR(Y)=31.740, SSIM(Y)=0.8939
U100: PSNR(Y)=30.479, SSIM(Y)=0.9104
M109: PSNR(Y)=37.302, SSIM(Y)=0.9732
Epoch 158/300: Training loss=0.018287, lr=1.01e-03
Epoch 158/300: Validation loss=0.022826
Model saved! Best loss: 0.022826
Set5: PSNR(Y)=37.423, SSIM(Y)=0.9581
Set14: PSNR(Y)=33.010, SSIM(Y)=0.9118
B100: PSNR(Y)=31.741, SSIM(Y)=0.8939
U100: PSNR(Y)=30.480, SSIM(Y)=0.9104
M109: PSNR(Y)=37.303, SSIM(Y)=0.9732
Epoch 159/300: Training loss=0.018297, lr=1.00e-03
Epoch 159/300: Validation loss=0.022826
Model saved! Best loss: 0.022826
Set5: PSNR(Y)=37.420, SSIM(Y)=0.9581
Set14: PSNR(Y)=33.012, SSIM(Y)=0.9118
B100: PSNR(Y)=31.741, SSIM(Y)=0.8939
U100: PSNR(Y)=30.480, SSIM(Y)=0.9104
M109: PSNR(Y)=37.303, SSIM(Y)=0.9732
Epoch 160/300: Training loss=0.018280, lr=9.89e-04
Epoch 160/300: Validation loss=0.022826
Epoch 161/300: Training loss=0.018284, lr=9.78e-04
Epoch 161/300: Validation loss=0.022824
Model saved! Best loss: 0.022824
Set5: PSNR(Y)=37.421, SSIM(Y)=0.9582
Set14: PSNR(Y)=33.008, SSIM(Y)=0.9118
B100: PSNR(Y)=31.741, SSIM(Y)=0.8939
U100: PSNR(Y)=30.480, SSIM(Y)=0.9104
M109: PSNR(Y)=37.304, SSIM(Y)=0.9732
Epoch 162/300: Training loss=0.018285, lr=9.67e-04
Epoch 162/300: Validation loss=0.022825
Epoch 163/300: Training loss=0.018283, lr=9.56e-04
Epoch 163/300: Validation loss=0.022824
Epoch 164/300: Training loss=0.018287, lr=9.45e-04
Epoch 164/300: Validation loss=0.022823
Model saved! Best loss: 0.022823
Set5: PSNR(Y)=37.421, SSIM(Y)=0.9582
Set14: PSNR(Y)=33.007, SSIM(Y)=0.9117
B100: PSNR(Y)=31.742, SSIM(Y)=0.8939
U100: PSNR(Y)=30.482, SSIM(Y)=0.9104
M109: PSNR(Y)=37.303, SSIM(Y)=0.9732
Epoch 165/300: Training loss=0.018283, lr=9.34e-04
Epoch 165/300: Validation loss=0.022822
Model saved! Best loss: 0.022822
Set5: PSNR(Y)=37.421, SSIM(Y)=0.9582
Set14: PSNR(Y)=33.006, SSIM(Y)=0.9117
B100: PSNR(Y)=31.742, SSIM(Y)=0.8939
U100: PSNR(Y)=30.484, SSIM(Y)=0.9104
M109: PSNR(Y)=37.301, SSIM(Y)=0.9732
Epoch 166/300: Training loss=0.018290, lr=9.23e-04
Epoch 166/300: Validation loss=0.022820
Model saved! Best loss: 0.022820
Set5: PSNR(Y)=37.422, SSIM(Y)=0.9582
Set14: PSNR(Y)=33.006, SSIM(Y)=0.9117
B100: PSNR(Y)=31.742, SSIM(Y)=0.8939
U100: PSNR(Y)=30.485, SSIM(Y)=0.9104
M109: PSNR(Y)=37.302, SSIM(Y)=0.9732
Epoch 167/300: Training loss=0.018276, lr=9.12e-04
Epoch 167/300: Validation loss=0.022820
Model saved! Best loss: 0.022820
Set5: PSNR(Y)=37.422, SSIM(Y)=0.9582
Set14: PSNR(Y)=33.012, SSIM(Y)=0.9118
B100: PSNR(Y)=31.743, SSIM(Y)=0.8939
U100: PSNR(Y)=30.484, SSIM(Y)=0.9104
M109: PSNR(Y)=37.302, SSIM(Y)=0.9732
Epoch 168/300: Training loss=0.018297, lr=9.01e-04
Epoch 168/300: Validation loss=0.022819
Model saved! Best loss: 0.022819
Set5: PSNR(Y)=37.422, SSIM(Y)=0.9582
Set14: PSNR(Y)=33.012, SSIM(Y)=0.9118
B100: PSNR(Y)=31.744, SSIM(Y)=0.8939
U100: PSNR(Y)=30.485, SSIM(Y)=0.9105
M109: PSNR(Y)=37.302, SSIM(Y)=0.9732
Epoch 169/300: Training loss=0.018264, lr=8.90e-04
Epoch 169/300: Validation loss=0.022819
Model saved! Best loss: 0.022819
Set5: PSNR(Y)=37.421, SSIM(Y)=0.9582
Set14: PSNR(Y)=33.011, SSIM(Y)=0.9117
B100: PSNR(Y)=31.744, SSIM(Y)=0.8939
U100: PSNR(Y)=30.486, SSIM(Y)=0.9105
M109: PSNR(Y)=37.300, SSIM(Y)=0.9732
Epoch 170/300: Training loss=0.018269, lr=8.79e-04
Epoch 170/300: Validation loss=0.022818
Model saved! Best loss: 0.022818
Set5: PSNR(Y)=37.419, SSIM(Y)=0.9582
Set14: PSNR(Y)=33.010, SSIM(Y)=0.9117
B100: PSNR(Y)=31.744, SSIM(Y)=0.8939
U100: PSNR(Y)=30.487, SSIM(Y)=0.9105
M109: PSNR(Y)=37.301, SSIM(Y)=0.9732
Epoch 171/300: Training loss=0.018273, lr=8.68e-04
Epoch 171/300: Validation loss=0.022817
Model saved! Best loss: 0.022817
Set5: PSNR(Y)=37.421, SSIM(Y)=0.9582
Set14: PSNR(Y)=33.013, SSIM(Y)=0.9118
B100: PSNR(Y)=31.744, SSIM(Y)=0.8939
U100: PSNR(Y)=30.486, SSIM(Y)=0.9105
M109: PSNR(Y)=37.301, SSIM(Y)=0.9732
Epoch 172/300: Training loss=0.018277, lr=8.57e-04
Epoch 172/300: Validation loss=0.022817
Model saved! Best loss: 0.022817
Set5: PSNR(Y)=37.420, SSIM(Y)=0.9582
Set14: PSNR(Y)=33.010, SSIM(Y)=0.9118
B100: PSNR(Y)=31.744, SSIM(Y)=0.8939
U100: PSNR(Y)=30.487, SSIM(Y)=0.9105
M109: PSNR(Y)=37.303, SSIM(Y)=0.9732
Epoch 173/300: Training loss=0.018272, lr=8.47e-04
Epoch 173/300: Validation loss=0.022816
Model saved! Best loss: 0.022816
Set5: PSNR(Y)=37.422, SSIM(Y)=0.9582
Set14: PSNR(Y)=33.006, SSIM(Y)=0.9117
B100: PSNR(Y)=31.744, SSIM(Y)=0.8939
U100: PSNR(Y)=30.487, SSIM(Y)=0.9105
M109: PSNR(Y)=37.302, SSIM(Y)=0.9732
Epoch 174/300: Training loss=0.018270, lr=8.36e-04
Epoch 174/300: Validation loss=0.022816
Epoch 175/300: Training loss=0.018269, lr=8.25e-04
Epoch 175/300: Validation loss=0.022815
Model saved! Best loss: 0.022815
Set5: PSNR(Y)=37.424, SSIM(Y)=0.9582
Set14: PSNR(Y)=33.012, SSIM(Y)=0.9118
B100: PSNR(Y)=31.744, SSIM(Y)=0.8939
U100: PSNR(Y)=30.488, SSIM(Y)=0.9105
M109: PSNR(Y)=37.303, SSIM(Y)=0.9732
Epoch 176/300: Training loss=0.018276, lr=8.14e-04
Epoch 176/300: Validation loss=0.022814
Model saved! Best loss: 0.022814
Set5: PSNR(Y)=37.420, SSIM(Y)=0.9582
Set14: PSNR(Y)=33.010, SSIM(Y)=0.9118
B100: PSNR(Y)=31.744, SSIM(Y)=0.8940
U100: PSNR(Y)=30.489, SSIM(Y)=0.9105
M109: PSNR(Y)=37.302, SSIM(Y)=0.9732
Epoch 177/300: Training loss=0.018268, lr=8.03e-04
Epoch 177/300: Validation loss=0.022814
Epoch 178/300: Training loss=0.018271, lr=7.93e-04
Epoch 178/300: Validation loss=0.022812
Model saved! Best loss: 0.022812
Set5: PSNR(Y)=37.420, SSIM(Y)=0.9582
Set14: PSNR(Y)=33.012, SSIM(Y)=0.9118
B100: PSNR(Y)=31.745, SSIM(Y)=0.8940
U100: PSNR(Y)=30.491, SSIM(Y)=0.9105
M109: PSNR(Y)=37.299, SSIM(Y)=0.9732
Epoch 179/300: Training loss=0.018274, lr=7.82e-04
Epoch 179/300: Validation loss=0.022811
Model saved! Best loss: 0.022811
Set5: PSNR(Y)=37.421, SSIM(Y)=0.9582
Set14: PSNR(Y)=33.011, SSIM(Y)=0.9118
B100: PSNR(Y)=31.745, SSIM(Y)=0.8940
U100: PSNR(Y)=30.491, SSIM(Y)=0.9105
M109: PSNR(Y)=37.302, SSIM(Y)=0.9732
Epoch 180/300: Training loss=0.018255, lr=7.71e-04
Epoch 180/300: Validation loss=0.022813
Epoch 181/300: Training loss=0.018260, lr=7.61e-04
Epoch 181/300: Validation loss=0.022811
Epoch 182/300: Training loss=0.018260, lr=7.50e-04
Epoch 182/300: Validation loss=0.022810
Model saved! Best loss: 0.022810
Set5: PSNR(Y)=37.419, SSIM(Y)=0.9582
Set14: PSNR(Y)=33.011, SSIM(Y)=0.9118
B100: PSNR(Y)=31.746, SSIM(Y)=0.8940
U100: PSNR(Y)=30.492, SSIM(Y)=0.9105
M109: PSNR(Y)=37.301, SSIM(Y)=0.9732
Epoch 183/300: Training loss=0.018268, lr=7.40e-04
Epoch 183/300: Validation loss=0.022809
Model saved! Best loss: 0.022809
Set5: PSNR(Y)=37.421, SSIM(Y)=0.9582
Set14: PSNR(Y)=33.012, SSIM(Y)=0.9118
B100: PSNR(Y)=31.746, SSIM(Y)=0.8940
U100: PSNR(Y)=30.493, SSIM(Y)=0.9105
M109: PSNR(Y)=37.299, SSIM(Y)=0.9732
Epoch 184/300: Training loss=0.018254, lr=7.29e-04
Epoch 184/300: Validation loss=0.022808
Model saved! Best loss: 0.022808
Set5: PSNR(Y)=37.420, SSIM(Y)=0.9582
Set14: PSNR(Y)=33.013, SSIM(Y)=0.9118
B100: PSNR(Y)=31.747, SSIM(Y)=0.8940
U100: PSNR(Y)=30.493, SSIM(Y)=0.9105
M109: PSNR(Y)=37.299, SSIM(Y)=0.9732
Epoch 185/300: Training loss=0.018252, lr=7.18e-04
Epoch 185/300: Validation loss=0.022808
Model saved! Best loss: 0.022808
Set5: PSNR(Y)=37.419, SSIM(Y)=0.9582
Set14: PSNR(Y)=33.013, SSIM(Y)=0.9118
B100: PSNR(Y)=31.746, SSIM(Y)=0.8940
U100: PSNR(Y)=30.494, SSIM(Y)=0.9105
M109: PSNR(Y)=37.300, SSIM(Y)=0.9732
Epoch 186/300: Training loss=0.018261, lr=7.08e-04
Epoch 186/300: Validation loss=0.022807
Model saved! Best loss: 0.022807
Set5: PSNR(Y)=37.417, SSIM(Y)=0.9582
Set14: PSNR(Y)=33.017, SSIM(Y)=0.9118
B100: PSNR(Y)=31.747, SSIM(Y)=0.8940
U100: PSNR(Y)=30.494, SSIM(Y)=0.9105
M109: PSNR(Y)=37.300, SSIM(Y)=0.9732
Epoch 187/300: Training loss=0.018260, lr=6.98e-04
Epoch 187/300: Validation loss=0.022807
Model saved! Best loss: 0.022807
Set5: PSNR(Y)=37.418, SSIM(Y)=0.9582
Set14: PSNR(Y)=33.012, SSIM(Y)=0.9118
B100: PSNR(Y)=31.747, SSIM(Y)=0.8940
U100: PSNR(Y)=30.494, SSIM(Y)=0.9105
M109: PSNR(Y)=37.301, SSIM(Y)=0.9732
Epoch 188/300: Training loss=0.018255, lr=6.87e-04
Epoch 188/300: Validation loss=0.022806
Model saved! Best loss: 0.022806
Set5: PSNR(Y)=37.419, SSIM(Y)=0.9582
Set14: PSNR(Y)=33.015, SSIM(Y)=0.9118
B100: PSNR(Y)=31.747, SSIM(Y)=0.8940
U100: PSNR(Y)=30.495, SSIM(Y)=0.9105
M109: PSNR(Y)=37.301, SSIM(Y)=0.9732
Epoch 189/300: Training loss=0.018252, lr=6.77e-04
Epoch 189/300: Validation loss=0.022805
Model saved! Best loss: 0.022805
Set5: PSNR(Y)=37.418, SSIM(Y)=0.9582
Set14: PSNR(Y)=33.012, SSIM(Y)=0.9118
B100: PSNR(Y)=31.747, SSIM(Y)=0.8940
U100: PSNR(Y)=30.496, SSIM(Y)=0.9106
M109: PSNR(Y)=37.301, SSIM(Y)=0.9732
Epoch 190/300: Training loss=0.018241, lr=6.66e-04
Epoch 190/300: Validation loss=0.022804
Model saved! Best loss: 0.022804
Set5: PSNR(Y)=37.419, SSIM(Y)=0.9582
Set14: PSNR(Y)=33.015, SSIM(Y)=0.9118
B100: PSNR(Y)=31.748, SSIM(Y)=0.8940
U100: PSNR(Y)=30.496, SSIM(Y)=0.9106
M109: PSNR(Y)=37.302, SSIM(Y)=0.9732
Epoch 191/300: Training loss=0.018238, lr=6.56e-04
Epoch 191/300: Validation loss=0.022803
Model saved! Best loss: 0.022803
Set5: PSNR(Y)=37.419, SSIM(Y)=0.9582
Set14: PSNR(Y)=33.017, SSIM(Y)=0.9118
B100: PSNR(Y)=31.748, SSIM(Y)=0.8940
U100: PSNR(Y)=30.497, SSIM(Y)=0.9106
M109: PSNR(Y)=37.303, SSIM(Y)=0.9732
Epoch 192/300: Training loss=0.018252, lr=6.46e-04
Epoch 192/300: Validation loss=0.022803
Epoch 193/300: Training loss=0.018244, lr=6.36e-04
Epoch 193/300: Validation loss=0.022805
Epoch 194/300: Training loss=0.018248, lr=6.25e-04
Epoch 194/300: Validation loss=0.022803
Epoch 195/300: Training loss=0.018247, lr=6.15e-04
Epoch 195/300: Validation loss=0.022801
Model saved! Best loss: 0.022801
Set5: PSNR(Y)=37.415, SSIM(Y)=0.9582
Set14: PSNR(Y)=33.014, SSIM(Y)=0.9118
B100: PSNR(Y)=31.748, SSIM(Y)=0.8940
U100: PSNR(Y)=30.499, SSIM(Y)=0.9106
M109: PSNR(Y)=37.304, SSIM(Y)=0.9732
Epoch 196/300: Training loss=0.018242, lr=6.05e-04
Epoch 196/300: Validation loss=0.022801
Epoch 197/300: Training loss=0.018249, lr=5.95e-04
Epoch 197/300: Validation loss=0.022801
Epoch 198/300: Training loss=0.018243, lr=5.85e-04
Epoch 198/300: Validation loss=0.022799
Model saved! Best loss: 0.022799
Set5: PSNR(Y)=37.421, SSIM(Y)=0.9582
Set14: PSNR(Y)=33.015, SSIM(Y)=0.9118
B100: PSNR(Y)=31.749, SSIM(Y)=0.8940
U100: PSNR(Y)=30.499, SSIM(Y)=0.9106
M109: PSNR(Y)=37.305, SSIM(Y)=0.9732
Epoch 199/300: Training loss=0.018239, lr=5.75e-04
Epoch 199/300: Validation loss=0.022799
Model saved! Best loss: 0.022799
Set5: PSNR(Y)=37.420, SSIM(Y)=0.9582
Set14: PSNR(Y)=33.015, SSIM(Y)=0.9118
B100: PSNR(Y)=31.749, SSIM(Y)=0.8940
U100: PSNR(Y)=30.499, SSIM(Y)=0.9106
M109: PSNR(Y)=37.304, SSIM(Y)=0.9732
Epoch 200/300: Training loss=0.018239, lr=5.66e-04
Epoch 200/300: Validation loss=0.022799
Epoch 201/300: Training loss=0.018251, lr=5.56e-04
Epoch 201/300: Validation loss=0.022797
Model saved! Best loss: 0.022797
Set5: PSNR(Y)=37.418, SSIM(Y)=0.9582
Set14: PSNR(Y)=33.014, SSIM(Y)=0.9118
B100: PSNR(Y)=31.750, SSIM(Y)=0.8940
U100: PSNR(Y)=30.500, SSIM(Y)=0.9106
M109: PSNR(Y)=37.306, SSIM(Y)=0.9732
Epoch 202/300: Training loss=0.018242, lr=5.46e-04
Epoch 202/300: Validation loss=0.022797
Model saved! Best loss: 0.022797
Set5: PSNR(Y)=37.420, SSIM(Y)=0.9582
Set14: PSNR(Y)=33.016, SSIM(Y)=0.9118
B100: PSNR(Y)=31.749, SSIM(Y)=0.8940
U100: PSNR(Y)=30.500, SSIM(Y)=0.9106
M109: PSNR(Y)=37.305, SSIM(Y)=0.9732
Epoch 203/300: Training loss=0.018242, lr=5.36e-04
Epoch 203/300: Validation loss=0.022795
Model saved! Best loss: 0.022795
Set5: PSNR(Y)=37.420, SSIM(Y)=0.9582
Set14: PSNR(Y)=33.016, SSIM(Y)=0.9118
B100: PSNR(Y)=31.749, SSIM(Y)=0.8940
U100: PSNR(Y)=30.501, SSIM(Y)=0.9106
M109: PSNR(Y)=37.305, SSIM(Y)=0.9732
Epoch 204/300: Training loss=0.018236, lr=5.27e-04
Epoch 204/300: Validation loss=0.022796
Epoch 205/300: Training loss=0.018231, lr=5.17e-04
Epoch 205/300: Validation loss=0.022795
Epoch 206/300: Training loss=0.018245, lr=5.08e-04
Epoch 206/300: Validation loss=0.022795
Model saved! Best loss: 0.022795
Set5: PSNR(Y)=37.419, SSIM(Y)=0.9582
Set14: PSNR(Y)=33.015, SSIM(Y)=0.9118
B100: PSNR(Y)=31.750, SSIM(Y)=0.8940
U100: PSNR(Y)=30.502, SSIM(Y)=0.9106
M109: PSNR(Y)=37.306, SSIM(Y)=0.9732
Epoch 207/300: Training loss=0.018233, lr=4.98e-04
Epoch 207/300: Validation loss=0.022795
Epoch 208/300: Training loss=0.018237, lr=4.89e-04
Epoch 208/300: Validation loss=0.022794
Model saved! Best loss: 0.022794
Set5: PSNR(Y)=37.419, SSIM(Y)=0.9582
Set14: PSNR(Y)=33.021, SSIM(Y)=0.9118
B100: PSNR(Y)=31.750, SSIM(Y)=0.8940
U100: PSNR(Y)=30.502, SSIM(Y)=0.9106
M109: PSNR(Y)=37.305, SSIM(Y)=0.9732
Epoch 209/300: Training loss=0.018227, lr=4.79e-04
Epoch 209/300: Validation loss=0.022794
Model saved! Best loss: 0.022794
Set5: PSNR(Y)=37.417, SSIM(Y)=0.9582
Set14: PSNR(Y)=33.017, SSIM(Y)=0.9118
B100: PSNR(Y)=31.750, SSIM(Y)=0.8940
U100: PSNR(Y)=30.503, SSIM(Y)=0.9107
M109: PSNR(Y)=37.306, SSIM(Y)=0.9732
Epoch 210/300: Training loss=0.018235, lr=4.70e-04
Epoch 210/300: Validation loss=0.022793
Model saved! Best loss: 0.022793
Set5: PSNR(Y)=37.417, SSIM(Y)=0.9582
Set14: PSNR(Y)=33.020, SSIM(Y)=0.9118
B100: PSNR(Y)=31.751, SSIM(Y)=0.8941
U100: PSNR(Y)=30.503, SSIM(Y)=0.9107
M109: PSNR(Y)=37.306, SSIM(Y)=0.9732
Epoch 211/300: Training loss=0.018232, lr=4.61e-04
Epoch 211/300: Validation loss=0.022792
Model saved! Best loss: 0.022792
Set5: PSNR(Y)=37.417, SSIM(Y)=0.9582
Set14: PSNR(Y)=33.018, SSIM(Y)=0.9118
B100: PSNR(Y)=31.751, SSIM(Y)=0.8940
U100: PSNR(Y)=30.504, SSIM(Y)=0.9106
M109: PSNR(Y)=37.306, SSIM(Y)=0.9732
Epoch 212/300: Training loss=0.018230, lr=4.52e-04
Epoch 212/300: Validation loss=0.022791
Model saved! Best loss: 0.022791
Set5: PSNR(Y)=37.419, SSIM(Y)=0.9582
Set14: PSNR(Y)=33.016, SSIM(Y)=0.9118
B100: PSNR(Y)=31.751, SSIM(Y)=0.8940
U100: PSNR(Y)=30.505, SSIM(Y)=0.9107
M109: PSNR(Y)=37.305, SSIM(Y)=0.9732
Epoch 213/300: Training loss=0.018240, lr=4.43e-04
Epoch 213/300: Validation loss=0.022792
Epoch 214/300: Training loss=0.018215, lr=4.34e-04
Epoch 214/300: Validation loss=0.022791
Model saved! Best loss: 0.022791
Set5: PSNR(Y)=37.417, SSIM(Y)=0.9582
Set14: PSNR(Y)=33.012, SSIM(Y)=0.9118
B100: PSNR(Y)=31.751, SSIM(Y)=0.8940
U100: PSNR(Y)=30.506, SSIM(Y)=0.9107
M109: PSNR(Y)=37.307, SSIM(Y)=0.9732
Epoch 215/300: Training loss=0.018239, lr=4.25e-04
Epoch 215/300: Validation loss=0.022791
Epoch 216/300: Training loss=0.018228, lr=4.16e-04
Epoch 216/300: Validation loss=0.022790
Model saved! Best loss: 0.022790
Set5: PSNR(Y)=37.417, SSIM(Y)=0.9582
Set14: PSNR(Y)=33.013, SSIM(Y)=0.9118
B100: PSNR(Y)=31.751, SSIM(Y)=0.8941
U100: PSNR(Y)=30.506, SSIM(Y)=0.9107
M109: PSNR(Y)=37.307, SSIM(Y)=0.9732
Epoch 217/300: Training loss=0.018216, lr=4.07e-04
Epoch 217/300: Validation loss=0.022789
Model saved! Best loss: 0.022789
Set5: PSNR(Y)=37.418, SSIM(Y)=0.9582
Set14: PSNR(Y)=33.013, SSIM(Y)=0.9117
B100: PSNR(Y)=31.752, SSIM(Y)=0.8941
U100: PSNR(Y)=30.507, SSIM(Y)=0.9107
M109: PSNR(Y)=37.307, SSIM(Y)=0.9732
Epoch 218/300: Training loss=0.018216, lr=3.98e-04
Epoch 218/300: Validation loss=0.022789
Epoch 219/300: Training loss=0.018238, lr=3.90e-04
Epoch 219/300: Validation loss=0.022789
Model saved! Best loss: 0.022789
Set5: PSNR(Y)=37.418, SSIM(Y)=0.9582
Set14: PSNR(Y)=33.019, SSIM(Y)=0.9118
B100: PSNR(Y)=31.752, SSIM(Y)=0.8941
U100: PSNR(Y)=30.506, SSIM(Y)=0.9107
M109: PSNR(Y)=37.308, SSIM(Y)=0.9732
Epoch 220/300: Training loss=0.018238, lr=3.81e-04
Epoch 220/300: Validation loss=0.022788
Model saved! Best loss: 0.022788
Set5: PSNR(Y)=37.418, SSIM(Y)=0.9582
Set14: PSNR(Y)=33.021, SSIM(Y)=0.9118
B100: PSNR(Y)=31.752, SSIM(Y)=0.8941
U100: PSNR(Y)=30.506, SSIM(Y)=0.9107
M109: PSNR(Y)=37.306, SSIM(Y)=0.9732
Epoch 221/300: Training loss=0.018225, lr=3.72e-04
Epoch 221/300: Validation loss=0.022788
Model saved! Best loss: 0.022788
Set5: PSNR(Y)=37.417, SSIM(Y)=0.9582
Set14: PSNR(Y)=33.018, SSIM(Y)=0.9118
B100: PSNR(Y)=31.752, SSIM(Y)=0.8941
U100: PSNR(Y)=30.507, SSIM(Y)=0.9107
M109: PSNR(Y)=37.306, SSIM(Y)=0.9732
Epoch 222/300: Training loss=0.018235, lr=3.64e-04
Epoch 222/300: Validation loss=0.022788
Epoch 223/300: Training loss=0.018229, lr=3.56e-04
Epoch 223/300: Validation loss=0.022786
Model saved! Best loss: 0.022786
Set5: PSNR(Y)=37.417, SSIM(Y)=0.9582
Set14: PSNR(Y)=33.015, SSIM(Y)=0.9118
B100: PSNR(Y)=31.752, SSIM(Y)=0.8941
U100: PSNR(Y)=30.508, SSIM(Y)=0.9107
M109: PSNR(Y)=37.308, SSIM(Y)=0.9733
Epoch 224/300: Training loss=0.018218, lr=3.47e-04
Epoch 224/300: Validation loss=0.022786
Model saved! Best loss: 0.022786
Set5: PSNR(Y)=37.418, SSIM(Y)=0.9582
Set14: PSNR(Y)=33.014, SSIM(Y)=0.9118
B100: PSNR(Y)=31.752, SSIM(Y)=0.8941
U100: PSNR(Y)=30.508, SSIM(Y)=0.9107
M109: PSNR(Y)=37.308, SSIM(Y)=0.9733
Epoch 225/300: Training loss=0.018218, lr=3.39e-04
Epoch 225/300: Validation loss=0.022786
Model saved! Best loss: 0.022786
Set5: PSNR(Y)=37.419, SSIM(Y)=0.9582
Set14: PSNR(Y)=33.015, SSIM(Y)=0.9118
B100: PSNR(Y)=31.752, SSIM(Y)=0.8941
U100: PSNR(Y)=30.508, SSIM(Y)=0.9107
M109: PSNR(Y)=37.309, SSIM(Y)=0.9733
Epoch 226/300: Training loss=0.018235, lr=3.31e-04
Epoch 226/300: Validation loss=0.022783
Model saved! Best loss: 0.022783
Set5: PSNR(Y)=37.420, SSIM(Y)=0.9582
Set14: PSNR(Y)=33.019, SSIM(Y)=0.9118
B100: PSNR(Y)=31.753, SSIM(Y)=0.8941
U100: PSNR(Y)=30.509, SSIM(Y)=0.9107
M109: PSNR(Y)=37.310, SSIM(Y)=0.9733
Epoch 227/300: Training loss=0.018208, lr=3.23e-04
Epoch 227/300: Validation loss=0.022784
Epoch 228/300: Training loss=0.018231, lr=3.15e-04
Epoch 228/300: Validation loss=0.022784
Epoch 229/300: Training loss=0.018221, lr=3.07e-04
Epoch 229/300: Validation loss=0.022783
Model saved! Best loss: 0.022783
Set5: PSNR(Y)=37.418, SSIM(Y)=0.9582
Set14: PSNR(Y)=33.021, SSIM(Y)=0.9118
B100: PSNR(Y)=31.753, SSIM(Y)=0.8941
U100: PSNR(Y)=30.509, SSIM(Y)=0.9107
M109: PSNR(Y)=37.311, SSIM(Y)=0.9733
Epoch 230/300: Training loss=0.018218, lr=2.99e-04
Epoch 230/300: Validation loss=0.022783
Model saved! Best loss: 0.022783
Set5: PSNR(Y)=37.420, SSIM(Y)=0.9582
Set14: PSNR(Y)=33.021, SSIM(Y)=0.9119
B100: PSNR(Y)=31.753, SSIM(Y)=0.8941
U100: PSNR(Y)=30.510, SSIM(Y)=0.9107
M109: PSNR(Y)=37.309, SSIM(Y)=0.9733
Epoch 231/300: Training loss=0.018218, lr=2.92e-04
Epoch 231/300: Validation loss=0.022782
Model saved! Best loss: 0.022782
Set5: PSNR(Y)=37.419, SSIM(Y)=0.9582
Set14: PSNR(Y)=33.022, SSIM(Y)=0.9119
B100: PSNR(Y)=31.753, SSIM(Y)=0.8941
U100: PSNR(Y)=30.511, SSIM(Y)=0.9107
M109: PSNR(Y)=37.307, SSIM(Y)=0.9733
Epoch 232/300: Training loss=0.018225, lr=2.84e-04
Epoch 232/300: Validation loss=0.022781
Model saved! Best loss: 0.022781
Set5: PSNR(Y)=37.420, SSIM(Y)=0.9582
Set14: PSNR(Y)=33.020, SSIM(Y)=0.9118
B100: PSNR(Y)=31.753, SSIM(Y)=0.8941
U100: PSNR(Y)=30.512, SSIM(Y)=0.9107
M109: PSNR(Y)=37.309, SSIM(Y)=0.9733
Epoch 233/300: Training loss=0.018217, lr=2.77e-04
Epoch 233/300: Validation loss=0.022782
Epoch 234/300: Training loss=0.018217, lr=2.69e-04
Epoch 234/300: Validation loss=0.022780
Model saved! Best loss: 0.022780
Set5: PSNR(Y)=37.419, SSIM(Y)=0.9582
Set14: PSNR(Y)=33.021, SSIM(Y)=0.9119
B100: PSNR(Y)=31.754, SSIM(Y)=0.8941
U100: PSNR(Y)=30.511, SSIM(Y)=0.9107
M109: PSNR(Y)=37.310, SSIM(Y)=0.9733
Epoch 235/300: Training loss=0.018193, lr=2.62e-04
Epoch 235/300: Validation loss=0.022780
Model saved! Best loss: 0.022780
Set5: PSNR(Y)=37.418, SSIM(Y)=0.9582
Set14: PSNR(Y)=33.021, SSIM(Y)=0.9119
B100: PSNR(Y)=31.754, SSIM(Y)=0.8941
U100: PSNR(Y)=30.511, SSIM(Y)=0.9108
M109: PSNR(Y)=37.310, SSIM(Y)=0.9733
Epoch 236/300: Training loss=0.018219, lr=2.55e-04
Epoch 236/300: Validation loss=0.022780
Model saved! Best loss: 0.022780
Set5: PSNR(Y)=37.419, SSIM(Y)=0.9582
Set14: PSNR(Y)=33.020, SSIM(Y)=0.9118
B100: PSNR(Y)=31.754, SSIM(Y)=0.8941
U100: PSNR(Y)=30.512, SSIM(Y)=0.9108
M109: PSNR(Y)=37.311, SSIM(Y)=0.9733
Epoch 237/300: Training loss=0.018218, lr=2.48e-04
Epoch 237/300: Validation loss=0.022780
Epoch 238/300: Training loss=0.018202, lr=2.40e-04
Epoch 238/300: Validation loss=0.022780
Epoch 239/300: Training loss=0.018209, lr=2.33e-04
Epoch 239/300: Validation loss=0.022780
Epoch 240/300: Training loss=0.018210, lr=2.27e-04
Epoch 240/300: Validation loss=0.022778
Model saved! Best loss: 0.022778
Set5: PSNR(Y)=37.421, SSIM(Y)=0.9582
Set14: PSNR(Y)=33.021, SSIM(Y)=0.9119
B100: PSNR(Y)=31.754, SSIM(Y)=0.8941
U100: PSNR(Y)=30.513, SSIM(Y)=0.9108
M109: PSNR(Y)=37.310, SSIM(Y)=0.9733
Epoch 241/300: Training loss=0.018208, lr=2.20e-04
Epoch 241/300: Validation loss=0.022778
Model saved! Best loss: 0.022778
Set5: PSNR(Y)=37.420, SSIM(Y)=0.9582
Set14: PSNR(Y)=33.020, SSIM(Y)=0.9119
B100: PSNR(Y)=31.754, SSIM(Y)=0.8941
U100: PSNR(Y)=30.512, SSIM(Y)=0.9108
M109: PSNR(Y)=37.310, SSIM(Y)=0.9733
Epoch 242/300: Training loss=0.018206, lr=2.13e-04
Epoch 242/300: Validation loss=0.022779
Epoch 243/300: Training loss=0.018218, lr=2.07e-04
Epoch 243/300: Validation loss=0.022778
Model saved! Best loss: 0.022778
Set5: PSNR(Y)=37.419, SSIM(Y)=0.9582
Set14: PSNR(Y)=33.020, SSIM(Y)=0.9119
B100: PSNR(Y)=31.754, SSIM(Y)=0.8941
U100: PSNR(Y)=30.513, SSIM(Y)=0.9108
M109: PSNR(Y)=37.310, SSIM(Y)=0.9733
Epoch 244/300: Training loss=0.018208, lr=2.00e-04
Epoch 244/300: Validation loss=0.022776
Model saved! Best loss: 0.022776
Set5: PSNR(Y)=37.420, SSIM(Y)=0.9582
Set14: PSNR(Y)=33.020, SSIM(Y)=0.9119
B100: PSNR(Y)=31.754, SSIM(Y)=0.8941
U100: PSNR(Y)=30.513, SSIM(Y)=0.9108
M109: PSNR(Y)=37.311, SSIM(Y)=0.9733
Epoch 245/300: Training loss=0.018205, lr=1.94e-04
Epoch 245/300: Validation loss=0.022776
Epoch 246/300: Training loss=0.018213, lr=1.87e-04
Epoch 246/300: Validation loss=0.022777
Epoch 247/300: Training loss=0.018206, lr=1.81e-04
Epoch 247/300: Validation loss=0.022776
Model saved! Best loss: 0.022776
Set5: PSNR(Y)=37.421, SSIM(Y)=0.9582
Set14: PSNR(Y)=33.023, SSIM(Y)=0.9119
B100: PSNR(Y)=31.755, SSIM(Y)=0.8941
U100: PSNR(Y)=30.513, SSIM(Y)=0.9108
M109: PSNR(Y)=37.310, SSIM(Y)=0.9733
Epoch 248/300: Training loss=0.018198, lr=1.75e-04
Epoch 248/300: Validation loss=0.022777
Epoch 249/300: Training loss=0.018204, lr=1.69e-04
Epoch 249/300: Validation loss=0.022776
Model saved! Best loss: 0.022776
Set5: PSNR(Y)=37.420, SSIM(Y)=0.9582
Set14: PSNR(Y)=33.021, SSIM(Y)=0.9119
B100: PSNR(Y)=31.754, SSIM(Y)=0.8941
U100: PSNR(Y)=30.514, SSIM(Y)=0.9108
M109: PSNR(Y)=37.310, SSIM(Y)=0.9733
Epoch 250/300: Training loss=0.018205, lr=1.63e-04
Epoch 250/300: Validation loss=0.022775
Model saved! Best loss: 0.022775
Set5: PSNR(Y)=37.420, SSIM(Y)=0.9582
Set14: PSNR(Y)=33.019, SSIM(Y)=0.9118
B100: PSNR(Y)=31.754, SSIM(Y)=0.8941
U100: PSNR(Y)=30.514, SSIM(Y)=0.9108
M109: PSNR(Y)=37.311, SSIM(Y)=0.9733
Epoch 251/300: Training loss=0.018198, lr=1.57e-04
Epoch 251/300: Validation loss=0.022776
Epoch 252/300: Training loss=0.018205, lr=1.52e-04
Epoch 252/300: Validation loss=0.022774
Model saved! Best loss: 0.022774
Set5: PSNR(Y)=37.420, SSIM(Y)=0.9582
Set14: PSNR(Y)=33.018, SSIM(Y)=0.9118
B100: PSNR(Y)=31.754, SSIM(Y)=0.8941
U100: PSNR(Y)=30.515, SSIM(Y)=0.9108
M109: PSNR(Y)=37.312, SSIM(Y)=0.9733
Epoch 253/300: Training loss=0.018200, lr=1.46e-04
Epoch 253/300: Validation loss=0.022774
Model saved! Best loss: 0.022774
Set5: PSNR(Y)=37.420, SSIM(Y)=0.9582
Set14: PSNR(Y)=33.020, SSIM(Y)=0.9118
B100: PSNR(Y)=31.755, SSIM(Y)=0.8941
U100: PSNR(Y)=30.515, SSIM(Y)=0.9108
M109: PSNR(Y)=37.312, SSIM(Y)=0.9733
Epoch 254/300: Training loss=0.018199, lr=1.41e-04
Epoch 254/300: Validation loss=0.022774
Model saved! Best loss: 0.022774
Set5: PSNR(Y)=37.421, SSIM(Y)=0.9582
Set14: PSNR(Y)=33.020, SSIM(Y)=0.9118
B100: PSNR(Y)=31.755, SSIM(Y)=0.8941
U100: PSNR(Y)=30.515, SSIM(Y)=0.9108
M109: PSNR(Y)=37.312, SSIM(Y)=0.9733
Epoch 255/300: Training loss=0.018192, lr=1.35e-04
Epoch 255/300: Validation loss=0.022773
Model saved! Best loss: 0.022773
Set5: PSNR(Y)=37.421, SSIM(Y)=0.9582
Set14: PSNR(Y)=33.022, SSIM(Y)=0.9118
B100: PSNR(Y)=31.755, SSIM(Y)=0.8941
U100: PSNR(Y)=30.516, SSIM(Y)=0.9108
M109: PSNR(Y)=37.311, SSIM(Y)=0.9733
Epoch 256/300: Training loss=0.018203, lr=1.30e-04
Epoch 256/300: Validation loss=0.022773
Model saved! Best loss: 0.022773
Set5: PSNR(Y)=37.420, SSIM(Y)=0.9582
Set14: PSNR(Y)=33.022, SSIM(Y)=0.9118
B100: PSNR(Y)=31.755, SSIM(Y)=0.8941
U100: PSNR(Y)=30.516, SSIM(Y)=0.9108
M109: PSNR(Y)=37.311, SSIM(Y)=0.9733
Epoch 257/300: Training loss=0.018200, lr=1.25e-04
Epoch 257/300: Validation loss=0.022773
Model saved! Best loss: 0.022773
Set5: PSNR(Y)=37.422, SSIM(Y)=0.9582
Set14: PSNR(Y)=33.022, SSIM(Y)=0.9118
B100: PSNR(Y)=31.755, SSIM(Y)=0.8941
U100: PSNR(Y)=30.516, SSIM(Y)=0.9108
M109: PSNR(Y)=37.312, SSIM(Y)=0.9733
Epoch 258/300: Training loss=0.018198, lr=1.20e-04
Epoch 258/300: Validation loss=0.022773
Epoch 259/300: Training loss=0.018213, lr=1.15e-04
Epoch 259/300: Validation loss=0.022773
Epoch 260/300: Training loss=0.018206, lr=1.10e-04
Epoch 260/300: Validation loss=0.022772
Model saved! Best loss: 0.022772
Set5: PSNR(Y)=37.422, SSIM(Y)=0.9582
Set14: PSNR(Y)=33.020, SSIM(Y)=0.9118
B100: PSNR(Y)=31.755, SSIM(Y)=0.8941
U100: PSNR(Y)=30.517, SSIM(Y)=0.9108
M109: PSNR(Y)=37.312, SSIM(Y)=0.9733
Epoch 261/300: Training loss=0.018198, lr=1.05e-04
Epoch 261/300: Validation loss=0.022772
Model saved! Best loss: 0.022772
Set5: PSNR(Y)=37.421, SSIM(Y)=0.9582
Set14: PSNR(Y)=33.022, SSIM(Y)=0.9119
B100: PSNR(Y)=31.756, SSIM(Y)=0.8941
U100: PSNR(Y)=30.517, SSIM(Y)=0.9108
M109: PSNR(Y)=37.312, SSIM(Y)=0.9733
Epoch 262/300: Training loss=0.018199, lr=1.01e-04
Epoch 262/300: Validation loss=0.022772
Epoch 263/300: Training loss=0.018191, lr=9.60e-05
Epoch 263/300: Validation loss=0.022772
Model saved! Best loss: 0.022772
Set5: PSNR(Y)=37.421, SSIM(Y)=0.9582
Set14: PSNR(Y)=33.023, SSIM(Y)=0.9119
B100: PSNR(Y)=31.756, SSIM(Y)=0.8941
U100: PSNR(Y)=30.517, SSIM(Y)=0.9108
M109: PSNR(Y)=37.311, SSIM(Y)=0.9733
Epoch 264/300: Training loss=0.018195, lr=9.16e-05
Epoch 264/300: Validation loss=0.022771
Model saved! Best loss: 0.022771
Set5: PSNR(Y)=37.421, SSIM(Y)=0.9582
Set14: PSNR(Y)=33.022, SSIM(Y)=0.9119
B100: PSNR(Y)=31.755, SSIM(Y)=0.8941
U100: PSNR(Y)=30.518, SSIM(Y)=0.9108
M109: PSNR(Y)=37.310, SSIM(Y)=0.9733
Epoch 265/300: Training loss=0.018201, lr=8.73e-05
Epoch 265/300: Validation loss=0.022771
Model saved! Best loss: 0.022771
Set5: PSNR(Y)=37.422, SSIM(Y)=0.9582
Set14: PSNR(Y)=33.024, SSIM(Y)=0.9119
B100: PSNR(Y)=31.756, SSIM(Y)=0.8941
U100: PSNR(Y)=30.518, SSIM(Y)=0.9108
M109: PSNR(Y)=37.311, SSIM(Y)=0.9733
Epoch 266/300: Training loss=0.018191, lr=8.31e-05
Epoch 266/300: Validation loss=0.022771
Epoch 267/300: Training loss=0.018193, lr=7.91e-05
Epoch 267/300: Validation loss=0.022771
Epoch 268/300: Training loss=0.018200, lr=7.51e-05
Epoch 268/300: Validation loss=0.022771
Epoch 269/300: Training loss=0.018202, lr=7.13e-05
Epoch 269/300: Validation loss=0.022771
Epoch 270/300: Training loss=0.018187, lr=6.75e-05
Epoch 270/300: Validation loss=0.022770
Model saved! Best loss: 0.022770
Set5: PSNR(Y)=37.421, SSIM(Y)=0.9582
Set14: PSNR(Y)=33.022, SSIM(Y)=0.9119
B100: PSNR(Y)=31.756, SSIM(Y)=0.8941
U100: PSNR(Y)=30.518, SSIM(Y)=0.9108
M109: PSNR(Y)=37.312, SSIM(Y)=0.9733
Epoch 271/300: Training loss=0.018193, lr=6.39e-05
Epoch 271/300: Validation loss=0.022770
Model saved! Best loss: 0.022770
Set5: PSNR(Y)=37.421, SSIM(Y)=0.9582
Set14: PSNR(Y)=33.022, SSIM(Y)=0.9119
B100: PSNR(Y)=31.756, SSIM(Y)=0.8941
U100: PSNR(Y)=30.518, SSIM(Y)=0.9108
M109: PSNR(Y)=37.312, SSIM(Y)=0.9733
Epoch 272/300: Training loss=0.018189, lr=6.04e-05
Epoch 272/300: Validation loss=0.022769
Model saved! Best loss: 0.022769
Set5: PSNR(Y)=37.422, SSIM(Y)=0.9582
Set14: PSNR(Y)=33.024, SSIM(Y)=0.9119
B100: PSNR(Y)=31.756, SSIM(Y)=0.8941
U100: PSNR(Y)=30.518, SSIM(Y)=0.9108
M109: PSNR(Y)=37.313, SSIM(Y)=0.9733
Epoch 273/300: Training loss=0.018197, lr=5.70e-05
Epoch 273/300: Validation loss=0.022770
Epoch 274/300: Training loss=0.018193, lr=5.37e-05
Epoch 274/300: Validation loss=0.022770
Epoch 275/300: Training loss=0.018194, lr=5.06e-05
Epoch 275/300: Validation loss=0.022770
Epoch 276/300: Training loss=0.018199, lr=4.75e-05
Epoch 276/300: Validation loss=0.022769
Model saved! Best loss: 0.022769
Set5: PSNR(Y)=37.422, SSIM(Y)=0.9582
Set14: PSNR(Y)=33.023, SSIM(Y)=0.9119
B100: PSNR(Y)=31.756, SSIM(Y)=0.8941
U100: PSNR(Y)=30.519, SSIM(Y)=0.9108
M109: PSNR(Y)=37.311, SSIM(Y)=0.9733
Epoch 277/300: Training loss=0.018187, lr=4.46e-05
Epoch 277/300: Validation loss=0.022769
Model saved! Best loss: 0.022769
Set5: PSNR(Y)=37.423, SSIM(Y)=0.9582
Set14: PSNR(Y)=33.023, SSIM(Y)=0.9118
B100: PSNR(Y)=31.756, SSIM(Y)=0.8941
U100: PSNR(Y)=30.520, SSIM(Y)=0.9108
M109: PSNR(Y)=37.313, SSIM(Y)=0.9733
Epoch 278/300: Training loss=0.018190, lr=4.18e-05
Epoch 278/300: Validation loss=0.022768
Model saved! Best loss: 0.022768
Set5: PSNR(Y)=37.423, SSIM(Y)=0.9582
Set14: PSNR(Y)=33.023, SSIM(Y)=0.9119
B100: PSNR(Y)=31.756, SSIM(Y)=0.8941
U100: PSNR(Y)=30.519, SSIM(Y)=0.9108
M109: PSNR(Y)=37.313, SSIM(Y)=0.9733
Epoch 279/300: Training loss=0.018197, lr=3.91e-05
Epoch 279/300: Validation loss=0.022768
Model saved! Best loss: 0.022768
Set5: PSNR(Y)=37.422, SSIM(Y)=0.9582
Set14: PSNR(Y)=33.024, SSIM(Y)=0.9119
B100: PSNR(Y)=31.756, SSIM(Y)=0.8941
U100: PSNR(Y)=30.519, SSIM(Y)=0.9109
M109: PSNR(Y)=37.313, SSIM(Y)=0.9733
Epoch 280/300: Training loss=0.018191, lr=3.65e-05
Epoch 280/300: Validation loss=0.022769
Epoch 281/300: Training loss=0.018199, lr=3.41e-05
Epoch 281/300: Validation loss=0.022768
Epoch 282/300: Training loss=0.018187, lr=3.17e-05
Epoch 282/300: Validation loss=0.022768
Epoch 283/300: Training loss=0.018191, lr=2.95e-05
Epoch 283/300: Validation loss=0.022767
Model saved! Best loss: 0.022767
Set5: PSNR(Y)=37.422, SSIM(Y)=0.9582
Set14: PSNR(Y)=33.023, SSIM(Y)=0.9119
B100: PSNR(Y)=31.756, SSIM(Y)=0.8941
U100: PSNR(Y)=30.521, SSIM(Y)=0.9109
M109: PSNR(Y)=37.311, SSIM(Y)=0.9733
Epoch 284/300: Training loss=0.018195, lr=2.74e-05
Epoch 284/300: Validation loss=0.022767
Model saved! Best loss: 0.022767
Set5: PSNR(Y)=37.422, SSIM(Y)=0.9582
Set14: PSNR(Y)=33.023, SSIM(Y)=0.9119
B100: PSNR(Y)=31.756, SSIM(Y)=0.8941
U100: PSNR(Y)=30.521, SSIM(Y)=0.9109
M109: PSNR(Y)=37.311, SSIM(Y)=0.9733
Epoch 285/300: Training loss=0.018183, lr=2.54e-05
Epoch 285/300: Validation loss=0.022768
Epoch 286/300: Training loss=0.018188, lr=2.36e-05
Epoch 286/300: Validation loss=0.022767
Epoch 287/300: Training loss=0.018174, lr=2.18e-05
Epoch 287/300: Validation loss=0.022768
Epoch 288/300: Training loss=0.018200, lr=2.02e-05
Epoch 288/300: Validation loss=0.022767
Epoch 289/300: Training loss=0.018189, lr=1.87e-05
Epoch 289/300: Validation loss=0.022767
Epoch 290/300: Training loss=0.018187, lr=1.73e-05
Epoch 290/300: Validation loss=0.022767
Model saved! Best loss: 0.022767
Set5: PSNR(Y)=37.422, SSIM(Y)=0.9582
Set14: PSNR(Y)=33.023, SSIM(Y)=0.9119
B100: PSNR(Y)=31.757, SSIM(Y)=0.8941
U100: PSNR(Y)=30.522, SSIM(Y)=0.9109
M109: PSNR(Y)=37.309, SSIM(Y)=0.9733
Epoch 291/300: Training loss=0.018193, lr=1.60e-05
Epoch 291/300: Validation loss=0.022767
Model saved! Best loss: 0.022767
Set5: PSNR(Y)=37.422, SSIM(Y)=0.9582
Set14: PSNR(Y)=33.022, SSIM(Y)=0.9119
B100: PSNR(Y)=31.757, SSIM(Y)=0.8941
U100: PSNR(Y)=30.522, SSIM(Y)=0.9109
M109: PSNR(Y)=37.309, SSIM(Y)=0.9733
Epoch 292/300: Training loss=0.018202, lr=1.49e-05
Epoch 292/300: Validation loss=0.022767
Model saved! Best loss: 0.022767
Set5: PSNR(Y)=37.423, SSIM(Y)=0.9582
Set14: PSNR(Y)=33.022, SSIM(Y)=0.9119
B100: PSNR(Y)=31.757, SSIM(Y)=0.8941
U100: PSNR(Y)=30.522, SSIM(Y)=0.9109
M109: PSNR(Y)=37.309, SSIM(Y)=0.9733
Epoch 293/300: Training loss=0.018194, lr=1.39e-05
Epoch 293/300: Validation loss=0.022767
Epoch 294/300: Training loss=0.018191, lr=1.30e-05
Epoch 294/300: Validation loss=0.022767
Epoch 295/300: Training loss=0.018191, lr=1.22e-05
Epoch 295/300: Validation loss=0.022768
Epoch 296/300: Training loss=0.018185, lr=1.15e-05
Epoch 296/300: Validation loss=0.022767
Model saved! Best loss: 0.022767
Set5: PSNR(Y)=37.423, SSIM(Y)=0.9582
Set14: PSNR(Y)=33.022, SSIM(Y)=0.9119
B100: PSNR(Y)=31.757, SSIM(Y)=0.8941
U100: PSNR(Y)=30.522, SSIM(Y)=0.9109
M109: PSNR(Y)=37.308, SSIM(Y)=0.9733
Epoch 297/300: Training loss=0.018195, lr=1.10e-05
Epoch 297/300: Validation loss=0.022766
Model saved! Best loss: 0.022766
Set5: PSNR(Y)=37.423, SSIM(Y)=0.9582
Set14: PSNR(Y)=33.023, SSIM(Y)=0.9119
B100: PSNR(Y)=31.757, SSIM(Y)=0.8941
U100: PSNR(Y)=30.523, SSIM(Y)=0.9109
M109: PSNR(Y)=37.308, SSIM(Y)=0.9733
Epoch 298/300: Training loss=0.018194, lr=1.05e-05
Epoch 298/300: Validation loss=0.022767
Epoch 299/300: Training loss=0.018193, lr=1.02e-05
Epoch 299/300: Validation loss=0.022766
Model saved! Best loss: 0.022766
Set5: PSNR(Y)=37.423, SSIM(Y)=0.9582
Set14: PSNR(Y)=33.023, SSIM(Y)=0.9119
B100: PSNR(Y)=31.757, SSIM(Y)=0.8941
U100: PSNR(Y)=30.523, SSIM(Y)=0.9109
M109: PSNR(Y)=37.308, SSIM(Y)=0.9733
Epoch 300/300: Training loss=0.018188, lr=1.01e-05
Epoch 300/300: Validation loss=0.022766
==================================================
Training Finished
==================================================
==================================================
Testing Best Model
==================================================
Set5: PSNR(Y)=37.423, SSIM(Y)=0.9582
Set14: PSNR(Y)=33.023, SSIM(Y)=0.9119
B100: PSNR(Y)=31.757, SSIM(Y)=0.8941
U100: PSNR(Y)=30.523, SSIM(Y)=0.9109
M109: PSNR(Y)=37.308, SSIM(Y)=0.9733
==================================================
Testing Bicubic Interpolation
==================================================
Set5: PSNR(Y)=33.977, SSIM(Y)=0.9332
Set14: PSNR(Y)=30.522, SSIM(Y)=0.8746
B100: PSNR(Y)=29.703, SSIM(Y)=0.8490
U100: PSNR(Y)=27.048, SSIM(Y)=0.8448
M109: PSNR(Y)=31.150, SSIM(Y)=0.9374
