使用设备: cuda
模型总参数量: 13,888
==================================================
Training Started
==================================================
实验名称: DPSR_x2_0326_1440
放大倍数: 2
批次大小: 64
学习率: 0.0015
最小学习率: 5e-05
训练轮数: 150
设备: cuda
模型参数数量: 13,888
训练批次: 1110
==================================================
Begin Training
Epoch 1/150: Training loss=0.026740, lr=3.00e-04
Epoch 1/150: Validation loss=0.020432
Model saved! Best loss: 0.020432
Set5: PSNR(Y)=34.888, SSIM(Y)=0.9426
Set5-C16: PSNR(Y)=27.640, SSIM(Y)=0.6782
Epoch 2/150: Training loss=0.022579, lr=3.80e-04
Epoch 2/150: Validation loss=0.019701
Model saved! Best loss: 0.019701
Set5: PSNR(Y)=35.193, SSIM(Y)=0.9447
Set5-C16: PSNR(Y)=28.150, SSIM(Y)=0.6992
Epoch 3/150: Training loss=0.022215, lr=4.60e-04
Epoch 3/150: Validation loss=0.019457
Model saved! Best loss: 0.019457
Set5: PSNR(Y)=35.278, SSIM(Y)=0.9453
Set5-C16: PSNR(Y)=28.829, SSIM(Y)=0.7283
Epoch 4/150: Training loss=0.022079, lr=5.40e-04
Epoch 4/150: Validation loss=0.019115
Model saved! Best loss: 0.019115
Set5: PSNR(Y)=35.378, SSIM(Y)=0.9462
Set5-C16: PSNR(Y)=29.517, SSIM(Y)=0.7593
Epoch 5/150: Training loss=0.021762, lr=6.20e-04
Epoch 5/150: Validation loss=0.018613
Model saved! Best loss: 0.018613
Set5: PSNR(Y)=35.568, SSIM(Y)=0.9478
Set5-C16: PSNR(Y)=30.174, SSIM(Y)=0.7890
Epoch 6/150: Training loss=0.022417, lr=7.00e-04
Epoch 6/150: Validation loss=0.018347
Model saved! Best loss: 0.018347
Set5: PSNR(Y)=35.684, SSIM(Y)=0.9487
Set5-C16: PSNR(Y)=34.322, SSIM(Y)=0.9384
Epoch 7/150: Training loss=0.021796, lr=7.80e-04
Epoch 7/150: Validation loss=0.017953
Model saved! Best loss: 0.017953
Set5: PSNR(Y)=35.891, SSIM(Y)=0.9500
Set5-C16: PSNR(Y)=35.109, SSIM(Y)=0.9450
Epoch 8/150: Training loss=0.021467, lr=8.60e-04
Epoch 8/150: Validation loss=0.017538
Model saved! Best loss: 0.017538
Set5: PSNR(Y)=36.109, SSIM(Y)=0.9514
Set5-C16: PSNR(Y)=35.435, SSIM(Y)=0.9469
Epoch 9/150: Training loss=0.021305, lr=9.40e-04
Epoch 9/150: Validation loss=0.017175
Model saved! Best loss: 0.017175
Set5: PSNR(Y)=36.296, SSIM(Y)=0.9525
Set5-C16: PSNR(Y)=35.654, SSIM(Y)=0.9486
Epoch 10/150: Training loss=0.021092, lr=1.02e-03
Epoch 10/150: Validation loss=0.016892
Model saved! Best loss: 0.016892
Set5: PSNR(Y)=36.431, SSIM(Y)=0.9534
Set5-C16: PSNR(Y)=35.833, SSIM(Y)=0.9500
Epoch 11/150: Training loss=0.021023, lr=1.10e-03
Epoch 11/150: Validation loss=0.016672
Model saved! Best loss: 0.016672
Set5: PSNR(Y)=36.527, SSIM(Y)=0.9540
Set5-C16: PSNR(Y)=35.988, SSIM(Y)=0.9511
Epoch 12/150: Training loss=0.020878, lr=1.18e-03
Epoch 12/150: Validation loss=0.016510
Model saved! Best loss: 0.016510
Set5: PSNR(Y)=36.602, SSIM(Y)=0.9544
Set5-C16: PSNR(Y)=36.111, SSIM(Y)=0.9520
Epoch 13/150: Training loss=0.020763, lr=1.26e-03
Epoch 13/150: Validation loss=0.016391
Model saved! Best loss: 0.016391
Set5: PSNR(Y)=36.661, SSIM(Y)=0.9547
Set5-C16: PSNR(Y)=36.204, SSIM(Y)=0.9525
Epoch 14/150: Training loss=0.020754, lr=1.34e-03
Epoch 14/150: Validation loss=0.016294
Model saved! Best loss: 0.016294
Set5: PSNR(Y)=36.709, SSIM(Y)=0.9550
Set5-C16: PSNR(Y)=36.271, SSIM(Y)=0.9530
Epoch 15/150: Training loss=0.020617, lr=1.42e-03
Epoch 15/150: Validation loss=0.016199
Model saved! Best loss: 0.016199
Set5: PSNR(Y)=36.757, SSIM(Y)=0.9552
Set5-C16: PSNR(Y)=36.324, SSIM(Y)=0.9533
Epoch 16/150: Training loss=0.020576, lr=1.50e-03
Epoch 16/150: Validation loss=0.016113
Model saved! Best loss: 0.016113
Set5: PSNR(Y)=36.803, SSIM(Y)=0.9554
Set5-C16: PSNR(Y)=36.367, SSIM(Y)=0.9536
Epoch 17/150: Training loss=0.020552, lr=1.50e-03
Epoch 17/150: Validation loss=0.016045
Model saved! Best loss: 0.016045
Set5: PSNR(Y)=36.831, SSIM(Y)=0.9556
Set5-C16: PSNR(Y)=36.398, SSIM(Y)=0.9537
Epoch 18/150: Training loss=0.020530, lr=1.50e-03
Epoch 18/150: Validation loss=0.015982
Model saved! Best loss: 0.015982
Set5: PSNR(Y)=36.857, SSIM(Y)=0.9557
Set5-C16: PSNR(Y)=36.426, SSIM(Y)=0.9539
Epoch 19/150: Training loss=0.020438, lr=1.50e-03
Epoch 19/150: Validation loss=0.015936
Model saved! Best loss: 0.015936
Set5: PSNR(Y)=36.875, SSIM(Y)=0.9558
Set5-C16: PSNR(Y)=36.446, SSIM(Y)=0.9540
Epoch 20/150: Training loss=0.020467, lr=1.50e-03
Epoch 20/150: Validation loss=0.015896
Model saved! Best loss: 0.015896
Set5: PSNR(Y)=36.888, SSIM(Y)=0.9559
Set5-C16: PSNR(Y)=36.462, SSIM(Y)=0.9541
Epoch 21/150: Training loss=0.020411, lr=1.50e-03
Epoch 21/150: Validation loss=0.015855
Model saved! Best loss: 0.015855
Set5: PSNR(Y)=36.907, SSIM(Y)=0.9560
Set5-C16: PSNR(Y)=36.478, SSIM(Y)=0.9542
Epoch 22/150: Training loss=0.020425, lr=1.49e-03
Epoch 22/150: Validation loss=0.015822
Model saved! Best loss: 0.015822
Set5: PSNR(Y)=36.921, SSIM(Y)=0.9561
Set5-C16: PSNR(Y)=36.492, SSIM(Y)=0.9543
Epoch 23/150: Training loss=0.020354, lr=1.49e-03
Epoch 23/150: Validation loss=0.015792
Model saved! Best loss: 0.015792
Set5: PSNR(Y)=36.941, SSIM(Y)=0.9562
Set5-C16: PSNR(Y)=36.507, SSIM(Y)=0.9544
Epoch 24/150: Training loss=0.020338, lr=1.49e-03
Epoch 24/150: Validation loss=0.015752
Model saved! Best loss: 0.015752
Set5: PSNR(Y)=36.962, SSIM(Y)=0.9563
Set5-C16: PSNR(Y)=36.523, SSIM(Y)=0.9545
Epoch 25/150: Training loss=0.020295, lr=1.48e-03
Epoch 25/150: Validation loss=0.015720
Model saved! Best loss: 0.015720
Set5: PSNR(Y)=36.979, SSIM(Y)=0.9564
Set5-C16: PSNR(Y)=36.536, SSIM(Y)=0.9545
Epoch 26/150: Training loss=0.020253, lr=1.48e-03
Epoch 26/150: Validation loss=0.015692
Model saved! Best loss: 0.015692
Set5: PSNR(Y)=36.993, SSIM(Y)=0.9565
Set5-C16: PSNR(Y)=36.550, SSIM(Y)=0.9546
Epoch 27/150: Training loss=0.020251, lr=1.48e-03
Epoch 27/150: Validation loss=0.015666
Model saved! Best loss: 0.015666
Set5: PSNR(Y)=37.009, SSIM(Y)=0.9566
Set5-C16: PSNR(Y)=36.562, SSIM(Y)=0.9547
Epoch 28/150: Training loss=0.020227, lr=1.47e-03
Epoch 28/150: Validation loss=0.015642
Model saved! Best loss: 0.015642
Set5: PSNR(Y)=37.023, SSIM(Y)=0.9566
Set5-C16: PSNR(Y)=36.574, SSIM(Y)=0.9548
Epoch 29/150: Training loss=0.020191, lr=1.47e-03
Epoch 29/150: Validation loss=0.015622
Model saved! Best loss: 0.015622
Set5: PSNR(Y)=37.033, SSIM(Y)=0.9567
Set5-C16: PSNR(Y)=36.580, SSIM(Y)=0.9548
Epoch 30/150: Training loss=0.020231, lr=1.46e-03
Epoch 30/150: Validation loss=0.015608
Model saved! Best loss: 0.015608
Set5: PSNR(Y)=37.041, SSIM(Y)=0.9567
Set5-C16: PSNR(Y)=36.586, SSIM(Y)=0.9549
Epoch 31/150: Training loss=0.020189, lr=1.46e-03
Epoch 31/150: Validation loss=0.015586
Model saved! Best loss: 0.015586
Set5: PSNR(Y)=37.053, SSIM(Y)=0.9568
Set5-C16: PSNR(Y)=36.599, SSIM(Y)=0.9550
Epoch 32/150: Training loss=0.020121, lr=1.45e-03
Epoch 32/150: Validation loss=0.015577
Model saved! Best loss: 0.015577
Set5: PSNR(Y)=37.059, SSIM(Y)=0.9568
Set5-C16: PSNR(Y)=36.609, SSIM(Y)=0.9550
Epoch 33/150: Training loss=0.020131, lr=1.44e-03
Epoch 33/150: Validation loss=0.015563
Model saved! Best loss: 0.015563
Set5: PSNR(Y)=37.068, SSIM(Y)=0.9568
Set5-C16: PSNR(Y)=36.615, SSIM(Y)=0.9551
Epoch 34/150: Training loss=0.020121, lr=1.44e-03
Epoch 34/150: Validation loss=0.015556
Model saved! Best loss: 0.015556
Set5: PSNR(Y)=37.070, SSIM(Y)=0.9568
Set5-C16: PSNR(Y)=36.620, SSIM(Y)=0.9551
Epoch 35/150: Training loss=0.020090, lr=1.43e-03
Epoch 35/150: Validation loss=0.015540
Model saved! Best loss: 0.015540
Set5: PSNR(Y)=37.079, SSIM(Y)=0.9569
Set5-C16: PSNR(Y)=36.628, SSIM(Y)=0.9551
Epoch 36/150: Training loss=0.020137, lr=1.42e-03
Epoch 36/150: Validation loss=0.015525
Model saved! Best loss: 0.015525
Set5: PSNR(Y)=37.086, SSIM(Y)=0.9569
Set5-C16: PSNR(Y)=36.635, SSIM(Y)=0.9552
Epoch 37/150: Training loss=0.020125, lr=1.42e-03
Epoch 37/150: Validation loss=0.015517
Model saved! Best loss: 0.015517
Set5: PSNR(Y)=37.093, SSIM(Y)=0.9570
Set5-C16: PSNR(Y)=36.642, SSIM(Y)=0.9552
Epoch 38/150: Training loss=0.020100, lr=1.41e-03
Epoch 38/150: Validation loss=0.015515
Model saved! Best loss: 0.015515
Set5: PSNR(Y)=37.097, SSIM(Y)=0.9570
Set5-C16: PSNR(Y)=36.644, SSIM(Y)=0.9552
Epoch 39/150: Training loss=0.020101, lr=1.40e-03
Epoch 39/150: Validation loss=0.015501
Model saved! Best loss: 0.015501
Set5: PSNR(Y)=37.107, SSIM(Y)=0.9570
Set5-C16: PSNR(Y)=36.650, SSIM(Y)=0.9552
Epoch 40/150: Training loss=0.020035, lr=1.39e-03
Epoch 40/150: Validation loss=0.015491
Model saved! Best loss: 0.015491
Set5: PSNR(Y)=37.113, SSIM(Y)=0.9571
Set5-C16: PSNR(Y)=36.653, SSIM(Y)=0.9552
Epoch 41/150: Training loss=0.020029, lr=1.38e-03
Epoch 41/150: Validation loss=0.015481
Model saved! Best loss: 0.015481
Set5: PSNR(Y)=37.119, SSIM(Y)=0.9571
Set5-C16: PSNR(Y)=36.657, SSIM(Y)=0.9553
Epoch 42/150: Training loss=0.020087, lr=1.37e-03
Epoch 42/150: Validation loss=0.015469
Model saved! Best loss: 0.015469
Set5: PSNR(Y)=37.125, SSIM(Y)=0.9571
Set5-C16: PSNR(Y)=36.661, SSIM(Y)=0.9553
Epoch 43/150: Training loss=0.020142, lr=1.36e-03
Epoch 43/150: Validation loss=0.015457
Model saved! Best loss: 0.015457
Set5: PSNR(Y)=37.132, SSIM(Y)=0.9571
Set5-C16: PSNR(Y)=36.666, SSIM(Y)=0.9553
Epoch 44/150: Training loss=0.020046, lr=1.35e-03
Epoch 44/150: Validation loss=0.015446
Model saved! Best loss: 0.015446
Set5: PSNR(Y)=37.141, SSIM(Y)=0.9572
Set5-C16: PSNR(Y)=36.672, SSIM(Y)=0.9553
Epoch 45/150: Training loss=0.020033, lr=1.34e-03
Epoch 45/150: Validation loss=0.015432
Model saved! Best loss: 0.015432
Set5: PSNR(Y)=37.145, SSIM(Y)=0.9572
Set5-C16: PSNR(Y)=36.673, SSIM(Y)=0.9554
Epoch 46/150: Training loss=0.020008, lr=1.33e-03
Epoch 46/150: Validation loss=0.015424
Model saved! Best loss: 0.015424
Set5: PSNR(Y)=37.148, SSIM(Y)=0.9572
Set5-C16: PSNR(Y)=36.677, SSIM(Y)=0.9554
Epoch 47/150: Training loss=0.020022, lr=1.32e-03
Epoch 47/150: Validation loss=0.015414
Model saved! Best loss: 0.015414
Set5: PSNR(Y)=37.155, SSIM(Y)=0.9573
Set5-C16: PSNR(Y)=36.681, SSIM(Y)=0.9554
Epoch 48/150: Training loss=0.020024, lr=1.31e-03
Epoch 48/150: Validation loss=0.015405
Model saved! Best loss: 0.015405
Set5: PSNR(Y)=37.160, SSIM(Y)=0.9573
Set5-C16: PSNR(Y)=36.685, SSIM(Y)=0.9554
Epoch 49/150: Training loss=0.019993, lr=1.30e-03
Epoch 49/150: Validation loss=0.015399
Model saved! Best loss: 0.015399
Set5: PSNR(Y)=37.163, SSIM(Y)=0.9573
Set5-C16: PSNR(Y)=36.690, SSIM(Y)=0.9554
Epoch 50/150: Training loss=0.020005, lr=1.28e-03
Epoch 50/150: Validation loss=0.015391
Model saved! Best loss: 0.015391
Set5: PSNR(Y)=37.167, SSIM(Y)=0.9573
Set5-C16: PSNR(Y)=36.694, SSIM(Y)=0.9554
Epoch 51/150: Training loss=0.019985, lr=1.27e-03
Epoch 51/150: Validation loss=0.015384
Model saved! Best loss: 0.015384
Set5: PSNR(Y)=37.170, SSIM(Y)=0.9573
Set5-C16: PSNR(Y)=36.700, SSIM(Y)=0.9555
Epoch 52/150: Training loss=0.019983, lr=1.26e-03
Epoch 52/150: Validation loss=0.015379
Model saved! Best loss: 0.015379
Set5: PSNR(Y)=37.177, SSIM(Y)=0.9574
Set5-C16: PSNR(Y)=36.701, SSIM(Y)=0.9555
Epoch 53/150: Training loss=0.020009, lr=1.25e-03
Epoch 53/150: Validation loss=0.015379
Epoch 54/150: Training loss=0.019956, lr=1.23e-03
Epoch 54/150: Validation loss=0.015375
Model saved! Best loss: 0.015375
Set5: PSNR(Y)=37.179, SSIM(Y)=0.9574
Set5-C16: PSNR(Y)=36.709, SSIM(Y)=0.9555
Epoch 55/150: Training loss=0.019994, lr=1.22e-03
Epoch 55/150: Validation loss=0.015368
Model saved! Best loss: 0.015368
Set5: PSNR(Y)=37.185, SSIM(Y)=0.9574
Set5-C16: PSNR(Y)=36.709, SSIM(Y)=0.9555
Epoch 56/150: Training loss=0.020003, lr=1.21e-03
Epoch 56/150: Validation loss=0.015358
Model saved! Best loss: 0.015358
Set5: PSNR(Y)=37.191, SSIM(Y)=0.9574
Set5-C16: PSNR(Y)=36.716, SSIM(Y)=0.9556
Epoch 57/150: Training loss=0.019975, lr=1.19e-03
Epoch 57/150: Validation loss=0.015350
Model saved! Best loss: 0.015350
Set5: PSNR(Y)=37.195, SSIM(Y)=0.9574
Set5-C16: PSNR(Y)=36.719, SSIM(Y)=0.9556
Epoch 58/150: Training loss=0.019963, lr=1.18e-03
Epoch 58/150: Validation loss=0.015344
Model saved! Best loss: 0.015344
Set5: PSNR(Y)=37.199, SSIM(Y)=0.9575
Set5-C16: PSNR(Y)=36.723, SSIM(Y)=0.9556
Epoch 59/150: Training loss=0.019951, lr=1.17e-03
Epoch 59/150: Validation loss=0.015342
Model saved! Best loss: 0.015342
Set5: PSNR(Y)=37.198, SSIM(Y)=0.9574
Set5-C16: PSNR(Y)=36.726, SSIM(Y)=0.9556
Epoch 60/150: Training loss=0.019966, lr=1.15e-03
Epoch 60/150: Validation loss=0.015339
Model saved! Best loss: 0.015339
Set5: PSNR(Y)=37.199, SSIM(Y)=0.9574
Set5-C16: PSNR(Y)=36.728, SSIM(Y)=0.9556
Epoch 61/150: Training loss=0.019950, lr=1.14e-03
Epoch 61/150: Validation loss=0.015330
Model saved! Best loss: 0.015330
Set5: PSNR(Y)=37.205, SSIM(Y)=0.9575
Set5-C16: PSNR(Y)=36.732, SSIM(Y)=0.9556
Epoch 62/150: Training loss=0.019922, lr=1.12e-03
Epoch 62/150: Validation loss=0.015326
Model saved! Best loss: 0.015326
Set5: PSNR(Y)=37.208, SSIM(Y)=0.9575
Set5-C16: PSNR(Y)=36.735, SSIM(Y)=0.9556
Epoch 63/150: Training loss=0.019932, lr=1.11e-03
Epoch 63/150: Validation loss=0.015325
Model saved! Best loss: 0.015325
Set5: PSNR(Y)=37.208, SSIM(Y)=0.9575
Set5-C16: PSNR(Y)=36.740, SSIM(Y)=0.9557
Epoch 64/150: Training loss=0.019902, lr=1.09e-03
Epoch 64/150: Validation loss=0.015321
Model saved! Best loss: 0.015321
Set5: PSNR(Y)=37.208, SSIM(Y)=0.9575
Set5-C16: PSNR(Y)=36.739, SSIM(Y)=0.9557
Epoch 65/150: Training loss=0.019896, lr=1.08e-03
Epoch 65/150: Validation loss=0.015319
Model saved! Best loss: 0.015319
Set5: PSNR(Y)=37.208, SSIM(Y)=0.9575
Set5-C16: PSNR(Y)=36.742, SSIM(Y)=0.9557
Epoch 66/150: Training loss=0.019910, lr=1.06e-03
Epoch 66/150: Validation loss=0.015314
Model saved! Best loss: 0.015314
Set5: PSNR(Y)=37.214, SSIM(Y)=0.9575
Set5-C16: PSNR(Y)=36.746, SSIM(Y)=0.9557
Epoch 67/150: Training loss=0.019899, lr=1.05e-03
Epoch 67/150: Validation loss=0.015310
Model saved! Best loss: 0.015310
Set5: PSNR(Y)=37.219, SSIM(Y)=0.9575
Set5-C16: PSNR(Y)=36.748, SSIM(Y)=0.9557
Epoch 68/150: Training loss=0.019940, lr=1.03e-03
Epoch 68/150: Validation loss=0.015306
Model saved! Best loss: 0.015306
Set5: PSNR(Y)=37.220, SSIM(Y)=0.9575
Set5-C16: PSNR(Y)=36.747, SSIM(Y)=0.9557
Epoch 69/150: Training loss=0.019850, lr=1.02e-03
Epoch 69/150: Validation loss=0.015307
Epoch 70/150: Training loss=0.019871, lr=9.99e-04
Epoch 70/150: Validation loss=0.015303
Model saved! Best loss: 0.015303
Set5: PSNR(Y)=37.222, SSIM(Y)=0.9575
Set5-C16: PSNR(Y)=36.753, SSIM(Y)=0.9557
Epoch 71/150: Training loss=0.019863, lr=9.83e-04
Epoch 71/150: Validation loss=0.015301
Model saved! Best loss: 0.015301
Set5: PSNR(Y)=37.223, SSIM(Y)=0.9575
Set5-C16: PSNR(Y)=36.754, SSIM(Y)=0.9557
Epoch 72/150: Training loss=0.019902, lr=9.67e-04
Epoch 72/150: Validation loss=0.015303
Epoch 73/150: Training loss=0.019841, lr=9.50e-04
Epoch 73/150: Validation loss=0.015298
Model saved! Best loss: 0.015298
Set5: PSNR(Y)=37.223, SSIM(Y)=0.9575
Set5-C16: PSNR(Y)=36.760, SSIM(Y)=0.9557
Epoch 74/150: Training loss=0.019879, lr=9.34e-04
Epoch 74/150: Validation loss=0.015296
Model saved! Best loss: 0.015296
Set5: PSNR(Y)=37.224, SSIM(Y)=0.9575
Set5-C16: PSNR(Y)=36.761, SSIM(Y)=0.9557
Epoch 75/150: Training loss=0.019900, lr=9.17e-04
Epoch 75/150: Validation loss=0.015293
Model saved! Best loss: 0.015293
Set5: PSNR(Y)=37.228, SSIM(Y)=0.9575
Set5-C16: PSNR(Y)=36.762, SSIM(Y)=0.9557
Epoch 76/150: Training loss=0.019913, lr=9.01e-04
Epoch 76/150: Validation loss=0.015292
Model saved! Best loss: 0.015292
Set5: PSNR(Y)=37.229, SSIM(Y)=0.9575
Set5-C16: PSNR(Y)=36.763, SSIM(Y)=0.9557
Epoch 77/150: Training loss=0.019837, lr=8.84e-04
Epoch 77/150: Validation loss=0.015285
Model saved! Best loss: 0.015285
Set5: PSNR(Y)=37.233, SSIM(Y)=0.9576
Set5-C16: PSNR(Y)=36.769, SSIM(Y)=0.9557
Epoch 78/150: Training loss=0.019843, lr=8.68e-04
Epoch 78/150: Validation loss=0.015284
Model saved! Best loss: 0.015284
Set5: PSNR(Y)=37.230, SSIM(Y)=0.9576
Set5-C16: PSNR(Y)=36.768, SSIM(Y)=0.9558
Epoch 79/150: Training loss=0.019784, lr=8.51e-04
Epoch 79/150: Validation loss=0.015284
Model saved! Best loss: 0.015284
Set5: PSNR(Y)=37.232, SSIM(Y)=0.9576
Set5-C16: PSNR(Y)=36.766, SSIM(Y)=0.9557
Epoch 80/150: Training loss=0.019841, lr=8.34e-04
Epoch 80/150: Validation loss=0.015282
Model saved! Best loss: 0.015282
Set5: PSNR(Y)=37.232, SSIM(Y)=0.9576
Set5-C16: PSNR(Y)=36.771, SSIM(Y)=0.9557
Epoch 81/150: Training loss=0.019860, lr=8.17e-04
Epoch 81/150: Validation loss=0.015282
Epoch 82/150: Training loss=0.019837, lr=8.00e-04
Epoch 82/150: Validation loss=0.015279
Model saved! Best loss: 0.015279
Set5: PSNR(Y)=37.235, SSIM(Y)=0.9576
Set5-C16: PSNR(Y)=36.776, SSIM(Y)=0.9558
Epoch 83/150: Training loss=0.019813, lr=7.83e-04
Epoch 83/150: Validation loss=0.015281
Epoch 84/150: Training loss=0.019854, lr=7.67e-04
Epoch 84/150: Validation loss=0.015280
Epoch 85/150: Training loss=0.019808, lr=7.50e-04
Epoch 85/150: Validation loss=0.015279
Model saved! Best loss: 0.015279
Set5: PSNR(Y)=37.234, SSIM(Y)=0.9576
Set5-C16: PSNR(Y)=36.778, SSIM(Y)=0.9558
Epoch 86/150: Training loss=0.019840, lr=7.33e-04
Epoch 86/150: Validation loss=0.015275
Model saved! Best loss: 0.015275
Set5: PSNR(Y)=37.236, SSIM(Y)=0.9576
Set5-C16: PSNR(Y)=36.781, SSIM(Y)=0.9558
Epoch 87/150: Training loss=0.019834, lr=7.16e-04
Epoch 87/150: Validation loss=0.015273
Model saved! Best loss: 0.015273
Set5: PSNR(Y)=37.236, SSIM(Y)=0.9576
Set5-C16: PSNR(Y)=36.784, SSIM(Y)=0.9558
Epoch 88/150: Training loss=0.019868, lr=6.99e-04
Epoch 88/150: Validation loss=0.015277
Epoch 89/150: Training loss=0.019820, lr=6.82e-04
Epoch 89/150: Validation loss=0.015273
Model saved! Best loss: 0.015273
Set5: PSNR(Y)=37.230, SSIM(Y)=0.9576
Set5-C16: PSNR(Y)=36.787, SSIM(Y)=0.9558
Epoch 90/150: Training loss=0.019843, lr=6.66e-04
Epoch 90/150: Validation loss=0.015272
Model saved! Best loss: 0.015272
Set5: PSNR(Y)=37.228, SSIM(Y)=0.9576
Set5-C16: PSNR(Y)=36.787, SSIM(Y)=0.9558
Epoch 91/150: Training loss=0.019810, lr=6.49e-04
Epoch 91/150: Validation loss=0.015269
Model saved! Best loss: 0.015269
Set5: PSNR(Y)=37.233, SSIM(Y)=0.9576
Set5-C16: PSNR(Y)=36.789, SSIM(Y)=0.9558
Epoch 92/150: Training loss=0.019827, lr=6.33e-04
Epoch 92/150: Validation loss=0.015266
Model saved! Best loss: 0.015266
Set5: PSNR(Y)=37.235, SSIM(Y)=0.9576
Set5-C16: PSNR(Y)=36.790, SSIM(Y)=0.9558
Epoch 93/150: Training loss=0.019794, lr=6.16e-04
Epoch 93/150: Validation loss=0.015269
Epoch 94/150: Training loss=0.019827, lr=6.00e-04
Epoch 94/150: Validation loss=0.015265
Model saved! Best loss: 0.015265
Set5: PSNR(Y)=37.234, SSIM(Y)=0.9576
Set5-C16: PSNR(Y)=36.793, SSIM(Y)=0.9558
Epoch 95/150: Training loss=0.019779, lr=5.83e-04
Epoch 95/150: Validation loss=0.015254
Model saved! Best loss: 0.015254
Set5: PSNR(Y)=37.236, SSIM(Y)=0.9576
Set5-C16: PSNR(Y)=36.794, SSIM(Y)=0.9558
Epoch 96/150: Training loss=0.019802, lr=5.67e-04
Epoch 96/150: Validation loss=0.015255
Epoch 97/150: Training loss=0.019728, lr=5.51e-04
Epoch 97/150: Validation loss=0.015259
Epoch 98/150: Training loss=0.019799, lr=5.35e-04
Epoch 98/150: Validation loss=0.015255
Epoch 99/150: Training loss=0.019794, lr=5.19e-04
Epoch 99/150: Validation loss=0.015251
Model saved! Best loss: 0.015251
Set5: PSNR(Y)=37.237, SSIM(Y)=0.9577
Set5-C16: PSNR(Y)=36.798, SSIM(Y)=0.9558
Epoch 100/150: Training loss=0.019798, lr=5.03e-04
Epoch 100/150: Validation loss=0.015251
Model saved! Best loss: 0.015251
Set5: PSNR(Y)=37.238, SSIM(Y)=0.9577
Set5-C16: PSNR(Y)=36.798, SSIM(Y)=0.9558
Epoch 101/150: Training loss=0.019848, lr=4.88e-04
Epoch 101/150: Validation loss=0.015251
Epoch 102/150: Training loss=0.019800, lr=4.72e-04
Epoch 102/150: Validation loss=0.015249
Model saved! Best loss: 0.015249
Set5: PSNR(Y)=37.237, SSIM(Y)=0.9577
Set5-C16: PSNR(Y)=36.800, SSIM(Y)=0.9558
Epoch 103/150: Training loss=0.019800, lr=4.57e-04
Epoch 103/150: Validation loss=0.015247
Model saved! Best loss: 0.015247
Set5: PSNR(Y)=37.239, SSIM(Y)=0.9577
Set5-C16: PSNR(Y)=36.803, SSIM(Y)=0.9558
Epoch 104/150: Training loss=0.019748, lr=4.42e-04
Epoch 104/150: Validation loss=0.015250
Epoch 105/150: Training loss=0.019734, lr=4.27e-04
Epoch 105/150: Validation loss=0.015251
Epoch 106/150: Training loss=0.019765, lr=4.13e-04
Epoch 106/150: Validation loss=0.015249
Epoch 107/150: Training loss=0.019822, lr=3.98e-04
Epoch 107/150: Validation loss=0.015245
Model saved! Best loss: 0.015245
Set5: PSNR(Y)=37.235, SSIM(Y)=0.9577
Set5-C16: PSNR(Y)=36.805, SSIM(Y)=0.9559
Epoch 108/150: Training loss=0.019833, lr=3.84e-04
Epoch 108/150: Validation loss=0.015240
Model saved! Best loss: 0.015240
Set5: PSNR(Y)=37.238, SSIM(Y)=0.9577
Set5-C16: PSNR(Y)=36.807, SSIM(Y)=0.9559
Epoch 109/150: Training loss=0.019773, lr=3.70e-04
Epoch 109/150: Validation loss=0.015245
Epoch 110/150: Training loss=0.019784, lr=3.56e-04
Epoch 110/150: Validation loss=0.015243
Epoch 111/150: Training loss=0.019767, lr=3.42e-04
Epoch 111/150: Validation loss=0.015241
Epoch 112/150: Training loss=0.019758, lr=3.29e-04
Epoch 112/150: Validation loss=0.015237
Model saved! Best loss: 0.015237
Set5: PSNR(Y)=37.242, SSIM(Y)=0.9577
Set5-C16: PSNR(Y)=36.807, SSIM(Y)=0.9559
Epoch 113/150: Training loss=0.019754, lr=3.15e-04
Epoch 113/150: Validation loss=0.015238
Epoch 114/150: Training loss=0.019748, lr=3.03e-04
Epoch 114/150: Validation loss=0.015238
Epoch 115/150: Training loss=0.019755, lr=2.90e-04
Epoch 115/150: Validation loss=0.015238
Epoch 116/150: Training loss=0.019812, lr=2.77e-04
Epoch 116/150: Validation loss=0.015239
Epoch 117/150: Training loss=0.019723, lr=2.65e-04
Epoch 117/150: Validation loss=0.015236
Model saved! Best loss: 0.015236
Set5: PSNR(Y)=37.238, SSIM(Y)=0.9577
Set5-C16: PSNR(Y)=36.810, SSIM(Y)=0.9559
Epoch 118/150: Training loss=0.019805, lr=2.53e-04
Epoch 118/150: Validation loss=0.015236
Epoch 119/150: Training loss=0.019747, lr=2.42e-04
Epoch 119/150: Validation loss=0.015236
Model saved! Best loss: 0.015236
Set5: PSNR(Y)=37.238, SSIM(Y)=0.9577
Set5-C16: PSNR(Y)=36.811, SSIM(Y)=0.9559
Epoch 120/150: Training loss=0.019748, lr=2.31e-04
Epoch 120/150: Validation loss=0.015234
Model saved! Best loss: 0.015234
Set5: PSNR(Y)=37.238, SSIM(Y)=0.9577
Set5-C16: PSNR(Y)=36.809, SSIM(Y)=0.9559
Epoch 121/150: Training loss=0.019762, lr=2.20e-04
Epoch 121/150: Validation loss=0.015232
Model saved! Best loss: 0.015232
Set5: PSNR(Y)=37.242, SSIM(Y)=0.9577
Set5-C16: PSNR(Y)=36.810, SSIM(Y)=0.9559
Epoch 122/150: Training loss=0.019760, lr=2.09e-04
Epoch 122/150: Validation loss=0.015230
Model saved! Best loss: 0.015230
Set5: PSNR(Y)=37.242, SSIM(Y)=0.9577
Set5-C16: PSNR(Y)=36.812, SSIM(Y)=0.9559
Epoch 123/150: Training loss=0.019769, lr=1.99e-04
Epoch 123/150: Validation loss=0.015229
Model saved! Best loss: 0.015229
Set5: PSNR(Y)=37.241, SSIM(Y)=0.9577
Set5-C16: PSNR(Y)=36.813, SSIM(Y)=0.9559
Epoch 124/150: Training loss=0.019734, lr=1.88e-04
Epoch 124/150: Validation loss=0.015228
Model saved! Best loss: 0.015228
Set5: PSNR(Y)=37.242, SSIM(Y)=0.9577
Set5-C16: PSNR(Y)=36.812, SSIM(Y)=0.9559
Epoch 125/150: Training loss=0.019801, lr=1.79e-04
Epoch 125/150: Validation loss=0.015231
Epoch 126/150: Training loss=0.019768, lr=1.69e-04
Epoch 126/150: Validation loss=0.015227
Model saved! Best loss: 0.015227
Set5: PSNR(Y)=37.243, SSIM(Y)=0.9577
Set5-C16: PSNR(Y)=36.813, SSIM(Y)=0.9559
Epoch 127/150: Training loss=0.019773, lr=1.60e-04
Epoch 127/150: Validation loss=0.015226
Model saved! Best loss: 0.015226
Set5: PSNR(Y)=37.243, SSIM(Y)=0.9577
Set5-C16: PSNR(Y)=36.812, SSIM(Y)=0.9559
Epoch 128/150: Training loss=0.019719, lr=1.51e-04
Epoch 128/150: Validation loss=0.015230
Epoch 129/150: Training loss=0.019753, lr=1.43e-04
Epoch 129/150: Validation loss=0.015225
Model saved! Best loss: 0.015225
Set5: PSNR(Y)=37.244, SSIM(Y)=0.9577
Set5-C16: PSNR(Y)=36.811, SSIM(Y)=0.9559
Epoch 130/150: Training loss=0.019750, lr=1.35e-04
Epoch 130/150: Validation loss=0.015226
Epoch 131/150: Training loss=0.019773, lr=1.27e-04
Epoch 131/150: Validation loss=0.015227
Epoch 132/150: Training loss=0.019768, lr=1.20e-04
Epoch 132/150: Validation loss=0.015228
Epoch 133/150: Training loss=0.019773, lr=1.13e-04
Epoch 133/150: Validation loss=0.015227
Epoch 134/150: Training loss=0.019782, lr=1.06e-04
Epoch 134/150: Validation loss=0.015226
Epoch 135/150: Training loss=0.019718, lr=9.97e-05
Epoch 135/150: Validation loss=0.015220
Model saved! Best loss: 0.015220
Set5: PSNR(Y)=37.245, SSIM(Y)=0.9577
Set5-C16: PSNR(Y)=36.813, SSIM(Y)=0.9559
Epoch 136/150: Training loss=0.019763, lr=9.37e-05
Epoch 136/150: Validation loss=0.015222
Epoch 137/150: Training loss=0.019759, lr=8.81e-05
Epoch 137/150: Validation loss=0.015220
Epoch 138/150: Training loss=0.019653, lr=8.29e-05
Epoch 138/150: Validation loss=0.015222
Epoch 139/150: Training loss=0.019728, lr=7.81e-05
Epoch 139/150: Validation loss=0.015223
Epoch 140/150: Training loss=0.019730, lr=7.36e-05
Epoch 140/150: Validation loss=0.015223
Epoch 141/150: Training loss=0.019788, lr=6.95e-05
Epoch 141/150: Validation loss=0.015224
Epoch 142/150: Training loss=0.019785, lr=6.58e-05
Epoch 142/150: Validation loss=0.015223
Epoch 143/150: Training loss=0.019763, lr=6.25e-05
Epoch 143/150: Validation loss=0.015222
Epoch 144/150: Training loss=0.019710, lr=5.96e-05
Epoch 144/150: Validation loss=0.015224
Epoch 145/150: Training loss=0.019736, lr=5.71e-05
Epoch 145/150: Validation loss=0.015222
Epoch 146/150: Training loss=0.019742, lr=5.49e-05
Epoch 146/150: Validation loss=0.015223
Epoch 147/150: Training loss=0.019745, lr=5.31e-05
Epoch 147/150: Validation loss=0.015222
Epoch 148/150: Training loss=0.019722, lr=5.18e-05
Epoch 148/150: Validation loss=0.015222
Epoch 149/150: Training loss=0.019750, lr=5.08e-05
Epoch 149/150: Validation loss=0.015222
Epoch 150/150: Training loss=0.019715, lr=5.02e-05
Epoch 150/150: Validation loss=0.015222
==================================================
Training Finished
==================================================
==================================================
Testing Best Model
==================================================
Set5: PSNR(Y)=37.245, SSIM(Y)=0.9577
Set5-C16: PSNR(Y)=36.813, SSIM(Y)=0.9559
==================================================
Testing Bicubic Interpolation
==================================================
Set5: PSNR(Y)=33.977, SSIM(Y)=0.9330
==================================================
Testing Bilinear Interpolation
==================================================
Set5: PSNR(Y)=32.256, SSIM(Y)=0.9118
