使用设备: cuda
模型总参数量: 17,440
==================================================
Training Started
==================================================
实验名称: DPSR_x2_0514_2125
放大倍数: 2
批次大小: 64
学习率: 0.0015
最小学习率: 5e-05
训练轮数: 200
设备: cuda
模型参数数量: 17,440
训练批次: 1110
==================================================
Begin Training
Epoch 1/200: Training loss=0.025065, lr=3.00e-04
Epoch 1/200: Validation loss=0.031078
Model saved! Best loss: 0.031078
Set5: PSNR(Y)=35.115, SSIM(Y)=0.9442
Set14: PSNR(Y)=31.440, SSIM(Y)=0.8970
B100: PSNR(Y)=30.526, SSIM(Y)=0.8777
U100: PSNR(Y)=27.899, SSIM(Y)=0.8692
M109: PSNR(Y)=32.742, SSIM(Y)=0.9507
Set5-C16: PSNR(Y)=29.921, SSIM(Y)=0.7898
Set14-C16: PSNR(Y)=27.815, SSIM(Y)=0.7318
B100-C16: PSNR(Y)=27.849, SSIM(Y)=0.7453
U100-C16: PSNR(Y)=25.565, SSIM(Y)=0.7171
M109-C16: PSNR(Y)=26.790, SSIM(Y)=0.6998
Epoch 2/200: Training loss=0.022369, lr=3.60e-04
Epoch 2/200: Validation loss=0.030630
Model saved! Best loss: 0.030630
Set5: PSNR(Y)=35.251, SSIM(Y)=0.9450
Set14: PSNR(Y)=31.518, SSIM(Y)=0.8981
B100: PSNR(Y)=30.576, SSIM(Y)=0.8787
U100: PSNR(Y)=27.959, SSIM(Y)=0.8697
M109: PSNR(Y)=32.931, SSIM(Y)=0.9517
Set5-C16: PSNR(Y)=30.966, SSIM(Y)=0.8286
Set14-C16: PSNR(Y)=28.612, SSIM(Y)=0.7740
B100-C16: PSNR(Y)=28.449, SSIM(Y)=0.7785
U100-C16: PSNR(Y)=26.062, SSIM(Y)=0.7565
M109-C16: PSNR(Y)=27.914, SSIM(Y)=0.7608
Epoch 3/200: Training loss=0.022145, lr=4.20e-04
Epoch 3/200: Validation loss=0.030413
Model saved! Best loss: 0.030413
Set5: PSNR(Y)=35.320, SSIM(Y)=0.9454
Set14: PSNR(Y)=31.560, SSIM(Y)=0.8985
B100: PSNR(Y)=30.601, SSIM(Y)=0.8790
U100: PSNR(Y)=27.989, SSIM(Y)=0.8700
M109: PSNR(Y)=33.008, SSIM(Y)=0.9521
Set5-C16: PSNR(Y)=31.786, SSIM(Y)=0.8613
Set14-C16: PSNR(Y)=29.204, SSIM(Y)=0.8077
B100-C16: PSNR(Y)=28.853, SSIM(Y)=0.8029
U100-C16: PSNR(Y)=26.385, SSIM(Y)=0.7871
M109-C16: PSNR(Y)=28.824, SSIM(Y)=0.8159
Epoch 4/200: Training loss=0.021852, lr=4.80e-04
Epoch 4/200: Validation loss=0.030064
Model saved! Best loss: 0.030064
Set5: PSNR(Y)=35.493, SSIM(Y)=0.9466
Set14: PSNR(Y)=31.676, SSIM(Y)=0.8994
B100: PSNR(Y)=30.677, SSIM(Y)=0.8798
U100: PSNR(Y)=28.087, SSIM(Y)=0.8715
M109: PSNR(Y)=33.199, SSIM(Y)=0.9531
Set5-C16: PSNR(Y)=32.302, SSIM(Y)=0.8797
Set14-C16: PSNR(Y)=29.574, SSIM(Y)=0.8274
B100-C16: PSNR(Y)=29.100, SSIM(Y)=0.8171
U100-C16: PSNR(Y)=26.581, SSIM(Y)=0.8063
M109-C16: PSNR(Y)=29.464, SSIM(Y)=0.8528
Epoch 5/200: Training loss=0.021405, lr=5.40e-04
Epoch 5/200: Validation loss=0.029304
Model saved! Best loss: 0.029304
Set5: PSNR(Y)=35.798, SSIM(Y)=0.9492
Set14: PSNR(Y)=31.882, SSIM(Y)=0.9014
B100: PSNR(Y)=30.824, SSIM(Y)=0.8817
U100: PSNR(Y)=28.302, SSIM(Y)=0.8757
M109: PSNR(Y)=33.688, SSIM(Y)=0.9563
Set5-C16: PSNR(Y)=32.665, SSIM(Y)=0.8935
Set14-C16: PSNR(Y)=29.803, SSIM(Y)=0.8408
B100-C16: PSNR(Y)=29.268, SSIM(Y)=0.8273
U100-C16: PSNR(Y)=26.701, SSIM(Y)=0.8194
M109-C16: PSNR(Y)=29.902, SSIM(Y)=0.8801
Epoch 6/200: Training loss=0.021166, lr=6.00e-04
Epoch 6/200: Validation loss=0.028559
Model saved! Best loss: 0.028559
Set5: PSNR(Y)=36.075, SSIM(Y)=0.9511
Set14: PSNR(Y)=32.055, SSIM(Y)=0.9029
B100: PSNR(Y)=30.950, SSIM(Y)=0.8832
U100: PSNR(Y)=28.531, SSIM(Y)=0.8800
M109: PSNR(Y)=34.202, SSIM(Y)=0.9595
Set5-C16: PSNR(Y)=33.070, SSIM(Y)=0.9092
Set14-C16: PSNR(Y)=30.023, SSIM(Y)=0.8538
B100-C16: PSNR(Y)=29.422, SSIM(Y)=0.8357
U100-C16: PSNR(Y)=26.808, SSIM(Y)=0.8295
M109-C16: PSNR(Y)=30.281, SSIM(Y)=0.9036
Epoch 7/200: Training loss=0.020912, lr=6.60e-04
Epoch 7/200: Validation loss=0.028023
Model saved! Best loss: 0.028023
Set5: PSNR(Y)=36.276, SSIM(Y)=0.9524
Set14: PSNR(Y)=32.174, SSIM(Y)=0.9041
B100: PSNR(Y)=31.040, SSIM(Y)=0.8843
U100: PSNR(Y)=28.705, SSIM(Y)=0.8833
M109: PSNR(Y)=34.566, SSIM(Y)=0.9617
Set5-C16: PSNR(Y)=33.332, SSIM(Y)=0.9203
Set14-C16: PSNR(Y)=30.161, SSIM(Y)=0.8624
B100-C16: PSNR(Y)=29.506, SSIM(Y)=0.8406
U100-C16: PSNR(Y)=26.871, SSIM(Y)=0.8354
M109-C16: PSNR(Y)=30.516, SSIM(Y)=0.9192
Epoch 8/200: Training loss=0.020714, lr=7.20e-04
Epoch 8/200: Validation loss=0.027641
Model saved! Best loss: 0.027641
Set5: PSNR(Y)=36.413, SSIM(Y)=0.9532
Set14: PSNR(Y)=32.257, SSIM(Y)=0.9049
B100: PSNR(Y)=31.103, SSIM(Y)=0.8852
U100: PSNR(Y)=28.838, SSIM(Y)=0.8857
M109: PSNR(Y)=34.816, SSIM(Y)=0.9632
Set5-C16: PSNR(Y)=33.445, SSIM(Y)=0.9253
Set14-C16: PSNR(Y)=30.223, SSIM(Y)=0.8663
B100-C16: PSNR(Y)=29.541, SSIM(Y)=0.8426
U100-C16: PSNR(Y)=26.901, SSIM(Y)=0.8380
M109-C16: PSNR(Y)=30.622, SSIM(Y)=0.9261
Epoch 9/200: Training loss=0.020577, lr=7.80e-04
Epoch 9/200: Validation loss=0.027334
Model saved! Best loss: 0.027334
Set5: PSNR(Y)=36.517, SSIM(Y)=0.9539
Set14: PSNR(Y)=32.322, SSIM(Y)=0.9055
B100: PSNR(Y)=31.153, SSIM(Y)=0.8859
U100: PSNR(Y)=28.946, SSIM(Y)=0.8877
M109: PSNR(Y)=35.006, SSIM(Y)=0.9643
Set5-C16: PSNR(Y)=33.487, SSIM(Y)=0.9279
Set14-C16: PSNR(Y)=30.246, SSIM(Y)=0.8684
B100-C16: PSNR(Y)=29.553, SSIM(Y)=0.8436
U100-C16: PSNR(Y)=26.912, SSIM(Y)=0.8396
M109-C16: PSNR(Y)=30.666, SSIM(Y)=0.9304
Epoch 10/200: Training loss=0.020518, lr=8.40e-04
Epoch 10/200: Validation loss=0.027085
Model saved! Best loss: 0.027085
Set5: PSNR(Y)=36.597, SSIM(Y)=0.9544
Set14: PSNR(Y)=32.372, SSIM(Y)=0.9061
B100: PSNR(Y)=31.192, SSIM(Y)=0.8866
U100: PSNR(Y)=29.032, SSIM(Y)=0.8893
M109: PSNR(Y)=35.160, SSIM(Y)=0.9652
Set5-C16: PSNR(Y)=33.497, SSIM(Y)=0.9285
Set14-C16: PSNR(Y)=30.249, SSIM(Y)=0.8688
B100-C16: PSNR(Y)=29.549, SSIM(Y)=0.8435
U100-C16: PSNR(Y)=26.906, SSIM(Y)=0.8398
M109-C16: PSNR(Y)=30.667, SSIM(Y)=0.9317
Epoch 11/200: Training loss=0.020443, lr=9.00e-04
Epoch 11/200: Validation loss=0.026891
Model saved! Best loss: 0.026891
Set5: PSNR(Y)=36.663, SSIM(Y)=0.9547
Set14: PSNR(Y)=32.413, SSIM(Y)=0.9066
B100: PSNR(Y)=31.223, SSIM(Y)=0.8871
U100: PSNR(Y)=29.101, SSIM(Y)=0.8906
M109: PSNR(Y)=35.294, SSIM(Y)=0.9659
Set5-C16: PSNR(Y)=33.474, SSIM(Y)=0.9287
Set14-C16: PSNR(Y)=30.235, SSIM(Y)=0.8688
B100-C16: PSNR(Y)=29.534, SSIM(Y)=0.8432
U100-C16: PSNR(Y)=26.888, SSIM(Y)=0.8396
M109-C16: PSNR(Y)=30.634, SSIM(Y)=0.9322
Epoch 12/200: Training loss=0.020388, lr=9.60e-04
Epoch 12/200: Validation loss=0.026726
Model saved! Best loss: 0.026726
Set5: PSNR(Y)=36.718, SSIM(Y)=0.9550
Set14: PSNR(Y)=32.446, SSIM(Y)=0.9070
B100: PSNR(Y)=31.250, SSIM(Y)=0.8875
U100: PSNR(Y)=29.162, SSIM(Y)=0.8917
M109: PSNR(Y)=35.419, SSIM(Y)=0.9665
Set5-C16: PSNR(Y)=33.443, SSIM(Y)=0.9284
Set14-C16: PSNR(Y)=30.217, SSIM(Y)=0.8683
B100-C16: PSNR(Y)=29.515, SSIM(Y)=0.8426
U100-C16: PSNR(Y)=26.867, SSIM(Y)=0.8390
M109-C16: PSNR(Y)=30.591, SSIM(Y)=0.9319
Epoch 13/200: Training loss=0.020287, lr=1.02e-03
Epoch 13/200: Validation loss=0.026580
Model saved! Best loss: 0.026580
Set5: PSNR(Y)=36.762, SSIM(Y)=0.9553
Set14: PSNR(Y)=32.473, SSIM(Y)=0.9073
B100: PSNR(Y)=31.274, SSIM(Y)=0.8878
U100: PSNR(Y)=29.219, SSIM(Y)=0.8927
M109: PSNR(Y)=35.533, SSIM(Y)=0.9670
Set5-C16: PSNR(Y)=33.410, SSIM(Y)=0.9278
Set14-C16: PSNR(Y)=30.194, SSIM(Y)=0.8676
B100-C16: PSNR(Y)=29.491, SSIM(Y)=0.8416
U100-C16: PSNR(Y)=26.843, SSIM(Y)=0.8382
M109-C16: PSNR(Y)=30.545, SSIM(Y)=0.9312
Epoch 14/200: Training loss=0.020264, lr=1.08e-03
Epoch 14/200: Validation loss=0.026441
Model saved! Best loss: 0.026441
Set5: PSNR(Y)=36.805, SSIM(Y)=0.9555
Set14: PSNR(Y)=32.498, SSIM(Y)=0.9076
B100: PSNR(Y)=31.297, SSIM(Y)=0.8882
U100: PSNR(Y)=29.274, SSIM(Y)=0.8937
M109: PSNR(Y)=35.640, SSIM(Y)=0.9675
Set5-C16: PSNR(Y)=33.361, SSIM(Y)=0.9268
Set14-C16: PSNR(Y)=30.162, SSIM(Y)=0.8664
B100-C16: PSNR(Y)=29.462, SSIM(Y)=0.8404
U100-C16: PSNR(Y)=26.813, SSIM(Y)=0.8371
M109-C16: PSNR(Y)=30.491, SSIM(Y)=0.9301
Epoch 15/200: Training loss=0.020198, lr=1.14e-03
Epoch 15/200: Validation loss=0.026299
Model saved! Best loss: 0.026299
Set5: PSNR(Y)=36.847, SSIM(Y)=0.9558
Set14: PSNR(Y)=32.526, SSIM(Y)=0.9078
B100: PSNR(Y)=31.320, SSIM(Y)=0.8885
U100: PSNR(Y)=29.331, SSIM(Y)=0.8946
M109: PSNR(Y)=35.752, SSIM(Y)=0.9679
Set5-C16: PSNR(Y)=33.286, SSIM(Y)=0.9252
Set14-C16: PSNR(Y)=30.111, SSIM(Y)=0.8648
B100-C16: PSNR(Y)=29.419, SSIM(Y)=0.8388
U100-C16: PSNR(Y)=26.770, SSIM(Y)=0.8356
M109-C16: PSNR(Y)=30.413, SSIM(Y)=0.9285
Epoch 16/200: Training loss=0.020137, lr=1.20e-03
Epoch 16/200: Validation loss=0.026163
Model saved! Best loss: 0.026163
Set5: PSNR(Y)=36.884, SSIM(Y)=0.9560
Set14: PSNR(Y)=32.553, SSIM(Y)=0.9081
B100: PSNR(Y)=31.343, SSIM(Y)=0.8888
U100: PSNR(Y)=29.388, SSIM(Y)=0.8955
M109: PSNR(Y)=35.855, SSIM(Y)=0.9684
Set5-C16: PSNR(Y)=33.189, SSIM(Y)=0.9234
Set14-C16: PSNR(Y)=30.044, SSIM(Y)=0.8626
B100-C16: PSNR(Y)=29.362, SSIM(Y)=0.8366
U100-C16: PSNR(Y)=26.712, SSIM(Y)=0.8336
M109-C16: PSNR(Y)=30.307, SSIM(Y)=0.9263
Epoch 17/200: Training loss=0.020066, lr=1.26e-03
Epoch 17/200: Validation loss=0.026036
Model saved! Best loss: 0.026036
Set5: PSNR(Y)=36.920, SSIM(Y)=0.9562
Set14: PSNR(Y)=32.577, SSIM(Y)=0.9084
B100: PSNR(Y)=31.365, SSIM(Y)=0.8891
U100: PSNR(Y)=29.443, SSIM(Y)=0.8964
M109: PSNR(Y)=35.947, SSIM(Y)=0.9688
Set5-C16: PSNR(Y)=33.116, SSIM(Y)=0.9229
Set14-C16: PSNR(Y)=29.989, SSIM(Y)=0.8613
B100-C16: PSNR(Y)=29.313, SSIM(Y)=0.8350
U100-C16: PSNR(Y)=26.658, SSIM(Y)=0.8321
M109-C16: PSNR(Y)=30.214, SSIM(Y)=0.9256
Epoch 18/200: Training loss=0.020093, lr=1.32e-03
Epoch 18/200: Validation loss=0.025916
Model saved! Best loss: 0.025916
Set5: PSNR(Y)=36.952, SSIM(Y)=0.9564
Set14: PSNR(Y)=32.600, SSIM(Y)=0.9086
B100: PSNR(Y)=31.386, SSIM(Y)=0.8894
U100: PSNR(Y)=29.496, SSIM(Y)=0.8972
M109: PSNR(Y)=36.030, SSIM(Y)=0.9691
Set5-C16: PSNR(Y)=33.056, SSIM(Y)=0.9225
Set14-C16: PSNR(Y)=29.941, SSIM(Y)=0.8603
B100-C16: PSNR(Y)=29.270, SSIM(Y)=0.8336
U100-C16: PSNR(Y)=26.611, SSIM(Y)=0.8307
M109-C16: PSNR(Y)=30.134, SSIM(Y)=0.9251
Epoch 19/200: Training loss=0.019982, lr=1.38e-03
Epoch 19/200: Validation loss=0.025804
Model saved! Best loss: 0.025804
Set5: PSNR(Y)=36.985, SSIM(Y)=0.9565
Set14: PSNR(Y)=32.624, SSIM(Y)=0.9089
B100: PSNR(Y)=31.404, SSIM(Y)=0.8897
U100: PSNR(Y)=29.548, SSIM(Y)=0.8980
M109: PSNR(Y)=36.104, SSIM(Y)=0.9694
Set5-C16: PSNR(Y)=33.002, SSIM(Y)=0.9221
Set14-C16: PSNR(Y)=29.895, SSIM(Y)=0.8593
B100-C16: PSNR(Y)=29.231, SSIM(Y)=0.8322
U100-C16: PSNR(Y)=26.568, SSIM(Y)=0.8294
M109-C16: PSNR(Y)=30.064, SSIM(Y)=0.9247
Epoch 20/200: Training loss=0.020012, lr=1.44e-03
Epoch 20/200: Validation loss=0.025697
Model saved! Best loss: 0.025697
Set5: PSNR(Y)=37.014, SSIM(Y)=0.9567
Set14: PSNR(Y)=32.643, SSIM(Y)=0.9091
B100: PSNR(Y)=31.422, SSIM(Y)=0.8899
U100: PSNR(Y)=29.601, SSIM(Y)=0.8988
M109: PSNR(Y)=36.169, SSIM(Y)=0.9697
Set5-C16: PSNR(Y)=32.958, SSIM(Y)=0.9219
Set14-C16: PSNR(Y)=29.853, SSIM(Y)=0.8583
B100-C16: PSNR(Y)=29.193, SSIM(Y)=0.8308
U100-C16: PSNR(Y)=26.527, SSIM(Y)=0.8282
M109-C16: PSNR(Y)=30.002, SSIM(Y)=0.9244
Epoch 21/200: Training loss=0.019920, lr=1.50e-03
Epoch 21/200: Validation loss=0.025595
Model saved! Best loss: 0.025595
Set5: PSNR(Y)=37.044, SSIM(Y)=0.9568
Set14: PSNR(Y)=32.662, SSIM(Y)=0.9093
B100: PSNR(Y)=31.438, SSIM(Y)=0.8902
U100: PSNR(Y)=29.650, SSIM(Y)=0.8995
M109: PSNR(Y)=36.237, SSIM(Y)=0.9699
Set5-C16: PSNR(Y)=32.924, SSIM(Y)=0.9215
Set14-C16: PSNR(Y)=29.820, SSIM(Y)=0.8573
B100-C16: PSNR(Y)=29.161, SSIM(Y)=0.8296
U100-C16: PSNR(Y)=26.495, SSIM(Y)=0.8271
M109-C16: PSNR(Y)=29.953, SSIM(Y)=0.9238
Epoch 22/200: Training loss=0.019898, lr=1.50e-03
Epoch 22/200: Validation loss=0.025496
Model saved! Best loss: 0.025496
Set5: PSNR(Y)=37.074, SSIM(Y)=0.9569
Set14: PSNR(Y)=32.677, SSIM(Y)=0.9094
B100: PSNR(Y)=31.453, SSIM(Y)=0.8904
U100: PSNR(Y)=29.694, SSIM(Y)=0.9002
M109: PSNR(Y)=36.307, SSIM(Y)=0.9702
Set5-C16: PSNR(Y)=32.899, SSIM(Y)=0.9211
Set14-C16: PSNR(Y)=29.796, SSIM(Y)=0.8565
B100-C16: PSNR(Y)=29.137, SSIM(Y)=0.8286
U100-C16: PSNR(Y)=26.472, SSIM(Y)=0.8262
M109-C16: PSNR(Y)=29.917, SSIM(Y)=0.9232
Epoch 23/200: Training loss=0.019838, lr=1.50e-03
Epoch 23/200: Validation loss=0.025398
Model saved! Best loss: 0.025398
Set5: PSNR(Y)=37.098, SSIM(Y)=0.9571
Set14: PSNR(Y)=32.691, SSIM(Y)=0.9096
B100: PSNR(Y)=31.470, SSIM(Y)=0.8906
U100: PSNR(Y)=29.738, SSIM(Y)=0.9008
M109: PSNR(Y)=36.377, SSIM(Y)=0.9704
Set5-C16: PSNR(Y)=32.877, SSIM(Y)=0.9208
Set14-C16: PSNR(Y)=29.775, SSIM(Y)=0.8559
B100-C16: PSNR(Y)=29.118, SSIM(Y)=0.8278
U100-C16: PSNR(Y)=26.451, SSIM(Y)=0.8254
M109-C16: PSNR(Y)=29.883, SSIM(Y)=0.9226
Epoch 24/200: Training loss=0.019837, lr=1.50e-03
Epoch 24/200: Validation loss=0.025314
Model saved! Best loss: 0.025314
Set5: PSNR(Y)=37.115, SSIM(Y)=0.9571
Set14: PSNR(Y)=32.708, SSIM(Y)=0.9096
B100: PSNR(Y)=31.485, SSIM(Y)=0.8908
U100: PSNR(Y)=29.775, SSIM(Y)=0.9013
M109: PSNR(Y)=36.431, SSIM(Y)=0.9706
Set5-C16: PSNR(Y)=32.856, SSIM(Y)=0.9205
Set14-C16: PSNR(Y)=29.757, SSIM(Y)=0.8554
B100-C16: PSNR(Y)=29.102, SSIM(Y)=0.8272
U100-C16: PSNR(Y)=26.434, SSIM(Y)=0.8248
M109-C16: PSNR(Y)=29.856, SSIM(Y)=0.9223
Epoch 25/200: Training loss=0.019787, lr=1.50e-03
Epoch 25/200: Validation loss=0.025242
Model saved! Best loss: 0.025242
Set5: PSNR(Y)=37.132, SSIM(Y)=0.9572
Set14: PSNR(Y)=32.720, SSIM(Y)=0.9097
B100: PSNR(Y)=31.498, SSIM(Y)=0.8909
U100: PSNR(Y)=29.806, SSIM(Y)=0.9018
M109: PSNR(Y)=36.480, SSIM(Y)=0.9707
Set5-C16: PSNR(Y)=32.836, SSIM(Y)=0.9203
Set14-C16: PSNR(Y)=29.740, SSIM(Y)=0.8550
B100-C16: PSNR(Y)=29.087, SSIM(Y)=0.8267
U100-C16: PSNR(Y)=26.418, SSIM(Y)=0.8243
M109-C16: PSNR(Y)=29.830, SSIM(Y)=0.9220
Epoch 26/200: Training loss=0.019727, lr=1.50e-03
Epoch 26/200: Validation loss=0.025180
Model saved! Best loss: 0.025180
Set5: PSNR(Y)=37.147, SSIM(Y)=0.9573
Set14: PSNR(Y)=32.733, SSIM(Y)=0.9098
B100: PSNR(Y)=31.510, SSIM(Y)=0.8911
U100: PSNR(Y)=29.833, SSIM(Y)=0.9022
M109: PSNR(Y)=36.520, SSIM(Y)=0.9709
Set5-C16: PSNR(Y)=32.819, SSIM(Y)=0.9200
Set14-C16: PSNR(Y)=29.726, SSIM(Y)=0.8547
B100-C16: PSNR(Y)=29.076, SSIM(Y)=0.8263
U100-C16: PSNR(Y)=26.406, SSIM(Y)=0.8240
M109-C16: PSNR(Y)=29.810, SSIM(Y)=0.9219
Epoch 27/200: Training loss=0.019719, lr=1.50e-03
Epoch 27/200: Validation loss=0.025129
Model saved! Best loss: 0.025129
Set5: PSNR(Y)=37.160, SSIM(Y)=0.9573
Set14: PSNR(Y)=32.742, SSIM(Y)=0.9098
B100: PSNR(Y)=31.520, SSIM(Y)=0.8912
U100: PSNR(Y)=29.853, SSIM(Y)=0.9025
M109: PSNR(Y)=36.557, SSIM(Y)=0.9710
Set5-C16: PSNR(Y)=32.809, SSIM(Y)=0.9199
Set14-C16: PSNR(Y)=29.715, SSIM(Y)=0.8543
B100-C16: PSNR(Y)=29.066, SSIM(Y)=0.8259
U100-C16: PSNR(Y)=26.395, SSIM(Y)=0.8237
M109-C16: PSNR(Y)=29.797, SSIM(Y)=0.9217
Epoch 28/200: Training loss=0.019692, lr=1.49e-03
Epoch 28/200: Validation loss=0.025081
Model saved! Best loss: 0.025081
Set5: PSNR(Y)=37.171, SSIM(Y)=0.9574
Set14: PSNR(Y)=32.754, SSIM(Y)=0.9099
B100: PSNR(Y)=31.530, SSIM(Y)=0.8913
U100: PSNR(Y)=29.873, SSIM(Y)=0.9028
M109: PSNR(Y)=36.589, SSIM(Y)=0.9711
Set5-C16: PSNR(Y)=32.802, SSIM(Y)=0.9198
Set14-C16: PSNR(Y)=29.706, SSIM(Y)=0.8540
B100-C16: PSNR(Y)=29.058, SSIM(Y)=0.8256
U100-C16: PSNR(Y)=26.384, SSIM(Y)=0.8233
M109-C16: PSNR(Y)=29.784, SSIM(Y)=0.9216
Epoch 29/200: Training loss=0.019677, lr=1.49e-03
Epoch 29/200: Validation loss=0.025032
Model saved! Best loss: 0.025032
Set5: PSNR(Y)=37.184, SSIM(Y)=0.9574
Set14: PSNR(Y)=32.765, SSIM(Y)=0.9100
B100: PSNR(Y)=31.538, SSIM(Y)=0.8914
U100: PSNR(Y)=29.896, SSIM(Y)=0.9031
M109: PSNR(Y)=36.625, SSIM(Y)=0.9712
Set5-C16: PSNR(Y)=32.794, SSIM(Y)=0.9197
Set14-C16: PSNR(Y)=29.696, SSIM(Y)=0.8537
B100-C16: PSNR(Y)=29.049, SSIM(Y)=0.8253
U100-C16: PSNR(Y)=26.374, SSIM(Y)=0.8230
M109-C16: PSNR(Y)=29.769, SSIM(Y)=0.9214
Epoch 30/200: Training loss=0.019632, lr=1.49e-03
Epoch 30/200: Validation loss=0.024990
Model saved! Best loss: 0.024990
Set5: PSNR(Y)=37.195, SSIM(Y)=0.9575
Set14: PSNR(Y)=32.775, SSIM(Y)=0.9101
B100: PSNR(Y)=31.546, SSIM(Y)=0.8915
U100: PSNR(Y)=29.914, SSIM(Y)=0.9033
M109: PSNR(Y)=36.653, SSIM(Y)=0.9713
Set5-C16: PSNR(Y)=32.788, SSIM(Y)=0.9196
Set14-C16: PSNR(Y)=29.688, SSIM(Y)=0.8534
B100-C16: PSNR(Y)=29.042, SSIM(Y)=0.8250
U100-C16: PSNR(Y)=26.364, SSIM(Y)=0.8227
M109-C16: PSNR(Y)=29.754, SSIM(Y)=0.9212
Epoch 31/200: Training loss=0.019674, lr=1.49e-03
Epoch 31/200: Validation loss=0.024956
Model saved! Best loss: 0.024956
Set5: PSNR(Y)=37.204, SSIM(Y)=0.9575
Set14: PSNR(Y)=32.777, SSIM(Y)=0.9101
B100: PSNR(Y)=31.551, SSIM(Y)=0.8916
U100: PSNR(Y)=29.928, SSIM(Y)=0.9035
M109: PSNR(Y)=36.676, SSIM(Y)=0.9714
Set5-C16: PSNR(Y)=32.783, SSIM(Y)=0.9195
Set14-C16: PSNR(Y)=29.680, SSIM(Y)=0.8532
B100-C16: PSNR(Y)=29.036, SSIM(Y)=0.8247
U100-C16: PSNR(Y)=26.355, SSIM(Y)=0.8224
M109-C16: PSNR(Y)=29.741, SSIM(Y)=0.9210
Epoch 32/200: Training loss=0.019590, lr=1.49e-03
Epoch 32/200: Validation loss=0.024917
Model saved! Best loss: 0.024917
Set5: PSNR(Y)=37.210, SSIM(Y)=0.9575
Set14: PSNR(Y)=32.783, SSIM(Y)=0.9101
B100: PSNR(Y)=31.558, SSIM(Y)=0.8917
U100: PSNR(Y)=29.945, SSIM(Y)=0.9038
M109: PSNR(Y)=36.699, SSIM(Y)=0.9714
Set5-C16: PSNR(Y)=32.784, SSIM(Y)=0.9195
Set14-C16: PSNR(Y)=29.678, SSIM(Y)=0.8531
B100-C16: PSNR(Y)=29.034, SSIM(Y)=0.8247
U100-C16: PSNR(Y)=26.351, SSIM(Y)=0.8223
M109-C16: PSNR(Y)=29.735, SSIM(Y)=0.9210
Epoch 33/200: Training loss=0.019615, lr=1.48e-03
Epoch 33/200: Validation loss=0.024885
Model saved! Best loss: 0.024885
Set5: PSNR(Y)=37.218, SSIM(Y)=0.9576
Set14: PSNR(Y)=32.789, SSIM(Y)=0.9102
B100: PSNR(Y)=31.564, SSIM(Y)=0.8918
U100: PSNR(Y)=29.961, SSIM(Y)=0.9040
M109: PSNR(Y)=36.717, SSIM(Y)=0.9715
Set5-C16: PSNR(Y)=32.784, SSIM(Y)=0.9196
Set14-C16: PSNR(Y)=29.675, SSIM(Y)=0.8530
B100-C16: PSNR(Y)=29.032, SSIM(Y)=0.8246
U100-C16: PSNR(Y)=26.348, SSIM(Y)=0.8222
M109-C16: PSNR(Y)=29.731, SSIM(Y)=0.9209
Epoch 34/200: Training loss=0.019614, lr=1.48e-03
Epoch 34/200: Validation loss=0.024849
Model saved! Best loss: 0.024849
Set5: PSNR(Y)=37.227, SSIM(Y)=0.9576
Set14: PSNR(Y)=32.794, SSIM(Y)=0.9102
B100: PSNR(Y)=31.570, SSIM(Y)=0.8918
U100: PSNR(Y)=29.976, SSIM(Y)=0.9041
M109: PSNR(Y)=36.741, SSIM(Y)=0.9716
Set5-C16: PSNR(Y)=32.786, SSIM(Y)=0.9196
Set14-C16: PSNR(Y)=29.675, SSIM(Y)=0.8530
B100-C16: PSNR(Y)=29.032, SSIM(Y)=0.8246
U100-C16: PSNR(Y)=26.347, SSIM(Y)=0.8222
M109-C16: PSNR(Y)=29.730, SSIM(Y)=0.9210
Epoch 35/200: Training loss=0.019561, lr=1.48e-03
Epoch 35/200: Validation loss=0.024819
Model saved! Best loss: 0.024819
Set5: PSNR(Y)=37.232, SSIM(Y)=0.9576
Set14: PSNR(Y)=32.801, SSIM(Y)=0.9103
B100: PSNR(Y)=31.575, SSIM(Y)=0.8919
U100: PSNR(Y)=29.990, SSIM(Y)=0.9043
M109: PSNR(Y)=36.756, SSIM(Y)=0.9717
Set5-C16: PSNR(Y)=32.787, SSIM(Y)=0.9197
Set14-C16: PSNR(Y)=29.675, SSIM(Y)=0.8530
B100-C16: PSNR(Y)=29.032, SSIM(Y)=0.8246
U100-C16: PSNR(Y)=26.346, SSIM(Y)=0.8222
M109-C16: PSNR(Y)=29.730, SSIM(Y)=0.9210
Epoch 36/200: Training loss=0.019602, lr=1.48e-03
Epoch 36/200: Validation loss=0.024791
Model saved! Best loss: 0.024791
Set5: PSNR(Y)=37.239, SSIM(Y)=0.9576
Set14: PSNR(Y)=32.807, SSIM(Y)=0.9103
B100: PSNR(Y)=31.580, SSIM(Y)=0.8920
U100: PSNR(Y)=30.002, SSIM(Y)=0.9045
M109: PSNR(Y)=36.771, SSIM(Y)=0.9717
Set5-C16: PSNR(Y)=32.791, SSIM(Y)=0.9198
Set14-C16: PSNR(Y)=29.678, SSIM(Y)=0.8531
B100-C16: PSNR(Y)=29.034, SSIM(Y)=0.8247
U100-C16: PSNR(Y)=26.349, SSIM(Y)=0.8223
M109-C16: PSNR(Y)=29.734, SSIM(Y)=0.9212
Epoch 37/200: Training loss=0.019543, lr=1.47e-03
Epoch 37/200: Validation loss=0.024765
Model saved! Best loss: 0.024765
Set5: PSNR(Y)=37.244, SSIM(Y)=0.9577
Set14: PSNR(Y)=32.811, SSIM(Y)=0.9103
B100: PSNR(Y)=31.585, SSIM(Y)=0.8920
U100: PSNR(Y)=30.015, SSIM(Y)=0.9047
M109: PSNR(Y)=36.785, SSIM(Y)=0.9718
Set5-C16: PSNR(Y)=32.794, SSIM(Y)=0.9200
Set14-C16: PSNR(Y)=29.680, SSIM(Y)=0.8532
B100-C16: PSNR(Y)=29.036, SSIM(Y)=0.8248
U100-C16: PSNR(Y)=26.350, SSIM(Y)=0.8224
M109-C16: PSNR(Y)=29.737, SSIM(Y)=0.9213
Epoch 38/200: Training loss=0.019524, lr=1.47e-03
Epoch 38/200: Validation loss=0.024742
Model saved! Best loss: 0.024742
Set5: PSNR(Y)=37.250, SSIM(Y)=0.9577
Set14: PSNR(Y)=32.816, SSIM(Y)=0.9104
B100: PSNR(Y)=31.588, SSIM(Y)=0.8921
U100: PSNR(Y)=30.026, SSIM(Y)=0.9048
M109: PSNR(Y)=36.799, SSIM(Y)=0.9718
Set5-C16: PSNR(Y)=32.801, SSIM(Y)=0.9201
Set14-C16: PSNR(Y)=29.684, SSIM(Y)=0.8533
B100-C16: PSNR(Y)=29.039, SSIM(Y)=0.8249
U100-C16: PSNR(Y)=26.353, SSIM(Y)=0.8225
M109-C16: PSNR(Y)=29.741, SSIM(Y)=0.9215
Epoch 39/200: Training loss=0.019577, lr=1.46e-03
Epoch 39/200: Validation loss=0.024724
Model saved! Best loss: 0.024724
Set5: PSNR(Y)=37.253, SSIM(Y)=0.9577
Set14: PSNR(Y)=32.823, SSIM(Y)=0.9104
B100: PSNR(Y)=31.592, SSIM(Y)=0.8921
U100: PSNR(Y)=30.034, SSIM(Y)=0.9049
M109: PSNR(Y)=36.809, SSIM(Y)=0.9719
Set5-C16: PSNR(Y)=32.801, SSIM(Y)=0.9202
Set14-C16: PSNR(Y)=29.685, SSIM(Y)=0.8534
B100-C16: PSNR(Y)=29.041, SSIM(Y)=0.8250
U100-C16: PSNR(Y)=26.353, SSIM(Y)=0.8225
M109-C16: PSNR(Y)=29.740, SSIM(Y)=0.9215
Epoch 40/200: Training loss=0.019512, lr=1.46e-03
Epoch 40/200: Validation loss=0.024701
Model saved! Best loss: 0.024701
Set5: PSNR(Y)=37.255, SSIM(Y)=0.9577
Set14: PSNR(Y)=32.824, SSIM(Y)=0.9105
B100: PSNR(Y)=31.594, SSIM(Y)=0.8922
U100: PSNR(Y)=30.044, SSIM(Y)=0.9050
M109: PSNR(Y)=36.829, SSIM(Y)=0.9719
Set5-C16: PSNR(Y)=32.805, SSIM(Y)=0.9202
Set14-C16: PSNR(Y)=29.689, SSIM(Y)=0.8535
B100-C16: PSNR(Y)=29.045, SSIM(Y)=0.8251
U100-C16: PSNR(Y)=26.355, SSIM(Y)=0.8226
M109-C16: PSNR(Y)=29.743, SSIM(Y)=0.9216
Epoch 41/200: Training loss=0.020482, lr=1.46e-03
Epoch 41/200: Validation loss=0.024860
Epoch 42/200: Training loss=0.020117, lr=1.45e-03
Epoch 42/200: Validation loss=0.024929
Epoch 43/200: Training loss=0.020078, lr=1.45e-03
Epoch 43/200: Validation loss=0.024930
Epoch 44/200: Training loss=0.019980, lr=1.44e-03
Epoch 44/200: Validation loss=0.024911
Epoch 45/200: Training loss=0.019965, lr=1.44e-03
Epoch 45/200: Validation loss=0.024894
Epoch 46/200: Training loss=0.019954, lr=1.43e-03
Epoch 46/200: Validation loss=0.024877
Epoch 47/200: Training loss=0.019934, lr=1.43e-03
Epoch 47/200: Validation loss=0.024861
Epoch 48/200: Training loss=0.019895, lr=1.42e-03
Epoch 48/200: Validation loss=0.024849
Epoch 49/200: Training loss=0.019932, lr=1.42e-03
Epoch 49/200: Validation loss=0.024832
Epoch 50/200: Training loss=0.019839, lr=1.41e-03
Epoch 50/200: Validation loss=0.024818
Epoch 51/200: Training loss=0.019878, lr=1.40e-03
Epoch 51/200: Validation loss=0.024810
Epoch 52/200: Training loss=0.019853, lr=1.40e-03
Epoch 52/200: Validation loss=0.024794
Epoch 53/200: Training loss=0.019831, lr=1.39e-03
Epoch 53/200: Validation loss=0.024780
Epoch 54/200: Training loss=0.019818, lr=1.38e-03
Epoch 54/200: Validation loss=0.024772
Epoch 55/200: Training loss=0.019808, lr=1.38e-03
Epoch 55/200: Validation loss=0.024764
Epoch 56/200: Training loss=0.019780, lr=1.37e-03
Epoch 56/200: Validation loss=0.024753
Epoch 57/200: Training loss=0.019770, lr=1.36e-03
Epoch 57/200: Validation loss=0.024745
Epoch 58/200: Training loss=0.019813, lr=1.35e-03
Epoch 58/200: Validation loss=0.024736
Epoch 59/200: Training loss=0.019760, lr=1.35e-03
Epoch 59/200: Validation loss=0.024728
Epoch 60/200: Training loss=0.019766, lr=1.34e-03
Epoch 60/200: Validation loss=0.024719
Epoch 61/200: Training loss=0.019720, lr=1.33e-03
Epoch 61/200: Validation loss=0.024711
Epoch 62/200: Training loss=0.019773, lr=1.32e-03
Epoch 62/200: Validation loss=0.024703
Epoch 63/200: Training loss=0.019779, lr=1.31e-03
Epoch 63/200: Validation loss=0.024691
Model saved! Best loss: 0.024691
Set5: PSNR(Y)=37.244, SSIM(Y)=0.9576
Set14: PSNR(Y)=32.833, SSIM(Y)=0.9106
B100: PSNR(Y)=31.601, SSIM(Y)=0.8922
U100: PSNR(Y)=30.054, SSIM(Y)=0.9049
M109: PSNR(Y)=36.815, SSIM(Y)=0.9718
Set5-C16: PSNR(Y)=36.967, SSIM(Y)=0.9565
Set14-C16: PSNR(Y)=32.621, SSIM(Y)=0.9087
B100-C16: PSNR(Y)=31.410, SSIM(Y)=0.8897
U100-C16: PSNR(Y)=29.552, SSIM(Y)=0.8984
M109-C16: PSNR(Y)=36.148, SSIM(Y)=0.9695
Epoch 64/200: Training loss=0.019751, lr=1.31e-03
Epoch 64/200: Validation loss=0.024684
Model saved! Best loss: 0.024684
Set5: PSNR(Y)=37.245, SSIM(Y)=0.9576
Set14: PSNR(Y)=32.836, SSIM(Y)=0.9106
B100: PSNR(Y)=31.601, SSIM(Y)=0.8922
U100: PSNR(Y)=30.058, SSIM(Y)=0.9050
M109: PSNR(Y)=36.820, SSIM(Y)=0.9719
Set5-C16: PSNR(Y)=36.970, SSIM(Y)=0.9566
Set14-C16: PSNR(Y)=32.625, SSIM(Y)=0.9087
B100-C16: PSNR(Y)=31.413, SSIM(Y)=0.8898
U100-C16: PSNR(Y)=29.558, SSIM(Y)=0.8985
M109-C16: PSNR(Y)=36.161, SSIM(Y)=0.9696
Epoch 65/200: Training loss=0.019759, lr=1.30e-03
Epoch 65/200: Validation loss=0.024674
Model saved! Best loss: 0.024674
Set5: PSNR(Y)=37.246, SSIM(Y)=0.9577
Set14: PSNR(Y)=32.835, SSIM(Y)=0.9106
B100: PSNR(Y)=31.603, SSIM(Y)=0.8923
U100: PSNR(Y)=30.064, SSIM(Y)=0.9051
M109: PSNR(Y)=36.822, SSIM(Y)=0.9719
Set5-C16: PSNR(Y)=36.977, SSIM(Y)=0.9566
Set14-C16: PSNR(Y)=32.626, SSIM(Y)=0.9087
B100-C16: PSNR(Y)=31.415, SSIM(Y)=0.8898
U100-C16: PSNR(Y)=29.562, SSIM(Y)=0.8986
M109-C16: PSNR(Y)=36.171, SSIM(Y)=0.9696
Epoch 66/200: Training loss=0.019706, lr=1.29e-03
Epoch 66/200: Validation loss=0.024662
Model saved! Best loss: 0.024662
Set5: PSNR(Y)=37.247, SSIM(Y)=0.9576
Set14: PSNR(Y)=32.835, SSIM(Y)=0.9106
B100: PSNR(Y)=31.604, SSIM(Y)=0.8923
U100: PSNR(Y)=30.069, SSIM(Y)=0.9052
M109: PSNR(Y)=36.831, SSIM(Y)=0.9719
Set5-C16: PSNR(Y)=36.984, SSIM(Y)=0.9566
Set14-C16: PSNR(Y)=32.629, SSIM(Y)=0.9087
B100-C16: PSNR(Y)=31.418, SSIM(Y)=0.8899
U100-C16: PSNR(Y)=29.569, SSIM(Y)=0.8987
M109-C16: PSNR(Y)=36.185, SSIM(Y)=0.9696
Epoch 67/200: Training loss=0.019719, lr=1.28e-03
Epoch 67/200: Validation loss=0.024655
Model saved! Best loss: 0.024655
Set5: PSNR(Y)=37.251, SSIM(Y)=0.9577
Set14: PSNR(Y)=32.840, SSIM(Y)=0.9106
B100: PSNR(Y)=31.606, SSIM(Y)=0.8923
U100: PSNR(Y)=30.073, SSIM(Y)=0.9052
M109: PSNR(Y)=36.835, SSIM(Y)=0.9719
Set5-C16: PSNR(Y)=36.987, SSIM(Y)=0.9566
Set14-C16: PSNR(Y)=32.633, SSIM(Y)=0.9088
B100-C16: PSNR(Y)=31.420, SSIM(Y)=0.8899
U100-C16: PSNR(Y)=29.576, SSIM(Y)=0.8988
M109-C16: PSNR(Y)=36.200, SSIM(Y)=0.9697
Epoch 68/200: Training loss=0.019730, lr=1.27e-03
Epoch 68/200: Validation loss=0.024651
Model saved! Best loss: 0.024651
Set5: PSNR(Y)=37.253, SSIM(Y)=0.9577
Set14: PSNR(Y)=32.842, SSIM(Y)=0.9106
B100: PSNR(Y)=31.606, SSIM(Y)=0.8923
U100: PSNR(Y)=30.075, SSIM(Y)=0.9052
M109: PSNR(Y)=36.839, SSIM(Y)=0.9719
Set5-C16: PSNR(Y)=36.990, SSIM(Y)=0.9566
Set14-C16: PSNR(Y)=32.636, SSIM(Y)=0.9088
B100-C16: PSNR(Y)=31.423, SSIM(Y)=0.8899
U100-C16: PSNR(Y)=29.583, SSIM(Y)=0.8989
M109-C16: PSNR(Y)=36.208, SSIM(Y)=0.9697
Epoch 69/200: Training loss=0.019751, lr=1.26e-03
Epoch 69/200: Validation loss=0.024646
Model saved! Best loss: 0.024646
Set5: PSNR(Y)=37.257, SSIM(Y)=0.9577
Set14: PSNR(Y)=32.840, SSIM(Y)=0.9106
B100: PSNR(Y)=31.606, SSIM(Y)=0.8923
U100: PSNR(Y)=30.079, SSIM(Y)=0.9053
M109: PSNR(Y)=36.842, SSIM(Y)=0.9719
Set5-C16: PSNR(Y)=36.992, SSIM(Y)=0.9566
Set14-C16: PSNR(Y)=32.638, SSIM(Y)=0.9088
B100-C16: PSNR(Y)=31.426, SSIM(Y)=0.8900
U100-C16: PSNR(Y)=29.590, SSIM(Y)=0.8990
M109-C16: PSNR(Y)=36.219, SSIM(Y)=0.9698
Epoch 70/200: Training loss=0.019715, lr=1.25e-03
Epoch 70/200: Validation loss=0.024638
Model saved! Best loss: 0.024638
Set5: PSNR(Y)=37.258, SSIM(Y)=0.9577
Set14: PSNR(Y)=32.841, SSIM(Y)=0.9106
B100: PSNR(Y)=31.608, SSIM(Y)=0.8923
U100: PSNR(Y)=30.084, SSIM(Y)=0.9053
M109: PSNR(Y)=36.842, SSIM(Y)=0.9719
Set5-C16: PSNR(Y)=36.993, SSIM(Y)=0.9567
Set14-C16: PSNR(Y)=32.641, SSIM(Y)=0.9088
B100-C16: PSNR(Y)=31.428, SSIM(Y)=0.8900
U100-C16: PSNR(Y)=29.594, SSIM(Y)=0.8991
M109-C16: PSNR(Y)=36.230, SSIM(Y)=0.9698
Epoch 71/200: Training loss=0.019703, lr=1.24e-03
Epoch 71/200: Validation loss=0.024637
Model saved! Best loss: 0.024637
Set5: PSNR(Y)=37.258, SSIM(Y)=0.9577
Set14: PSNR(Y)=32.843, SSIM(Y)=0.9107
B100: PSNR(Y)=31.609, SSIM(Y)=0.8923
U100: PSNR(Y)=30.087, SSIM(Y)=0.9054
M109: PSNR(Y)=36.841, SSIM(Y)=0.9720
Set5-C16: PSNR(Y)=36.996, SSIM(Y)=0.9567
Set14-C16: PSNR(Y)=32.643, SSIM(Y)=0.9089
B100-C16: PSNR(Y)=31.430, SSIM(Y)=0.8901
U100-C16: PSNR(Y)=29.599, SSIM(Y)=0.8992
M109-C16: PSNR(Y)=36.237, SSIM(Y)=0.9698
Epoch 72/200: Training loss=0.019707, lr=1.23e-03
Epoch 72/200: Validation loss=0.024628
Model saved! Best loss: 0.024628
Set5: PSNR(Y)=37.262, SSIM(Y)=0.9577
Set14: PSNR(Y)=32.845, SSIM(Y)=0.9107
B100: PSNR(Y)=31.611, SSIM(Y)=0.8924
U100: PSNR(Y)=30.092, SSIM(Y)=0.9055
M109: PSNR(Y)=36.845, SSIM(Y)=0.9720
Set5-C16: PSNR(Y)=36.998, SSIM(Y)=0.9567
Set14-C16: PSNR(Y)=32.645, SSIM(Y)=0.9089
B100-C16: PSNR(Y)=31.432, SSIM(Y)=0.8901
U100-C16: PSNR(Y)=29.602, SSIM(Y)=0.8992
M109-C16: PSNR(Y)=36.244, SSIM(Y)=0.9699
Epoch 73/200: Training loss=0.019696, lr=1.22e-03
Epoch 73/200: Validation loss=0.024621
Model saved! Best loss: 0.024621
Set5: PSNR(Y)=37.262, SSIM(Y)=0.9577
Set14: PSNR(Y)=32.847, SSIM(Y)=0.9107
B100: PSNR(Y)=31.611, SSIM(Y)=0.8924
U100: PSNR(Y)=30.097, SSIM(Y)=0.9055
M109: PSNR(Y)=36.846, SSIM(Y)=0.9720
Set5-C16: PSNR(Y)=37.000, SSIM(Y)=0.9567
Set14-C16: PSNR(Y)=32.649, SSIM(Y)=0.9089
B100-C16: PSNR(Y)=31.435, SSIM(Y)=0.8901
U100-C16: PSNR(Y)=29.609, SSIM(Y)=0.8993
M109-C16: PSNR(Y)=36.253, SSIM(Y)=0.9699
Epoch 74/200: Training loss=0.019728, lr=1.21e-03
Epoch 74/200: Validation loss=0.024618
Model saved! Best loss: 0.024618
Set5: PSNR(Y)=37.265, SSIM(Y)=0.9577
Set14: PSNR(Y)=32.846, SSIM(Y)=0.9107
B100: PSNR(Y)=31.612, SSIM(Y)=0.8924
U100: PSNR(Y)=30.100, SSIM(Y)=0.9056
M109: PSNR(Y)=36.848, SSIM(Y)=0.9720
Set5-C16: PSNR(Y)=37.004, SSIM(Y)=0.9567
Set14-C16: PSNR(Y)=32.650, SSIM(Y)=0.9089
B100-C16: PSNR(Y)=31.437, SSIM(Y)=0.8902
U100-C16: PSNR(Y)=29.613, SSIM(Y)=0.8994
M109-C16: PSNR(Y)=36.264, SSIM(Y)=0.9699
Epoch 75/200: Training loss=0.019729, lr=1.20e-03
Epoch 75/200: Validation loss=0.024610
Model saved! Best loss: 0.024610
Set5: PSNR(Y)=37.263, SSIM(Y)=0.9577
Set14: PSNR(Y)=32.848, SSIM(Y)=0.9107
B100: PSNR(Y)=31.614, SSIM(Y)=0.8924
U100: PSNR(Y)=30.104, SSIM(Y)=0.9056
M109: PSNR(Y)=36.856, SSIM(Y)=0.9720
Set5-C16: PSNR(Y)=37.006, SSIM(Y)=0.9567
Set14-C16: PSNR(Y)=32.650, SSIM(Y)=0.9089
B100-C16: PSNR(Y)=31.438, SSIM(Y)=0.8902
U100-C16: PSNR(Y)=29.617, SSIM(Y)=0.8995
M109-C16: PSNR(Y)=36.272, SSIM(Y)=0.9700
Epoch 76/200: Training loss=0.019706, lr=1.19e-03
Epoch 76/200: Validation loss=0.024604
Model saved! Best loss: 0.024604
Set5: PSNR(Y)=37.263, SSIM(Y)=0.9577
Set14: PSNR(Y)=32.850, SSIM(Y)=0.9107
B100: PSNR(Y)=31.615, SSIM(Y)=0.8924
U100: PSNR(Y)=30.105, SSIM(Y)=0.9057
M109: PSNR(Y)=36.862, SSIM(Y)=0.9720
Set5-C16: PSNR(Y)=37.009, SSIM(Y)=0.9567
Set14-C16: PSNR(Y)=32.652, SSIM(Y)=0.9089
B100-C16: PSNR(Y)=31.440, SSIM(Y)=0.8902
U100-C16: PSNR(Y)=29.623, SSIM(Y)=0.8996
M109-C16: PSNR(Y)=36.282, SSIM(Y)=0.9700
Epoch 77/200: Training loss=0.019642, lr=1.18e-03
Epoch 77/200: Validation loss=0.024598
Model saved! Best loss: 0.024598
Set5: PSNR(Y)=37.265, SSIM(Y)=0.9578
Set14: PSNR(Y)=32.852, SSIM(Y)=0.9107
B100: PSNR(Y)=31.617, SSIM(Y)=0.8924
U100: PSNR(Y)=30.112, SSIM(Y)=0.9058
M109: PSNR(Y)=36.853, SSIM(Y)=0.9720
Set5-C16: PSNR(Y)=37.011, SSIM(Y)=0.9568
Set14-C16: PSNR(Y)=32.654, SSIM(Y)=0.9090
B100-C16: PSNR(Y)=31.442, SSIM(Y)=0.8902
U100-C16: PSNR(Y)=29.628, SSIM(Y)=0.8996
M109-C16: PSNR(Y)=36.290, SSIM(Y)=0.9700
Epoch 78/200: Training loss=0.019709, lr=1.17e-03
Epoch 78/200: Validation loss=0.024593
Model saved! Best loss: 0.024593
Set5: PSNR(Y)=37.265, SSIM(Y)=0.9578
Set14: PSNR(Y)=32.851, SSIM(Y)=0.9107
B100: PSNR(Y)=31.617, SSIM(Y)=0.8924
U100: PSNR(Y)=30.115, SSIM(Y)=0.9058
M109: PSNR(Y)=36.855, SSIM(Y)=0.9720
Set5-C16: PSNR(Y)=37.014, SSIM(Y)=0.9568
Set14-C16: PSNR(Y)=32.655, SSIM(Y)=0.9090
B100-C16: PSNR(Y)=31.444, SSIM(Y)=0.8903
U100-C16: PSNR(Y)=29.632, SSIM(Y)=0.8997
M109-C16: PSNR(Y)=36.300, SSIM(Y)=0.9700
Epoch 79/200: Training loss=0.019683, lr=1.16e-03
Epoch 79/200: Validation loss=0.024587
Model saved! Best loss: 0.024587
Set5: PSNR(Y)=37.263, SSIM(Y)=0.9578
Set14: PSNR(Y)=32.854, SSIM(Y)=0.9107
B100: PSNR(Y)=31.618, SSIM(Y)=0.8925
U100: PSNR(Y)=30.116, SSIM(Y)=0.9058
M109: PSNR(Y)=36.863, SSIM(Y)=0.9720
Set5-C16: PSNR(Y)=37.016, SSIM(Y)=0.9568
Set14-C16: PSNR(Y)=32.658, SSIM(Y)=0.9090
B100-C16: PSNR(Y)=31.446, SSIM(Y)=0.8903
U100-C16: PSNR(Y)=29.636, SSIM(Y)=0.8998
M109-C16: PSNR(Y)=36.307, SSIM(Y)=0.9701
Epoch 80/200: Training loss=0.019677, lr=1.15e-03
Epoch 80/200: Validation loss=0.024581
Model saved! Best loss: 0.024581
Set5: PSNR(Y)=37.263, SSIM(Y)=0.9578
Set14: PSNR(Y)=32.853, SSIM(Y)=0.9107
B100: PSNR(Y)=31.619, SSIM(Y)=0.8925
U100: PSNR(Y)=30.121, SSIM(Y)=0.9058
M109: PSNR(Y)=36.866, SSIM(Y)=0.9721
Set5-C16: PSNR(Y)=37.019, SSIM(Y)=0.9568
Set14-C16: PSNR(Y)=32.660, SSIM(Y)=0.9090
B100-C16: PSNR(Y)=31.448, SSIM(Y)=0.8903
U100-C16: PSNR(Y)=29.641, SSIM(Y)=0.8999
M109-C16: PSNR(Y)=36.313, SSIM(Y)=0.9701
Epoch 81/200: Training loss=0.019621, lr=1.14e-03
Epoch 81/200: Validation loss=0.024580
Model saved! Best loss: 0.024580
Set5: PSNR(Y)=37.264, SSIM(Y)=0.9578
Set14: PSNR(Y)=32.853, SSIM(Y)=0.9108
B100: PSNR(Y)=31.620, SSIM(Y)=0.8925
U100: PSNR(Y)=30.122, SSIM(Y)=0.9059
M109: PSNR(Y)=36.863, SSIM(Y)=0.9721
Set5-C16: PSNR(Y)=37.021, SSIM(Y)=0.9568
Set14-C16: PSNR(Y)=32.659, SSIM(Y)=0.9090
B100-C16: PSNR(Y)=31.449, SSIM(Y)=0.8903
U100-C16: PSNR(Y)=29.644, SSIM(Y)=0.8999
M109-C16: PSNR(Y)=36.318, SSIM(Y)=0.9701
Epoch 82/200: Training loss=0.019702, lr=1.13e-03
Epoch 82/200: Validation loss=0.024577
Model saved! Best loss: 0.024577
Set5: PSNR(Y)=37.263, SSIM(Y)=0.9578
Set14: PSNR(Y)=32.854, SSIM(Y)=0.9108
B100: PSNR(Y)=31.621, SSIM(Y)=0.8925
U100: PSNR(Y)=30.125, SSIM(Y)=0.9059
M109: PSNR(Y)=36.867, SSIM(Y)=0.9721
Set5-C16: PSNR(Y)=37.023, SSIM(Y)=0.9568
Set14-C16: PSNR(Y)=32.661, SSIM(Y)=0.9090
B100-C16: PSNR(Y)=31.451, SSIM(Y)=0.8904
U100-C16: PSNR(Y)=29.649, SSIM(Y)=0.9000
M109-C16: PSNR(Y)=36.326, SSIM(Y)=0.9701
Epoch 83/200: Training loss=0.019716, lr=1.12e-03
Epoch 83/200: Validation loss=0.024572
Model saved! Best loss: 0.024572
Set5: PSNR(Y)=37.264, SSIM(Y)=0.9578
Set14: PSNR(Y)=32.854, SSIM(Y)=0.9108
B100: PSNR(Y)=31.622, SSIM(Y)=0.8925
U100: PSNR(Y)=30.129, SSIM(Y)=0.9060
M109: PSNR(Y)=36.868, SSIM(Y)=0.9721
Set5-C16: PSNR(Y)=37.024, SSIM(Y)=0.9568
Set14-C16: PSNR(Y)=32.663, SSIM(Y)=0.9090
B100-C16: PSNR(Y)=31.453, SSIM(Y)=0.8904
U100-C16: PSNR(Y)=29.653, SSIM(Y)=0.9001
M109-C16: PSNR(Y)=36.334, SSIM(Y)=0.9702
Epoch 84/200: Training loss=0.019659, lr=1.10e-03
Epoch 84/200: Validation loss=0.024570
Model saved! Best loss: 0.024570
Set5: PSNR(Y)=37.266, SSIM(Y)=0.9578
Set14: PSNR(Y)=32.857, SSIM(Y)=0.9108
B100: PSNR(Y)=31.623, SSIM(Y)=0.8925
U100: PSNR(Y)=30.130, SSIM(Y)=0.9060
M109: PSNR(Y)=36.870, SSIM(Y)=0.9721
Set5-C16: PSNR(Y)=37.026, SSIM(Y)=0.9568
Set14-C16: PSNR(Y)=32.665, SSIM(Y)=0.9090
B100-C16: PSNR(Y)=31.455, SSIM(Y)=0.8904
U100-C16: PSNR(Y)=29.659, SSIM(Y)=0.9001
M109-C16: PSNR(Y)=36.338, SSIM(Y)=0.9702
Epoch 85/200: Training loss=0.019648, lr=1.09e-03
Epoch 85/200: Validation loss=0.024562
Model saved! Best loss: 0.024562
Set5: PSNR(Y)=37.267, SSIM(Y)=0.9578
Set14: PSNR(Y)=32.858, SSIM(Y)=0.9108
B100: PSNR(Y)=31.624, SSIM(Y)=0.8925
U100: PSNR(Y)=30.133, SSIM(Y)=0.9060
M109: PSNR(Y)=36.876, SSIM(Y)=0.9721
Set5-C16: PSNR(Y)=37.027, SSIM(Y)=0.9568
Set14-C16: PSNR(Y)=32.667, SSIM(Y)=0.9091
B100-C16: PSNR(Y)=31.457, SSIM(Y)=0.8904
U100-C16: PSNR(Y)=29.661, SSIM(Y)=0.9002
M109-C16: PSNR(Y)=36.343, SSIM(Y)=0.9702
Epoch 86/200: Training loss=0.019633, lr=1.08e-03
Epoch 86/200: Validation loss=0.024557
Model saved! Best loss: 0.024557
Set5: PSNR(Y)=37.272, SSIM(Y)=0.9578
Set14: PSNR(Y)=32.858, SSIM(Y)=0.9108
B100: PSNR(Y)=31.625, SSIM(Y)=0.8925
U100: PSNR(Y)=30.139, SSIM(Y)=0.9061
M109: PSNR(Y)=36.871, SSIM(Y)=0.9721
Set5-C16: PSNR(Y)=37.029, SSIM(Y)=0.9568
Set14-C16: PSNR(Y)=32.667, SSIM(Y)=0.9090
B100-C16: PSNR(Y)=31.458, SSIM(Y)=0.8904
U100-C16: PSNR(Y)=29.664, SSIM(Y)=0.9002
M109-C16: PSNR(Y)=36.354, SSIM(Y)=0.9702
Epoch 87/200: Training loss=0.019664, lr=1.07e-03
Epoch 87/200: Validation loss=0.024554
Model saved! Best loss: 0.024554
Set5: PSNR(Y)=37.274, SSIM(Y)=0.9578
Set14: PSNR(Y)=32.860, SSIM(Y)=0.9108
B100: PSNR(Y)=31.626, SSIM(Y)=0.8926
U100: PSNR(Y)=30.140, SSIM(Y)=0.9061
M109: PSNR(Y)=36.875, SSIM(Y)=0.9721
Set5-C16: PSNR(Y)=37.032, SSIM(Y)=0.9568
Set14-C16: PSNR(Y)=32.667, SSIM(Y)=0.9090
B100-C16: PSNR(Y)=31.459, SSIM(Y)=0.8904
U100-C16: PSNR(Y)=29.666, SSIM(Y)=0.9003
M109-C16: PSNR(Y)=36.355, SSIM(Y)=0.9702
Epoch 88/200: Training loss=0.019666, lr=1.06e-03
Epoch 88/200: Validation loss=0.024548
Model saved! Best loss: 0.024548
Set5: PSNR(Y)=37.274, SSIM(Y)=0.9578
Set14: PSNR(Y)=32.864, SSIM(Y)=0.9108
B100: PSNR(Y)=31.627, SSIM(Y)=0.8926
U100: PSNR(Y)=30.144, SSIM(Y)=0.9061
M109: PSNR(Y)=36.876, SSIM(Y)=0.9721
Set5-C16: PSNR(Y)=37.034, SSIM(Y)=0.9568
Set14-C16: PSNR(Y)=32.669, SSIM(Y)=0.9090
B100-C16: PSNR(Y)=31.461, SSIM(Y)=0.8905
U100-C16: PSNR(Y)=29.670, SSIM(Y)=0.9003
M109-C16: PSNR(Y)=36.361, SSIM(Y)=0.9703
Epoch 89/200: Training loss=0.019653, lr=1.05e-03
Epoch 89/200: Validation loss=0.024543
Model saved! Best loss: 0.024543
Set5: PSNR(Y)=37.273, SSIM(Y)=0.9578
Set14: PSNR(Y)=32.860, SSIM(Y)=0.9108
B100: PSNR(Y)=31.628, SSIM(Y)=0.8926
U100: PSNR(Y)=30.147, SSIM(Y)=0.9062
M109: PSNR(Y)=36.880, SSIM(Y)=0.9721
Set5-C16: PSNR(Y)=37.037, SSIM(Y)=0.9568
Set14-C16: PSNR(Y)=32.668, SSIM(Y)=0.9090
B100-C16: PSNR(Y)=31.462, SSIM(Y)=0.8905
U100-C16: PSNR(Y)=29.672, SSIM(Y)=0.9003
M109-C16: PSNR(Y)=36.368, SSIM(Y)=0.9703
Epoch 90/200: Training loss=0.019645, lr=1.03e-03
Epoch 90/200: Validation loss=0.024540
Model saved! Best loss: 0.024540
Set5: PSNR(Y)=37.274, SSIM(Y)=0.9578
Set14: PSNR(Y)=32.860, SSIM(Y)=0.9108
B100: PSNR(Y)=31.628, SSIM(Y)=0.8926
U100: PSNR(Y)=30.145, SSIM(Y)=0.9062
M109: PSNR(Y)=36.890, SSIM(Y)=0.9722
Set5-C16: PSNR(Y)=37.039, SSIM(Y)=0.9568
Set14-C16: PSNR(Y)=32.670, SSIM(Y)=0.9090
B100-C16: PSNR(Y)=31.463, SSIM(Y)=0.8905
U100-C16: PSNR(Y)=29.675, SSIM(Y)=0.9004
M109-C16: PSNR(Y)=36.371, SSIM(Y)=0.9703
Epoch 91/200: Training loss=0.019649, lr=1.02e-03
Epoch 91/200: Validation loss=0.024537
Model saved! Best loss: 0.024537
Set5: PSNR(Y)=37.277, SSIM(Y)=0.9578
Set14: PSNR(Y)=32.859, SSIM(Y)=0.9108
B100: PSNR(Y)=31.628, SSIM(Y)=0.8926
U100: PSNR(Y)=30.147, SSIM(Y)=0.9062
M109: PSNR(Y)=36.894, SSIM(Y)=0.9722
Set5-C16: PSNR(Y)=37.042, SSIM(Y)=0.9568
Set14-C16: PSNR(Y)=32.672, SSIM(Y)=0.9091
B100-C16: PSNR(Y)=31.464, SSIM(Y)=0.8905
U100-C16: PSNR(Y)=29.679, SSIM(Y)=0.9004
M109-C16: PSNR(Y)=36.376, SSIM(Y)=0.9703
Epoch 92/200: Training loss=0.019628, lr=1.01e-03
Epoch 92/200: Validation loss=0.024533
Model saved! Best loss: 0.024533
Set5: PSNR(Y)=37.280, SSIM(Y)=0.9578
Set14: PSNR(Y)=32.862, SSIM(Y)=0.9108
B100: PSNR(Y)=31.630, SSIM(Y)=0.8926
U100: PSNR(Y)=30.152, SSIM(Y)=0.9063
M109: PSNR(Y)=36.890, SSIM(Y)=0.9722
Set5-C16: PSNR(Y)=37.044, SSIM(Y)=0.9568
Set14-C16: PSNR(Y)=32.675, SSIM(Y)=0.9091
B100-C16: PSNR(Y)=31.465, SSIM(Y)=0.8905
U100-C16: PSNR(Y)=29.682, SSIM(Y)=0.9005
M109-C16: PSNR(Y)=36.383, SSIM(Y)=0.9703
Epoch 93/200: Training loss=0.019635, lr=9.99e-04
Epoch 93/200: Validation loss=0.024530
Model saved! Best loss: 0.024530
Set5: PSNR(Y)=37.280, SSIM(Y)=0.9578
Set14: PSNR(Y)=32.864, SSIM(Y)=0.9108
B100: PSNR(Y)=31.630, SSIM(Y)=0.8926
U100: PSNR(Y)=30.154, SSIM(Y)=0.9063
M109: PSNR(Y)=36.891, SSIM(Y)=0.9722
Set5-C16: PSNR(Y)=37.047, SSIM(Y)=0.9568
Set14-C16: PSNR(Y)=32.676, SSIM(Y)=0.9091
B100-C16: PSNR(Y)=31.466, SSIM(Y)=0.8905
U100-C16: PSNR(Y)=29.685, SSIM(Y)=0.9005
M109-C16: PSNR(Y)=36.389, SSIM(Y)=0.9703
Epoch 94/200: Training loss=0.019634, lr=9.87e-04
Epoch 94/200: Validation loss=0.024526
Model saved! Best loss: 0.024526
Set5: PSNR(Y)=37.280, SSIM(Y)=0.9578
Set14: PSNR(Y)=32.868, SSIM(Y)=0.9109
B100: PSNR(Y)=31.631, SSIM(Y)=0.8926
U100: PSNR(Y)=30.156, SSIM(Y)=0.9063
M109: PSNR(Y)=36.890, SSIM(Y)=0.9722
Set5-C16: PSNR(Y)=37.047, SSIM(Y)=0.9568
Set14-C16: PSNR(Y)=32.678, SSIM(Y)=0.9091
B100-C16: PSNR(Y)=31.467, SSIM(Y)=0.8906
U100-C16: PSNR(Y)=29.688, SSIM(Y)=0.9006
M109-C16: PSNR(Y)=36.390, SSIM(Y)=0.9704
Epoch 95/200: Training loss=0.019593, lr=9.75e-04
Epoch 95/200: Validation loss=0.024522
Model saved! Best loss: 0.024522
Set5: PSNR(Y)=37.279, SSIM(Y)=0.9579
Set14: PSNR(Y)=32.866, SSIM(Y)=0.9109
B100: PSNR(Y)=31.633, SSIM(Y)=0.8926
U100: PSNR(Y)=30.159, SSIM(Y)=0.9064
M109: PSNR(Y)=36.889, SSIM(Y)=0.9722
Set5-C16: PSNR(Y)=37.049, SSIM(Y)=0.9568
Set14-C16: PSNR(Y)=32.678, SSIM(Y)=0.9091
B100-C16: PSNR(Y)=31.468, SSIM(Y)=0.8906
U100-C16: PSNR(Y)=29.690, SSIM(Y)=0.9006
M109-C16: PSNR(Y)=36.391, SSIM(Y)=0.9704
Epoch 96/200: Training loss=0.019598, lr=9.63e-04
Epoch 96/200: Validation loss=0.024518
Model saved! Best loss: 0.024518
Set5: PSNR(Y)=37.280, SSIM(Y)=0.9579
Set14: PSNR(Y)=32.865, SSIM(Y)=0.9109
B100: PSNR(Y)=31.632, SSIM(Y)=0.8926
U100: PSNR(Y)=30.160, SSIM(Y)=0.9064
M109: PSNR(Y)=36.897, SSIM(Y)=0.9722
Set5-C16: PSNR(Y)=37.051, SSIM(Y)=0.9568
Set14-C16: PSNR(Y)=32.679, SSIM(Y)=0.9091
B100-C16: PSNR(Y)=31.469, SSIM(Y)=0.8906
U100-C16: PSNR(Y)=29.692, SSIM(Y)=0.9006
M109-C16: PSNR(Y)=36.394, SSIM(Y)=0.9704
Epoch 97/200: Training loss=0.019623, lr=9.50e-04
Epoch 97/200: Validation loss=0.024517
Model saved! Best loss: 0.024517
Set5: PSNR(Y)=37.278, SSIM(Y)=0.9579
Set14: PSNR(Y)=32.865, SSIM(Y)=0.9109
B100: PSNR(Y)=31.633, SSIM(Y)=0.8926
U100: PSNR(Y)=30.164, SSIM(Y)=0.9064
M109: PSNR(Y)=36.890, SSIM(Y)=0.9722
Set5-C16: PSNR(Y)=37.047, SSIM(Y)=0.9568
Set14-C16: PSNR(Y)=32.680, SSIM(Y)=0.9091
B100-C16: PSNR(Y)=31.470, SSIM(Y)=0.8906
U100-C16: PSNR(Y)=29.696, SSIM(Y)=0.9007
M109-C16: PSNR(Y)=36.398, SSIM(Y)=0.9704
Epoch 98/200: Training loss=0.019629, lr=9.38e-04
Epoch 98/200: Validation loss=0.024513
Model saved! Best loss: 0.024513
Set5: PSNR(Y)=37.280, SSIM(Y)=0.9579
Set14: PSNR(Y)=32.872, SSIM(Y)=0.9109
B100: PSNR(Y)=31.633, SSIM(Y)=0.8926
U100: PSNR(Y)=30.165, SSIM(Y)=0.9064
M109: PSNR(Y)=36.896, SSIM(Y)=0.9722
Set5-C16: PSNR(Y)=37.048, SSIM(Y)=0.9568
Set14-C16: PSNR(Y)=32.681, SSIM(Y)=0.9091
B100-C16: PSNR(Y)=31.470, SSIM(Y)=0.8906
U100-C16: PSNR(Y)=29.697, SSIM(Y)=0.9007
M109-C16: PSNR(Y)=36.400, SSIM(Y)=0.9704
Epoch 99/200: Training loss=0.019583, lr=9.26e-04
Epoch 99/200: Validation loss=0.024506
Model saved! Best loss: 0.024506
Set5: PSNR(Y)=37.281, SSIM(Y)=0.9579
Set14: PSNR(Y)=32.872, SSIM(Y)=0.9109
B100: PSNR(Y)=31.635, SSIM(Y)=0.8927
U100: PSNR(Y)=30.169, SSIM(Y)=0.9065
M109: PSNR(Y)=36.896, SSIM(Y)=0.9722
Set5-C16: PSNR(Y)=37.052, SSIM(Y)=0.9568
Set14-C16: PSNR(Y)=32.681, SSIM(Y)=0.9091
B100-C16: PSNR(Y)=31.472, SSIM(Y)=0.8906
U100-C16: PSNR(Y)=29.700, SSIM(Y)=0.9007
M109-C16: PSNR(Y)=36.405, SSIM(Y)=0.9704
Epoch 100/200: Training loss=0.019606, lr=9.13e-04
Epoch 100/200: Validation loss=0.024503
Model saved! Best loss: 0.024503
Set5: PSNR(Y)=37.287, SSIM(Y)=0.9579
Set14: PSNR(Y)=32.872, SSIM(Y)=0.9109
B100: PSNR(Y)=31.636, SSIM(Y)=0.8927
U100: PSNR(Y)=30.170, SSIM(Y)=0.9065
M109: PSNR(Y)=36.904, SSIM(Y)=0.9722
Set5-C16: PSNR(Y)=37.056, SSIM(Y)=0.9568
Set14-C16: PSNR(Y)=32.681, SSIM(Y)=0.9091
B100-C16: PSNR(Y)=31.472, SSIM(Y)=0.8906
U100-C16: PSNR(Y)=29.703, SSIM(Y)=0.9008
M109-C16: PSNR(Y)=36.409, SSIM(Y)=0.9704
Epoch 101/200: Training loss=0.019612, lr=9.01e-04
Epoch 101/200: Validation loss=0.024499
Model saved! Best loss: 0.024499
Set5: PSNR(Y)=37.285, SSIM(Y)=0.9579
Set14: PSNR(Y)=32.873, SSIM(Y)=0.9109
B100: PSNR(Y)=31.636, SSIM(Y)=0.8927
U100: PSNR(Y)=30.172, SSIM(Y)=0.9065
M109: PSNR(Y)=36.906, SSIM(Y)=0.9722
Set5-C16: PSNR(Y)=37.055, SSIM(Y)=0.9569
Set14-C16: PSNR(Y)=32.680, SSIM(Y)=0.9091
B100-C16: PSNR(Y)=31.473, SSIM(Y)=0.8906
U100-C16: PSNR(Y)=29.705, SSIM(Y)=0.9008
M109-C16: PSNR(Y)=36.413, SSIM(Y)=0.9704
Epoch 102/200: Training loss=0.019574, lr=8.88e-04
Epoch 102/200: Validation loss=0.024495
Model saved! Best loss: 0.024495
Set5: PSNR(Y)=37.283, SSIM(Y)=0.9579
Set14: PSNR(Y)=32.875, SSIM(Y)=0.9109
B100: PSNR(Y)=31.637, SSIM(Y)=0.8927
U100: PSNR(Y)=30.174, SSIM(Y)=0.9066
M109: PSNR(Y)=36.903, SSIM(Y)=0.9722
Set5-C16: PSNR(Y)=37.054, SSIM(Y)=0.9569
Set14-C16: PSNR(Y)=32.681, SSIM(Y)=0.9091
B100-C16: PSNR(Y)=31.473, SSIM(Y)=0.8906
U100-C16: PSNR(Y)=29.707, SSIM(Y)=0.9008
M109-C16: PSNR(Y)=36.414, SSIM(Y)=0.9705
Epoch 103/200: Training loss=0.019606, lr=8.76e-04
Epoch 103/200: Validation loss=0.024492
Model saved! Best loss: 0.024492
Set5: PSNR(Y)=37.286, SSIM(Y)=0.9579
Set14: PSNR(Y)=32.872, SSIM(Y)=0.9109
B100: PSNR(Y)=31.637, SSIM(Y)=0.8927
U100: PSNR(Y)=30.177, SSIM(Y)=0.9066
M109: PSNR(Y)=36.904, SSIM(Y)=0.9722
Set5-C16: PSNR(Y)=37.057, SSIM(Y)=0.9568
Set14-C16: PSNR(Y)=32.680, SSIM(Y)=0.9091
B100-C16: PSNR(Y)=31.474, SSIM(Y)=0.8906
U100-C16: PSNR(Y)=29.709, SSIM(Y)=0.9008
M109-C16: PSNR(Y)=36.415, SSIM(Y)=0.9705
Epoch 104/200: Training loss=0.019643, lr=8.63e-04
Epoch 104/200: Validation loss=0.024489
Model saved! Best loss: 0.024489
Set5: PSNR(Y)=37.284, SSIM(Y)=0.9579
Set14: PSNR(Y)=32.874, SSIM(Y)=0.9109
B100: PSNR(Y)=31.638, SSIM(Y)=0.8927
U100: PSNR(Y)=30.180, SSIM(Y)=0.9066
M109: PSNR(Y)=36.905, SSIM(Y)=0.9722
Set5-C16: PSNR(Y)=37.060, SSIM(Y)=0.9569
Set14-C16: PSNR(Y)=32.682, SSIM(Y)=0.9091
B100-C16: PSNR(Y)=31.475, SSIM(Y)=0.8906
U100-C16: PSNR(Y)=29.712, SSIM(Y)=0.9009
M109-C16: PSNR(Y)=36.419, SSIM(Y)=0.9705
Epoch 105/200: Training loss=0.019604, lr=8.51e-04
Epoch 105/200: Validation loss=0.024484
Model saved! Best loss: 0.024484
Set5: PSNR(Y)=37.285, SSIM(Y)=0.9579
Set14: PSNR(Y)=32.875, SSIM(Y)=0.9109
B100: PSNR(Y)=31.638, SSIM(Y)=0.8927
U100: PSNR(Y)=30.180, SSIM(Y)=0.9066
M109: PSNR(Y)=36.914, SSIM(Y)=0.9723
Set5-C16: PSNR(Y)=37.061, SSIM(Y)=0.9569
Set14-C16: PSNR(Y)=32.685, SSIM(Y)=0.9091
B100-C16: PSNR(Y)=31.475, SSIM(Y)=0.8906
U100-C16: PSNR(Y)=29.712, SSIM(Y)=0.9009
M109-C16: PSNR(Y)=36.420, SSIM(Y)=0.9705
Epoch 106/200: Training loss=0.019611, lr=8.38e-04
Epoch 106/200: Validation loss=0.024482
Model saved! Best loss: 0.024482
Set5: PSNR(Y)=37.287, SSIM(Y)=0.9579
Set14: PSNR(Y)=32.876, SSIM(Y)=0.9109
B100: PSNR(Y)=31.639, SSIM(Y)=0.8927
U100: PSNR(Y)=30.181, SSIM(Y)=0.9067
M109: PSNR(Y)=36.915, SSIM(Y)=0.9723
Set5-C16: PSNR(Y)=37.061, SSIM(Y)=0.9569
Set14-C16: PSNR(Y)=32.686, SSIM(Y)=0.9091
B100-C16: PSNR(Y)=31.476, SSIM(Y)=0.8906
U100-C16: PSNR(Y)=29.714, SSIM(Y)=0.9009
M109-C16: PSNR(Y)=36.426, SSIM(Y)=0.9705
Epoch 107/200: Training loss=0.019583, lr=8.26e-04
Epoch 107/200: Validation loss=0.024483
Epoch 108/200: Training loss=0.019595, lr=8.13e-04
Epoch 108/200: Validation loss=0.024478
Model saved! Best loss: 0.024478
Set5: PSNR(Y)=37.292, SSIM(Y)=0.9579
Set14: PSNR(Y)=32.877, SSIM(Y)=0.9109
B100: PSNR(Y)=31.639, SSIM(Y)=0.8927
U100: PSNR(Y)=30.181, SSIM(Y)=0.9067
M109: PSNR(Y)=36.917, SSIM(Y)=0.9723
Set5-C16: PSNR(Y)=37.065, SSIM(Y)=0.9569
Set14-C16: PSNR(Y)=32.687, SSIM(Y)=0.9092
B100-C16: PSNR(Y)=31.476, SSIM(Y)=0.8906
U100-C16: PSNR(Y)=29.714, SSIM(Y)=0.9009
M109-C16: PSNR(Y)=36.430, SSIM(Y)=0.9705
Epoch 109/200: Training loss=0.019588, lr=8.00e-04
Epoch 109/200: Validation loss=0.024476
Model saved! Best loss: 0.024476
Set5: PSNR(Y)=37.290, SSIM(Y)=0.9579
Set14: PSNR(Y)=32.878, SSIM(Y)=0.9109
B100: PSNR(Y)=31.641, SSIM(Y)=0.8927
U100: PSNR(Y)=30.184, SSIM(Y)=0.9067
M109: PSNR(Y)=36.914, SSIM(Y)=0.9723
Set5-C16: PSNR(Y)=37.065, SSIM(Y)=0.9569
Set14-C16: PSNR(Y)=32.686, SSIM(Y)=0.9092
B100-C16: PSNR(Y)=31.477, SSIM(Y)=0.8907
U100-C16: PSNR(Y)=29.717, SSIM(Y)=0.9010
M109-C16: PSNR(Y)=36.430, SSIM(Y)=0.9705
Epoch 110/200: Training loss=0.019602, lr=7.88e-04
Epoch 110/200: Validation loss=0.024475
Model saved! Best loss: 0.024475
Set5: PSNR(Y)=37.293, SSIM(Y)=0.9579
Set14: PSNR(Y)=32.880, SSIM(Y)=0.9109
B100: PSNR(Y)=31.641, SSIM(Y)=0.8927
U100: PSNR(Y)=30.185, SSIM(Y)=0.9067
M109: PSNR(Y)=36.915, SSIM(Y)=0.9723
Set5-C16: PSNR(Y)=37.066, SSIM(Y)=0.9569
Set14-C16: PSNR(Y)=32.686, SSIM(Y)=0.9092
B100-C16: PSNR(Y)=31.478, SSIM(Y)=0.8907
U100-C16: PSNR(Y)=29.719, SSIM(Y)=0.9010
M109-C16: PSNR(Y)=36.435, SSIM(Y)=0.9705
Epoch 111/200: Training loss=0.019573, lr=7.75e-04
Epoch 111/200: Validation loss=0.024473
Model saved! Best loss: 0.024473
Set5: PSNR(Y)=37.293, SSIM(Y)=0.9579
Set14: PSNR(Y)=32.879, SSIM(Y)=0.9110
B100: PSNR(Y)=31.642, SSIM(Y)=0.8927
U100: PSNR(Y)=30.186, SSIM(Y)=0.9067
M109: PSNR(Y)=36.915, SSIM(Y)=0.9723
Set5-C16: PSNR(Y)=37.068, SSIM(Y)=0.9569
Set14-C16: PSNR(Y)=32.689, SSIM(Y)=0.9092
B100-C16: PSNR(Y)=31.478, SSIM(Y)=0.8907
U100-C16: PSNR(Y)=29.719, SSIM(Y)=0.9010
M109-C16: PSNR(Y)=36.435, SSIM(Y)=0.9705
Epoch 112/200: Training loss=0.019584, lr=7.62e-04
Epoch 112/200: Validation loss=0.024467
Model saved! Best loss: 0.024467
Set5: PSNR(Y)=37.291, SSIM(Y)=0.9579
Set14: PSNR(Y)=32.882, SSIM(Y)=0.9110
B100: PSNR(Y)=31.642, SSIM(Y)=0.8927
U100: PSNR(Y)=30.189, SSIM(Y)=0.9068
M109: PSNR(Y)=36.921, SSIM(Y)=0.9723
Set5-C16: PSNR(Y)=37.067, SSIM(Y)=0.9569
Set14-C16: PSNR(Y)=32.689, SSIM(Y)=0.9092
B100-C16: PSNR(Y)=31.479, SSIM(Y)=0.8907
U100-C16: PSNR(Y)=29.719, SSIM(Y)=0.9010
M109-C16: PSNR(Y)=36.438, SSIM(Y)=0.9705
Epoch 113/200: Training loss=0.019595, lr=7.50e-04
Epoch 113/200: Validation loss=0.024464
Model saved! Best loss: 0.024464
Set5: PSNR(Y)=37.292, SSIM(Y)=0.9579
Set14: PSNR(Y)=32.883, SSIM(Y)=0.9109
B100: PSNR(Y)=31.644, SSIM(Y)=0.8928
U100: PSNR(Y)=30.190, SSIM(Y)=0.9068
M109: PSNR(Y)=36.917, SSIM(Y)=0.9723
Set5-C16: PSNR(Y)=37.067, SSIM(Y)=0.9569
Set14-C16: PSNR(Y)=32.689, SSIM(Y)=0.9092
B100-C16: PSNR(Y)=31.480, SSIM(Y)=0.8907
U100-C16: PSNR(Y)=29.722, SSIM(Y)=0.9010
M109-C16: PSNR(Y)=36.435, SSIM(Y)=0.9705
Epoch 114/200: Training loss=0.019604, lr=7.37e-04
Epoch 114/200: Validation loss=0.024462
Model saved! Best loss: 0.024462
Set5: PSNR(Y)=37.290, SSIM(Y)=0.9579
Set14: PSNR(Y)=32.884, SSIM(Y)=0.9110
B100: PSNR(Y)=31.644, SSIM(Y)=0.8928
U100: PSNR(Y)=30.192, SSIM(Y)=0.9068
M109: PSNR(Y)=36.918, SSIM(Y)=0.9723
Set5-C16: PSNR(Y)=37.069, SSIM(Y)=0.9569
Set14-C16: PSNR(Y)=32.689, SSIM(Y)=0.9092
B100-C16: PSNR(Y)=31.480, SSIM(Y)=0.8907
U100-C16: PSNR(Y)=29.724, SSIM(Y)=0.9010
M109-C16: PSNR(Y)=36.439, SSIM(Y)=0.9705
Epoch 115/200: Training loss=0.019573, lr=7.24e-04
Epoch 115/200: Validation loss=0.024461
Model saved! Best loss: 0.024461
Set5: PSNR(Y)=37.292, SSIM(Y)=0.9579
Set14: PSNR(Y)=32.885, SSIM(Y)=0.9110
B100: PSNR(Y)=31.645, SSIM(Y)=0.8928
U100: PSNR(Y)=30.191, SSIM(Y)=0.9068
M109: PSNR(Y)=36.921, SSIM(Y)=0.9723
Set5-C16: PSNR(Y)=37.069, SSIM(Y)=0.9569
Set14-C16: PSNR(Y)=32.691, SSIM(Y)=0.9092
B100-C16: PSNR(Y)=31.480, SSIM(Y)=0.8907
U100-C16: PSNR(Y)=29.724, SSIM(Y)=0.9011
M109-C16: PSNR(Y)=36.441, SSIM(Y)=0.9706
Epoch 116/200: Training loss=0.019571, lr=7.12e-04
Epoch 116/200: Validation loss=0.024459
Model saved! Best loss: 0.024459
Set5: PSNR(Y)=37.290, SSIM(Y)=0.9579
Set14: PSNR(Y)=32.884, SSIM(Y)=0.9110
B100: PSNR(Y)=31.645, SSIM(Y)=0.8928
U100: PSNR(Y)=30.193, SSIM(Y)=0.9068
M109: PSNR(Y)=36.920, SSIM(Y)=0.9723
Set5-C16: PSNR(Y)=37.071, SSIM(Y)=0.9569
Set14-C16: PSNR(Y)=32.691, SSIM(Y)=0.9092
B100-C16: PSNR(Y)=31.481, SSIM(Y)=0.8907
U100-C16: PSNR(Y)=29.726, SSIM(Y)=0.9011
M109-C16: PSNR(Y)=36.436, SSIM(Y)=0.9705
Epoch 117/200: Training loss=0.019534, lr=6.99e-04
Epoch 117/200: Validation loss=0.024454
Model saved! Best loss: 0.024454
Set5: PSNR(Y)=37.290, SSIM(Y)=0.9579
Set14: PSNR(Y)=32.885, SSIM(Y)=0.9110
B100: PSNR(Y)=31.646, SSIM(Y)=0.8928
U100: PSNR(Y)=30.197, SSIM(Y)=0.9069
M109: PSNR(Y)=36.920, SSIM(Y)=0.9723
Set5-C16: PSNR(Y)=37.070, SSIM(Y)=0.9569
Set14-C16: PSNR(Y)=32.691, SSIM(Y)=0.9092
B100-C16: PSNR(Y)=31.481, SSIM(Y)=0.8907
U100-C16: PSNR(Y)=29.728, SSIM(Y)=0.9011
M109-C16: PSNR(Y)=36.439, SSIM(Y)=0.9706
Epoch 118/200: Training loss=0.019561, lr=6.87e-04
Epoch 118/200: Validation loss=0.024458
Epoch 119/200: Training loss=0.019572, lr=6.74e-04
Epoch 119/200: Validation loss=0.024454
Model saved! Best loss: 0.024454
Set5: PSNR(Y)=37.295, SSIM(Y)=0.9579
Set14: PSNR(Y)=32.882, SSIM(Y)=0.9110
B100: PSNR(Y)=31.647, SSIM(Y)=0.8928
U100: PSNR(Y)=30.197, SSIM(Y)=0.9069
M109: PSNR(Y)=36.919, SSIM(Y)=0.9723
Set5-C16: PSNR(Y)=37.071, SSIM(Y)=0.9569
Set14-C16: PSNR(Y)=32.692, SSIM(Y)=0.9092
B100-C16: PSNR(Y)=31.483, SSIM(Y)=0.8907
U100-C16: PSNR(Y)=29.728, SSIM(Y)=0.9011
M109-C16: PSNR(Y)=36.441, SSIM(Y)=0.9706
Epoch 120/200: Training loss=0.019555, lr=6.62e-04
Epoch 120/200: Validation loss=0.024451
Model saved! Best loss: 0.024451
Set5: PSNR(Y)=37.296, SSIM(Y)=0.9579
Set14: PSNR(Y)=32.882, SSIM(Y)=0.9110
B100: PSNR(Y)=31.647, SSIM(Y)=0.8928
U100: PSNR(Y)=30.199, SSIM(Y)=0.9069
M109: PSNR(Y)=36.923, SSIM(Y)=0.9723
Set5-C16: PSNR(Y)=37.074, SSIM(Y)=0.9569
Set14-C16: PSNR(Y)=32.693, SSIM(Y)=0.9092
B100-C16: PSNR(Y)=31.483, SSIM(Y)=0.8907
U100-C16: PSNR(Y)=29.730, SSIM(Y)=0.9011
M109-C16: PSNR(Y)=36.444, SSIM(Y)=0.9706
Epoch 121/200: Training loss=0.019538, lr=6.49e-04
Epoch 121/200: Validation loss=0.024450
Model saved! Best loss: 0.024450
Set5: PSNR(Y)=37.298, SSIM(Y)=0.9579
Set14: PSNR(Y)=32.883, SSIM(Y)=0.9110
B100: PSNR(Y)=31.648, SSIM(Y)=0.8928
U100: PSNR(Y)=30.199, SSIM(Y)=0.9069
M109: PSNR(Y)=36.924, SSIM(Y)=0.9723
Set5-C16: PSNR(Y)=37.073, SSIM(Y)=0.9569
Set14-C16: PSNR(Y)=32.692, SSIM(Y)=0.9092
B100-C16: PSNR(Y)=31.483, SSIM(Y)=0.8907
U100-C16: PSNR(Y)=29.731, SSIM(Y)=0.9011
M109-C16: PSNR(Y)=36.444, SSIM(Y)=0.9706
Epoch 122/200: Training loss=0.019579, lr=6.37e-04
Epoch 122/200: Validation loss=0.024448
Model saved! Best loss: 0.024448
Set5: PSNR(Y)=37.295, SSIM(Y)=0.9579
Set14: PSNR(Y)=32.883, SSIM(Y)=0.9110
B100: PSNR(Y)=31.649, SSIM(Y)=0.8928
U100: PSNR(Y)=30.201, SSIM(Y)=0.9069
M109: PSNR(Y)=36.921, SSIM(Y)=0.9723
Set5-C16: PSNR(Y)=37.073, SSIM(Y)=0.9569
Set14-C16: PSNR(Y)=32.692, SSIM(Y)=0.9092
B100-C16: PSNR(Y)=31.483, SSIM(Y)=0.8907
U100-C16: PSNR(Y)=29.734, SSIM(Y)=0.9012
M109-C16: PSNR(Y)=36.447, SSIM(Y)=0.9706
Epoch 123/200: Training loss=0.019582, lr=6.24e-04
Epoch 123/200: Validation loss=0.024444
Model saved! Best loss: 0.024444
Set5: PSNR(Y)=37.295, SSIM(Y)=0.9579
Set14: PSNR(Y)=32.882, SSIM(Y)=0.9110
B100: PSNR(Y)=31.649, SSIM(Y)=0.8928
U100: PSNR(Y)=30.204, SSIM(Y)=0.9070
M109: PSNR(Y)=36.921, SSIM(Y)=0.9723
Set5-C16: PSNR(Y)=37.073, SSIM(Y)=0.9569
Set14-C16: PSNR(Y)=32.694, SSIM(Y)=0.9092
B100-C16: PSNR(Y)=31.484, SSIM(Y)=0.8907
U100-C16: PSNR(Y)=29.735, SSIM(Y)=0.9012
M109-C16: PSNR(Y)=36.447, SSIM(Y)=0.9706
Epoch 124/200: Training loss=0.019568, lr=6.12e-04
Epoch 124/200: Validation loss=0.024442
Model saved! Best loss: 0.024442
Set5: PSNR(Y)=37.295, SSIM(Y)=0.9579
Set14: PSNR(Y)=32.882, SSIM(Y)=0.9110
B100: PSNR(Y)=31.649, SSIM(Y)=0.8929
U100: PSNR(Y)=30.205, SSIM(Y)=0.9070
M109: PSNR(Y)=36.921, SSIM(Y)=0.9723
Set5-C16: PSNR(Y)=37.074, SSIM(Y)=0.9569
Set14-C16: PSNR(Y)=32.694, SSIM(Y)=0.9092
B100-C16: PSNR(Y)=31.484, SSIM(Y)=0.8907
U100-C16: PSNR(Y)=29.736, SSIM(Y)=0.9012
M109-C16: PSNR(Y)=36.450, SSIM(Y)=0.9706
Epoch 125/200: Training loss=0.019589, lr=6.00e-04
Epoch 125/200: Validation loss=0.024439
Model saved! Best loss: 0.024439
Set5: PSNR(Y)=37.296, SSIM(Y)=0.9579
Set14: PSNR(Y)=32.885, SSIM(Y)=0.9110
B100: PSNR(Y)=31.650, SSIM(Y)=0.8929
U100: PSNR(Y)=30.206, SSIM(Y)=0.9070
M109: PSNR(Y)=36.922, SSIM(Y)=0.9723
Set5-C16: PSNR(Y)=37.073, SSIM(Y)=0.9569
Set14-C16: PSNR(Y)=32.697, SSIM(Y)=0.9092
B100-C16: PSNR(Y)=31.485, SSIM(Y)=0.8907
U100-C16: PSNR(Y)=29.737, SSIM(Y)=0.9012
M109-C16: PSNR(Y)=36.451, SSIM(Y)=0.9706
Epoch 126/200: Training loss=0.019547, lr=5.87e-04
Epoch 126/200: Validation loss=0.024438
Model saved! Best loss: 0.024438
Set5: PSNR(Y)=37.294, SSIM(Y)=0.9579
Set14: PSNR(Y)=32.884, SSIM(Y)=0.9110
B100: PSNR(Y)=31.650, SSIM(Y)=0.8929
U100: PSNR(Y)=30.208, SSIM(Y)=0.9070
M109: PSNR(Y)=36.924, SSIM(Y)=0.9723
Set5-C16: PSNR(Y)=37.074, SSIM(Y)=0.9569
Set14-C16: PSNR(Y)=32.694, SSIM(Y)=0.9092
B100-C16: PSNR(Y)=31.484, SSIM(Y)=0.8907
U100-C16: PSNR(Y)=29.736, SSIM(Y)=0.9012
M109-C16: PSNR(Y)=36.450, SSIM(Y)=0.9706
Epoch 127/200: Training loss=0.019593, lr=5.75e-04
Epoch 127/200: Validation loss=0.024433
Model saved! Best loss: 0.024433
Set5: PSNR(Y)=37.297, SSIM(Y)=0.9579
Set14: PSNR(Y)=32.887, SSIM(Y)=0.9110
B100: PSNR(Y)=31.651, SSIM(Y)=0.8929
U100: PSNR(Y)=30.208, SSIM(Y)=0.9070
M109: PSNR(Y)=36.934, SSIM(Y)=0.9723
Set5-C16: PSNR(Y)=37.072, SSIM(Y)=0.9569
Set14-C16: PSNR(Y)=32.693, SSIM(Y)=0.9092
B100-C16: PSNR(Y)=31.485, SSIM(Y)=0.8907
U100-C16: PSNR(Y)=29.738, SSIM(Y)=0.9012
M109-C16: PSNR(Y)=36.450, SSIM(Y)=0.9706
Epoch 128/200: Training loss=0.019543, lr=5.63e-04
Epoch 128/200: Validation loss=0.024429
Model saved! Best loss: 0.024429
Set5: PSNR(Y)=37.299, SSIM(Y)=0.9579
Set14: PSNR(Y)=32.889, SSIM(Y)=0.9110
B100: PSNR(Y)=31.651, SSIM(Y)=0.8929
U100: PSNR(Y)=30.209, SSIM(Y)=0.9071
M109: PSNR(Y)=36.937, SSIM(Y)=0.9723
Set5-C16: PSNR(Y)=37.073, SSIM(Y)=0.9569
Set14-C16: PSNR(Y)=32.694, SSIM(Y)=0.9092
B100-C16: PSNR(Y)=31.485, SSIM(Y)=0.8907
U100-C16: PSNR(Y)=29.738, SSIM(Y)=0.9012
M109-C16: PSNR(Y)=36.448, SSIM(Y)=0.9706
Epoch 129/200: Training loss=0.019527, lr=5.51e-04
Epoch 129/200: Validation loss=0.024428
Model saved! Best loss: 0.024428
Set5: PSNR(Y)=37.300, SSIM(Y)=0.9579
Set14: PSNR(Y)=32.889, SSIM(Y)=0.9110
B100: PSNR(Y)=31.652, SSIM(Y)=0.8929
U100: PSNR(Y)=30.210, SSIM(Y)=0.9071
M109: PSNR(Y)=36.935, SSIM(Y)=0.9724
Set5-C16: PSNR(Y)=37.074, SSIM(Y)=0.9569
Set14-C16: PSNR(Y)=32.692, SSIM(Y)=0.9092
B100-C16: PSNR(Y)=31.485, SSIM(Y)=0.8907
U100-C16: PSNR(Y)=29.736, SSIM(Y)=0.9012
M109-C16: PSNR(Y)=36.452, SSIM(Y)=0.9706
Epoch 130/200: Training loss=0.019567, lr=5.39e-04
Epoch 130/200: Validation loss=0.024427
Model saved! Best loss: 0.024427
Set5: PSNR(Y)=37.299, SSIM(Y)=0.9579
Set14: PSNR(Y)=32.890, SSIM(Y)=0.9110
B100: PSNR(Y)=31.653, SSIM(Y)=0.8929
U100: PSNR(Y)=30.214, SSIM(Y)=0.9071
M109: PSNR(Y)=36.928, SSIM(Y)=0.9723
Set5-C16: PSNR(Y)=37.073, SSIM(Y)=0.9569
Set14-C16: PSNR(Y)=32.695, SSIM(Y)=0.9092
B100-C16: PSNR(Y)=31.486, SSIM(Y)=0.8908
U100-C16: PSNR(Y)=29.739, SSIM(Y)=0.9012
M109-C16: PSNR(Y)=36.454, SSIM(Y)=0.9706
Epoch 131/200: Training loss=0.019566, lr=5.27e-04
Epoch 131/200: Validation loss=0.024425
Model saved! Best loss: 0.024425
Set5: PSNR(Y)=37.300, SSIM(Y)=0.9579
Set14: PSNR(Y)=32.888, SSIM(Y)=0.9110
B100: PSNR(Y)=31.654, SSIM(Y)=0.8929
U100: PSNR(Y)=30.214, SSIM(Y)=0.9071
M109: PSNR(Y)=36.928, SSIM(Y)=0.9724
Set5-C16: PSNR(Y)=37.074, SSIM(Y)=0.9569
Set14-C16: PSNR(Y)=32.696, SSIM(Y)=0.9092
B100-C16: PSNR(Y)=31.486, SSIM(Y)=0.8908
U100-C16: PSNR(Y)=29.739, SSIM(Y)=0.9012
M109-C16: PSNR(Y)=36.456, SSIM(Y)=0.9706
Epoch 132/200: Training loss=0.019578, lr=5.15e-04
Epoch 132/200: Validation loss=0.024423
Model saved! Best loss: 0.024423
Set5: PSNR(Y)=37.298, SSIM(Y)=0.9579
Set14: PSNR(Y)=32.889, SSIM(Y)=0.9110
B100: PSNR(Y)=31.654, SSIM(Y)=0.8929
U100: PSNR(Y)=30.214, SSIM(Y)=0.9071
M109: PSNR(Y)=36.931, SSIM(Y)=0.9724
Set5-C16: PSNR(Y)=37.075, SSIM(Y)=0.9569
Set14-C16: PSNR(Y)=32.696, SSIM(Y)=0.9092
B100-C16: PSNR(Y)=31.486, SSIM(Y)=0.8908
U100-C16: PSNR(Y)=29.739, SSIM(Y)=0.9012
M109-C16: PSNR(Y)=36.453, SSIM(Y)=0.9706
Epoch 133/200: Training loss=0.019544, lr=5.03e-04
Epoch 133/200: Validation loss=0.024422
Model saved! Best loss: 0.024422
Set5: PSNR(Y)=37.300, SSIM(Y)=0.9579
Set14: PSNR(Y)=32.887, SSIM(Y)=0.9110
B100: PSNR(Y)=31.654, SSIM(Y)=0.8929
U100: PSNR(Y)=30.216, SSIM(Y)=0.9072
M109: PSNR(Y)=36.933, SSIM(Y)=0.9724
Set5-C16: PSNR(Y)=37.076, SSIM(Y)=0.9569
Set14-C16: PSNR(Y)=32.696, SSIM(Y)=0.9092
B100-C16: PSNR(Y)=31.486, SSIM(Y)=0.8908
U100-C16: PSNR(Y)=29.741, SSIM(Y)=0.9012
M109-C16: PSNR(Y)=36.457, SSIM(Y)=0.9706
Epoch 134/200: Training loss=0.019573, lr=4.92e-04
Epoch 134/200: Validation loss=0.024418
Model saved! Best loss: 0.024418
Set5: PSNR(Y)=37.303, SSIM(Y)=0.9579
Set14: PSNR(Y)=32.892, SSIM(Y)=0.9111
B100: PSNR(Y)=31.654, SSIM(Y)=0.8929
U100: PSNR(Y)=30.217, SSIM(Y)=0.9072
M109: PSNR(Y)=36.934, SSIM(Y)=0.9724
Set5-C16: PSNR(Y)=37.077, SSIM(Y)=0.9569
Set14-C16: PSNR(Y)=32.699, SSIM(Y)=0.9092
B100-C16: PSNR(Y)=31.487, SSIM(Y)=0.8908
U100-C16: PSNR(Y)=29.743, SSIM(Y)=0.9013
M109-C16: PSNR(Y)=36.458, SSIM(Y)=0.9706
Epoch 135/200: Training loss=0.019502, lr=4.80e-04
Epoch 135/200: Validation loss=0.024417
Model saved! Best loss: 0.024417
Set5: PSNR(Y)=37.304, SSIM(Y)=0.9579
Set14: PSNR(Y)=32.891, SSIM(Y)=0.9111
B100: PSNR(Y)=31.655, SSIM(Y)=0.8930
U100: PSNR(Y)=30.218, SSIM(Y)=0.9072
M109: PSNR(Y)=36.934, SSIM(Y)=0.9724
Set5-C16: PSNR(Y)=37.076, SSIM(Y)=0.9569
Set14-C16: PSNR(Y)=32.698, SSIM(Y)=0.9092
B100-C16: PSNR(Y)=31.487, SSIM(Y)=0.8908
U100-C16: PSNR(Y)=29.745, SSIM(Y)=0.9013
M109-C16: PSNR(Y)=36.455, SSIM(Y)=0.9706
Epoch 136/200: Training loss=0.019514, lr=4.69e-04
Epoch 136/200: Validation loss=0.024417
Epoch 137/200: Training loss=0.019505, lr=4.57e-04
Epoch 137/200: Validation loss=0.024415
Model saved! Best loss: 0.024415
Set5: PSNR(Y)=37.300, SSIM(Y)=0.9579
Set14: PSNR(Y)=32.891, SSIM(Y)=0.9111
B100: PSNR(Y)=31.656, SSIM(Y)=0.8930
U100: PSNR(Y)=30.218, SSIM(Y)=0.9072
M109: PSNR(Y)=36.934, SSIM(Y)=0.9724
Set5-C16: PSNR(Y)=37.079, SSIM(Y)=0.9569
Set14-C16: PSNR(Y)=32.697, SSIM(Y)=0.9092
B100-C16: PSNR(Y)=31.488, SSIM(Y)=0.8908
U100-C16: PSNR(Y)=29.745, SSIM(Y)=0.9013
M109-C16: PSNR(Y)=36.458, SSIM(Y)=0.9706
Epoch 138/200: Training loss=0.019520, lr=4.46e-04
Epoch 138/200: Validation loss=0.024412
Model saved! Best loss: 0.024412
Set5: PSNR(Y)=37.303, SSIM(Y)=0.9579
Set14: PSNR(Y)=32.893, SSIM(Y)=0.9111
B100: PSNR(Y)=31.656, SSIM(Y)=0.8930
U100: PSNR(Y)=30.220, SSIM(Y)=0.9072
M109: PSNR(Y)=36.937, SSIM(Y)=0.9724
Set5-C16: PSNR(Y)=37.079, SSIM(Y)=0.9569
Set14-C16: PSNR(Y)=32.698, SSIM(Y)=0.9092
B100-C16: PSNR(Y)=31.488, SSIM(Y)=0.8908
U100-C16: PSNR(Y)=29.744, SSIM(Y)=0.9013
M109-C16: PSNR(Y)=36.459, SSIM(Y)=0.9706
Epoch 139/200: Training loss=0.019523, lr=4.35e-04
Epoch 139/200: Validation loss=0.024410
Model saved! Best loss: 0.024410
Set5: PSNR(Y)=37.304, SSIM(Y)=0.9579
Set14: PSNR(Y)=32.894, SSIM(Y)=0.9111
B100: PSNR(Y)=31.657, SSIM(Y)=0.8930
U100: PSNR(Y)=30.223, SSIM(Y)=0.9073
M109: PSNR(Y)=36.936, SSIM(Y)=0.9724
Set5-C16: PSNR(Y)=37.079, SSIM(Y)=0.9569
Set14-C16: PSNR(Y)=32.700, SSIM(Y)=0.9092
B100-C16: PSNR(Y)=31.488, SSIM(Y)=0.8908
U100-C16: PSNR(Y)=29.746, SSIM(Y)=0.9013
M109-C16: PSNR(Y)=36.459, SSIM(Y)=0.9706
Epoch 140/200: Training loss=0.019543, lr=4.24e-04
Epoch 140/200: Validation loss=0.024409
Model saved! Best loss: 0.024409
Set5: PSNR(Y)=37.307, SSIM(Y)=0.9579
Set14: PSNR(Y)=32.894, SSIM(Y)=0.9111
B100: PSNR(Y)=31.657, SSIM(Y)=0.8930
U100: PSNR(Y)=30.222, SSIM(Y)=0.9072
M109: PSNR(Y)=36.941, SSIM(Y)=0.9724
Set5-C16: PSNR(Y)=37.078, SSIM(Y)=0.9569
Set14-C16: PSNR(Y)=32.699, SSIM(Y)=0.9092
B100-C16: PSNR(Y)=31.488, SSIM(Y)=0.8908
U100-C16: PSNR(Y)=29.747, SSIM(Y)=0.9013
M109-C16: PSNR(Y)=36.457, SSIM(Y)=0.9706
Epoch 141/200: Training loss=0.019526, lr=4.13e-04
Epoch 141/200: Validation loss=0.024407
Model saved! Best loss: 0.024407
Set5: PSNR(Y)=37.307, SSIM(Y)=0.9579
Set14: PSNR(Y)=32.892, SSIM(Y)=0.9111
B100: PSNR(Y)=31.658, SSIM(Y)=0.8930
U100: PSNR(Y)=30.224, SSIM(Y)=0.9073
M109: PSNR(Y)=36.938, SSIM(Y)=0.9724
Set5-C16: PSNR(Y)=37.077, SSIM(Y)=0.9569
Set14-C16: PSNR(Y)=32.697, SSIM(Y)=0.9092
B100-C16: PSNR(Y)=31.489, SSIM(Y)=0.8908
U100-C16: PSNR(Y)=29.748, SSIM(Y)=0.9014
M109-C16: PSNR(Y)=36.458, SSIM(Y)=0.9706
Epoch 142/200: Training loss=0.019504, lr=4.02e-04
Epoch 142/200: Validation loss=0.024407
Model saved! Best loss: 0.024407
Set5: PSNR(Y)=37.309, SSIM(Y)=0.9579
Set14: PSNR(Y)=32.894, SSIM(Y)=0.9111
B100: PSNR(Y)=31.657, SSIM(Y)=0.8930
U100: PSNR(Y)=30.224, SSIM(Y)=0.9073
M109: PSNR(Y)=36.939, SSIM(Y)=0.9724
Set5-C16: PSNR(Y)=37.079, SSIM(Y)=0.9569
Set14-C16: PSNR(Y)=32.699, SSIM(Y)=0.9092
B100-C16: PSNR(Y)=31.489, SSIM(Y)=0.8908
U100-C16: PSNR(Y)=29.750, SSIM(Y)=0.9014
M109-C16: PSNR(Y)=36.457, SSIM(Y)=0.9706
Epoch 143/200: Training loss=0.019523, lr=3.91e-04
Epoch 143/200: Validation loss=0.024405
Model saved! Best loss: 0.024405
Set5: PSNR(Y)=37.310, SSIM(Y)=0.9580
Set14: PSNR(Y)=32.895, SSIM(Y)=0.9111
B100: PSNR(Y)=31.658, SSIM(Y)=0.8930
U100: PSNR(Y)=30.225, SSIM(Y)=0.9073
M109: PSNR(Y)=36.940, SSIM(Y)=0.9724
Set5-C16: PSNR(Y)=37.082, SSIM(Y)=0.9569
Set14-C16: PSNR(Y)=32.700, SSIM(Y)=0.9092
B100-C16: PSNR(Y)=31.489, SSIM(Y)=0.8908
U100-C16: PSNR(Y)=29.750, SSIM(Y)=0.9014
M109-C16: PSNR(Y)=36.456, SSIM(Y)=0.9706
Epoch 144/200: Training loss=0.019509, lr=3.80e-04
Epoch 144/200: Validation loss=0.024404
Model saved! Best loss: 0.024404
Set5: PSNR(Y)=37.312, SSIM(Y)=0.9580
Set14: PSNR(Y)=32.897, SSIM(Y)=0.9111
B100: PSNR(Y)=31.658, SSIM(Y)=0.8930
U100: PSNR(Y)=30.227, SSIM(Y)=0.9073
M109: PSNR(Y)=36.937, SSIM(Y)=0.9724
Set5-C16: PSNR(Y)=37.081, SSIM(Y)=0.9569
Set14-C16: PSNR(Y)=32.701, SSIM(Y)=0.9092
B100-C16: PSNR(Y)=31.490, SSIM(Y)=0.8908
U100-C16: PSNR(Y)=29.750, SSIM(Y)=0.9014
M109-C16: PSNR(Y)=36.459, SSIM(Y)=0.9706
Epoch 145/200: Training loss=0.019520, lr=3.70e-04
Epoch 145/200: Validation loss=0.024400
Model saved! Best loss: 0.024400
Set5: PSNR(Y)=37.312, SSIM(Y)=0.9580
Set14: PSNR(Y)=32.898, SSIM(Y)=0.9111
B100: PSNR(Y)=31.659, SSIM(Y)=0.8930
U100: PSNR(Y)=30.227, SSIM(Y)=0.9073
M109: PSNR(Y)=36.945, SSIM(Y)=0.9724
Set5-C16: PSNR(Y)=37.080, SSIM(Y)=0.9569
Set14-C16: PSNR(Y)=32.701, SSIM(Y)=0.9092
B100-C16: PSNR(Y)=31.490, SSIM(Y)=0.8908
U100-C16: PSNR(Y)=29.749, SSIM(Y)=0.9014
M109-C16: PSNR(Y)=36.455, SSIM(Y)=0.9706
Epoch 146/200: Training loss=0.019524, lr=3.59e-04
Epoch 146/200: Validation loss=0.024401
Epoch 147/200: Training loss=0.019505, lr=3.49e-04
Epoch 147/200: Validation loss=0.024401
Epoch 148/200: Training loss=0.019486, lr=3.39e-04
Epoch 148/200: Validation loss=0.024403
Epoch 149/200: Training loss=0.019540, lr=3.29e-04
Epoch 149/200: Validation loss=0.024399
Model saved! Best loss: 0.024399
Set5: PSNR(Y)=37.312, SSIM(Y)=0.9580
Set14: PSNR(Y)=32.898, SSIM(Y)=0.9111
B100: PSNR(Y)=31.659, SSIM(Y)=0.8930
U100: PSNR(Y)=30.229, SSIM(Y)=0.9074
M109: PSNR(Y)=36.941, SSIM(Y)=0.9724
Set5-C16: PSNR(Y)=37.082, SSIM(Y)=0.9569
Set14-C16: PSNR(Y)=32.701, SSIM(Y)=0.9092
B100-C16: PSNR(Y)=31.491, SSIM(Y)=0.8908
U100-C16: PSNR(Y)=29.753, SSIM(Y)=0.9014
M109-C16: PSNR(Y)=36.464, SSIM(Y)=0.9707
Epoch 150/200: Training loss=0.019527, lr=3.19e-04
Epoch 150/200: Validation loss=0.024399
Epoch 151/200: Training loss=0.019519, lr=3.09e-04
Epoch 151/200: Validation loss=0.024396
Model saved! Best loss: 0.024396
Set5: PSNR(Y)=37.312, SSIM(Y)=0.9580
Set14: PSNR(Y)=32.898, SSIM(Y)=0.9111
B100: PSNR(Y)=31.660, SSIM(Y)=0.8930
U100: PSNR(Y)=30.232, SSIM(Y)=0.9074
M109: PSNR(Y)=36.942, SSIM(Y)=0.9724
Set5-C16: PSNR(Y)=37.082, SSIM(Y)=0.9569
Set14-C16: PSNR(Y)=32.699, SSIM(Y)=0.9092
B100-C16: PSNR(Y)=31.491, SSIM(Y)=0.8908
U100-C16: PSNR(Y)=29.755, SSIM(Y)=0.9014
M109-C16: PSNR(Y)=36.462, SSIM(Y)=0.9707
Epoch 152/200: Training loss=0.019502, lr=2.99e-04
Epoch 152/200: Validation loss=0.024396
Epoch 153/200: Training loss=0.019566, lr=2.90e-04
Epoch 153/200: Validation loss=0.024397
Epoch 154/200: Training loss=0.019517, lr=2.81e-04
Epoch 154/200: Validation loss=0.024394
Model saved! Best loss: 0.024394
Set5: PSNR(Y)=37.314, SSIM(Y)=0.9580
Set14: PSNR(Y)=32.898, SSIM(Y)=0.9111
B100: PSNR(Y)=31.661, SSIM(Y)=0.8931
U100: PSNR(Y)=30.231, SSIM(Y)=0.9074
M109: PSNR(Y)=36.942, SSIM(Y)=0.9724
Set5-C16: PSNR(Y)=37.083, SSIM(Y)=0.9569
Set14-C16: PSNR(Y)=32.702, SSIM(Y)=0.9092
B100-C16: PSNR(Y)=31.492, SSIM(Y)=0.8908
U100-C16: PSNR(Y)=29.755, SSIM(Y)=0.9014
M109-C16: PSNR(Y)=36.463, SSIM(Y)=0.9707
Epoch 155/200: Training loss=0.019511, lr=2.71e-04
Epoch 155/200: Validation loss=0.024391
Model saved! Best loss: 0.024391
Set5: PSNR(Y)=37.313, SSIM(Y)=0.9580
Set14: PSNR(Y)=32.899, SSIM(Y)=0.9111
B100: PSNR(Y)=31.661, SSIM(Y)=0.8931
U100: PSNR(Y)=30.234, SSIM(Y)=0.9075
M109: PSNR(Y)=36.938, SSIM(Y)=0.9724
Set5-C16: PSNR(Y)=37.084, SSIM(Y)=0.9569
Set14-C16: PSNR(Y)=32.703, SSIM(Y)=0.9092
B100-C16: PSNR(Y)=31.492, SSIM(Y)=0.8908
U100-C16: PSNR(Y)=29.756, SSIM(Y)=0.9015
M109-C16: PSNR(Y)=36.464, SSIM(Y)=0.9707
Epoch 156/200: Training loss=0.019469, lr=2.62e-04
Epoch 156/200: Validation loss=0.024391
Model saved! Best loss: 0.024391
Set5: PSNR(Y)=37.314, SSIM(Y)=0.9580
Set14: PSNR(Y)=32.899, SSIM(Y)=0.9111
B100: PSNR(Y)=31.662, SSIM(Y)=0.8931
U100: PSNR(Y)=30.235, SSIM(Y)=0.9075
M109: PSNR(Y)=36.937, SSIM(Y)=0.9724
Set5-C16: PSNR(Y)=37.083, SSIM(Y)=0.9569
Set14-C16: PSNR(Y)=32.703, SSIM(Y)=0.9092
B100-C16: PSNR(Y)=31.492, SSIM(Y)=0.8908
U100-C16: PSNR(Y)=29.757, SSIM(Y)=0.9015
M109-C16: PSNR(Y)=36.467, SSIM(Y)=0.9707
Epoch 157/200: Training loss=0.019545, lr=2.53e-04
Epoch 157/200: Validation loss=0.024392
Epoch 158/200: Training loss=0.019466, lr=2.45e-04
Epoch 158/200: Validation loss=0.024390
Model saved! Best loss: 0.024390
Set5: PSNR(Y)=37.315, SSIM(Y)=0.9580
Set14: PSNR(Y)=32.897, SSIM(Y)=0.9111
B100: PSNR(Y)=31.663, SSIM(Y)=0.8931
U100: PSNR(Y)=30.236, SSIM(Y)=0.9075
M109: PSNR(Y)=36.934, SSIM(Y)=0.9724
Set5-C16: PSNR(Y)=37.085, SSIM(Y)=0.9569
Set14-C16: PSNR(Y)=32.703, SSIM(Y)=0.9092
B100-C16: PSNR(Y)=31.492, SSIM(Y)=0.8908
U100-C16: PSNR(Y)=29.757, SSIM(Y)=0.9015
M109-C16: PSNR(Y)=36.465, SSIM(Y)=0.9707
Epoch 159/200: Training loss=0.019499, lr=2.36e-04
Epoch 159/200: Validation loss=0.024388
Model saved! Best loss: 0.024388
Set5: PSNR(Y)=37.315, SSIM(Y)=0.9580
Set14: PSNR(Y)=32.898, SSIM(Y)=0.9111
B100: PSNR(Y)=31.663, SSIM(Y)=0.8931
U100: PSNR(Y)=30.236, SSIM(Y)=0.9075
M109: PSNR(Y)=36.936, SSIM(Y)=0.9724
Set5-C16: PSNR(Y)=37.085, SSIM(Y)=0.9569
Set14-C16: PSNR(Y)=32.703, SSIM(Y)=0.9092
B100-C16: PSNR(Y)=31.492, SSIM(Y)=0.8908
U100-C16: PSNR(Y)=29.758, SSIM(Y)=0.9015
M109-C16: PSNR(Y)=36.461, SSIM(Y)=0.9707
Epoch 160/200: Training loss=0.019500, lr=2.28e-04
Epoch 160/200: Validation loss=0.024388
Epoch 161/200: Training loss=0.019498, lr=2.20e-04
Epoch 161/200: Validation loss=0.024388
Epoch 162/200: Training loss=0.019514, lr=2.12e-04
Epoch 162/200: Validation loss=0.024387
Model saved! Best loss: 0.024387
Set5: PSNR(Y)=37.315, SSIM(Y)=0.9580
Set14: PSNR(Y)=32.897, SSIM(Y)=0.9111
B100: PSNR(Y)=31.663, SSIM(Y)=0.8931
U100: PSNR(Y)=30.237, SSIM(Y)=0.9075
M109: PSNR(Y)=36.941, SSIM(Y)=0.9724
Set5-C16: PSNR(Y)=37.083, SSIM(Y)=0.9569
Set14-C16: PSNR(Y)=32.702, SSIM(Y)=0.9092
B100-C16: PSNR(Y)=31.492, SSIM(Y)=0.8908
U100-C16: PSNR(Y)=29.760, SSIM(Y)=0.9015
M109-C16: PSNR(Y)=36.463, SSIM(Y)=0.9707
Epoch 163/200: Training loss=0.019496, lr=2.04e-04
Epoch 163/200: Validation loss=0.024384
Model saved! Best loss: 0.024384
Set5: PSNR(Y)=37.317, SSIM(Y)=0.9580
Set14: PSNR(Y)=32.898, SSIM(Y)=0.9111
B100: PSNR(Y)=31.663, SSIM(Y)=0.8931
U100: PSNR(Y)=30.238, SSIM(Y)=0.9075
M109: PSNR(Y)=36.944, SSIM(Y)=0.9724
Set5-C16: PSNR(Y)=37.085, SSIM(Y)=0.9569
Set14-C16: PSNR(Y)=32.703, SSIM(Y)=0.9092
B100-C16: PSNR(Y)=31.493, SSIM(Y)=0.8908
U100-C16: PSNR(Y)=29.760, SSIM(Y)=0.9015
M109-C16: PSNR(Y)=36.464, SSIM(Y)=0.9707
Epoch 164/200: Training loss=0.019465, lr=1.96e-04
Epoch 164/200: Validation loss=0.024386
Epoch 165/200: Training loss=0.019549, lr=1.88e-04
Epoch 165/200: Validation loss=0.024383
Model saved! Best loss: 0.024383
Set5: PSNR(Y)=37.316, SSIM(Y)=0.9580
Set14: PSNR(Y)=32.900, SSIM(Y)=0.9111
B100: PSNR(Y)=31.663, SSIM(Y)=0.8931
U100: PSNR(Y)=30.240, SSIM(Y)=0.9075
M109: PSNR(Y)=36.941, SSIM(Y)=0.9724
Set5-C16: PSNR(Y)=37.087, SSIM(Y)=0.9569
Set14-C16: PSNR(Y)=32.702, SSIM(Y)=0.9092
B100-C16: PSNR(Y)=31.493, SSIM(Y)=0.8908
U100-C16: PSNR(Y)=29.761, SSIM(Y)=0.9015
M109-C16: PSNR(Y)=36.466, SSIM(Y)=0.9707
Epoch 166/200: Training loss=0.019517, lr=1.81e-04
Epoch 166/200: Validation loss=0.024383
Model saved! Best loss: 0.024383
Set5: PSNR(Y)=37.317, SSIM(Y)=0.9580
Set14: PSNR(Y)=32.903, SSIM(Y)=0.9111
B100: PSNR(Y)=31.663, SSIM(Y)=0.8931
U100: PSNR(Y)=30.240, SSIM(Y)=0.9075
M109: PSNR(Y)=36.940, SSIM(Y)=0.9724
Set5-C16: PSNR(Y)=37.087, SSIM(Y)=0.9569
Set14-C16: PSNR(Y)=32.705, SSIM(Y)=0.9092
B100-C16: PSNR(Y)=31.494, SSIM(Y)=0.8908
U100-C16: PSNR(Y)=29.761, SSIM(Y)=0.9015
M109-C16: PSNR(Y)=36.464, SSIM(Y)=0.9707
Epoch 167/200: Training loss=0.019439, lr=1.74e-04
Epoch 167/200: Validation loss=0.024384
Epoch 168/200: Training loss=0.019532, lr=1.67e-04
Epoch 168/200: Validation loss=0.024381
Model saved! Best loss: 0.024381
Set5: PSNR(Y)=37.316, SSIM(Y)=0.9580
Set14: PSNR(Y)=32.900, SSIM(Y)=0.9111
B100: PSNR(Y)=31.664, SSIM(Y)=0.8931
U100: PSNR(Y)=30.242, SSIM(Y)=0.9075
M109: PSNR(Y)=36.939, SSIM(Y)=0.9724
Set5-C16: PSNR(Y)=37.084, SSIM(Y)=0.9569
Set14-C16: PSNR(Y)=32.704, SSIM(Y)=0.9092
B100-C16: PSNR(Y)=31.493, SSIM(Y)=0.8908
U100-C16: PSNR(Y)=29.761, SSIM(Y)=0.9015
M109-C16: PSNR(Y)=36.467, SSIM(Y)=0.9707
Epoch 169/200: Training loss=0.019516, lr=1.60e-04
Epoch 169/200: Validation loss=0.024381
Epoch 170/200: Training loss=0.019504, lr=1.54e-04
Epoch 170/200: Validation loss=0.024381
Model saved! Best loss: 0.024381
Set5: PSNR(Y)=37.319, SSIM(Y)=0.9580
Set14: PSNR(Y)=32.901, SSIM(Y)=0.9111
B100: PSNR(Y)=31.665, SSIM(Y)=0.8931
U100: PSNR(Y)=30.241, SSIM(Y)=0.9075
M109: PSNR(Y)=36.939, SSIM(Y)=0.9725
Set5-C16: PSNR(Y)=37.085, SSIM(Y)=0.9569
Set14-C16: PSNR(Y)=32.703, SSIM(Y)=0.9092
B100-C16: PSNR(Y)=31.493, SSIM(Y)=0.8908
U100-C16: PSNR(Y)=29.762, SSIM(Y)=0.9015
M109-C16: PSNR(Y)=36.467, SSIM(Y)=0.9707
Epoch 171/200: Training loss=0.019507, lr=1.47e-04
Epoch 171/200: Validation loss=0.024380
Model saved! Best loss: 0.024380
Set5: PSNR(Y)=37.319, SSIM(Y)=0.9580
Set14: PSNR(Y)=32.901, SSIM(Y)=0.9111
B100: PSNR(Y)=31.665, SSIM(Y)=0.8931
U100: PSNR(Y)=30.243, SSIM(Y)=0.9076
M109: PSNR(Y)=36.938, SSIM(Y)=0.9724
Set5-C16: PSNR(Y)=37.086, SSIM(Y)=0.9569
Set14-C16: PSNR(Y)=32.703, SSIM(Y)=0.9092
B100-C16: PSNR(Y)=31.494, SSIM(Y)=0.8908
U100-C16: PSNR(Y)=29.762, SSIM(Y)=0.9015
M109-C16: PSNR(Y)=36.465, SSIM(Y)=0.9707
Epoch 172/200: Training loss=0.019518, lr=1.41e-04
Epoch 172/200: Validation loss=0.024380
Epoch 173/200: Training loss=0.019468, lr=1.35e-04
Epoch 173/200: Validation loss=0.024378
Model saved! Best loss: 0.024378
Set5: PSNR(Y)=37.316, SSIM(Y)=0.9580
Set14: PSNR(Y)=32.903, SSIM(Y)=0.9112
B100: PSNR(Y)=31.665, SSIM(Y)=0.8931
U100: PSNR(Y)=30.243, SSIM(Y)=0.9076
M109: PSNR(Y)=36.941, SSIM(Y)=0.9725
Set5-C16: PSNR(Y)=37.083, SSIM(Y)=0.9569
Set14-C16: PSNR(Y)=32.705, SSIM(Y)=0.9093
B100-C16: PSNR(Y)=31.494, SSIM(Y)=0.8909
U100-C16: PSNR(Y)=29.763, SSIM(Y)=0.9015
M109-C16: PSNR(Y)=36.465, SSIM(Y)=0.9707
Epoch 174/200: Training loss=0.019512, lr=1.29e-04
Epoch 174/200: Validation loss=0.024380
Epoch 175/200: Training loss=0.019457, lr=1.23e-04
Epoch 175/200: Validation loss=0.024378
Epoch 176/200: Training loss=0.019491, lr=1.18e-04
Epoch 176/200: Validation loss=0.024379
Epoch 177/200: Training loss=0.019517, lr=1.13e-04
Epoch 177/200: Validation loss=0.024379
Epoch 178/200: Training loss=0.019490, lr=1.08e-04
Epoch 178/200: Validation loss=0.024382
Epoch 179/200: Training loss=0.019492, lr=1.03e-04
Epoch 179/200: Validation loss=0.024380
Epoch 180/200: Training loss=0.019450, lr=9.82e-05
Epoch 180/200: Validation loss=0.024380
Epoch 181/200: Training loss=0.019520, lr=9.37e-05
Epoch 181/200: Validation loss=0.024377
Model saved! Best loss: 0.024377
Set5: PSNR(Y)=37.318, SSIM(Y)=0.9580
Set14: PSNR(Y)=32.905, SSIM(Y)=0.9112
B100: PSNR(Y)=31.665, SSIM(Y)=0.8931
U100: PSNR(Y)=30.245, SSIM(Y)=0.9076
M109: PSNR(Y)=36.939, SSIM(Y)=0.9725
Set5-C16: PSNR(Y)=37.087, SSIM(Y)=0.9569
Set14-C16: PSNR(Y)=32.706, SSIM(Y)=0.9093
B100-C16: PSNR(Y)=31.495, SSIM(Y)=0.8909
U100-C16: PSNR(Y)=29.764, SSIM(Y)=0.9016
M109-C16: PSNR(Y)=36.466, SSIM(Y)=0.9707
Epoch 182/200: Training loss=0.019495, lr=8.95e-05
Epoch 182/200: Validation loss=0.024375
Model saved! Best loss: 0.024375
Set5: PSNR(Y)=37.318, SSIM(Y)=0.9580
Set14: PSNR(Y)=32.904, SSIM(Y)=0.9112
B100: PSNR(Y)=31.666, SSIM(Y)=0.8931
U100: PSNR(Y)=30.245, SSIM(Y)=0.9076
M109: PSNR(Y)=36.941, SSIM(Y)=0.9725
Set5-C16: PSNR(Y)=37.087, SSIM(Y)=0.9569
Set14-C16: PSNR(Y)=32.705, SSIM(Y)=0.9093
B100-C16: PSNR(Y)=31.495, SSIM(Y)=0.8909
U100-C16: PSNR(Y)=29.764, SSIM(Y)=0.9016
M109-C16: PSNR(Y)=36.467, SSIM(Y)=0.9707
Epoch 183/200: Training loss=0.019448, lr=8.55e-05
Epoch 183/200: Validation loss=0.024375
Model saved! Best loss: 0.024375
Set5: PSNR(Y)=37.316, SSIM(Y)=0.9580
Set14: PSNR(Y)=32.903, SSIM(Y)=0.9111
B100: PSNR(Y)=31.665, SSIM(Y)=0.8931
U100: PSNR(Y)=30.246, SSIM(Y)=0.9076
M109: PSNR(Y)=36.941, SSIM(Y)=0.9725
Set5-C16: PSNR(Y)=37.086, SSIM(Y)=0.9569
Set14-C16: PSNR(Y)=32.705, SSIM(Y)=0.9092
B100-C16: PSNR(Y)=31.495, SSIM(Y)=0.8909
U100-C16: PSNR(Y)=29.764, SSIM(Y)=0.9016
M109-C16: PSNR(Y)=36.468, SSIM(Y)=0.9707
Epoch 184/200: Training loss=0.019526, lr=8.17e-05
Epoch 184/200: Validation loss=0.024373
Model saved! Best loss: 0.024373
Set5: PSNR(Y)=37.316, SSIM(Y)=0.9580
Set14: PSNR(Y)=32.905, SSIM(Y)=0.9112
B100: PSNR(Y)=31.665, SSIM(Y)=0.8931
U100: PSNR(Y)=30.245, SSIM(Y)=0.9076
M109: PSNR(Y)=36.946, SSIM(Y)=0.9725
Set5-C16: PSNR(Y)=37.085, SSIM(Y)=0.9569
Set14-C16: PSNR(Y)=32.707, SSIM(Y)=0.9093
B100-C16: PSNR(Y)=31.495, SSIM(Y)=0.8909
U100-C16: PSNR(Y)=29.764, SSIM(Y)=0.9016
M109-C16: PSNR(Y)=36.468, SSIM(Y)=0.9707
Epoch 185/200: Training loss=0.019479, lr=7.81e-05
Epoch 185/200: Validation loss=0.024374
Epoch 186/200: Training loss=0.019495, lr=7.47e-05
Epoch 186/200: Validation loss=0.024374
Epoch 187/200: Training loss=0.019510, lr=7.15e-05
Epoch 187/200: Validation loss=0.024372
Model saved! Best loss: 0.024372
Set5: PSNR(Y)=37.316, SSIM(Y)=0.9580
Set14: PSNR(Y)=32.905, SSIM(Y)=0.9112
B100: PSNR(Y)=31.666, SSIM(Y)=0.8931
U100: PSNR(Y)=30.248, SSIM(Y)=0.9076
M109: PSNR(Y)=36.939, SSIM(Y)=0.9725
Set5-C16: PSNR(Y)=37.085, SSIM(Y)=0.9569
Set14-C16: PSNR(Y)=32.707, SSIM(Y)=0.9093
B100-C16: PSNR(Y)=31.495, SSIM(Y)=0.8909
U100-C16: PSNR(Y)=29.767, SSIM(Y)=0.9016
M109-C16: PSNR(Y)=36.467, SSIM(Y)=0.9707
Epoch 188/200: Training loss=0.019501, lr=6.86e-05
Epoch 188/200: Validation loss=0.024373
Epoch 189/200: Training loss=0.019487, lr=6.58e-05
Epoch 189/200: Validation loss=0.024374
Epoch 190/200: Training loss=0.019539, lr=6.33e-05
Epoch 190/200: Validation loss=0.024372
Epoch 191/200: Training loss=0.019495, lr=6.10e-05
Epoch 191/200: Validation loss=0.024373
Epoch 192/200: Training loss=0.019488, lr=5.89e-05
Epoch 192/200: Validation loss=0.024374
Epoch 193/200: Training loss=0.019476, lr=5.71e-05
Epoch 193/200: Validation loss=0.024374
Epoch 194/200: Training loss=0.019458, lr=5.54e-05
Epoch 194/200: Validation loss=0.024374
Epoch 195/200: Training loss=0.019497, lr=5.40e-05
Epoch 195/200: Validation loss=0.024376
Epoch 196/200: Training loss=0.019496, lr=5.28e-05
Epoch 196/200: Validation loss=0.024375
Epoch 197/200: Training loss=0.019505, lr=5.18e-05
Epoch 197/200: Validation loss=0.024374
Epoch 198/200: Training loss=0.019437, lr=5.10e-05
Epoch 198/200: Validation loss=0.024373
Epoch 199/200: Training loss=0.019469, lr=5.04e-05
Epoch 199/200: Validation loss=0.024373
Epoch 200/200: Training loss=0.019504, lr=5.01e-05
Epoch 200/200: Validation loss=0.024372
==================================================
Training Finished
==================================================
==================================================
Testing Best Model
==================================================
Set5: PSNR(Y)=37.316, SSIM(Y)=0.9580
Set14: PSNR(Y)=32.905, SSIM(Y)=0.9112
B100: PSNR(Y)=31.666, SSIM(Y)=0.8931
U100: PSNR(Y)=30.248, SSIM(Y)=0.9076
M109: PSNR(Y)=36.939, SSIM(Y)=0.9725
Set5-C16: PSNR(Y)=37.085, SSIM(Y)=0.9569
Set14-C16: PSNR(Y)=32.707, SSIM(Y)=0.9093
B100-C16: PSNR(Y)=31.495, SSIM(Y)=0.8909
U100-C16: PSNR(Y)=29.767, SSIM(Y)=0.9016
M109-C16: PSNR(Y)=36.467, SSIM(Y)=0.9707
==================================================
Testing Bicubic Interpolation
==================================================
Set5: PSNR(Y)=33.977, SSIM(Y)=0.9330
Set14: PSNR(Y)=30.539, SSIM(Y)=0.8748
B100: PSNR(Y)=29.707, SSIM(Y)=0.8490
U100: PSNR(Y)=27.063, SSIM(Y)=0.8451
M109: PSNR(Y)=31.213, SSIM(Y)=0.9382
