使用设备: cuda
模型总参数量: 14,656
==================================================
Training Started
==================================================
实验名称: DPSR_x2_0729_1530
放大倍数: 2
批次大小: 64
学习率: 0.002
最小学习率: 5e-05
训练轮数: 150
设备: cuda
模型参数数量: 14,656
训练批次: 1110
==================================================
Begin Training
Epoch 1/150: Training loss=0.027650, lr=3.00e-04
Epoch 1/150: Validation loss=0.038160
Model saved! Best loss: 0.038160
Set5: PSNR(Y)=32.256, SSIM(Y)=0.9118
Set14: PSNR(Y)=29.231, SSIM(Y)=0.8399
B100: PSNR(Y)=28.651, SSIM(Y)=0.8098
U100: PSNR(Y)=25.957, SSIM(Y)=0.8079
M109: PSNR(Y)=29.111, SSIM(Y)=0.9118
Epoch 2/150: Training loss=0.022884, lr=4.70e-04
Epoch 2/150: Validation loss=0.029265
Model saved! Best loss: 0.029265
Set5: PSNR(Y)=35.905, SSIM(Y)=0.9502
Set14: PSNR(Y)=31.923, SSIM(Y)=0.9013
B100: PSNR(Y)=30.888, SSIM(Y)=0.8812
U100: PSNR(Y)=28.450, SSIM(Y)=0.8796
M109: PSNR(Y)=34.090, SSIM(Y)=0.9604
Epoch 3/150: Training loss=0.021141, lr=6.40e-04
Epoch 3/150: Validation loss=0.027823
Model saved! Best loss: 0.027823
Set5: PSNR(Y)=36.499, SSIM(Y)=0.9541
Set14: PSNR(Y)=32.325, SSIM(Y)=0.9057
B100: PSNR(Y)=31.177, SSIM(Y)=0.8862
U100: PSNR(Y)=29.016, SSIM(Y)=0.8896
M109: PSNR(Y)=35.151, SSIM(Y)=0.9655
Epoch 4/150: Training loss=0.020845, lr=8.10e-04
Epoch 4/150: Validation loss=0.027384
Model saved! Best loss: 0.027384
Set5: PSNR(Y)=36.658, SSIM(Y)=0.9551
Set14: PSNR(Y)=32.442, SSIM(Y)=0.9067
B100: PSNR(Y)=31.256, SSIM(Y)=0.8873
U100: PSNR(Y)=29.199, SSIM(Y)=0.8925
M109: PSNR(Y)=35.440, SSIM(Y)=0.9668
Epoch 5/150: Training loss=0.020729, lr=9.80e-04
Epoch 5/150: Validation loss=0.027143
Model saved! Best loss: 0.027143
Set5: PSNR(Y)=36.740, SSIM(Y)=0.9555
Set14: PSNR(Y)=32.501, SSIM(Y)=0.9073
B100: PSNR(Y)=31.299, SSIM(Y)=0.8878
U100: PSNR(Y)=29.301, SSIM(Y)=0.8940
M109: PSNR(Y)=35.605, SSIM(Y)=0.9675
Epoch 6/150: Training loss=0.020622, lr=1.15e-03
Epoch 6/150: Validation loss=0.026962
Model saved! Best loss: 0.026962
Set5: PSNR(Y)=36.796, SSIM(Y)=0.9558
Set14: PSNR(Y)=32.537, SSIM(Y)=0.9076
B100: PSNR(Y)=31.332, SSIM(Y)=0.8882
U100: PSNR(Y)=29.379, SSIM(Y)=0.8952
M109: PSNR(Y)=35.724, SSIM(Y)=0.9680
Epoch 7/150: Training loss=0.020575, lr=1.32e-03
Epoch 7/150: Validation loss=0.026818
Model saved! Best loss: 0.026818
Set5: PSNR(Y)=36.841, SSIM(Y)=0.9560
Set14: PSNR(Y)=32.564, SSIM(Y)=0.9078
B100: PSNR(Y)=31.358, SSIM(Y)=0.8884
U100: PSNR(Y)=29.445, SSIM(Y)=0.8961
M109: PSNR(Y)=35.816, SSIM(Y)=0.9683
Epoch 8/150: Training loss=0.020501, lr=1.49e-03
Epoch 8/150: Validation loss=0.026693
Model saved! Best loss: 0.026693
Set5: PSNR(Y)=36.880, SSIM(Y)=0.9562
Set14: PSNR(Y)=32.591, SSIM(Y)=0.9081
B100: PSNR(Y)=31.379, SSIM(Y)=0.8886
U100: PSNR(Y)=29.502, SSIM(Y)=0.8969
M109: PSNR(Y)=35.900, SSIM(Y)=0.9686
Epoch 9/150: Training loss=0.020467, lr=1.66e-03
Epoch 9/150: Validation loss=0.026578
Model saved! Best loss: 0.026578
Set5: PSNR(Y)=36.914, SSIM(Y)=0.9563
Set14: PSNR(Y)=32.618, SSIM(Y)=0.9083
B100: PSNR(Y)=31.399, SSIM(Y)=0.8889
U100: PSNR(Y)=29.556, SSIM(Y)=0.8976
M109: PSNR(Y)=35.981, SSIM(Y)=0.9689
Epoch 10/150: Training loss=0.020435, lr=1.83e-03
Epoch 10/150: Validation loss=0.026473
Model saved! Best loss: 0.026473
Set5: PSNR(Y)=36.948, SSIM(Y)=0.9565
Set14: PSNR(Y)=32.643, SSIM(Y)=0.9085
B100: PSNR(Y)=31.420, SSIM(Y)=0.8892
U100: PSNR(Y)=29.607, SSIM(Y)=0.8984
M109: PSNR(Y)=36.052, SSIM(Y)=0.9692
Epoch 11/150: Training loss=0.020392, lr=2.00e-03
Epoch 11/150: Validation loss=0.026378
Model saved! Best loss: 0.026378
Set5: PSNR(Y)=36.981, SSIM(Y)=0.9566
Set14: PSNR(Y)=32.664, SSIM(Y)=0.9087
B100: PSNR(Y)=31.439, SSIM(Y)=0.8895
U100: PSNR(Y)=29.652, SSIM(Y)=0.8990
M109: PSNR(Y)=36.117, SSIM(Y)=0.9694
Epoch 12/150: Training loss=0.020343, lr=2.00e-03
Epoch 12/150: Validation loss=0.026279
Model saved! Best loss: 0.026279
Set5: PSNR(Y)=37.013, SSIM(Y)=0.9568
Set14: PSNR(Y)=32.687, SSIM(Y)=0.9089
B100: PSNR(Y)=31.458, SSIM(Y)=0.8898
U100: PSNR(Y)=29.698, SSIM(Y)=0.8997
M109: PSNR(Y)=36.190, SSIM(Y)=0.9697
Epoch 13/150: Training loss=0.020302, lr=2.00e-03
Epoch 13/150: Validation loss=0.026180
Model saved! Best loss: 0.026180
Set5: PSNR(Y)=37.043, SSIM(Y)=0.9569
Set14: PSNR(Y)=32.710, SSIM(Y)=0.9092
B100: PSNR(Y)=31.478, SSIM(Y)=0.8901
U100: PSNR(Y)=29.744, SSIM(Y)=0.9004
M109: PSNR(Y)=36.267, SSIM(Y)=0.9699
Epoch 14/150: Training loss=0.020271, lr=2.00e-03
Epoch 14/150: Validation loss=0.026082
Model saved! Best loss: 0.026082
Set5: PSNR(Y)=37.068, SSIM(Y)=0.9570
Set14: PSNR(Y)=32.732, SSIM(Y)=0.9094
B100: PSNR(Y)=31.498, SSIM(Y)=0.8904
U100: PSNR(Y)=29.789, SSIM(Y)=0.9011
M109: PSNR(Y)=36.348, SSIM(Y)=0.9702
Epoch 15/150: Training loss=0.020229, lr=2.00e-03
Epoch 15/150: Validation loss=0.025990
Model saved! Best loss: 0.025990
Set5: PSNR(Y)=37.093, SSIM(Y)=0.9571
Set14: PSNR(Y)=32.751, SSIM(Y)=0.9096
B100: PSNR(Y)=31.517, SSIM(Y)=0.8907
U100: PSNR(Y)=29.831, SSIM(Y)=0.9017
M109: PSNR(Y)=36.424, SSIM(Y)=0.9704
Epoch 16/150: Training loss=0.020202, lr=1.99e-03
Epoch 16/150: Validation loss=0.025909
Model saved! Best loss: 0.025909
Set5: PSNR(Y)=37.112, SSIM(Y)=0.9571
Set14: PSNR(Y)=32.769, SSIM(Y)=0.9098
B100: PSNR(Y)=31.535, SSIM(Y)=0.8910
U100: PSNR(Y)=29.869, SSIM(Y)=0.9022
M109: PSNR(Y)=36.486, SSIM(Y)=0.9706
Epoch 17/150: Training loss=0.020154, lr=1.99e-03
Epoch 17/150: Validation loss=0.025836
Model saved! Best loss: 0.025836
Set5: PSNR(Y)=37.127, SSIM(Y)=0.9572
Set14: PSNR(Y)=32.787, SSIM(Y)=0.9100
B100: PSNR(Y)=31.551, SSIM(Y)=0.8912
U100: PSNR(Y)=29.905, SSIM(Y)=0.9027
M109: PSNR(Y)=36.537, SSIM(Y)=0.9708
Epoch 18/150: Training loss=0.020134, lr=1.99e-03
Epoch 18/150: Validation loss=0.025778
Model saved! Best loss: 0.025778
Set5: PSNR(Y)=37.141, SSIM(Y)=0.9573
Set14: PSNR(Y)=32.799, SSIM(Y)=0.9102
B100: PSNR(Y)=31.564, SSIM(Y)=0.8914
U100: PSNR(Y)=29.933, SSIM(Y)=0.9031
M109: PSNR(Y)=36.571, SSIM(Y)=0.9709
Epoch 19/150: Training loss=0.020121, lr=1.98e-03
Epoch 19/150: Validation loss=0.025727
Model saved! Best loss: 0.025727
Set5: PSNR(Y)=37.155, SSIM(Y)=0.9574
Set14: PSNR(Y)=32.811, SSIM(Y)=0.9103
B100: PSNR(Y)=31.574, SSIM(Y)=0.8916
U100: PSNR(Y)=29.959, SSIM(Y)=0.9035
M109: PSNR(Y)=36.605, SSIM(Y)=0.9710
Epoch 20/150: Training loss=0.020100, lr=1.98e-03
Epoch 20/150: Validation loss=0.025681
Model saved! Best loss: 0.025681
Set5: PSNR(Y)=37.171, SSIM(Y)=0.9574
Set14: PSNR(Y)=32.822, SSIM(Y)=0.9104
B100: PSNR(Y)=31.584, SSIM(Y)=0.8917
U100: PSNR(Y)=29.983, SSIM(Y)=0.9039
M109: PSNR(Y)=36.635, SSIM(Y)=0.9712
Epoch 21/150: Training loss=0.020061, lr=1.98e-03
Epoch 21/150: Validation loss=0.025642
Model saved! Best loss: 0.025642
Set5: PSNR(Y)=37.185, SSIM(Y)=0.9575
Set14: PSNR(Y)=32.828, SSIM(Y)=0.9105
B100: PSNR(Y)=31.592, SSIM(Y)=0.8919
U100: PSNR(Y)=30.003, SSIM(Y)=0.9042
M109: PSNR(Y)=36.660, SSIM(Y)=0.9712
Epoch 22/150: Training loss=0.020051, lr=1.97e-03
Epoch 22/150: Validation loss=0.025609
Model saved! Best loss: 0.025609
Set5: PSNR(Y)=37.193, SSIM(Y)=0.9575
Set14: PSNR(Y)=32.836, SSIM(Y)=0.9105
B100: PSNR(Y)=31.599, SSIM(Y)=0.8920
U100: PSNR(Y)=30.021, SSIM(Y)=0.9044
M109: PSNR(Y)=36.681, SSIM(Y)=0.9713
Epoch 23/150: Training loss=0.020037, lr=1.96e-03
Epoch 23/150: Validation loss=0.025580
Model saved! Best loss: 0.025580
Set5: PSNR(Y)=37.205, SSIM(Y)=0.9576
Set14: PSNR(Y)=32.843, SSIM(Y)=0.9106
B100: PSNR(Y)=31.605, SSIM(Y)=0.8921
U100: PSNR(Y)=30.037, SSIM(Y)=0.9046
M109: PSNR(Y)=36.704, SSIM(Y)=0.9714
Epoch 24/150: Training loss=0.020033, lr=1.96e-03
Epoch 24/150: Validation loss=0.025552
Model saved! Best loss: 0.025552
Set5: PSNR(Y)=37.215, SSIM(Y)=0.9576
Set14: PSNR(Y)=32.849, SSIM(Y)=0.9107
B100: PSNR(Y)=31.610, SSIM(Y)=0.8922
U100: PSNR(Y)=30.053, SSIM(Y)=0.9048
M109: PSNR(Y)=36.722, SSIM(Y)=0.9715
Epoch 25/150: Training loss=0.020003, lr=1.95e-03
Epoch 25/150: Validation loss=0.025525
Model saved! Best loss: 0.025525
Set5: PSNR(Y)=37.229, SSIM(Y)=0.9577
Set14: PSNR(Y)=32.854, SSIM(Y)=0.9107
B100: PSNR(Y)=31.615, SSIM(Y)=0.8923
U100: PSNR(Y)=30.067, SSIM(Y)=0.9050
M109: PSNR(Y)=36.744, SSIM(Y)=0.9715
Epoch 26/150: Training loss=0.019966, lr=1.95e-03
Epoch 26/150: Validation loss=0.025493
Model saved! Best loss: 0.025493
Set5: PSNR(Y)=37.230, SSIM(Y)=0.9577
Set14: PSNR(Y)=32.859, SSIM(Y)=0.9108
B100: PSNR(Y)=31.621, SSIM(Y)=0.8923
U100: PSNR(Y)=30.085, SSIM(Y)=0.9053
M109: PSNR(Y)=36.769, SSIM(Y)=0.9716
Epoch 27/150: Training loss=0.019968, lr=1.94e-03
Epoch 27/150: Validation loss=0.025460
Model saved! Best loss: 0.025460
Set5: PSNR(Y)=37.230, SSIM(Y)=0.9577
Set14: PSNR(Y)=32.865, SSIM(Y)=0.9108
B100: PSNR(Y)=31.626, SSIM(Y)=0.8924
U100: PSNR(Y)=30.103, SSIM(Y)=0.9055
M109: PSNR(Y)=36.795, SSIM(Y)=0.9717
Epoch 28/150: Training loss=0.019958, lr=1.93e-03
Epoch 28/150: Validation loss=0.025431
Model saved! Best loss: 0.025431
Set5: PSNR(Y)=37.227, SSIM(Y)=0.9577
Set14: PSNR(Y)=32.874, SSIM(Y)=0.9109
B100: PSNR(Y)=31.631, SSIM(Y)=0.8925
U100: PSNR(Y)=30.120, SSIM(Y)=0.9058
M109: PSNR(Y)=36.817, SSIM(Y)=0.9718
Epoch 29/150: Training loss=0.019938, lr=1.92e-03
Epoch 29/150: Validation loss=0.025411
Model saved! Best loss: 0.025411
Set5: PSNR(Y)=37.229, SSIM(Y)=0.9577
Set14: PSNR(Y)=32.877, SSIM(Y)=0.9109
B100: PSNR(Y)=31.634, SSIM(Y)=0.8925
U100: PSNR(Y)=30.133, SSIM(Y)=0.9059
M109: PSNR(Y)=36.830, SSIM(Y)=0.9719
Epoch 30/150: Training loss=0.019934, lr=1.91e-03
Epoch 30/150: Validation loss=0.025392
Model saved! Best loss: 0.025392
Set5: PSNR(Y)=37.231, SSIM(Y)=0.9577
Set14: PSNR(Y)=32.885, SSIM(Y)=0.9110
B100: PSNR(Y)=31.637, SSIM(Y)=0.8926
U100: PSNR(Y)=30.145, SSIM(Y)=0.9061
M109: PSNR(Y)=36.840, SSIM(Y)=0.9719
Epoch 31/150: Training loss=0.019922, lr=1.90e-03
Epoch 31/150: Validation loss=0.025377
Model saved! Best loss: 0.025377
Set5: PSNR(Y)=37.235, SSIM(Y)=0.9577
Set14: PSNR(Y)=32.892, SSIM(Y)=0.9110
B100: PSNR(Y)=31.641, SSIM(Y)=0.8926
U100: PSNR(Y)=30.154, SSIM(Y)=0.9062
M109: PSNR(Y)=36.848, SSIM(Y)=0.9719
Epoch 32/150: Training loss=0.019916, lr=1.89e-03
Epoch 32/150: Validation loss=0.025361
Model saved! Best loss: 0.025361
Set5: PSNR(Y)=37.240, SSIM(Y)=0.9577
Set14: PSNR(Y)=32.894, SSIM(Y)=0.9111
B100: PSNR(Y)=31.644, SSIM(Y)=0.8927
U100: PSNR(Y)=30.165, SSIM(Y)=0.9063
M109: PSNR(Y)=36.857, SSIM(Y)=0.9720
Epoch 33/150: Training loss=0.019900, lr=1.88e-03
Epoch 33/150: Validation loss=0.025347
Model saved! Best loss: 0.025347
Set5: PSNR(Y)=37.243, SSIM(Y)=0.9577
Set14: PSNR(Y)=32.897, SSIM(Y)=0.9111
B100: PSNR(Y)=31.646, SSIM(Y)=0.8927
U100: PSNR(Y)=30.173, SSIM(Y)=0.9065
M109: PSNR(Y)=36.864, SSIM(Y)=0.9720
Epoch 34/150: Training loss=0.019898, lr=1.87e-03
Epoch 34/150: Validation loss=0.025338
Model saved! Best loss: 0.025338
Set5: PSNR(Y)=37.245, SSIM(Y)=0.9577
Set14: PSNR(Y)=32.897, SSIM(Y)=0.9111
B100: PSNR(Y)=31.648, SSIM(Y)=0.8927
U100: PSNR(Y)=30.180, SSIM(Y)=0.9065
M109: PSNR(Y)=36.868, SSIM(Y)=0.9720
Epoch 35/150: Training loss=0.019878, lr=1.86e-03
Epoch 35/150: Validation loss=0.025332
Model saved! Best loss: 0.025332
Set5: PSNR(Y)=37.241, SSIM(Y)=0.9577
Set14: PSNR(Y)=32.897, SSIM(Y)=0.9111
B100: PSNR(Y)=31.649, SSIM(Y)=0.8928
U100: PSNR(Y)=30.182, SSIM(Y)=0.9065
M109: PSNR(Y)=36.865, SSIM(Y)=0.9720
Epoch 36/150: Training loss=0.019771, lr=1.85e-03
Epoch 36/150: Validation loss=0.025328
Model saved! Best loss: 0.025328
Set5: PSNR(Y)=37.213, SSIM(Y)=0.9576
Set14: PSNR(Y)=32.868, SSIM(Y)=0.9108
B100: PSNR(Y)=31.634, SSIM(Y)=0.8926
U100: PSNR(Y)=30.132, SSIM(Y)=0.9059
M109: PSNR(Y)=36.799, SSIM(Y)=0.9717
Epoch 37/150: Training loss=0.019662, lr=1.84e-03
Epoch 37/150: Validation loss=0.025194
Model saved! Best loss: 0.025194
Set5: PSNR(Y)=37.216, SSIM(Y)=0.9576
Set14: PSNR(Y)=32.849, SSIM(Y)=0.9106
B100: PSNR(Y)=31.624, SSIM(Y)=0.8925
U100: PSNR(Y)=30.097, SSIM(Y)=0.9054
M109: PSNR(Y)=36.747, SSIM(Y)=0.9715
Epoch 38/150: Training loss=0.019619, lr=1.83e-03
Epoch 38/150: Validation loss=0.025052
Model saved! Best loss: 0.025052
Set5: PSNR(Y)=37.232, SSIM(Y)=0.9577
Set14: PSNR(Y)=32.845, SSIM(Y)=0.9105
B100: PSNR(Y)=31.625, SSIM(Y)=0.8925
U100: PSNR(Y)=30.100, SSIM(Y)=0.9054
M109: PSNR(Y)=36.735, SSIM(Y)=0.9715
Epoch 39/150: Training loss=0.019586, lr=1.81e-03
Epoch 39/150: Validation loss=0.024958
Model saved! Best loss: 0.024958
Set5: PSNR(Y)=37.245, SSIM(Y)=0.9577
Set14: PSNR(Y)=32.844, SSIM(Y)=0.9105
B100: PSNR(Y)=31.627, SSIM(Y)=0.8925
U100: PSNR(Y)=30.115, SSIM(Y)=0.9056
M109: PSNR(Y)=36.745, SSIM(Y)=0.9716
Epoch 40/150: Training loss=0.019546, lr=1.80e-03
Epoch 40/150: Validation loss=0.024896
Model saved! Best loss: 0.024896
Set5: PSNR(Y)=37.255, SSIM(Y)=0.9578
Set14: PSNR(Y)=32.846, SSIM(Y)=0.9105
B100: PSNR(Y)=31.631, SSIM(Y)=0.8926
U100: PSNR(Y)=30.130, SSIM(Y)=0.9058
M109: PSNR(Y)=36.759, SSIM(Y)=0.9716
Epoch 41/150: Training loss=0.019535, lr=1.79e-03
Epoch 41/150: Validation loss=0.024852
Model saved! Best loss: 0.024852
Set5: PSNR(Y)=37.262, SSIM(Y)=0.9577
Set14: PSNR(Y)=32.850, SSIM(Y)=0.9105
B100: PSNR(Y)=31.635, SSIM(Y)=0.8926
U100: PSNR(Y)=30.143, SSIM(Y)=0.9059
M109: PSNR(Y)=36.775, SSIM(Y)=0.9717
Epoch 42/150: Training loss=0.019524, lr=1.77e-03
Epoch 42/150: Validation loss=0.024818
Model saved! Best loss: 0.024818
Set5: PSNR(Y)=37.268, SSIM(Y)=0.9578
Set14: PSNR(Y)=32.856, SSIM(Y)=0.9105
B100: PSNR(Y)=31.639, SSIM(Y)=0.8927
U100: PSNR(Y)=30.155, SSIM(Y)=0.9061
M109: PSNR(Y)=36.787, SSIM(Y)=0.9717
Epoch 43/150: Training loss=0.019501, lr=1.76e-03
Epoch 43/150: Validation loss=0.024792
Model saved! Best loss: 0.024792
Set5: PSNR(Y)=37.271, SSIM(Y)=0.9578
Set14: PSNR(Y)=32.858, SSIM(Y)=0.9106
B100: PSNR(Y)=31.641, SSIM(Y)=0.8927
U100: PSNR(Y)=30.167, SSIM(Y)=0.9063
M109: PSNR(Y)=36.799, SSIM(Y)=0.9718
Epoch 44/150: Training loss=0.019504, lr=1.74e-03
Epoch 44/150: Validation loss=0.024769
Model saved! Best loss: 0.024769
Set5: PSNR(Y)=37.271, SSIM(Y)=0.9578
Set14: PSNR(Y)=32.862, SSIM(Y)=0.9106
B100: PSNR(Y)=31.644, SSIM(Y)=0.8928
U100: PSNR(Y)=30.177, SSIM(Y)=0.9064
M109: PSNR(Y)=36.810, SSIM(Y)=0.9718
Epoch 45/150: Training loss=0.019491, lr=1.73e-03
Epoch 45/150: Validation loss=0.024748
Model saved! Best loss: 0.024748
Set5: PSNR(Y)=37.275, SSIM(Y)=0.9578
Set14: PSNR(Y)=32.864, SSIM(Y)=0.9106
B100: PSNR(Y)=31.647, SSIM(Y)=0.8928
U100: PSNR(Y)=30.187, SSIM(Y)=0.9065
M109: PSNR(Y)=36.818, SSIM(Y)=0.9719
Epoch 46/150: Training loss=0.019471, lr=1.71e-03
Epoch 46/150: Validation loss=0.024729
Model saved! Best loss: 0.024729
Set5: PSNR(Y)=37.275, SSIM(Y)=0.9578
Set14: PSNR(Y)=32.871, SSIM(Y)=0.9107
B100: PSNR(Y)=31.649, SSIM(Y)=0.8929
U100: PSNR(Y)=30.196, SSIM(Y)=0.9066
M109: PSNR(Y)=36.827, SSIM(Y)=0.9719
Epoch 47/150: Training loss=0.019463, lr=1.70e-03
Epoch 47/150: Validation loss=0.024713
Model saved! Best loss: 0.024713
Set5: PSNR(Y)=37.279, SSIM(Y)=0.9578
Set14: PSNR(Y)=32.872, SSIM(Y)=0.9107
B100: PSNR(Y)=31.652, SSIM(Y)=0.8929
U100: PSNR(Y)=30.204, SSIM(Y)=0.9068
M109: PSNR(Y)=36.834, SSIM(Y)=0.9719
Epoch 48/150: Training loss=0.019456, lr=1.68e-03
Epoch 48/150: Validation loss=0.024698
Model saved! Best loss: 0.024698
Set5: PSNR(Y)=37.282, SSIM(Y)=0.9578
Set14: PSNR(Y)=32.877, SSIM(Y)=0.9107
B100: PSNR(Y)=31.653, SSIM(Y)=0.8929
U100: PSNR(Y)=30.211, SSIM(Y)=0.9069
M109: PSNR(Y)=36.840, SSIM(Y)=0.9720
Epoch 49/150: Training loss=0.019444, lr=1.67e-03
Epoch 49/150: Validation loss=0.024685
Model saved! Best loss: 0.024685
Set5: PSNR(Y)=37.286, SSIM(Y)=0.9578
Set14: PSNR(Y)=32.879, SSIM(Y)=0.9108
B100: PSNR(Y)=31.655, SSIM(Y)=0.8929
U100: PSNR(Y)=30.218, SSIM(Y)=0.9070
M109: PSNR(Y)=36.844, SSIM(Y)=0.9720
Epoch 50/150: Training loss=0.019435, lr=1.65e-03
Epoch 50/150: Validation loss=0.024672
Model saved! Best loss: 0.024672
Set5: PSNR(Y)=37.289, SSIM(Y)=0.9579
Set14: PSNR(Y)=32.881, SSIM(Y)=0.9108
B100: PSNR(Y)=31.657, SSIM(Y)=0.8930
U100: PSNR(Y)=30.224, SSIM(Y)=0.9070
M109: PSNR(Y)=36.851, SSIM(Y)=0.9720
Epoch 51/150: Training loss=0.019433, lr=1.63e-03
Epoch 51/150: Validation loss=0.024662
Model saved! Best loss: 0.024662
Set5: PSNR(Y)=37.292, SSIM(Y)=0.9579
Set14: PSNR(Y)=32.884, SSIM(Y)=0.9108
B100: PSNR(Y)=31.660, SSIM(Y)=0.8930
U100: PSNR(Y)=30.229, SSIM(Y)=0.9071
M109: PSNR(Y)=36.854, SSIM(Y)=0.9720
Epoch 52/150: Training loss=0.019424, lr=1.62e-03
Epoch 52/150: Validation loss=0.024650
Model saved! Best loss: 0.024650
Set5: PSNR(Y)=37.299, SSIM(Y)=0.9579
Set14: PSNR(Y)=32.885, SSIM(Y)=0.9109
B100: PSNR(Y)=31.662, SSIM(Y)=0.8930
U100: PSNR(Y)=30.237, SSIM(Y)=0.9072
M109: PSNR(Y)=36.858, SSIM(Y)=0.9720
Epoch 53/150: Training loss=0.019426, lr=1.60e-03
Epoch 53/150: Validation loss=0.024640
Model saved! Best loss: 0.024640
Set5: PSNR(Y)=37.301, SSIM(Y)=0.9579
Set14: PSNR(Y)=32.888, SSIM(Y)=0.9109
B100: PSNR(Y)=31.663, SSIM(Y)=0.8930
U100: PSNR(Y)=30.241, SSIM(Y)=0.9073
M109: PSNR(Y)=36.863, SSIM(Y)=0.9720
Epoch 54/150: Training loss=0.019419, lr=1.58e-03
Epoch 54/150: Validation loss=0.024633
Model saved! Best loss: 0.024633
Set5: PSNR(Y)=37.303, SSIM(Y)=0.9579
Set14: PSNR(Y)=32.887, SSIM(Y)=0.9109
B100: PSNR(Y)=31.664, SSIM(Y)=0.8931
U100: PSNR(Y)=30.244, SSIM(Y)=0.9073
M109: PSNR(Y)=36.867, SSIM(Y)=0.9721
Epoch 55/150: Training loss=0.019412, lr=1.56e-03
Epoch 55/150: Validation loss=0.024626
Model saved! Best loss: 0.024626
Set5: PSNR(Y)=37.307, SSIM(Y)=0.9579
Set14: PSNR(Y)=32.890, SSIM(Y)=0.9109
B100: PSNR(Y)=31.667, SSIM(Y)=0.8931
U100: PSNR(Y)=30.249, SSIM(Y)=0.9074
M109: PSNR(Y)=36.867, SSIM(Y)=0.9721
Epoch 56/150: Training loss=0.019414, lr=1.54e-03
Epoch 56/150: Validation loss=0.024618
Model saved! Best loss: 0.024618
Set5: PSNR(Y)=37.306, SSIM(Y)=0.9579
Set14: PSNR(Y)=32.894, SSIM(Y)=0.9109
B100: PSNR(Y)=31.668, SSIM(Y)=0.8931
U100: PSNR(Y)=30.253, SSIM(Y)=0.9074
M109: PSNR(Y)=36.872, SSIM(Y)=0.9721
Epoch 57/150: Training loss=0.019401, lr=1.53e-03
Epoch 57/150: Validation loss=0.024610
Model saved! Best loss: 0.024610
Set5: PSNR(Y)=37.310, SSIM(Y)=0.9579
Set14: PSNR(Y)=32.891, SSIM(Y)=0.9109
B100: PSNR(Y)=31.669, SSIM(Y)=0.8931
U100: PSNR(Y)=30.258, SSIM(Y)=0.9075
M109: PSNR(Y)=36.873, SSIM(Y)=0.9721
Epoch 58/150: Training loss=0.019402, lr=1.51e-03
Epoch 58/150: Validation loss=0.024602
Model saved! Best loss: 0.024602
Set5: PSNR(Y)=37.312, SSIM(Y)=0.9580
Set14: PSNR(Y)=32.891, SSIM(Y)=0.9110
B100: PSNR(Y)=31.670, SSIM(Y)=0.8931
U100: PSNR(Y)=30.261, SSIM(Y)=0.9075
M109: PSNR(Y)=36.879, SSIM(Y)=0.9721
Epoch 59/150: Training loss=0.019401, lr=1.49e-03
Epoch 59/150: Validation loss=0.024594
Model saved! Best loss: 0.024594
Set5: PSNR(Y)=37.314, SSIM(Y)=0.9580
Set14: PSNR(Y)=32.892, SSIM(Y)=0.9109
B100: PSNR(Y)=31.671, SSIM(Y)=0.8932
U100: PSNR(Y)=30.266, SSIM(Y)=0.9076
M109: PSNR(Y)=36.881, SSIM(Y)=0.9721
Epoch 60/150: Training loss=0.019395, lr=1.47e-03
Epoch 60/150: Validation loss=0.024588
Model saved! Best loss: 0.024588
Set5: PSNR(Y)=37.314, SSIM(Y)=0.9580
Set14: PSNR(Y)=32.896, SSIM(Y)=0.9110
B100: PSNR(Y)=31.672, SSIM(Y)=0.8932
U100: PSNR(Y)=30.269, SSIM(Y)=0.9076
M109: PSNR(Y)=36.886, SSIM(Y)=0.9721
Epoch 61/150: Training loss=0.019386, lr=1.45e-03
Epoch 61/150: Validation loss=0.024581
Model saved! Best loss: 0.024581
Set5: PSNR(Y)=37.317, SSIM(Y)=0.9580
Set14: PSNR(Y)=32.898, SSIM(Y)=0.9110
B100: PSNR(Y)=31.675, SSIM(Y)=0.8932
U100: PSNR(Y)=30.273, SSIM(Y)=0.9077
M109: PSNR(Y)=36.887, SSIM(Y)=0.9721
Epoch 62/150: Training loss=0.019384, lr=1.43e-03
Epoch 62/150: Validation loss=0.024574
Model saved! Best loss: 0.024574
Set5: PSNR(Y)=37.317, SSIM(Y)=0.9580
Set14: PSNR(Y)=32.903, SSIM(Y)=0.9110
B100: PSNR(Y)=31.676, SSIM(Y)=0.8932
U100: PSNR(Y)=30.277, SSIM(Y)=0.9077
M109: PSNR(Y)=36.891, SSIM(Y)=0.9722
Epoch 63/150: Training loss=0.019378, lr=1.41e-03
Epoch 63/150: Validation loss=0.024568
Model saved! Best loss: 0.024568
Set5: PSNR(Y)=37.319, SSIM(Y)=0.9580
Set14: PSNR(Y)=32.901, SSIM(Y)=0.9110
B100: PSNR(Y)=31.677, SSIM(Y)=0.8932
U100: PSNR(Y)=30.279, SSIM(Y)=0.9078
M109: PSNR(Y)=36.895, SSIM(Y)=0.9722
Epoch 64/150: Training loss=0.019374, lr=1.39e-03
Epoch 64/150: Validation loss=0.024565
Model saved! Best loss: 0.024565
Set5: PSNR(Y)=37.318, SSIM(Y)=0.9580
Set14: PSNR(Y)=32.905, SSIM(Y)=0.9110
B100: PSNR(Y)=31.677, SSIM(Y)=0.8932
U100: PSNR(Y)=30.281, SSIM(Y)=0.9078
M109: PSNR(Y)=36.895, SSIM(Y)=0.9722
Epoch 65/150: Training loss=0.019355, lr=1.37e-03
Epoch 65/150: Validation loss=0.024557
Model saved! Best loss: 0.024557
Set5: PSNR(Y)=37.319, SSIM(Y)=0.9580
Set14: PSNR(Y)=32.908, SSIM(Y)=0.9111
B100: PSNR(Y)=31.678, SSIM(Y)=0.8933
U100: PSNR(Y)=30.285, SSIM(Y)=0.9078
M109: PSNR(Y)=36.900, SSIM(Y)=0.9722
Epoch 66/150: Training loss=0.019348, lr=1.35e-03
Epoch 66/150: Validation loss=0.024551
Model saved! Best loss: 0.024551
Set5: PSNR(Y)=37.317, SSIM(Y)=0.9580
Set14: PSNR(Y)=32.911, SSIM(Y)=0.9111
B100: PSNR(Y)=31.680, SSIM(Y)=0.8933
U100: PSNR(Y)=30.289, SSIM(Y)=0.9079
M109: PSNR(Y)=36.902, SSIM(Y)=0.9722
Epoch 67/150: Training loss=0.019355, lr=1.33e-03
Epoch 67/150: Validation loss=0.024546
Model saved! Best loss: 0.024546
Set5: PSNR(Y)=37.316, SSIM(Y)=0.9580
Set14: PSNR(Y)=32.910, SSIM(Y)=0.9111
B100: PSNR(Y)=31.680, SSIM(Y)=0.8933
U100: PSNR(Y)=30.293, SSIM(Y)=0.9079
M109: PSNR(Y)=36.904, SSIM(Y)=0.9722
Epoch 68/150: Training loss=0.019349, lr=1.31e-03
Epoch 68/150: Validation loss=0.024539
Model saved! Best loss: 0.024539
Set5: PSNR(Y)=37.313, SSIM(Y)=0.9580
Set14: PSNR(Y)=32.912, SSIM(Y)=0.9111
B100: PSNR(Y)=31.681, SSIM(Y)=0.8933
U100: PSNR(Y)=30.296, SSIM(Y)=0.9079
M109: PSNR(Y)=36.909, SSIM(Y)=0.9722
Epoch 69/150: Training loss=0.019352, lr=1.28e-03
Epoch 69/150: Validation loss=0.024535
Model saved! Best loss: 0.024535
Set5: PSNR(Y)=37.313, SSIM(Y)=0.9580
Set14: PSNR(Y)=32.910, SSIM(Y)=0.9111
B100: PSNR(Y)=31.682, SSIM(Y)=0.8933
U100: PSNR(Y)=30.298, SSIM(Y)=0.9080
M109: PSNR(Y)=36.911, SSIM(Y)=0.9722
Epoch 70/150: Training loss=0.019353, lr=1.26e-03
Epoch 70/150: Validation loss=0.024530
Model saved! Best loss: 0.024530
Set5: PSNR(Y)=37.312, SSIM(Y)=0.9580
Set14: PSNR(Y)=32.909, SSIM(Y)=0.9111
B100: PSNR(Y)=31.683, SSIM(Y)=0.8933
U100: PSNR(Y)=30.301, SSIM(Y)=0.9080
M109: PSNR(Y)=36.913, SSIM(Y)=0.9722
Epoch 71/150: Training loss=0.019361, lr=1.24e-03
Epoch 71/150: Validation loss=0.024526
Model saved! Best loss: 0.024526
Set5: PSNR(Y)=37.314, SSIM(Y)=0.9580
Set14: PSNR(Y)=32.914, SSIM(Y)=0.9112
B100: PSNR(Y)=31.684, SSIM(Y)=0.8933
U100: PSNR(Y)=30.302, SSIM(Y)=0.9081
M109: PSNR(Y)=36.914, SSIM(Y)=0.9723
Epoch 72/150: Training loss=0.019359, lr=1.22e-03
Epoch 72/150: Validation loss=0.024523
Model saved! Best loss: 0.024523
Set5: PSNR(Y)=37.312, SSIM(Y)=0.9580
Set14: PSNR(Y)=32.916, SSIM(Y)=0.9112
B100: PSNR(Y)=31.684, SSIM(Y)=0.8933
U100: PSNR(Y)=30.305, SSIM(Y)=0.9081
M109: PSNR(Y)=36.915, SSIM(Y)=0.9723
Epoch 73/150: Training loss=0.019348, lr=1.20e-03
Epoch 73/150: Validation loss=0.024518
Model saved! Best loss: 0.024518
Set5: PSNR(Y)=37.314, SSIM(Y)=0.9580
Set14: PSNR(Y)=32.916, SSIM(Y)=0.9112
B100: PSNR(Y)=31.685, SSIM(Y)=0.8933
U100: PSNR(Y)=30.308, SSIM(Y)=0.9081
M109: PSNR(Y)=36.916, SSIM(Y)=0.9723
Epoch 74/150: Training loss=0.019342, lr=1.18e-03
Epoch 74/150: Validation loss=0.024514
Model saved! Best loss: 0.024514
Set5: PSNR(Y)=37.315, SSIM(Y)=0.9580
Set14: PSNR(Y)=32.913, SSIM(Y)=0.9111
B100: PSNR(Y)=31.686, SSIM(Y)=0.8934
U100: PSNR(Y)=30.311, SSIM(Y)=0.9081
M109: PSNR(Y)=36.918, SSIM(Y)=0.9723
Epoch 75/150: Training loss=0.019349, lr=1.16e-03
Epoch 75/150: Validation loss=0.024510
Model saved! Best loss: 0.024510
Set5: PSNR(Y)=37.315, SSIM(Y)=0.9580
Set14: PSNR(Y)=32.916, SSIM(Y)=0.9111
B100: PSNR(Y)=31.687, SSIM(Y)=0.8934
U100: PSNR(Y)=30.313, SSIM(Y)=0.9082
M109: PSNR(Y)=36.919, SSIM(Y)=0.9723
Epoch 76/150: Training loss=0.019333, lr=1.13e-03
Epoch 76/150: Validation loss=0.024506
Model saved! Best loss: 0.024506
Set5: PSNR(Y)=37.314, SSIM(Y)=0.9580
Set14: PSNR(Y)=32.914, SSIM(Y)=0.9111
B100: PSNR(Y)=31.687, SSIM(Y)=0.8934
U100: PSNR(Y)=30.315, SSIM(Y)=0.9082
M109: PSNR(Y)=36.920, SSIM(Y)=0.9723
Epoch 77/150: Training loss=0.019325, lr=1.11e-03
Epoch 77/150: Validation loss=0.024504
Model saved! Best loss: 0.024504
Set5: PSNR(Y)=37.313, SSIM(Y)=0.9580
Set14: PSNR(Y)=32.917, SSIM(Y)=0.9111
B100: PSNR(Y)=31.688, SSIM(Y)=0.8934
U100: PSNR(Y)=30.317, SSIM(Y)=0.9082
M109: PSNR(Y)=36.919, SSIM(Y)=0.9723
Epoch 78/150: Training loss=0.019317, lr=1.09e-03
Epoch 78/150: Validation loss=0.024501
Model saved! Best loss: 0.024501
Set5: PSNR(Y)=37.313, SSIM(Y)=0.9581
Set14: PSNR(Y)=32.916, SSIM(Y)=0.9111
B100: PSNR(Y)=31.688, SSIM(Y)=0.8934
U100: PSNR(Y)=30.319, SSIM(Y)=0.9082
M109: PSNR(Y)=36.919, SSIM(Y)=0.9723
Epoch 79/150: Training loss=0.019310, lr=1.07e-03
Epoch 79/150: Validation loss=0.024498
Model saved! Best loss: 0.024498
Set5: PSNR(Y)=37.313, SSIM(Y)=0.9581
Set14: PSNR(Y)=32.919, SSIM(Y)=0.9111
B100: PSNR(Y)=31.689, SSIM(Y)=0.8934
U100: PSNR(Y)=30.320, SSIM(Y)=0.9083
M109: PSNR(Y)=36.920, SSIM(Y)=0.9723
Epoch 80/150: Training loss=0.019328, lr=1.05e-03
Epoch 80/150: Validation loss=0.024494
Model saved! Best loss: 0.024494
Set5: PSNR(Y)=37.311, SSIM(Y)=0.9581
Set14: PSNR(Y)=32.920, SSIM(Y)=0.9112
B100: PSNR(Y)=31.690, SSIM(Y)=0.8934
U100: PSNR(Y)=30.323, SSIM(Y)=0.9083
M109: PSNR(Y)=36.921, SSIM(Y)=0.9723
Epoch 81/150: Training loss=0.019306, lr=1.03e-03
Epoch 81/150: Validation loss=0.024491
Model saved! Best loss: 0.024491
Set5: PSNR(Y)=37.313, SSIM(Y)=0.9581
Set14: PSNR(Y)=32.924, SSIM(Y)=0.9112
B100: PSNR(Y)=31.690, SSIM(Y)=0.8934
U100: PSNR(Y)=30.325, SSIM(Y)=0.9083
M109: PSNR(Y)=36.922, SSIM(Y)=0.9723
Epoch 82/150: Training loss=0.019313, lr=1.00e-03
Epoch 82/150: Validation loss=0.024487
Model saved! Best loss: 0.024487
Set5: PSNR(Y)=37.313, SSIM(Y)=0.9581
Set14: PSNR(Y)=32.927, SSIM(Y)=0.9112
B100: PSNR(Y)=31.691, SSIM(Y)=0.8934
U100: PSNR(Y)=30.326, SSIM(Y)=0.9084
M109: PSNR(Y)=36.924, SSIM(Y)=0.9723
Epoch 83/150: Training loss=0.019309, lr=9.81e-04
Epoch 83/150: Validation loss=0.024483
Model saved! Best loss: 0.024483
Set5: PSNR(Y)=37.312, SSIM(Y)=0.9581
Set14: PSNR(Y)=32.926, SSIM(Y)=0.9112
B100: PSNR(Y)=31.692, SSIM(Y)=0.8934
U100: PSNR(Y)=30.329, SSIM(Y)=0.9084
M109: PSNR(Y)=36.928, SSIM(Y)=0.9723
Epoch 84/150: Training loss=0.019313, lr=9.59e-04
Epoch 84/150: Validation loss=0.024480
Model saved! Best loss: 0.024480
Set5: PSNR(Y)=37.311, SSIM(Y)=0.9581
Set14: PSNR(Y)=32.926, SSIM(Y)=0.9112
B100: PSNR(Y)=31.692, SSIM(Y)=0.8934
U100: PSNR(Y)=30.332, SSIM(Y)=0.9084
M109: PSNR(Y)=36.928, SSIM(Y)=0.9723
Epoch 85/150: Training loss=0.019303, lr=9.38e-04
Epoch 85/150: Validation loss=0.024479
Model saved! Best loss: 0.024479
Set5: PSNR(Y)=37.310, SSIM(Y)=0.9581
Set14: PSNR(Y)=32.928, SSIM(Y)=0.9112
B100: PSNR(Y)=31.692, SSIM(Y)=0.8934
U100: PSNR(Y)=30.332, SSIM(Y)=0.9084
M109: PSNR(Y)=36.927, SSIM(Y)=0.9723
Epoch 86/150: Training loss=0.019296, lr=9.16e-04
Epoch 86/150: Validation loss=0.024476
Model saved! Best loss: 0.024476
Set5: PSNR(Y)=37.311, SSIM(Y)=0.9581
Set14: PSNR(Y)=32.927, SSIM(Y)=0.9112
B100: PSNR(Y)=31.693, SSIM(Y)=0.8934
U100: PSNR(Y)=30.335, SSIM(Y)=0.9085
M109: PSNR(Y)=36.925, SSIM(Y)=0.9723
Epoch 87/150: Training loss=0.019295, lr=8.94e-04
Epoch 87/150: Validation loss=0.024473
Model saved! Best loss: 0.024473
Set5: PSNR(Y)=37.311, SSIM(Y)=0.9581
Set14: PSNR(Y)=32.926, SSIM(Y)=0.9112
B100: PSNR(Y)=31.693, SSIM(Y)=0.8934
U100: PSNR(Y)=30.336, SSIM(Y)=0.9085
M109: PSNR(Y)=36.925, SSIM(Y)=0.9723
Epoch 88/150: Training loss=0.019296, lr=8.72e-04
Epoch 88/150: Validation loss=0.024469
Model saved! Best loss: 0.024469
Set5: PSNR(Y)=37.312, SSIM(Y)=0.9581
Set14: PSNR(Y)=32.925, SSIM(Y)=0.9112
B100: PSNR(Y)=31.694, SSIM(Y)=0.8935
U100: PSNR(Y)=30.339, SSIM(Y)=0.9085
M109: PSNR(Y)=36.929, SSIM(Y)=0.9723
Epoch 89/150: Training loss=0.019291, lr=8.51e-04
Epoch 89/150: Validation loss=0.024466
Model saved! Best loss: 0.024466
Set5: PSNR(Y)=37.311, SSIM(Y)=0.9581
Set14: PSNR(Y)=32.927, SSIM(Y)=0.9112
B100: PSNR(Y)=31.694, SSIM(Y)=0.8935
U100: PSNR(Y)=30.342, SSIM(Y)=0.9086
M109: PSNR(Y)=36.930, SSIM(Y)=0.9723
Epoch 90/150: Training loss=0.019278, lr=8.29e-04
Epoch 90/150: Validation loss=0.024464
Model saved! Best loss: 0.024464
Set5: PSNR(Y)=37.310, SSIM(Y)=0.9581
Set14: PSNR(Y)=32.927, SSIM(Y)=0.9112
B100: PSNR(Y)=31.694, SSIM(Y)=0.8935
U100: PSNR(Y)=30.343, SSIM(Y)=0.9086
M109: PSNR(Y)=36.931, SSIM(Y)=0.9723
Epoch 91/150: Training loss=0.019305, lr=8.08e-04
Epoch 91/150: Validation loss=0.024461
Model saved! Best loss: 0.024461
Set5: PSNR(Y)=37.310, SSIM(Y)=0.9581
Set14: PSNR(Y)=32.926, SSIM(Y)=0.9112
B100: PSNR(Y)=31.695, SSIM(Y)=0.8935
U100: PSNR(Y)=30.345, SSIM(Y)=0.9086
M109: PSNR(Y)=36.930, SSIM(Y)=0.9723
Epoch 92/150: Training loss=0.019291, lr=7.87e-04
Epoch 92/150: Validation loss=0.024459
Model saved! Best loss: 0.024459
Set5: PSNR(Y)=37.311, SSIM(Y)=0.9581
Set14: PSNR(Y)=32.923, SSIM(Y)=0.9112
B100: PSNR(Y)=31.695, SSIM(Y)=0.8935
U100: PSNR(Y)=30.345, SSIM(Y)=0.9086
M109: PSNR(Y)=36.933, SSIM(Y)=0.9723
Epoch 93/150: Training loss=0.019290, lr=7.66e-04
Epoch 93/150: Validation loss=0.024457
Model saved! Best loss: 0.024457
Set5: PSNR(Y)=37.310, SSIM(Y)=0.9581
Set14: PSNR(Y)=32.925, SSIM(Y)=0.9112
B100: PSNR(Y)=31.695, SSIM(Y)=0.8935
U100: PSNR(Y)=30.346, SSIM(Y)=0.9086
M109: PSNR(Y)=36.932, SSIM(Y)=0.9723
Epoch 94/150: Training loss=0.019301, lr=7.45e-04
Epoch 94/150: Validation loss=0.024455
Model saved! Best loss: 0.024455
Set5: PSNR(Y)=37.310, SSIM(Y)=0.9581
Set14: PSNR(Y)=32.926, SSIM(Y)=0.9112
B100: PSNR(Y)=31.696, SSIM(Y)=0.8935
U100: PSNR(Y)=30.348, SSIM(Y)=0.9087
M109: PSNR(Y)=36.933, SSIM(Y)=0.9723
Epoch 95/150: Training loss=0.019284, lr=7.24e-04
Epoch 95/150: Validation loss=0.024453
Model saved! Best loss: 0.024453
Set5: PSNR(Y)=37.311, SSIM(Y)=0.9581
Set14: PSNR(Y)=32.922, SSIM(Y)=0.9112
B100: PSNR(Y)=31.696, SSIM(Y)=0.8935
U100: PSNR(Y)=30.349, SSIM(Y)=0.9087
M109: PSNR(Y)=36.933, SSIM(Y)=0.9723
Epoch 96/150: Training loss=0.019281, lr=7.03e-04
Epoch 96/150: Validation loss=0.024452
Model saved! Best loss: 0.024452
Set5: PSNR(Y)=37.311, SSIM(Y)=0.9581
Set14: PSNR(Y)=32.922, SSIM(Y)=0.9112
B100: PSNR(Y)=31.697, SSIM(Y)=0.8935
U100: PSNR(Y)=30.351, SSIM(Y)=0.9087
M109: PSNR(Y)=36.932, SSIM(Y)=0.9724
Epoch 97/150: Training loss=0.019265, lr=6.82e-04
Epoch 97/150: Validation loss=0.024450
Model saved! Best loss: 0.024450
Set5: PSNR(Y)=37.313, SSIM(Y)=0.9581
Set14: PSNR(Y)=32.925, SSIM(Y)=0.9112
B100: PSNR(Y)=31.697, SSIM(Y)=0.8935
U100: PSNR(Y)=30.352, SSIM(Y)=0.9087
M109: PSNR(Y)=36.932, SSIM(Y)=0.9724
Epoch 98/150: Training loss=0.019264, lr=6.62e-04
Epoch 98/150: Validation loss=0.024447
Model saved! Best loss: 0.024447
Set5: PSNR(Y)=37.313, SSIM(Y)=0.9581
Set14: PSNR(Y)=32.926, SSIM(Y)=0.9112
B100: PSNR(Y)=31.698, SSIM(Y)=0.8935
U100: PSNR(Y)=30.353, SSIM(Y)=0.9087
M109: PSNR(Y)=36.934, SSIM(Y)=0.9724
Epoch 99/150: Training loss=0.019277, lr=6.42e-04
Epoch 99/150: Validation loss=0.024444
Model saved! Best loss: 0.024444
Set5: PSNR(Y)=37.316, SSIM(Y)=0.9581
Set14: PSNR(Y)=32.926, SSIM(Y)=0.9112
B100: PSNR(Y)=31.698, SSIM(Y)=0.8935
U100: PSNR(Y)=30.354, SSIM(Y)=0.9087
M109: PSNR(Y)=36.938, SSIM(Y)=0.9724
Epoch 100/150: Training loss=0.019260, lr=6.22e-04
Epoch 100/150: Validation loss=0.024442
Model saved! Best loss: 0.024442
Set5: PSNR(Y)=37.312, SSIM(Y)=0.9581
Set14: PSNR(Y)=32.927, SSIM(Y)=0.9112
B100: PSNR(Y)=31.698, SSIM(Y)=0.8935
U100: PSNR(Y)=30.356, SSIM(Y)=0.9088
M109: PSNR(Y)=36.941, SSIM(Y)=0.9724
Epoch 101/150: Training loss=0.019253, lr=6.02e-04
Epoch 101/150: Validation loss=0.024442
Epoch 102/150: Training loss=0.019256, lr=5.82e-04
Epoch 102/150: Validation loss=0.024440
Model saved! Best loss: 0.024440
Set5: PSNR(Y)=37.312, SSIM(Y)=0.9581
Set14: PSNR(Y)=32.928, SSIM(Y)=0.9112
B100: PSNR(Y)=31.699, SSIM(Y)=0.8935
U100: PSNR(Y)=30.358, SSIM(Y)=0.9088
M109: PSNR(Y)=36.940, SSIM(Y)=0.9724
Epoch 103/150: Training loss=0.019253, lr=5.63e-04
Epoch 103/150: Validation loss=0.024438
Model saved! Best loss: 0.024438
Set5: PSNR(Y)=37.313, SSIM(Y)=0.9581
Set14: PSNR(Y)=32.929, SSIM(Y)=0.9112
B100: PSNR(Y)=31.700, SSIM(Y)=0.8935
U100: PSNR(Y)=30.359, SSIM(Y)=0.9088
M109: PSNR(Y)=36.940, SSIM(Y)=0.9724
Epoch 104/150: Training loss=0.019259, lr=5.44e-04
Epoch 104/150: Validation loss=0.024435
Model saved! Best loss: 0.024435
Set5: PSNR(Y)=37.314, SSIM(Y)=0.9581
Set14: PSNR(Y)=32.927, SSIM(Y)=0.9112
B100: PSNR(Y)=31.700, SSIM(Y)=0.8935
U100: PSNR(Y)=30.360, SSIM(Y)=0.9088
M109: PSNR(Y)=36.941, SSIM(Y)=0.9724
Epoch 105/150: Training loss=0.019252, lr=5.25e-04
Epoch 105/150: Validation loss=0.024433
Model saved! Best loss: 0.024433
Set5: PSNR(Y)=37.313, SSIM(Y)=0.9581
Set14: PSNR(Y)=32.929, SSIM(Y)=0.9113
B100: PSNR(Y)=31.700, SSIM(Y)=0.8935
U100: PSNR(Y)=30.361, SSIM(Y)=0.9088
M109: PSNR(Y)=36.942, SSIM(Y)=0.9724
Epoch 106/150: Training loss=0.019249, lr=5.06e-04
Epoch 106/150: Validation loss=0.024431
Model saved! Best loss: 0.024431
Set5: PSNR(Y)=37.313, SSIM(Y)=0.9581
Set14: PSNR(Y)=32.929, SSIM(Y)=0.9112
B100: PSNR(Y)=31.700, SSIM(Y)=0.8935
U100: PSNR(Y)=30.363, SSIM(Y)=0.9089
M109: PSNR(Y)=36.944, SSIM(Y)=0.9724
Epoch 107/150: Training loss=0.019248, lr=4.88e-04
Epoch 107/150: Validation loss=0.024430
Model saved! Best loss: 0.024430
Set5: PSNR(Y)=37.315, SSIM(Y)=0.9581
Set14: PSNR(Y)=32.930, SSIM(Y)=0.9112
B100: PSNR(Y)=31.701, SSIM(Y)=0.8935
U100: PSNR(Y)=30.363, SSIM(Y)=0.9089
M109: PSNR(Y)=36.943, SSIM(Y)=0.9724
Epoch 108/150: Training loss=0.019256, lr=4.70e-04
Epoch 108/150: Validation loss=0.024429
Model saved! Best loss: 0.024429
Set5: PSNR(Y)=37.315, SSIM(Y)=0.9581
Set14: PSNR(Y)=32.932, SSIM(Y)=0.9113
B100: PSNR(Y)=31.701, SSIM(Y)=0.8935
U100: PSNR(Y)=30.364, SSIM(Y)=0.9089
M109: PSNR(Y)=36.941, SSIM(Y)=0.9724
Epoch 109/150: Training loss=0.019248, lr=4.52e-04
Epoch 109/150: Validation loss=0.024427
Model saved! Best loss: 0.024427
Set5: PSNR(Y)=37.316, SSIM(Y)=0.9581
Set14: PSNR(Y)=32.932, SSIM(Y)=0.9112
B100: PSNR(Y)=31.701, SSIM(Y)=0.8935
U100: PSNR(Y)=30.364, SSIM(Y)=0.9089
M109: PSNR(Y)=36.944, SSIM(Y)=0.9724
Epoch 110/150: Training loss=0.019249, lr=4.34e-04
Epoch 110/150: Validation loss=0.024426
Model saved! Best loss: 0.024426
Set5: PSNR(Y)=37.316, SSIM(Y)=0.9581
Set14: PSNR(Y)=32.931, SSIM(Y)=0.9112
B100: PSNR(Y)=31.702, SSIM(Y)=0.8936
U100: PSNR(Y)=30.365, SSIM(Y)=0.9089
M109: PSNR(Y)=36.945, SSIM(Y)=0.9724
Epoch 111/150: Training loss=0.019243, lr=4.17e-04
Epoch 111/150: Validation loss=0.024424
Model saved! Best loss: 0.024424
Set5: PSNR(Y)=37.318, SSIM(Y)=0.9581
Set14: PSNR(Y)=32.929, SSIM(Y)=0.9112
B100: PSNR(Y)=31.701, SSIM(Y)=0.8936
U100: PSNR(Y)=30.367, SSIM(Y)=0.9089
M109: PSNR(Y)=36.946, SSIM(Y)=0.9724
Epoch 112/150: Training loss=0.019229, lr=4.00e-04
Epoch 112/150: Validation loss=0.024424
Model saved! Best loss: 0.024424
Set5: PSNR(Y)=37.319, SSIM(Y)=0.9581
Set14: PSNR(Y)=32.928, SSIM(Y)=0.9112
B100: PSNR(Y)=31.702, SSIM(Y)=0.8936
U100: PSNR(Y)=30.367, SSIM(Y)=0.9089
M109: PSNR(Y)=36.946, SSIM(Y)=0.9724
Epoch 113/150: Training loss=0.019245, lr=3.84e-04
Epoch 113/150: Validation loss=0.024423
Model saved! Best loss: 0.024423
Set5: PSNR(Y)=37.319, SSIM(Y)=0.9581
Set14: PSNR(Y)=32.928, SSIM(Y)=0.9112
B100: PSNR(Y)=31.702, SSIM(Y)=0.8936
U100: PSNR(Y)=30.368, SSIM(Y)=0.9089
M109: PSNR(Y)=36.946, SSIM(Y)=0.9724
Epoch 114/150: Training loss=0.019233, lr=3.67e-04
Epoch 114/150: Validation loss=0.024421
Model saved! Best loss: 0.024421
Set5: PSNR(Y)=37.317, SSIM(Y)=0.9581
Set14: PSNR(Y)=32.926, SSIM(Y)=0.9112
B100: PSNR(Y)=31.703, SSIM(Y)=0.8936
U100: PSNR(Y)=30.368, SSIM(Y)=0.9090
M109: PSNR(Y)=36.947, SSIM(Y)=0.9724
Epoch 115/150: Training loss=0.019245, lr=3.51e-04
Epoch 115/150: Validation loss=0.024418
Model saved! Best loss: 0.024418
Set5: PSNR(Y)=37.318, SSIM(Y)=0.9581
Set14: PSNR(Y)=32.927, SSIM(Y)=0.9112
B100: PSNR(Y)=31.702, SSIM(Y)=0.8936
U100: PSNR(Y)=30.370, SSIM(Y)=0.9090
M109: PSNR(Y)=36.948, SSIM(Y)=0.9724
Epoch 116/150: Training loss=0.019257, lr=3.36e-04
Epoch 116/150: Validation loss=0.024418
Model saved! Best loss: 0.024418
Set5: PSNR(Y)=37.317, SSIM(Y)=0.9581
Set14: PSNR(Y)=32.928, SSIM(Y)=0.9112
B100: PSNR(Y)=31.703, SSIM(Y)=0.8936
U100: PSNR(Y)=30.370, SSIM(Y)=0.9090
M109: PSNR(Y)=36.947, SSIM(Y)=0.9724
Epoch 117/150: Training loss=0.019223, lr=3.20e-04
Epoch 117/150: Validation loss=0.024416
Model saved! Best loss: 0.024416
Set5: PSNR(Y)=37.317, SSIM(Y)=0.9581
Set14: PSNR(Y)=32.929, SSIM(Y)=0.9112
B100: PSNR(Y)=31.703, SSIM(Y)=0.8936
U100: PSNR(Y)=30.371, SSIM(Y)=0.9090
M109: PSNR(Y)=36.949, SSIM(Y)=0.9724
Epoch 118/150: Training loss=0.019232, lr=3.05e-04
Epoch 118/150: Validation loss=0.024415
Model saved! Best loss: 0.024415
Set5: PSNR(Y)=37.318, SSIM(Y)=0.9581
Set14: PSNR(Y)=32.929, SSIM(Y)=0.9112
B100: PSNR(Y)=31.703, SSIM(Y)=0.8936
U100: PSNR(Y)=30.371, SSIM(Y)=0.9090
M109: PSNR(Y)=36.950, SSIM(Y)=0.9724
Epoch 119/150: Training loss=0.019225, lr=2.91e-04
Epoch 119/150: Validation loss=0.024414
Model saved! Best loss: 0.024414
Set5: PSNR(Y)=37.320, SSIM(Y)=0.9581
Set14: PSNR(Y)=32.930, SSIM(Y)=0.9112
B100: PSNR(Y)=31.704, SSIM(Y)=0.8936
U100: PSNR(Y)=30.372, SSIM(Y)=0.9090
M109: PSNR(Y)=36.950, SSIM(Y)=0.9724
Epoch 120/150: Training loss=0.019241, lr=2.77e-04
Epoch 120/150: Validation loss=0.024413
Model saved! Best loss: 0.024413
Set5: PSNR(Y)=37.320, SSIM(Y)=0.9581
Set14: PSNR(Y)=32.930, SSIM(Y)=0.9112
B100: PSNR(Y)=31.704, SSIM(Y)=0.8936
U100: PSNR(Y)=30.373, SSIM(Y)=0.9090
M109: PSNR(Y)=36.950, SSIM(Y)=0.9724
Epoch 121/150: Training loss=0.019223, lr=2.63e-04
Epoch 121/150: Validation loss=0.024412
Model saved! Best loss: 0.024412
Set5: PSNR(Y)=37.320, SSIM(Y)=0.9581
Set14: PSNR(Y)=32.927, SSIM(Y)=0.9112
B100: PSNR(Y)=31.704, SSIM(Y)=0.8936
U100: PSNR(Y)=30.374, SSIM(Y)=0.9090
M109: PSNR(Y)=36.951, SSIM(Y)=0.9724
Epoch 122/150: Training loss=0.019232, lr=2.49e-04
Epoch 122/150: Validation loss=0.024411
Model saved! Best loss: 0.024411
Set5: PSNR(Y)=37.320, SSIM(Y)=0.9581
Set14: PSNR(Y)=32.929, SSIM(Y)=0.9112
B100: PSNR(Y)=31.705, SSIM(Y)=0.8936
U100: PSNR(Y)=30.375, SSIM(Y)=0.9090
M109: PSNR(Y)=36.950, SSIM(Y)=0.9724
Epoch 123/150: Training loss=0.019220, lr=2.36e-04
Epoch 123/150: Validation loss=0.024410
Model saved! Best loss: 0.024410
Set5: PSNR(Y)=37.320, SSIM(Y)=0.9581
Set14: PSNR(Y)=32.930, SSIM(Y)=0.9112
B100: PSNR(Y)=31.705, SSIM(Y)=0.8936
U100: PSNR(Y)=30.375, SSIM(Y)=0.9090
M109: PSNR(Y)=36.951, SSIM(Y)=0.9724
Epoch 124/150: Training loss=0.019228, lr=2.24e-04
Epoch 124/150: Validation loss=0.024410
Model saved! Best loss: 0.024410
Set5: PSNR(Y)=37.320, SSIM(Y)=0.9581
Set14: PSNR(Y)=32.929, SSIM(Y)=0.9112
B100: PSNR(Y)=31.705, SSIM(Y)=0.8936
U100: PSNR(Y)=30.375, SSIM(Y)=0.9090
M109: PSNR(Y)=36.951, SSIM(Y)=0.9724
Epoch 125/150: Training loss=0.019220, lr=2.11e-04
Epoch 125/150: Validation loss=0.024409
Model saved! Best loss: 0.024409
Set5: PSNR(Y)=37.320, SSIM(Y)=0.9581
Set14: PSNR(Y)=32.930, SSIM(Y)=0.9112
B100: PSNR(Y)=31.706, SSIM(Y)=0.8936
U100: PSNR(Y)=30.376, SSIM(Y)=0.9090
M109: PSNR(Y)=36.951, SSIM(Y)=0.9724
Epoch 126/150: Training loss=0.019215, lr=1.99e-04
Epoch 126/150: Validation loss=0.024408
Model saved! Best loss: 0.024408
Set5: PSNR(Y)=37.319, SSIM(Y)=0.9581
Set14: PSNR(Y)=32.931, SSIM(Y)=0.9112
B100: PSNR(Y)=31.706, SSIM(Y)=0.8936
U100: PSNR(Y)=30.375, SSIM(Y)=0.9090
M109: PSNR(Y)=36.952, SSIM(Y)=0.9724
Epoch 127/150: Training loss=0.019213, lr=1.88e-04
Epoch 127/150: Validation loss=0.024407
Model saved! Best loss: 0.024407
Set5: PSNR(Y)=37.321, SSIM(Y)=0.9581
Set14: PSNR(Y)=32.932, SSIM(Y)=0.9112
B100: PSNR(Y)=31.706, SSIM(Y)=0.8936
U100: PSNR(Y)=30.376, SSIM(Y)=0.9091
M109: PSNR(Y)=36.953, SSIM(Y)=0.9724
Epoch 128/150: Training loss=0.019223, lr=1.77e-04
Epoch 128/150: Validation loss=0.024406
Model saved! Best loss: 0.024406
Set5: PSNR(Y)=37.320, SSIM(Y)=0.9581
Set14: PSNR(Y)=32.933, SSIM(Y)=0.9112
B100: PSNR(Y)=31.706, SSIM(Y)=0.8936
U100: PSNR(Y)=30.377, SSIM(Y)=0.9091
M109: PSNR(Y)=36.953, SSIM(Y)=0.9724
Epoch 129/150: Training loss=0.019217, lr=1.66e-04
Epoch 129/150: Validation loss=0.024405
Model saved! Best loss: 0.024405
Set5: PSNR(Y)=37.320, SSIM(Y)=0.9581
Set14: PSNR(Y)=32.931, SSIM(Y)=0.9112
B100: PSNR(Y)=31.706, SSIM(Y)=0.8936
U100: PSNR(Y)=30.378, SSIM(Y)=0.9091
M109: PSNR(Y)=36.954, SSIM(Y)=0.9724
Epoch 130/150: Training loss=0.019223, lr=1.56e-04
Epoch 130/150: Validation loss=0.024404
Model saved! Best loss: 0.024404
Set5: PSNR(Y)=37.320, SSIM(Y)=0.9581
Set14: PSNR(Y)=32.932, SSIM(Y)=0.9112
B100: PSNR(Y)=31.706, SSIM(Y)=0.8936
U100: PSNR(Y)=30.378, SSIM(Y)=0.9091
M109: PSNR(Y)=36.953, SSIM(Y)=0.9724
Epoch 131/150: Training loss=0.019213, lr=1.47e-04
Epoch 131/150: Validation loss=0.024404
Model saved! Best loss: 0.024404
Set5: PSNR(Y)=37.319, SSIM(Y)=0.9581
Set14: PSNR(Y)=32.933, SSIM(Y)=0.9112
B100: PSNR(Y)=31.707, SSIM(Y)=0.8936
U100: PSNR(Y)=30.379, SSIM(Y)=0.9091
M109: PSNR(Y)=36.952, SSIM(Y)=0.9724
Epoch 132/150: Training loss=0.019206, lr=1.37e-04
Epoch 132/150: Validation loss=0.024404
Model saved! Best loss: 0.024404
Set5: PSNR(Y)=37.321, SSIM(Y)=0.9581
Set14: PSNR(Y)=32.930, SSIM(Y)=0.9112
B100: PSNR(Y)=31.707, SSIM(Y)=0.8936
U100: PSNR(Y)=30.379, SSIM(Y)=0.9091
M109: PSNR(Y)=36.952, SSIM(Y)=0.9724
Epoch 133/150: Training loss=0.019208, lr=1.28e-04
Epoch 133/150: Validation loss=0.024402
Model saved! Best loss: 0.024402
Set5: PSNR(Y)=37.321, SSIM(Y)=0.9581
Set14: PSNR(Y)=32.933, SSIM(Y)=0.9112
B100: PSNR(Y)=31.707, SSIM(Y)=0.8936
U100: PSNR(Y)=30.379, SSIM(Y)=0.9091
M109: PSNR(Y)=36.953, SSIM(Y)=0.9724
Epoch 134/150: Training loss=0.019219, lr=1.20e-04
Epoch 134/150: Validation loss=0.024402
Model saved! Best loss: 0.024402
Set5: PSNR(Y)=37.320, SSIM(Y)=0.9581
Set14: PSNR(Y)=32.932, SSIM(Y)=0.9112
B100: PSNR(Y)=31.707, SSIM(Y)=0.8936
U100: PSNR(Y)=30.380, SSIM(Y)=0.9091
M109: PSNR(Y)=36.952, SSIM(Y)=0.9724
Epoch 135/150: Training loss=0.019202, lr=1.12e-04
Epoch 135/150: Validation loss=0.024402
Model saved! Best loss: 0.024402
Set5: PSNR(Y)=37.320, SSIM(Y)=0.9581
Set14: PSNR(Y)=32.932, SSIM(Y)=0.9112
B100: PSNR(Y)=31.707, SSIM(Y)=0.8936
U100: PSNR(Y)=30.380, SSIM(Y)=0.9091
M109: PSNR(Y)=36.953, SSIM(Y)=0.9724
Epoch 136/150: Training loss=0.019215, lr=1.05e-04
Epoch 136/150: Validation loss=0.024400
Model saved! Best loss: 0.024400
Set5: PSNR(Y)=37.321, SSIM(Y)=0.9581
Set14: PSNR(Y)=32.933, SSIM(Y)=0.9112
B100: PSNR(Y)=31.707, SSIM(Y)=0.8936
U100: PSNR(Y)=30.381, SSIM(Y)=0.9091
M109: PSNR(Y)=36.953, SSIM(Y)=0.9724
Epoch 137/150: Training loss=0.019208, lr=9.77e-05
Epoch 137/150: Validation loss=0.024401
Epoch 138/150: Training loss=0.019201, lr=9.12e-05
Epoch 138/150: Validation loss=0.024400
Model saved! Best loss: 0.024400
Set5: PSNR(Y)=37.322, SSIM(Y)=0.9581
Set14: PSNR(Y)=32.932, SSIM(Y)=0.9112
B100: PSNR(Y)=31.707, SSIM(Y)=0.8936
U100: PSNR(Y)=30.381, SSIM(Y)=0.9091
M109: PSNR(Y)=36.954, SSIM(Y)=0.9724
Epoch 139/150: Training loss=0.019211, lr=8.51e-05
Epoch 139/150: Validation loss=0.024399
Model saved! Best loss: 0.024399
Set5: PSNR(Y)=37.322, SSIM(Y)=0.9581
Set14: PSNR(Y)=32.932, SSIM(Y)=0.9112
B100: PSNR(Y)=31.707, SSIM(Y)=0.8936
U100: PSNR(Y)=30.382, SSIM(Y)=0.9091
M109: PSNR(Y)=36.954, SSIM(Y)=0.9724
Epoch 140/150: Training loss=0.019212, lr=7.96e-05
Epoch 140/150: Validation loss=0.024398
Model saved! Best loss: 0.024398
Set5: PSNR(Y)=37.322, SSIM(Y)=0.9581
Set14: PSNR(Y)=32.932, SSIM(Y)=0.9112
B100: PSNR(Y)=31.708, SSIM(Y)=0.8936
U100: PSNR(Y)=30.382, SSIM(Y)=0.9091
M109: PSNR(Y)=36.954, SSIM(Y)=0.9724
Epoch 141/150: Training loss=0.019216, lr=7.44e-05
Epoch 141/150: Validation loss=0.024397
Model saved! Best loss: 0.024397
Set5: PSNR(Y)=37.322, SSIM(Y)=0.9581
Set14: PSNR(Y)=32.932, SSIM(Y)=0.9112
B100: PSNR(Y)=31.708, SSIM(Y)=0.8936
U100: PSNR(Y)=30.383, SSIM(Y)=0.9091
M109: PSNR(Y)=36.955, SSIM(Y)=0.9724
Epoch 142/150: Training loss=0.019213, lr=6.98e-05
Epoch 142/150: Validation loss=0.024397
Model saved! Best loss: 0.024397
Set5: PSNR(Y)=37.322, SSIM(Y)=0.9581
Set14: PSNR(Y)=32.931, SSIM(Y)=0.9112
B100: PSNR(Y)=31.708, SSIM(Y)=0.8936
U100: PSNR(Y)=30.383, SSIM(Y)=0.9091
M109: PSNR(Y)=36.956, SSIM(Y)=0.9724
Epoch 143/150: Training loss=0.019213, lr=6.57e-05
Epoch 143/150: Validation loss=0.024397
Epoch 144/150: Training loss=0.019197, lr=6.20e-05
Epoch 144/150: Validation loss=0.024398
Epoch 145/150: Training loss=0.019206, lr=5.88e-05
Epoch 145/150: Validation loss=0.024397
Epoch 146/150: Training loss=0.019200, lr=5.61e-05
Epoch 146/150: Validation loss=0.024396
Model saved! Best loss: 0.024396
Set5: PSNR(Y)=37.322, SSIM(Y)=0.9581
Set14: PSNR(Y)=32.932, SSIM(Y)=0.9112
B100: PSNR(Y)=31.708, SSIM(Y)=0.8936
U100: PSNR(Y)=30.383, SSIM(Y)=0.9091
M109: PSNR(Y)=36.954, SSIM(Y)=0.9724
Epoch 147/150: Training loss=0.019201, lr=5.39e-05
Epoch 147/150: Validation loss=0.024396
Model saved! Best loss: 0.024396
Set5: PSNR(Y)=37.321, SSIM(Y)=0.9581
Set14: PSNR(Y)=32.932, SSIM(Y)=0.9112
B100: PSNR(Y)=31.708, SSIM(Y)=0.8936
U100: PSNR(Y)=30.383, SSIM(Y)=0.9092
M109: PSNR(Y)=36.954, SSIM(Y)=0.9724
Epoch 148/150: Training loss=0.019205, lr=5.22e-05
Epoch 148/150: Validation loss=0.024396
Model saved! Best loss: 0.024396
Set5: PSNR(Y)=37.321, SSIM(Y)=0.9581
Set14: PSNR(Y)=32.931, SSIM(Y)=0.9112
B100: PSNR(Y)=31.708, SSIM(Y)=0.8936
U100: PSNR(Y)=30.384, SSIM(Y)=0.9092
M109: PSNR(Y)=36.955, SSIM(Y)=0.9724
Epoch 149/150: Training loss=0.019212, lr=5.10e-05
Epoch 149/150: Validation loss=0.024395
Model saved! Best loss: 0.024395
Set5: PSNR(Y)=37.322, SSIM(Y)=0.9581
Set14: PSNR(Y)=32.932, SSIM(Y)=0.9112
B100: PSNR(Y)=31.708, SSIM(Y)=0.8937
U100: PSNR(Y)=30.384, SSIM(Y)=0.9092
M109: PSNR(Y)=36.955, SSIM(Y)=0.9724
Epoch 150/150: Training loss=0.019210, lr=5.02e-05
Epoch 150/150: Validation loss=0.024395
==================================================
Training Finished
==================================================
==================================================
Testing Best Model
==================================================
Set5: PSNR(Y)=37.322, SSIM(Y)=0.9581
Set14: PSNR(Y)=32.932, SSIM(Y)=0.9112
B100: PSNR(Y)=31.708, SSIM(Y)=0.8937
U100: PSNR(Y)=30.384, SSIM(Y)=0.9092
M109: PSNR(Y)=36.955, SSIM(Y)=0.9724
==================================================
Testing Bicubic Interpolation
==================================================
Set5: PSNR(Y)=33.977, SSIM(Y)=0.9330
Set14: PSNR(Y)=30.539, SSIM(Y)=0.8748
B100: PSNR(Y)=29.707, SSIM(Y)=0.8490
U100: PSNR(Y)=27.063, SSIM(Y)=0.8451
M109: PSNR(Y)=31.213, SSIM(Y)=0.9382
