使用设备: cuda
模型总参数量: 13,600
==================================================
Training Started
==================================================
实验名称: DPSR_x2_0801_1611
放大倍数: 2
批次大小: 64
学习率: 0.0025
最小学习率: 8e-05
训练轮数: 150
设备: cuda
模型参数数量: 13,600
训练批次: 1110
==================================================
Begin Training
Epoch 1/150: Training loss=0.023946, lr=3.00e-04
Epoch 1/150: Validation loss=0.033226
Model saved! Best loss: 0.033226
Set5: PSNR(Y)=33.985, SSIM(Y)=0.9331
Set14: PSNR(Y)=30.543, SSIM(Y)=0.8748
B100: PSNR(Y)=29.709, SSIM(Y)=0.8490
U100: PSNR(Y)=27.065, SSIM(Y)=0.8452
M109: PSNR(Y)=31.218, SSIM(Y)=0.9383
Epoch 2/150: Training loss=0.022159, lr=4.47e-04
Epoch 2/150: Validation loss=0.028735
Model saved! Best loss: 0.028735
Set5: PSNR(Y)=35.898, SSIM(Y)=0.9499
Set14: PSNR(Y)=31.926, SSIM(Y)=0.9009
B100: PSNR(Y)=30.881, SSIM(Y)=0.8811
U100: PSNR(Y)=28.430, SSIM(Y)=0.8792
M109: PSNR(Y)=33.981, SSIM(Y)=0.9596
Epoch 3/150: Training loss=0.020626, lr=5.93e-04
Epoch 3/150: Validation loss=0.027099
Model saved! Best loss: 0.027099
Set5: PSNR(Y)=36.567, SSIM(Y)=0.9543
Set14: PSNR(Y)=32.361, SSIM(Y)=0.9054
B100: PSNR(Y)=31.205, SSIM(Y)=0.8864
U100: PSNR(Y)=29.093, SSIM(Y)=0.8907
M109: PSNR(Y)=35.172, SSIM(Y)=0.9654
Epoch 4/150: Training loss=0.020329, lr=7.40e-04
Epoch 4/150: Validation loss=0.026619
Model saved! Best loss: 0.026619
Set5: PSNR(Y)=36.742, SSIM(Y)=0.9552
Set14: PSNR(Y)=32.475, SSIM(Y)=0.9065
B100: PSNR(Y)=31.295, SSIM(Y)=0.8876
U100: PSNR(Y)=29.306, SSIM(Y)=0.8940
M109: PSNR(Y)=35.491, SSIM(Y)=0.9668
Epoch 5/150: Training loss=0.020178, lr=8.87e-04
Epoch 5/150: Validation loss=0.026342
Model saved! Best loss: 0.026342
Set5: PSNR(Y)=36.836, SSIM(Y)=0.9557
Set14: PSNR(Y)=32.537, SSIM(Y)=0.9071
B100: PSNR(Y)=31.347, SSIM(Y)=0.8882
U100: PSNR(Y)=29.431, SSIM(Y)=0.8958
M109: PSNR(Y)=35.673, SSIM(Y)=0.9675
Epoch 6/150: Training loss=0.020073, lr=1.03e-03
Epoch 6/150: Validation loss=0.026149
Model saved! Best loss: 0.026149
Set5: PSNR(Y)=36.897, SSIM(Y)=0.9560
Set14: PSNR(Y)=32.582, SSIM(Y)=0.9075
B100: PSNR(Y)=31.386, SSIM(Y)=0.8887
U100: PSNR(Y)=29.520, SSIM(Y)=0.8971
M109: PSNR(Y)=35.801, SSIM(Y)=0.9680
Epoch 7/150: Training loss=0.020016, lr=1.18e-03
Epoch 7/150: Validation loss=0.025985
Model saved! Best loss: 0.025985
Set5: PSNR(Y)=36.953, SSIM(Y)=0.9562
Set14: PSNR(Y)=32.621, SSIM(Y)=0.9079
B100: PSNR(Y)=31.419, SSIM(Y)=0.8892
U100: PSNR(Y)=29.596, SSIM(Y)=0.8982
M109: PSNR(Y)=35.914, SSIM(Y)=0.9684
Epoch 8/150: Training loss=0.019945, lr=1.33e-03
Epoch 8/150: Validation loss=0.025839
Model saved! Best loss: 0.025839
Set5: PSNR(Y)=37.001, SSIM(Y)=0.9564
Set14: PSNR(Y)=32.652, SSIM(Y)=0.9082
B100: PSNR(Y)=31.447, SSIM(Y)=0.8896
U100: PSNR(Y)=29.663, SSIM(Y)=0.8992
M109: PSNR(Y)=36.018, SSIM(Y)=0.9688
Epoch 9/150: Training loss=0.019917, lr=1.47e-03
Epoch 9/150: Validation loss=0.025710
Model saved! Best loss: 0.025710
Set5: PSNR(Y)=37.041, SSIM(Y)=0.9566
Set14: PSNR(Y)=32.678, SSIM(Y)=0.9085
B100: PSNR(Y)=31.469, SSIM(Y)=0.8900
U100: PSNR(Y)=29.717, SSIM(Y)=0.9000
M109: PSNR(Y)=36.117, SSIM(Y)=0.9691
Epoch 10/150: Training loss=0.019825, lr=1.62e-03
Epoch 10/150: Validation loss=0.025594
Model saved! Best loss: 0.025594
Set5: PSNR(Y)=37.073, SSIM(Y)=0.9568
Set14: PSNR(Y)=32.701, SSIM(Y)=0.9087
B100: PSNR(Y)=31.491, SSIM(Y)=0.8903
U100: PSNR(Y)=29.768, SSIM(Y)=0.9007
M109: PSNR(Y)=36.202, SSIM(Y)=0.9694
Epoch 11/150: Training loss=0.019817, lr=1.77e-03
Epoch 11/150: Validation loss=0.025492
Model saved! Best loss: 0.025492
Set5: PSNR(Y)=37.091, SSIM(Y)=0.9569
Set14: PSNR(Y)=32.725, SSIM(Y)=0.9089
B100: PSNR(Y)=31.511, SSIM(Y)=0.8906
U100: PSNR(Y)=29.815, SSIM(Y)=0.9014
M109: PSNR(Y)=36.272, SSIM(Y)=0.9697
Epoch 12/150: Training loss=0.019757, lr=1.91e-03
Epoch 12/150: Validation loss=0.025396
Model saved! Best loss: 0.025396
Set5: PSNR(Y)=37.104, SSIM(Y)=0.9569
Set14: PSNR(Y)=32.744, SSIM(Y)=0.9091
B100: PSNR(Y)=31.527, SSIM(Y)=0.8908
U100: PSNR(Y)=29.860, SSIM(Y)=0.9020
M109: PSNR(Y)=36.343, SSIM(Y)=0.9699
Epoch 13/150: Training loss=0.019726, lr=2.06e-03
Epoch 13/150: Validation loss=0.025307
Model saved! Best loss: 0.025307
Set5: PSNR(Y)=37.110, SSIM(Y)=0.9570
Set14: PSNR(Y)=32.762, SSIM(Y)=0.9093
B100: PSNR(Y)=31.542, SSIM(Y)=0.8910
U100: PSNR(Y)=29.901, SSIM(Y)=0.9026
M109: PSNR(Y)=36.410, SSIM(Y)=0.9702
Epoch 14/150: Training loss=0.019684, lr=2.21e-03
Epoch 14/150: Validation loss=0.025233
Model saved! Best loss: 0.025233
Set5: PSNR(Y)=37.122, SSIM(Y)=0.9570
Set14: PSNR(Y)=32.780, SSIM(Y)=0.9095
B100: PSNR(Y)=31.555, SSIM(Y)=0.8913
U100: PSNR(Y)=29.940, SSIM(Y)=0.9032
M109: PSNR(Y)=36.464, SSIM(Y)=0.9704
Epoch 15/150: Training loss=0.019665, lr=2.35e-03
Epoch 15/150: Validation loss=0.025168
Model saved! Best loss: 0.025168
Set5: PSNR(Y)=37.131, SSIM(Y)=0.9570
Set14: PSNR(Y)=32.794, SSIM(Y)=0.9096
B100: PSNR(Y)=31.567, SSIM(Y)=0.8915
U100: PSNR(Y)=29.971, SSIM(Y)=0.9036
M109: PSNR(Y)=36.508, SSIM(Y)=0.9705
Epoch 16/150: Training loss=0.019645, lr=2.50e-03
Epoch 16/150: Validation loss=0.025111
Model saved! Best loss: 0.025111
Set5: PSNR(Y)=37.140, SSIM(Y)=0.9570
Set14: PSNR(Y)=32.808, SSIM(Y)=0.9097
B100: PSNR(Y)=31.577, SSIM(Y)=0.8916
U100: PSNR(Y)=30.002, SSIM(Y)=0.9040
M109: PSNR(Y)=36.545, SSIM(Y)=0.9706
Epoch 17/150: Training loss=0.019573, lr=2.50e-03
Epoch 17/150: Validation loss=0.025059
Model saved! Best loss: 0.025059
Set5: PSNR(Y)=37.156, SSIM(Y)=0.9571
Set14: PSNR(Y)=32.823, SSIM(Y)=0.9098
B100: PSNR(Y)=31.589, SSIM(Y)=0.8918
U100: PSNR(Y)=30.029, SSIM(Y)=0.9044
M109: PSNR(Y)=36.584, SSIM(Y)=0.9707
Epoch 18/150: Training loss=0.019587, lr=2.50e-03
Epoch 18/150: Validation loss=0.025014
Model saved! Best loss: 0.025014
Set5: PSNR(Y)=37.170, SSIM(Y)=0.9571
Set14: PSNR(Y)=32.836, SSIM(Y)=0.9099
B100: PSNR(Y)=31.598, SSIM(Y)=0.8919
U100: PSNR(Y)=30.055, SSIM(Y)=0.9047
M109: PSNR(Y)=36.614, SSIM(Y)=0.9709
Epoch 19/150: Training loss=0.019558, lr=2.50e-03
Epoch 19/150: Validation loss=0.024978
Model saved! Best loss: 0.024978
Set5: PSNR(Y)=37.181, SSIM(Y)=0.9572
Set14: PSNR(Y)=32.846, SSIM(Y)=0.9100
B100: PSNR(Y)=31.605, SSIM(Y)=0.8920
U100: PSNR(Y)=30.077, SSIM(Y)=0.9050
M109: PSNR(Y)=36.638, SSIM(Y)=0.9710
Epoch 20/150: Training loss=0.019521, lr=2.49e-03
Epoch 20/150: Validation loss=0.024943
Model saved! Best loss: 0.024943
Set5: PSNR(Y)=37.188, SSIM(Y)=0.9572
Set14: PSNR(Y)=32.852, SSIM(Y)=0.9101
B100: PSNR(Y)=31.611, SSIM(Y)=0.8921
U100: PSNR(Y)=30.098, SSIM(Y)=0.9052
M109: PSNR(Y)=36.659, SSIM(Y)=0.9710
Epoch 21/150: Training loss=0.019562, lr=2.49e-03
Epoch 21/150: Validation loss=0.024917
Model saved! Best loss: 0.024917
Set5: PSNR(Y)=37.196, SSIM(Y)=0.9573
Set14: PSNR(Y)=32.858, SSIM(Y)=0.9102
B100: PSNR(Y)=31.618, SSIM(Y)=0.8922
U100: PSNR(Y)=30.112, SSIM(Y)=0.9054
M109: PSNR(Y)=36.675, SSIM(Y)=0.9711
Epoch 22/150: Training loss=0.019510, lr=2.49e-03
Epoch 22/150: Validation loss=0.024894
Model saved! Best loss: 0.024894
Set5: PSNR(Y)=37.204, SSIM(Y)=0.9573
Set14: PSNR(Y)=32.863, SSIM(Y)=0.9102
B100: PSNR(Y)=31.623, SSIM(Y)=0.8923
U100: PSNR(Y)=30.127, SSIM(Y)=0.9056
M109: PSNR(Y)=36.690, SSIM(Y)=0.9712
Epoch 23/150: Training loss=0.019495, lr=2.48e-03
Epoch 23/150: Validation loss=0.024870
Model saved! Best loss: 0.024870
Set5: PSNR(Y)=37.213, SSIM(Y)=0.9573
Set14: PSNR(Y)=32.869, SSIM(Y)=0.9103
B100: PSNR(Y)=31.628, SSIM(Y)=0.8923
U100: PSNR(Y)=30.139, SSIM(Y)=0.9058
M109: PSNR(Y)=36.705, SSIM(Y)=0.9712
Epoch 24/150: Training loss=0.019499, lr=2.48e-03
Epoch 24/150: Validation loss=0.024854
Model saved! Best loss: 0.024854
Set5: PSNR(Y)=37.226, SSIM(Y)=0.9573
Set14: PSNR(Y)=32.874, SSIM(Y)=0.9104
B100: PSNR(Y)=31.631, SSIM(Y)=0.8924
U100: PSNR(Y)=30.146, SSIM(Y)=0.9059
M109: PSNR(Y)=36.712, SSIM(Y)=0.9713
Epoch 25/150: Training loss=0.019493, lr=2.47e-03
Epoch 25/150: Validation loss=0.024833
Model saved! Best loss: 0.024833
Set5: PSNR(Y)=37.236, SSIM(Y)=0.9574
Set14: PSNR(Y)=32.880, SSIM(Y)=0.9104
B100: PSNR(Y)=31.636, SSIM(Y)=0.8925
U100: PSNR(Y)=30.157, SSIM(Y)=0.9060
M109: PSNR(Y)=36.723, SSIM(Y)=0.9713
Epoch 26/150: Training loss=0.019490, lr=2.47e-03
Epoch 26/150: Validation loss=0.024814
Model saved! Best loss: 0.024814
Set5: PSNR(Y)=37.245, SSIM(Y)=0.9574
Set14: PSNR(Y)=32.888, SSIM(Y)=0.9104
B100: PSNR(Y)=31.640, SSIM(Y)=0.8925
U100: PSNR(Y)=30.169, SSIM(Y)=0.9062
M109: PSNR(Y)=36.733, SSIM(Y)=0.9713
Epoch 27/150: Training loss=0.019481, lr=2.46e-03
Epoch 27/150: Validation loss=0.024795
Model saved! Best loss: 0.024795
Set5: PSNR(Y)=37.250, SSIM(Y)=0.9574
Set14: PSNR(Y)=32.896, SSIM(Y)=0.9105
B100: PSNR(Y)=31.644, SSIM(Y)=0.8926
U100: PSNR(Y)=30.180, SSIM(Y)=0.9063
M109: PSNR(Y)=36.744, SSIM(Y)=0.9714
Epoch 28/150: Training loss=0.019453, lr=2.45e-03
Epoch 28/150: Validation loss=0.024781
Model saved! Best loss: 0.024781
Set5: PSNR(Y)=37.255, SSIM(Y)=0.9574
Set14: PSNR(Y)=32.896, SSIM(Y)=0.9105
B100: PSNR(Y)=31.647, SSIM(Y)=0.8926
U100: PSNR(Y)=30.189, SSIM(Y)=0.9064
M109: PSNR(Y)=36.751, SSIM(Y)=0.9714
Epoch 29/150: Training loss=0.019440, lr=2.45e-03
Epoch 29/150: Validation loss=0.024763
Model saved! Best loss: 0.024763
Set5: PSNR(Y)=37.259, SSIM(Y)=0.9574
Set14: PSNR(Y)=32.896, SSIM(Y)=0.9105
B100: PSNR(Y)=31.651, SSIM(Y)=0.8927
U100: PSNR(Y)=30.198, SSIM(Y)=0.9066
M109: PSNR(Y)=36.765, SSIM(Y)=0.9715
Epoch 30/150: Training loss=0.019431, lr=2.44e-03
Epoch 30/150: Validation loss=0.024748
Model saved! Best loss: 0.024748
Set5: PSNR(Y)=37.268, SSIM(Y)=0.9575
Set14: PSNR(Y)=32.897, SSIM(Y)=0.9106
B100: PSNR(Y)=31.654, SSIM(Y)=0.8927
U100: PSNR(Y)=30.208, SSIM(Y)=0.9067
M109: PSNR(Y)=36.770, SSIM(Y)=0.9715
Epoch 31/150: Training loss=0.019445, lr=2.43e-03
Epoch 31/150: Validation loss=0.024736
Model saved! Best loss: 0.024736
Set5: PSNR(Y)=37.277, SSIM(Y)=0.9575
Set14: PSNR(Y)=32.900, SSIM(Y)=0.9106
B100: PSNR(Y)=31.656, SSIM(Y)=0.8927
U100: PSNR(Y)=30.213, SSIM(Y)=0.9067
M109: PSNR(Y)=36.781, SSIM(Y)=0.9715
Epoch 32/150: Training loss=0.019425, lr=2.42e-03
Epoch 32/150: Validation loss=0.024725
Model saved! Best loss: 0.024725
Set5: PSNR(Y)=37.280, SSIM(Y)=0.9575
Set14: PSNR(Y)=32.895, SSIM(Y)=0.9106
B100: PSNR(Y)=31.657, SSIM(Y)=0.8928
U100: PSNR(Y)=30.220, SSIM(Y)=0.9068
M109: PSNR(Y)=36.787, SSIM(Y)=0.9715
Epoch 33/150: Training loss=0.019446, lr=2.41e-03
Epoch 33/150: Validation loss=0.024707
Model saved! Best loss: 0.024707
Set5: PSNR(Y)=37.288, SSIM(Y)=0.9575
Set14: PSNR(Y)=32.904, SSIM(Y)=0.9106
B100: PSNR(Y)=31.662, SSIM(Y)=0.8928
U100: PSNR(Y)=30.229, SSIM(Y)=0.9069
M109: PSNR(Y)=36.798, SSIM(Y)=0.9716
Epoch 34/150: Training loss=0.019398, lr=2.40e-03
Epoch 34/150: Validation loss=0.024695
Model saved! Best loss: 0.024695
Set5: PSNR(Y)=37.294, SSIM(Y)=0.9576
Set14: PSNR(Y)=32.908, SSIM(Y)=0.9106
B100: PSNR(Y)=31.664, SSIM(Y)=0.8928
U100: PSNR(Y)=30.238, SSIM(Y)=0.9070
M109: PSNR(Y)=36.806, SSIM(Y)=0.9716
Epoch 35/150: Training loss=0.019415, lr=2.38e-03
Epoch 35/150: Validation loss=0.024683
Model saved! Best loss: 0.024683
Set5: PSNR(Y)=37.303, SSIM(Y)=0.9576
Set14: PSNR(Y)=32.911, SSIM(Y)=0.9107
B100: PSNR(Y)=31.666, SSIM(Y)=0.8929
U100: PSNR(Y)=30.244, SSIM(Y)=0.9071
M109: PSNR(Y)=36.815, SSIM(Y)=0.9716
Epoch 36/150: Training loss=0.019398, lr=2.37e-03
Epoch 36/150: Validation loss=0.024672
Model saved! Best loss: 0.024672
Set5: PSNR(Y)=37.310, SSIM(Y)=0.9576
Set14: PSNR(Y)=32.915, SSIM(Y)=0.9107
B100: PSNR(Y)=31.669, SSIM(Y)=0.8929
U100: PSNR(Y)=30.251, SSIM(Y)=0.9072
M109: PSNR(Y)=36.818, SSIM(Y)=0.9717
Epoch 37/150: Training loss=0.019408, lr=2.36e-03
Epoch 37/150: Validation loss=0.024666
Model saved! Best loss: 0.024666
Set5: PSNR(Y)=37.319, SSIM(Y)=0.9576
Set14: PSNR(Y)=32.916, SSIM(Y)=0.9107
B100: PSNR(Y)=31.670, SSIM(Y)=0.8929
U100: PSNR(Y)=30.256, SSIM(Y)=0.9072
M109: PSNR(Y)=36.822, SSIM(Y)=0.9717
Epoch 38/150: Training loss=0.019385, lr=2.34e-03
Epoch 38/150: Validation loss=0.024659
Model saved! Best loss: 0.024659
Set5: PSNR(Y)=37.324, SSIM(Y)=0.9576
Set14: PSNR(Y)=32.917, SSIM(Y)=0.9107
B100: PSNR(Y)=31.672, SSIM(Y)=0.8929
U100: PSNR(Y)=30.260, SSIM(Y)=0.9073
M109: PSNR(Y)=36.825, SSIM(Y)=0.9717
Epoch 39/150: Training loss=0.019376, lr=2.33e-03
Epoch 39/150: Validation loss=0.024653
Model saved! Best loss: 0.024653
Set5: PSNR(Y)=37.328, SSIM(Y)=0.9576
Set14: PSNR(Y)=32.920, SSIM(Y)=0.9108
B100: PSNR(Y)=31.674, SSIM(Y)=0.8930
U100: PSNR(Y)=30.264, SSIM(Y)=0.9073
M109: PSNR(Y)=36.826, SSIM(Y)=0.9717
Epoch 40/150: Training loss=0.019392, lr=2.32e-03
Epoch 40/150: Validation loss=0.024646
Model saved! Best loss: 0.024646
Set5: PSNR(Y)=37.332, SSIM(Y)=0.9576
Set14: PSNR(Y)=32.920, SSIM(Y)=0.9108
B100: PSNR(Y)=31.675, SSIM(Y)=0.8930
U100: PSNR(Y)=30.269, SSIM(Y)=0.9074
M109: PSNR(Y)=36.827, SSIM(Y)=0.9717
Epoch 41/150: Training loss=0.019401, lr=2.30e-03
Epoch 41/150: Validation loss=0.024642
Model saved! Best loss: 0.024642
Set5: PSNR(Y)=37.330, SSIM(Y)=0.9577
Set14: PSNR(Y)=32.918, SSIM(Y)=0.9107
B100: PSNR(Y)=31.676, SSIM(Y)=0.8930
U100: PSNR(Y)=30.272, SSIM(Y)=0.9074
M109: PSNR(Y)=36.826, SSIM(Y)=0.9717
Epoch 42/150: Training loss=0.019353, lr=2.29e-03
Epoch 42/150: Validation loss=0.024637
Model saved! Best loss: 0.024637
Set5: PSNR(Y)=37.328, SSIM(Y)=0.9577
Set14: PSNR(Y)=32.915, SSIM(Y)=0.9107
B100: PSNR(Y)=31.676, SSIM(Y)=0.8930
U100: PSNR(Y)=30.273, SSIM(Y)=0.9074
M109: PSNR(Y)=36.828, SSIM(Y)=0.9717
Epoch 43/150: Training loss=0.019360, lr=2.27e-03
Epoch 43/150: Validation loss=0.024634
Model saved! Best loss: 0.024634
Set5: PSNR(Y)=37.327, SSIM(Y)=0.9577
Set14: PSNR(Y)=32.916, SSIM(Y)=0.9108
B100: PSNR(Y)=31.677, SSIM(Y)=0.8930
U100: PSNR(Y)=30.276, SSIM(Y)=0.9075
M109: PSNR(Y)=36.826, SSIM(Y)=0.9717
Epoch 44/150: Training loss=0.019356, lr=2.25e-03
Epoch 44/150: Validation loss=0.024629
Model saved! Best loss: 0.024629
Set5: PSNR(Y)=37.329, SSIM(Y)=0.9577
Set14: PSNR(Y)=32.917, SSIM(Y)=0.9108
B100: PSNR(Y)=31.678, SSIM(Y)=0.8931
U100: PSNR(Y)=30.277, SSIM(Y)=0.9075
M109: PSNR(Y)=36.827, SSIM(Y)=0.9717
Epoch 45/150: Training loss=0.019350, lr=2.23e-03
Epoch 45/150: Validation loss=0.024625
Model saved! Best loss: 0.024625
Set5: PSNR(Y)=37.327, SSIM(Y)=0.9577
Set14: PSNR(Y)=32.914, SSIM(Y)=0.9108
B100: PSNR(Y)=31.678, SSIM(Y)=0.8931
U100: PSNR(Y)=30.279, SSIM(Y)=0.9075
M109: PSNR(Y)=36.822, SSIM(Y)=0.9717
Epoch 46/150: Training loss=0.019351, lr=2.22e-03
Epoch 46/150: Validation loss=0.024621
Model saved! Best loss: 0.024621
Set5: PSNR(Y)=37.328, SSIM(Y)=0.9577
Set14: PSNR(Y)=32.915, SSIM(Y)=0.9108
B100: PSNR(Y)=31.680, SSIM(Y)=0.8931
U100: PSNR(Y)=30.282, SSIM(Y)=0.9075
M109: PSNR(Y)=36.814, SSIM(Y)=0.9717
Epoch 47/150: Training loss=0.019365, lr=2.20e-03
Epoch 47/150: Validation loss=0.024616
Model saved! Best loss: 0.024616
Set5: PSNR(Y)=37.329, SSIM(Y)=0.9577
Set14: PSNR(Y)=32.916, SSIM(Y)=0.9108
B100: PSNR(Y)=31.680, SSIM(Y)=0.8931
U100: PSNR(Y)=30.281, SSIM(Y)=0.9076
M109: PSNR(Y)=36.817, SSIM(Y)=0.9717
Epoch 48/150: Training loss=0.019313, lr=2.18e-03
Epoch 48/150: Validation loss=0.024610
Model saved! Best loss: 0.024610
Set5: PSNR(Y)=37.331, SSIM(Y)=0.9577
Set14: PSNR(Y)=32.913, SSIM(Y)=0.9107
B100: PSNR(Y)=31.679, SSIM(Y)=0.8931
U100: PSNR(Y)=30.283, SSIM(Y)=0.9076
M109: PSNR(Y)=36.820, SSIM(Y)=0.9717
Epoch 49/150: Training loss=0.019334, lr=2.16e-03
Epoch 49/150: Validation loss=0.024606
Model saved! Best loss: 0.024606
Set5: PSNR(Y)=37.328, SSIM(Y)=0.9577
Set14: PSNR(Y)=32.910, SSIM(Y)=0.9107
B100: PSNR(Y)=31.679, SSIM(Y)=0.8931
U100: PSNR(Y)=30.284, SSIM(Y)=0.9076
M109: PSNR(Y)=36.817, SSIM(Y)=0.9717
Epoch 50/150: Training loss=0.019322, lr=2.14e-03
Epoch 50/150: Validation loss=0.024601
Model saved! Best loss: 0.024601
Set5: PSNR(Y)=37.327, SSIM(Y)=0.9577
Set14: PSNR(Y)=32.908, SSIM(Y)=0.9106
B100: PSNR(Y)=31.678, SSIM(Y)=0.8931
U100: PSNR(Y)=30.284, SSIM(Y)=0.9076
M109: PSNR(Y)=36.817, SSIM(Y)=0.9717
Epoch 51/150: Training loss=0.019308, lr=2.12e-03
Epoch 51/150: Validation loss=0.024592
Model saved! Best loss: 0.024592
Set5: PSNR(Y)=37.323, SSIM(Y)=0.9577
Set14: PSNR(Y)=32.913, SSIM(Y)=0.9107
B100: PSNR(Y)=31.679, SSIM(Y)=0.8931
U100: PSNR(Y)=30.286, SSIM(Y)=0.9076
M109: PSNR(Y)=36.820, SSIM(Y)=0.9717
Epoch 52/150: Training loss=0.019311, lr=2.10e-03
Epoch 52/150: Validation loss=0.024585
Model saved! Best loss: 0.024585
Set5: PSNR(Y)=37.323, SSIM(Y)=0.9577
Set14: PSNR(Y)=32.912, SSIM(Y)=0.9106
B100: PSNR(Y)=31.679, SSIM(Y)=0.8930
U100: PSNR(Y)=30.286, SSIM(Y)=0.9076
M109: PSNR(Y)=36.822, SSIM(Y)=0.9717
Epoch 53/150: Training loss=0.019291, lr=2.08e-03
Epoch 53/150: Validation loss=0.024577
Model saved! Best loss: 0.024577
Set5: PSNR(Y)=37.321, SSIM(Y)=0.9577
Set14: PSNR(Y)=32.917, SSIM(Y)=0.9107
B100: PSNR(Y)=31.680, SSIM(Y)=0.8930
U100: PSNR(Y)=30.287, SSIM(Y)=0.9076
M109: PSNR(Y)=36.822, SSIM(Y)=0.9717
Epoch 54/150: Training loss=0.019288, lr=2.06e-03
Epoch 54/150: Validation loss=0.024569
Model saved! Best loss: 0.024569
Set5: PSNR(Y)=37.322, SSIM(Y)=0.9577
Set14: PSNR(Y)=32.916, SSIM(Y)=0.9107
B100: PSNR(Y)=31.681, SSIM(Y)=0.8930
U100: PSNR(Y)=30.287, SSIM(Y)=0.9076
M109: PSNR(Y)=36.823, SSIM(Y)=0.9717
Epoch 55/150: Training loss=0.019289, lr=2.03e-03
Epoch 55/150: Validation loss=0.024560
Model saved! Best loss: 0.024560
Set5: PSNR(Y)=37.327, SSIM(Y)=0.9577
Set14: PSNR(Y)=32.916, SSIM(Y)=0.9107
B100: PSNR(Y)=31.681, SSIM(Y)=0.8930
U100: PSNR(Y)=30.286, SSIM(Y)=0.9076
M109: PSNR(Y)=36.821, SSIM(Y)=0.9717
Epoch 56/150: Training loss=0.019304, lr=2.01e-03
Epoch 56/150: Validation loss=0.024550
Model saved! Best loss: 0.024550
Set5: PSNR(Y)=37.332, SSIM(Y)=0.9577
Set14: PSNR(Y)=32.919, SSIM(Y)=0.9107
B100: PSNR(Y)=31.682, SSIM(Y)=0.8931
U100: PSNR(Y)=30.287, SSIM(Y)=0.9076
M109: PSNR(Y)=36.826, SSIM(Y)=0.9717
Epoch 57/150: Training loss=0.019292, lr=1.99e-03
Epoch 57/150: Validation loss=0.024536
Model saved! Best loss: 0.024536
Set5: PSNR(Y)=37.336, SSIM(Y)=0.9577
Set14: PSNR(Y)=32.917, SSIM(Y)=0.9107
B100: PSNR(Y)=31.682, SSIM(Y)=0.8931
U100: PSNR(Y)=30.289, SSIM(Y)=0.9077
M109: PSNR(Y)=36.830, SSIM(Y)=0.9717
Epoch 58/150: Training loss=0.019282, lr=1.97e-03
Epoch 58/150: Validation loss=0.024522
Model saved! Best loss: 0.024522
Set5: PSNR(Y)=37.339, SSIM(Y)=0.9577
Set14: PSNR(Y)=32.916, SSIM(Y)=0.9107
B100: PSNR(Y)=31.681, SSIM(Y)=0.8931
U100: PSNR(Y)=30.290, SSIM(Y)=0.9077
M109: PSNR(Y)=36.839, SSIM(Y)=0.9718
Epoch 59/150: Training loss=0.019256, lr=1.94e-03
Epoch 59/150: Validation loss=0.024511
Model saved! Best loss: 0.024511
Set5: PSNR(Y)=37.339, SSIM(Y)=0.9577
Set14: PSNR(Y)=32.921, SSIM(Y)=0.9107
B100: PSNR(Y)=31.682, SSIM(Y)=0.8931
U100: PSNR(Y)=30.290, SSIM(Y)=0.9077
M109: PSNR(Y)=36.841, SSIM(Y)=0.9718
Epoch 60/150: Training loss=0.019232, lr=1.92e-03
Epoch 60/150: Validation loss=0.024497
Model saved! Best loss: 0.024497
Set5: PSNR(Y)=37.338, SSIM(Y)=0.9577
Set14: PSNR(Y)=32.922, SSIM(Y)=0.9107
B100: PSNR(Y)=31.682, SSIM(Y)=0.8931
U100: PSNR(Y)=30.293, SSIM(Y)=0.9077
M109: PSNR(Y)=36.844, SSIM(Y)=0.9718
Epoch 61/150: Training loss=0.019258, lr=1.89e-03
Epoch 61/150: Validation loss=0.024488
Model saved! Best loss: 0.024488
Set5: PSNR(Y)=37.342, SSIM(Y)=0.9577
Set14: PSNR(Y)=32.923, SSIM(Y)=0.9107
B100: PSNR(Y)=31.683, SSIM(Y)=0.8931
U100: PSNR(Y)=30.294, SSIM(Y)=0.9077
M109: PSNR(Y)=36.845, SSIM(Y)=0.9718
Epoch 62/150: Training loss=0.019256, lr=1.87e-03
Epoch 62/150: Validation loss=0.024477
Model saved! Best loss: 0.024477
Set5: PSNR(Y)=37.344, SSIM(Y)=0.9577
Set14: PSNR(Y)=32.928, SSIM(Y)=0.9108
B100: PSNR(Y)=31.683, SSIM(Y)=0.8931
U100: PSNR(Y)=30.296, SSIM(Y)=0.9078
M109: PSNR(Y)=36.848, SSIM(Y)=0.9718
Epoch 63/150: Training loss=0.019296, lr=1.85e-03
Epoch 63/150: Validation loss=0.024467
Model saved! Best loss: 0.024467
Set5: PSNR(Y)=37.347, SSIM(Y)=0.9577
Set14: PSNR(Y)=32.931, SSIM(Y)=0.9108
B100: PSNR(Y)=31.685, SSIM(Y)=0.8931
U100: PSNR(Y)=30.297, SSIM(Y)=0.9078
M109: PSNR(Y)=36.859, SSIM(Y)=0.9718
Epoch 64/150: Training loss=0.019244, lr=1.82e-03
Epoch 64/150: Validation loss=0.024458
Model saved! Best loss: 0.024458
Set5: PSNR(Y)=37.352, SSIM(Y)=0.9577
Set14: PSNR(Y)=32.931, SSIM(Y)=0.9108
B100: PSNR(Y)=31.685, SSIM(Y)=0.8931
U100: PSNR(Y)=30.298, SSIM(Y)=0.9078
M109: PSNR(Y)=36.862, SSIM(Y)=0.9718
Epoch 65/150: Training loss=0.019227, lr=1.79e-03
Epoch 65/150: Validation loss=0.024451
Model saved! Best loss: 0.024451
Set5: PSNR(Y)=37.351, SSIM(Y)=0.9577
Set14: PSNR(Y)=32.932, SSIM(Y)=0.9108
B100: PSNR(Y)=31.685, SSIM(Y)=0.8931
U100: PSNR(Y)=30.301, SSIM(Y)=0.9078
M109: PSNR(Y)=36.862, SSIM(Y)=0.9718
Epoch 66/150: Training loss=0.019219, lr=1.77e-03
Epoch 66/150: Validation loss=0.024441
Model saved! Best loss: 0.024441
Set5: PSNR(Y)=37.352, SSIM(Y)=0.9578
Set14: PSNR(Y)=32.931, SSIM(Y)=0.9108
B100: PSNR(Y)=31.686, SSIM(Y)=0.8931
U100: PSNR(Y)=30.306, SSIM(Y)=0.9078
M109: PSNR(Y)=36.867, SSIM(Y)=0.9718
Epoch 67/150: Training loss=0.019221, lr=1.74e-03
Epoch 67/150: Validation loss=0.024436
Model saved! Best loss: 0.024436
Set5: PSNR(Y)=37.352, SSIM(Y)=0.9578
Set14: PSNR(Y)=32.934, SSIM(Y)=0.9108
B100: PSNR(Y)=31.687, SSIM(Y)=0.8931
U100: PSNR(Y)=30.307, SSIM(Y)=0.9079
M109: PSNR(Y)=36.870, SSIM(Y)=0.9718
Epoch 68/150: Training loss=0.019224, lr=1.72e-03
Epoch 68/150: Validation loss=0.024431
Model saved! Best loss: 0.024431
Set5: PSNR(Y)=37.353, SSIM(Y)=0.9578
Set14: PSNR(Y)=32.932, SSIM(Y)=0.9108
B100: PSNR(Y)=31.687, SSIM(Y)=0.8931
U100: PSNR(Y)=30.309, SSIM(Y)=0.9079
M109: PSNR(Y)=36.872, SSIM(Y)=0.9719
Epoch 69/150: Training loss=0.019222, lr=1.69e-03
Epoch 69/150: Validation loss=0.024423
Model saved! Best loss: 0.024423
Set5: PSNR(Y)=37.354, SSIM(Y)=0.9578
Set14: PSNR(Y)=32.934, SSIM(Y)=0.9108
B100: PSNR(Y)=31.689, SSIM(Y)=0.8931
U100: PSNR(Y)=30.311, SSIM(Y)=0.9079
M109: PSNR(Y)=36.878, SSIM(Y)=0.9719
Epoch 70/150: Training loss=0.019212, lr=1.66e-03
Epoch 70/150: Validation loss=0.024419
Model saved! Best loss: 0.024419
Set5: PSNR(Y)=37.357, SSIM(Y)=0.9578
Set14: PSNR(Y)=32.935, SSIM(Y)=0.9108
B100: PSNR(Y)=31.689, SSIM(Y)=0.8931
U100: PSNR(Y)=30.312, SSIM(Y)=0.9079
M109: PSNR(Y)=36.879, SSIM(Y)=0.9719
Epoch 71/150: Training loss=0.019222, lr=1.64e-03
Epoch 71/150: Validation loss=0.024413
Model saved! Best loss: 0.024413
Set5: PSNR(Y)=37.359, SSIM(Y)=0.9578
Set14: PSNR(Y)=32.940, SSIM(Y)=0.9109
B100: PSNR(Y)=31.690, SSIM(Y)=0.8931
U100: PSNR(Y)=30.313, SSIM(Y)=0.9079
M109: PSNR(Y)=36.883, SSIM(Y)=0.9719
Epoch 72/150: Training loss=0.019203, lr=1.61e-03
Epoch 72/150: Validation loss=0.024407
Model saved! Best loss: 0.024407
Set5: PSNR(Y)=37.359, SSIM(Y)=0.9578
Set14: PSNR(Y)=32.939, SSIM(Y)=0.9109
B100: PSNR(Y)=31.690, SSIM(Y)=0.8931
U100: PSNR(Y)=30.317, SSIM(Y)=0.9080
M109: PSNR(Y)=36.881, SSIM(Y)=0.9719
Epoch 73/150: Training loss=0.019192, lr=1.58e-03
Epoch 73/150: Validation loss=0.024400
Model saved! Best loss: 0.024400
Set5: PSNR(Y)=37.361, SSIM(Y)=0.9578
Set14: PSNR(Y)=32.939, SSIM(Y)=0.9109
B100: PSNR(Y)=31.691, SSIM(Y)=0.8932
U100: PSNR(Y)=30.319, SSIM(Y)=0.9080
M109: PSNR(Y)=36.884, SSIM(Y)=0.9719
Epoch 74/150: Training loss=0.019253, lr=1.56e-03
Epoch 74/150: Validation loss=0.024395
Model saved! Best loss: 0.024395
Set5: PSNR(Y)=37.361, SSIM(Y)=0.9578
Set14: PSNR(Y)=32.943, SSIM(Y)=0.9109
B100: PSNR(Y)=31.692, SSIM(Y)=0.8932
U100: PSNR(Y)=30.322, SSIM(Y)=0.9081
M109: PSNR(Y)=36.885, SSIM(Y)=0.9719
Epoch 75/150: Training loss=0.019189, lr=1.53e-03
Epoch 75/150: Validation loss=0.024390
Model saved! Best loss: 0.024390
Set5: PSNR(Y)=37.359, SSIM(Y)=0.9578
Set14: PSNR(Y)=32.944, SSIM(Y)=0.9109
B100: PSNR(Y)=31.693, SSIM(Y)=0.8932
U100: PSNR(Y)=30.323, SSIM(Y)=0.9081
M109: PSNR(Y)=36.886, SSIM(Y)=0.9719
Epoch 76/150: Training loss=0.019192, lr=1.50e-03
Epoch 76/150: Validation loss=0.024387
Model saved! Best loss: 0.024387
Set5: PSNR(Y)=37.362, SSIM(Y)=0.9578
Set14: PSNR(Y)=32.942, SSIM(Y)=0.9109
B100: PSNR(Y)=31.693, SSIM(Y)=0.8932
U100: PSNR(Y)=30.325, SSIM(Y)=0.9081
M109: PSNR(Y)=36.887, SSIM(Y)=0.9719
Epoch 77/150: Training loss=0.019196, lr=1.47e-03
Epoch 77/150: Validation loss=0.024384
Model saved! Best loss: 0.024384
Set5: PSNR(Y)=37.363, SSIM(Y)=0.9578
Set14: PSNR(Y)=32.943, SSIM(Y)=0.9109
B100: PSNR(Y)=31.693, SSIM(Y)=0.8932
U100: PSNR(Y)=30.326, SSIM(Y)=0.9082
M109: PSNR(Y)=36.885, SSIM(Y)=0.9719
Epoch 78/150: Training loss=0.019205, lr=1.44e-03
Epoch 78/150: Validation loss=0.024379
Model saved! Best loss: 0.024379
Set5: PSNR(Y)=37.364, SSIM(Y)=0.9578
Set14: PSNR(Y)=32.947, SSIM(Y)=0.9109
B100: PSNR(Y)=31.694, SSIM(Y)=0.8932
U100: PSNR(Y)=30.327, SSIM(Y)=0.9082
M109: PSNR(Y)=36.892, SSIM(Y)=0.9719
Epoch 79/150: Training loss=0.019180, lr=1.42e-03
Epoch 79/150: Validation loss=0.024373
Model saved! Best loss: 0.024373
Set5: PSNR(Y)=37.365, SSIM(Y)=0.9578
Set14: PSNR(Y)=32.949, SSIM(Y)=0.9110
B100: PSNR(Y)=31.695, SSIM(Y)=0.8932
U100: PSNR(Y)=30.329, SSIM(Y)=0.9082
M109: PSNR(Y)=36.895, SSIM(Y)=0.9720
Epoch 80/150: Training loss=0.019168, lr=1.39e-03
Epoch 80/150: Validation loss=0.024367
Model saved! Best loss: 0.024367
Set5: PSNR(Y)=37.362, SSIM(Y)=0.9578
Set14: PSNR(Y)=32.947, SSIM(Y)=0.9110
B100: PSNR(Y)=31.695, SSIM(Y)=0.8932
U100: PSNR(Y)=30.332, SSIM(Y)=0.9082
M109: PSNR(Y)=36.898, SSIM(Y)=0.9720
Epoch 81/150: Training loss=0.019157, lr=1.36e-03
Epoch 81/150: Validation loss=0.024364
Model saved! Best loss: 0.024364
Set5: PSNR(Y)=37.365, SSIM(Y)=0.9578
Set14: PSNR(Y)=32.951, SSIM(Y)=0.9110
B100: PSNR(Y)=31.696, SSIM(Y)=0.8932
U100: PSNR(Y)=30.334, SSIM(Y)=0.9083
M109: PSNR(Y)=36.897, SSIM(Y)=0.9720
Epoch 82/150: Training loss=0.019167, lr=1.33e-03
Epoch 82/150: Validation loss=0.024362
Model saved! Best loss: 0.024362
Set5: PSNR(Y)=37.365, SSIM(Y)=0.9578
Set14: PSNR(Y)=32.950, SSIM(Y)=0.9110
B100: PSNR(Y)=31.696, SSIM(Y)=0.8932
U100: PSNR(Y)=30.334, SSIM(Y)=0.9083
M109: PSNR(Y)=36.898, SSIM(Y)=0.9720
Epoch 83/150: Training loss=0.019180, lr=1.30e-03
Epoch 83/150: Validation loss=0.024360
Model saved! Best loss: 0.024360
Set5: PSNR(Y)=37.365, SSIM(Y)=0.9578
Set14: PSNR(Y)=32.947, SSIM(Y)=0.9110
B100: PSNR(Y)=31.697, SSIM(Y)=0.8932
U100: PSNR(Y)=30.336, SSIM(Y)=0.9083
M109: PSNR(Y)=36.896, SSIM(Y)=0.9720
Epoch 84/150: Training loss=0.019162, lr=1.28e-03
Epoch 84/150: Validation loss=0.024360
Model saved! Best loss: 0.024360
Set5: PSNR(Y)=37.363, SSIM(Y)=0.9578
Set14: PSNR(Y)=32.947, SSIM(Y)=0.9110
B100: PSNR(Y)=31.697, SSIM(Y)=0.8932
U100: PSNR(Y)=30.335, SSIM(Y)=0.9083
M109: PSNR(Y)=36.896, SSIM(Y)=0.9720
Epoch 85/150: Training loss=0.019208, lr=1.25e-03
Epoch 85/150: Validation loss=0.024355
Model saved! Best loss: 0.024355
Set5: PSNR(Y)=37.365, SSIM(Y)=0.9578
Set14: PSNR(Y)=32.956, SSIM(Y)=0.9110
B100: PSNR(Y)=31.699, SSIM(Y)=0.8933
U100: PSNR(Y)=30.337, SSIM(Y)=0.9083
M109: PSNR(Y)=36.900, SSIM(Y)=0.9720
Epoch 86/150: Training loss=0.019131, lr=1.22e-03
Epoch 86/150: Validation loss=0.024350
Model saved! Best loss: 0.024350
Set5: PSNR(Y)=37.366, SSIM(Y)=0.9578
Set14: PSNR(Y)=32.956, SSIM(Y)=0.9110
B100: PSNR(Y)=31.699, SSIM(Y)=0.8933
U100: PSNR(Y)=30.339, SSIM(Y)=0.9084
M109: PSNR(Y)=36.904, SSIM(Y)=0.9720
Epoch 87/150: Training loss=0.019159, lr=1.19e-03
Epoch 87/150: Validation loss=0.024348
Model saved! Best loss: 0.024348
Set5: PSNR(Y)=37.366, SSIM(Y)=0.9578
Set14: PSNR(Y)=32.952, SSIM(Y)=0.9110
B100: PSNR(Y)=31.699, SSIM(Y)=0.8933
U100: PSNR(Y)=30.340, SSIM(Y)=0.9084
M109: PSNR(Y)=36.904, SSIM(Y)=0.9720
Epoch 88/150: Training loss=0.019172, lr=1.16e-03
Epoch 88/150: Validation loss=0.024345
Model saved! Best loss: 0.024345
Set5: PSNR(Y)=37.366, SSIM(Y)=0.9578
Set14: PSNR(Y)=32.952, SSIM(Y)=0.9110
B100: PSNR(Y)=31.699, SSIM(Y)=0.8933
U100: PSNR(Y)=30.341, SSIM(Y)=0.9084
M109: PSNR(Y)=36.908, SSIM(Y)=0.9720
Epoch 89/150: Training loss=0.019154, lr=1.14e-03
Epoch 89/150: Validation loss=0.024341
Model saved! Best loss: 0.024341
Set5: PSNR(Y)=37.362, SSIM(Y)=0.9578
Set14: PSNR(Y)=32.953, SSIM(Y)=0.9110
B100: PSNR(Y)=31.700, SSIM(Y)=0.8933
U100: PSNR(Y)=30.344, SSIM(Y)=0.9084
M109: PSNR(Y)=36.907, SSIM(Y)=0.9720
Epoch 90/150: Training loss=0.019140, lr=1.11e-03
Epoch 90/150: Validation loss=0.024337
Model saved! Best loss: 0.024337
Set5: PSNR(Y)=37.364, SSIM(Y)=0.9578
Set14: PSNR(Y)=32.957, SSIM(Y)=0.9111
B100: PSNR(Y)=31.701, SSIM(Y)=0.8933
U100: PSNR(Y)=30.345, SSIM(Y)=0.9085
M109: PSNR(Y)=36.908, SSIM(Y)=0.9720
Epoch 91/150: Training loss=0.019133, lr=1.08e-03
Epoch 91/150: Validation loss=0.024335
Model saved! Best loss: 0.024335
Set5: PSNR(Y)=37.365, SSIM(Y)=0.9578
Set14: PSNR(Y)=32.954, SSIM(Y)=0.9111
B100: PSNR(Y)=31.701, SSIM(Y)=0.8933
U100: PSNR(Y)=30.345, SSIM(Y)=0.9085
M109: PSNR(Y)=36.911, SSIM(Y)=0.9721
Epoch 92/150: Training loss=0.019140, lr=1.05e-03
Epoch 92/150: Validation loss=0.024333
Model saved! Best loss: 0.024333
Set5: PSNR(Y)=37.364, SSIM(Y)=0.9578
Set14: PSNR(Y)=32.954, SSIM(Y)=0.9111
B100: PSNR(Y)=31.702, SSIM(Y)=0.8933
U100: PSNR(Y)=30.345, SSIM(Y)=0.9085
M109: PSNR(Y)=36.914, SSIM(Y)=0.9721
Epoch 93/150: Training loss=0.019161, lr=1.02e-03
Epoch 93/150: Validation loss=0.024331
Model saved! Best loss: 0.024331
Set5: PSNR(Y)=37.365, SSIM(Y)=0.9578
Set14: PSNR(Y)=32.958, SSIM(Y)=0.9111
B100: PSNR(Y)=31.703, SSIM(Y)=0.8933
U100: PSNR(Y)=30.345, SSIM(Y)=0.9085
M109: PSNR(Y)=36.916, SSIM(Y)=0.9721
Epoch 94/150: Training loss=0.019138, lr=9.97e-04
Epoch 94/150: Validation loss=0.024329
Model saved! Best loss: 0.024329
Set5: PSNR(Y)=37.367, SSIM(Y)=0.9578
Set14: PSNR(Y)=32.958, SSIM(Y)=0.9111
B100: PSNR(Y)=31.703, SSIM(Y)=0.8933
U100: PSNR(Y)=30.346, SSIM(Y)=0.9085
M109: PSNR(Y)=36.916, SSIM(Y)=0.9721
Epoch 95/150: Training loss=0.019141, lr=9.70e-04
Epoch 95/150: Validation loss=0.024326
Model saved! Best loss: 0.024326
Set5: PSNR(Y)=37.364, SSIM(Y)=0.9578
Set14: PSNR(Y)=32.955, SSIM(Y)=0.9111
B100: PSNR(Y)=31.703, SSIM(Y)=0.8933
U100: PSNR(Y)=30.348, SSIM(Y)=0.9085
M109: PSNR(Y)=36.917, SSIM(Y)=0.9721
Epoch 96/150: Training loss=0.019133, lr=9.43e-04
Epoch 96/150: Validation loss=0.024326
Model saved! Best loss: 0.024326
Set5: PSNR(Y)=37.365, SSIM(Y)=0.9578
Set14: PSNR(Y)=32.952, SSIM(Y)=0.9110
B100: PSNR(Y)=31.703, SSIM(Y)=0.8933
U100: PSNR(Y)=30.350, SSIM(Y)=0.9085
M109: PSNR(Y)=36.913, SSIM(Y)=0.9721
Epoch 97/150: Training loss=0.019133, lr=9.16e-04
Epoch 97/150: Validation loss=0.024322
Model saved! Best loss: 0.024322
Set5: PSNR(Y)=37.365, SSIM(Y)=0.9578
Set14: PSNR(Y)=32.953, SSIM(Y)=0.9111
B100: PSNR(Y)=31.703, SSIM(Y)=0.8933
U100: PSNR(Y)=30.350, SSIM(Y)=0.9086
M109: PSNR(Y)=36.917, SSIM(Y)=0.9721
Epoch 98/150: Training loss=0.019114, lr=8.89e-04
Epoch 98/150: Validation loss=0.024318
Model saved! Best loss: 0.024318
Set5: PSNR(Y)=37.363, SSIM(Y)=0.9578
Set14: PSNR(Y)=32.957, SSIM(Y)=0.9111
B100: PSNR(Y)=31.704, SSIM(Y)=0.8933
U100: PSNR(Y)=30.351, SSIM(Y)=0.9086
M109: PSNR(Y)=36.922, SSIM(Y)=0.9721
Epoch 99/150: Training loss=0.019113, lr=8.63e-04
Epoch 99/150: Validation loss=0.024316
Model saved! Best loss: 0.024316
Set5: PSNR(Y)=37.363, SSIM(Y)=0.9578
Set14: PSNR(Y)=32.958, SSIM(Y)=0.9111
B100: PSNR(Y)=31.705, SSIM(Y)=0.8934
U100: PSNR(Y)=30.353, SSIM(Y)=0.9086
M109: PSNR(Y)=36.920, SSIM(Y)=0.9721
Epoch 100/150: Training loss=0.019131, lr=8.37e-04
Epoch 100/150: Validation loss=0.024313
Model saved! Best loss: 0.024313
Set5: PSNR(Y)=37.363, SSIM(Y)=0.9578
Set14: PSNR(Y)=32.958, SSIM(Y)=0.9111
B100: PSNR(Y)=31.705, SSIM(Y)=0.8934
U100: PSNR(Y)=30.355, SSIM(Y)=0.9086
M109: PSNR(Y)=36.921, SSIM(Y)=0.9721
Epoch 101/150: Training loss=0.019117, lr=8.11e-04
Epoch 101/150: Validation loss=0.024312
Model saved! Best loss: 0.024312
Set5: PSNR(Y)=37.364, SSIM(Y)=0.9578
Set14: PSNR(Y)=32.959, SSIM(Y)=0.9111
B100: PSNR(Y)=31.705, SSIM(Y)=0.8934
U100: PSNR(Y)=30.354, SSIM(Y)=0.9086
M109: PSNR(Y)=36.923, SSIM(Y)=0.9721
Epoch 102/150: Training loss=0.019123, lr=7.85e-04
Epoch 102/150: Validation loss=0.024311
Model saved! Best loss: 0.024311
Set5: PSNR(Y)=37.363, SSIM(Y)=0.9578
Set14: PSNR(Y)=32.958, SSIM(Y)=0.9111
B100: PSNR(Y)=31.705, SSIM(Y)=0.8934
U100: PSNR(Y)=30.354, SSIM(Y)=0.9087
M109: PSNR(Y)=36.924, SSIM(Y)=0.9721
Epoch 103/150: Training loss=0.019135, lr=7.60e-04
Epoch 103/150: Validation loss=0.024307
Model saved! Best loss: 0.024307
Set5: PSNR(Y)=37.365, SSIM(Y)=0.9578
Set14: PSNR(Y)=32.956, SSIM(Y)=0.9111
B100: PSNR(Y)=31.705, SSIM(Y)=0.8934
U100: PSNR(Y)=30.357, SSIM(Y)=0.9087
M109: PSNR(Y)=36.925, SSIM(Y)=0.9721
Epoch 104/150: Training loss=0.019127, lr=7.34e-04
Epoch 104/150: Validation loss=0.024306
Model saved! Best loss: 0.024306
Set5: PSNR(Y)=37.367, SSIM(Y)=0.9578
Set14: PSNR(Y)=32.957, SSIM(Y)=0.9111
B100: PSNR(Y)=31.706, SSIM(Y)=0.8934
U100: PSNR(Y)=30.358, SSIM(Y)=0.9087
M109: PSNR(Y)=36.927, SSIM(Y)=0.9722
Epoch 105/150: Training loss=0.019119, lr=7.10e-04
Epoch 105/150: Validation loss=0.024302
Model saved! Best loss: 0.024302
Set5: PSNR(Y)=37.365, SSIM(Y)=0.9578
Set14: PSNR(Y)=32.956, SSIM(Y)=0.9112
B100: PSNR(Y)=31.706, SSIM(Y)=0.8934
U100: PSNR(Y)=30.360, SSIM(Y)=0.9087
M109: PSNR(Y)=36.927, SSIM(Y)=0.9722
Epoch 106/150: Training loss=0.019137, lr=6.85e-04
Epoch 106/150: Validation loss=0.024301
Model saved! Best loss: 0.024301
Set5: PSNR(Y)=37.364, SSIM(Y)=0.9578
Set14: PSNR(Y)=32.956, SSIM(Y)=0.9111
B100: PSNR(Y)=31.707, SSIM(Y)=0.8934
U100: PSNR(Y)=30.359, SSIM(Y)=0.9087
M109: PSNR(Y)=36.931, SSIM(Y)=0.9722
Epoch 107/150: Training loss=0.019131, lr=6.61e-04
Epoch 107/150: Validation loss=0.024299
Model saved! Best loss: 0.024299
Set5: PSNR(Y)=37.362, SSIM(Y)=0.9578
Set14: PSNR(Y)=32.956, SSIM(Y)=0.9111
B100: PSNR(Y)=31.707, SSIM(Y)=0.8934
U100: PSNR(Y)=30.360, SSIM(Y)=0.9087
M109: PSNR(Y)=36.933, SSIM(Y)=0.9722
Epoch 108/150: Training loss=0.019112, lr=6.37e-04
Epoch 108/150: Validation loss=0.024297
Model saved! Best loss: 0.024297
Set5: PSNR(Y)=37.364, SSIM(Y)=0.9578
Set14: PSNR(Y)=32.958, SSIM(Y)=0.9112
B100: PSNR(Y)=31.708, SSIM(Y)=0.8934
U100: PSNR(Y)=30.361, SSIM(Y)=0.9087
M109: PSNR(Y)=36.935, SSIM(Y)=0.9722
Epoch 109/150: Training loss=0.019110, lr=6.13e-04
Epoch 109/150: Validation loss=0.024296
Model saved! Best loss: 0.024296
Set5: PSNR(Y)=37.364, SSIM(Y)=0.9578
Set14: PSNR(Y)=32.958, SSIM(Y)=0.9112
B100: PSNR(Y)=31.708, SSIM(Y)=0.8934
U100: PSNR(Y)=30.363, SSIM(Y)=0.9087
M109: PSNR(Y)=36.931, SSIM(Y)=0.9722
Epoch 110/150: Training loss=0.019080, lr=5.90e-04
Epoch 110/150: Validation loss=0.024294
Model saved! Best loss: 0.024294
Set5: PSNR(Y)=37.365, SSIM(Y)=0.9579
Set14: PSNR(Y)=32.961, SSIM(Y)=0.9112
B100: PSNR(Y)=31.709, SSIM(Y)=0.8934
U100: PSNR(Y)=30.363, SSIM(Y)=0.9088
M109: PSNR(Y)=36.932, SSIM(Y)=0.9722
Epoch 111/150: Training loss=0.019143, lr=5.67e-04
Epoch 111/150: Validation loss=0.024291
Model saved! Best loss: 0.024291
Set5: PSNR(Y)=37.367, SSIM(Y)=0.9579
Set14: PSNR(Y)=32.963, SSIM(Y)=0.9112
B100: PSNR(Y)=31.709, SSIM(Y)=0.8934
U100: PSNR(Y)=30.365, SSIM(Y)=0.9088
M109: PSNR(Y)=36.932, SSIM(Y)=0.9722
Epoch 112/150: Training loss=0.019091, lr=5.45e-04
Epoch 112/150: Validation loss=0.024289
Model saved! Best loss: 0.024289
Set5: PSNR(Y)=37.366, SSIM(Y)=0.9578
Set14: PSNR(Y)=32.959, SSIM(Y)=0.9112
B100: PSNR(Y)=31.709, SSIM(Y)=0.8934
U100: PSNR(Y)=30.366, SSIM(Y)=0.9088
M109: PSNR(Y)=36.932, SSIM(Y)=0.9722
Epoch 113/150: Training loss=0.019148, lr=5.23e-04
Epoch 113/150: Validation loss=0.024289
Model saved! Best loss: 0.024289
Set5: PSNR(Y)=37.363, SSIM(Y)=0.9578
Set14: PSNR(Y)=32.958, SSIM(Y)=0.9112
B100: PSNR(Y)=31.709, SSIM(Y)=0.8934
U100: PSNR(Y)=30.367, SSIM(Y)=0.9088
M109: PSNR(Y)=36.931, SSIM(Y)=0.9722
Epoch 114/150: Training loss=0.019083, lr=5.01e-04
Epoch 114/150: Validation loss=0.024288
Model saved! Best loss: 0.024288
Set5: PSNR(Y)=37.365, SSIM(Y)=0.9579
Set14: PSNR(Y)=32.959, SSIM(Y)=0.9112
B100: PSNR(Y)=31.709, SSIM(Y)=0.8934
U100: PSNR(Y)=30.366, SSIM(Y)=0.9088
M109: PSNR(Y)=36.933, SSIM(Y)=0.9722
Epoch 115/150: Training loss=0.019114, lr=4.80e-04
Epoch 115/150: Validation loss=0.024288
Model saved! Best loss: 0.024288
Set5: PSNR(Y)=37.364, SSIM(Y)=0.9579
Set14: PSNR(Y)=32.958, SSIM(Y)=0.9112
B100: PSNR(Y)=31.709, SSIM(Y)=0.8934
U100: PSNR(Y)=30.367, SSIM(Y)=0.9088
M109: PSNR(Y)=36.933, SSIM(Y)=0.9722
Epoch 116/150: Training loss=0.019091, lr=4.60e-04
Epoch 116/150: Validation loss=0.024287
Model saved! Best loss: 0.024287
Set5: PSNR(Y)=37.363, SSIM(Y)=0.9579
Set14: PSNR(Y)=32.958, SSIM(Y)=0.9112
B100: PSNR(Y)=31.710, SSIM(Y)=0.8934
U100: PSNR(Y)=30.367, SSIM(Y)=0.9088
M109: PSNR(Y)=36.933, SSIM(Y)=0.9722
Epoch 117/150: Training loss=0.019106, lr=4.39e-04
Epoch 117/150: Validation loss=0.024285
Model saved! Best loss: 0.024285
Set5: PSNR(Y)=37.365, SSIM(Y)=0.9579
Set14: PSNR(Y)=32.958, SSIM(Y)=0.9112
B100: PSNR(Y)=31.710, SSIM(Y)=0.8935
U100: PSNR(Y)=30.368, SSIM(Y)=0.9088
M109: PSNR(Y)=36.934, SSIM(Y)=0.9722
Epoch 118/150: Training loss=0.019099, lr=4.20e-04
Epoch 118/150: Validation loss=0.024283
Model saved! Best loss: 0.024283
Set5: PSNR(Y)=37.366, SSIM(Y)=0.9579
Set14: PSNR(Y)=32.960, SSIM(Y)=0.9112
B100: PSNR(Y)=31.710, SSIM(Y)=0.8935
U100: PSNR(Y)=30.368, SSIM(Y)=0.9088
M109: PSNR(Y)=36.935, SSIM(Y)=0.9722
Epoch 119/150: Training loss=0.019113, lr=4.00e-04
Epoch 119/150: Validation loss=0.024283
Model saved! Best loss: 0.024283
Set5: PSNR(Y)=37.364, SSIM(Y)=0.9579
Set14: PSNR(Y)=32.959, SSIM(Y)=0.9112
B100: PSNR(Y)=31.710, SSIM(Y)=0.8935
U100: PSNR(Y)=30.369, SSIM(Y)=0.9088
M109: PSNR(Y)=36.934, SSIM(Y)=0.9722
Epoch 120/150: Training loss=0.019106, lr=3.81e-04
Epoch 120/150: Validation loss=0.024282
Model saved! Best loss: 0.024282
Set5: PSNR(Y)=37.363, SSIM(Y)=0.9579
Set14: PSNR(Y)=32.961, SSIM(Y)=0.9112
B100: PSNR(Y)=31.711, SSIM(Y)=0.8935
U100: PSNR(Y)=30.369, SSIM(Y)=0.9089
M109: PSNR(Y)=36.936, SSIM(Y)=0.9722
Epoch 121/150: Training loss=0.019088, lr=3.63e-04
Epoch 121/150: Validation loss=0.024281
Model saved! Best loss: 0.024281
Set5: PSNR(Y)=37.364, SSIM(Y)=0.9579
Set14: PSNR(Y)=32.960, SSIM(Y)=0.9112
B100: PSNR(Y)=31.711, SSIM(Y)=0.8935
U100: PSNR(Y)=30.370, SSIM(Y)=0.9089
M109: PSNR(Y)=36.936, SSIM(Y)=0.9722
Epoch 122/150: Training loss=0.019115, lr=3.45e-04
Epoch 122/150: Validation loss=0.024281
Epoch 123/150: Training loss=0.019100, lr=3.28e-04
Epoch 123/150: Validation loss=0.024279
Model saved! Best loss: 0.024279
Set5: PSNR(Y)=37.363, SSIM(Y)=0.9579
Set14: PSNR(Y)=32.959, SSIM(Y)=0.9112
B100: PSNR(Y)=31.711, SSIM(Y)=0.8935
U100: PSNR(Y)=30.371, SSIM(Y)=0.9089
M109: PSNR(Y)=36.937, SSIM(Y)=0.9722
Epoch 124/150: Training loss=0.019094, lr=3.11e-04
Epoch 124/150: Validation loss=0.024279
Epoch 125/150: Training loss=0.019098, lr=2.95e-04
Epoch 125/150: Validation loss=0.024278
Model saved! Best loss: 0.024278
Set5: PSNR(Y)=37.363, SSIM(Y)=0.9579
Set14: PSNR(Y)=32.960, SSIM(Y)=0.9112
B100: PSNR(Y)=31.711, SSIM(Y)=0.8935
U100: PSNR(Y)=30.371, SSIM(Y)=0.9089
M109: PSNR(Y)=36.938, SSIM(Y)=0.9722
Epoch 126/150: Training loss=0.019062, lr=2.79e-04
Epoch 126/150: Validation loss=0.024277
Model saved! Best loss: 0.024277
Set5: PSNR(Y)=37.363, SSIM(Y)=0.9579
Set14: PSNR(Y)=32.960, SSIM(Y)=0.9112
B100: PSNR(Y)=31.711, SSIM(Y)=0.8935
U100: PSNR(Y)=30.372, SSIM(Y)=0.9089
M109: PSNR(Y)=36.939, SSIM(Y)=0.9722
Epoch 127/150: Training loss=0.019117, lr=2.64e-04
Epoch 127/150: Validation loss=0.024277
Model saved! Best loss: 0.024277
Set5: PSNR(Y)=37.365, SSIM(Y)=0.9579
Set14: PSNR(Y)=32.961, SSIM(Y)=0.9112
B100: PSNR(Y)=31.711, SSIM(Y)=0.8935
U100: PSNR(Y)=30.372, SSIM(Y)=0.9089
M109: PSNR(Y)=36.939, SSIM(Y)=0.9722
Epoch 128/150: Training loss=0.019094, lr=2.49e-04
Epoch 128/150: Validation loss=0.024276
Model saved! Best loss: 0.024276
Set5: PSNR(Y)=37.365, SSIM(Y)=0.9579
Set14: PSNR(Y)=32.962, SSIM(Y)=0.9112
B100: PSNR(Y)=31.712, SSIM(Y)=0.8935
U100: PSNR(Y)=30.372, SSIM(Y)=0.9089
M109: PSNR(Y)=36.940, SSIM(Y)=0.9722
Epoch 129/150: Training loss=0.019066, lr=2.35e-04
Epoch 129/150: Validation loss=0.024275
Model saved! Best loss: 0.024275
Set5: PSNR(Y)=37.365, SSIM(Y)=0.9579
Set14: PSNR(Y)=32.962, SSIM(Y)=0.9112
B100: PSNR(Y)=31.712, SSIM(Y)=0.8935
U100: PSNR(Y)=30.373, SSIM(Y)=0.9089
M109: PSNR(Y)=36.942, SSIM(Y)=0.9722
Epoch 130/150: Training loss=0.019094, lr=2.22e-04
Epoch 130/150: Validation loss=0.024273
Model saved! Best loss: 0.024273
Set5: PSNR(Y)=37.363, SSIM(Y)=0.9579
Set14: PSNR(Y)=32.959, SSIM(Y)=0.9112
B100: PSNR(Y)=31.712, SSIM(Y)=0.8935
U100: PSNR(Y)=30.374, SSIM(Y)=0.9089
M109: PSNR(Y)=36.941, SSIM(Y)=0.9722
Epoch 131/150: Training loss=0.019112, lr=2.09e-04
Epoch 131/150: Validation loss=0.024272
Model saved! Best loss: 0.024272
Set5: PSNR(Y)=37.365, SSIM(Y)=0.9579
Set14: PSNR(Y)=32.959, SSIM(Y)=0.9112
B100: PSNR(Y)=31.712, SSIM(Y)=0.8935
U100: PSNR(Y)=30.374, SSIM(Y)=0.9089
M109: PSNR(Y)=36.942, SSIM(Y)=0.9722
Epoch 132/150: Training loss=0.019070, lr=1.96e-04
Epoch 132/150: Validation loss=0.024272
Model saved! Best loss: 0.024272
Set5: PSNR(Y)=37.365, SSIM(Y)=0.9579
Set14: PSNR(Y)=32.959, SSIM(Y)=0.9112
B100: PSNR(Y)=31.712, SSIM(Y)=0.8935
U100: PSNR(Y)=30.376, SSIM(Y)=0.9089
M109: PSNR(Y)=36.941, SSIM(Y)=0.9722
Epoch 133/150: Training loss=0.019090, lr=1.85e-04
Epoch 133/150: Validation loss=0.024271
Model saved! Best loss: 0.024271
Set5: PSNR(Y)=37.363, SSIM(Y)=0.9579
Set14: PSNR(Y)=32.960, SSIM(Y)=0.9112
B100: PSNR(Y)=31.712, SSIM(Y)=0.8935
U100: PSNR(Y)=30.376, SSIM(Y)=0.9089
M109: PSNR(Y)=36.942, SSIM(Y)=0.9722
Epoch 134/150: Training loss=0.019088, lr=1.73e-04
Epoch 134/150: Validation loss=0.024271
Epoch 135/150: Training loss=0.019083, lr=1.63e-04
Epoch 135/150: Validation loss=0.024271
Model saved! Best loss: 0.024271
Set5: PSNR(Y)=37.366, SSIM(Y)=0.9579
Set14: PSNR(Y)=32.961, SSIM(Y)=0.9113
B100: PSNR(Y)=31.712, SSIM(Y)=0.8935
U100: PSNR(Y)=30.374, SSIM(Y)=0.9089
M109: PSNR(Y)=36.944, SSIM(Y)=0.9722
Epoch 136/150: Training loss=0.019059, lr=1.53e-04
Epoch 136/150: Validation loss=0.024270
Model saved! Best loss: 0.024270
Set5: PSNR(Y)=37.367, SSIM(Y)=0.9579
Set14: PSNR(Y)=32.960, SSIM(Y)=0.9112
B100: PSNR(Y)=31.712, SSIM(Y)=0.8935
U100: PSNR(Y)=30.375, SSIM(Y)=0.9089
M109: PSNR(Y)=36.941, SSIM(Y)=0.9722
Epoch 137/150: Training loss=0.019073, lr=1.44e-04
Epoch 137/150: Validation loss=0.024270
Model saved! Best loss: 0.024270
Set5: PSNR(Y)=37.364, SSIM(Y)=0.9579
Set14: PSNR(Y)=32.962, SSIM(Y)=0.9112
B100: PSNR(Y)=31.713, SSIM(Y)=0.8935
U100: PSNR(Y)=30.376, SSIM(Y)=0.9089
M109: PSNR(Y)=36.940, SSIM(Y)=0.9722
Epoch 138/150: Training loss=0.019080, lr=1.35e-04
Epoch 138/150: Validation loss=0.024269
Model saved! Best loss: 0.024269
Set5: PSNR(Y)=37.364, SSIM(Y)=0.9579
Set14: PSNR(Y)=32.961, SSIM(Y)=0.9112
B100: PSNR(Y)=31.713, SSIM(Y)=0.8935
U100: PSNR(Y)=30.376, SSIM(Y)=0.9089
M109: PSNR(Y)=36.943, SSIM(Y)=0.9722
Epoch 139/150: Training loss=0.019083, lr=1.27e-04
Epoch 139/150: Validation loss=0.024268
Model saved! Best loss: 0.024268
Set5: PSNR(Y)=37.364, SSIM(Y)=0.9579
Set14: PSNR(Y)=32.960, SSIM(Y)=0.9112
B100: PSNR(Y)=31.713, SSIM(Y)=0.8935
U100: PSNR(Y)=30.376, SSIM(Y)=0.9090
M109: PSNR(Y)=36.941, SSIM(Y)=0.9722
Epoch 140/150: Training loss=0.019044, lr=1.19e-04
Epoch 140/150: Validation loss=0.024268
Model saved! Best loss: 0.024268
Set5: PSNR(Y)=37.364, SSIM(Y)=0.9579
Set14: PSNR(Y)=32.961, SSIM(Y)=0.9112
B100: PSNR(Y)=31.713, SSIM(Y)=0.8935
U100: PSNR(Y)=30.377, SSIM(Y)=0.9090
M109: PSNR(Y)=36.940, SSIM(Y)=0.9722
Epoch 141/150: Training loss=0.019084, lr=1.13e-04
Epoch 141/150: Validation loss=0.024268
Epoch 142/150: Training loss=0.019089, lr=1.06e-04
Epoch 142/150: Validation loss=0.024268
Epoch 143/150: Training loss=0.019079, lr=1.01e-04
Epoch 143/150: Validation loss=0.024268
Model saved! Best loss: 0.024268
Set5: PSNR(Y)=37.365, SSIM(Y)=0.9579
Set14: PSNR(Y)=32.962, SSIM(Y)=0.9112
B100: PSNR(Y)=31.713, SSIM(Y)=0.8935
U100: PSNR(Y)=30.376, SSIM(Y)=0.9090
M109: PSNR(Y)=36.941, SSIM(Y)=0.9722
Epoch 144/150: Training loss=0.019094, lr=9.60e-05
Epoch 144/150: Validation loss=0.024267
Model saved! Best loss: 0.024267
Set5: PSNR(Y)=37.365, SSIM(Y)=0.9579
Set14: PSNR(Y)=32.961, SSIM(Y)=0.9112
B100: PSNR(Y)=31.713, SSIM(Y)=0.8935
U100: PSNR(Y)=30.376, SSIM(Y)=0.9090
M109: PSNR(Y)=36.943, SSIM(Y)=0.9722
Epoch 145/150: Training loss=0.019084, lr=9.18e-05
Epoch 145/150: Validation loss=0.024266
Model saved! Best loss: 0.024266
Set5: PSNR(Y)=37.366, SSIM(Y)=0.9579
Set14: PSNR(Y)=32.962, SSIM(Y)=0.9113
B100: PSNR(Y)=31.713, SSIM(Y)=0.8935
U100: PSNR(Y)=30.376, SSIM(Y)=0.9090
M109: PSNR(Y)=36.943, SSIM(Y)=0.9722
Epoch 146/150: Training loss=0.019082, lr=8.82e-05
Epoch 146/150: Validation loss=0.024267
Epoch 147/150: Training loss=0.019050, lr=8.52e-05
Epoch 147/150: Validation loss=0.024267
Epoch 148/150: Training loss=0.019106, lr=8.29e-05
Epoch 148/150: Validation loss=0.024266
Model saved! Best loss: 0.024266
Set5: PSNR(Y)=37.366, SSIM(Y)=0.9579
Set14: PSNR(Y)=32.960, SSIM(Y)=0.9113
B100: PSNR(Y)=31.713, SSIM(Y)=0.8935
U100: PSNR(Y)=30.377, SSIM(Y)=0.9090
M109: PSNR(Y)=36.943, SSIM(Y)=0.9722
Epoch 149/150: Training loss=0.019065, lr=8.13e-05
Epoch 149/150: Validation loss=0.024266
Epoch 150/150: Training loss=0.019094, lr=8.03e-05
Epoch 150/150: Validation loss=0.024267
==================================================
Training Finished
==================================================
==================================================
Testing Best Model
==================================================
Set5: PSNR(Y)=37.366, SSIM(Y)=0.9579
Set14: PSNR(Y)=32.960, SSIM(Y)=0.9113
B100: PSNR(Y)=31.713, SSIM(Y)=0.8935
U100: PSNR(Y)=30.377, SSIM(Y)=0.9090
M109: PSNR(Y)=36.943, SSIM(Y)=0.9722
==================================================
Testing Bicubic Interpolation
==================================================
Set5: PSNR(Y)=33.977, SSIM(Y)=0.9330
Set14: PSNR(Y)=30.539, SSIM(Y)=0.8748
B100: PSNR(Y)=29.707, SSIM(Y)=0.8490
U100: PSNR(Y)=27.063, SSIM(Y)=0.8451
M109: PSNR(Y)=31.213, SSIM(Y)=0.9382
