使用设备: cuda
Full path: 32ch; subnet path: 16ch; blocks: 5
模型总参数量: 24,683
==================================================
Training Started
==================================================
实验名称: FSRCNN_x4_0806_1601
放大倍数: 4
批次大小: 64
学习率: 0.0025
最小学习率: 8e-05
训练轮数: 200
设备: cuda
模型参数数量: 24,683
训练批次: 1110
==================================================
Begin Training
Epoch 1/200: Training loss=0.110711, lr=3.00e-04
Epoch 1/200: Validation combined_loss=0.091925
Validation configuration losses: 32ch=0.091925
Set5/32ch: PSNR(Y)=24.408, SSIM(Y)=0.6756
Set14/32ch: PSNR(Y)=23.270, SSIM(Y)=0.5867
B100/32ch: PSNR(Y)=23.973, SSIM(Y)=0.5634
U100/32ch: PSNR(Y)=21.281, SSIM(Y)=0.5322
M109/32ch: PSNR(Y)=21.573, SSIM(Y)=0.6531
Model saved! Best loss: 0.091925
Epoch 2/200: Training loss=0.065807, lr=4.10e-04
Epoch 2/200: Validation combined_loss=0.082238
Validation configuration losses: 32ch=0.082238
Set5/32ch: PSNR(Y)=24.199, SSIM(Y)=0.7167
Set14/32ch: PSNR(Y)=22.810, SSIM(Y)=0.6206
B100/32ch: PSNR(Y)=24.238, SSIM(Y)=0.5966
U100/32ch: PSNR(Y)=21.833, SSIM(Y)=0.5753
M109/32ch: PSNR(Y)=21.196, SSIM(Y)=0.6862
Model saved! Best loss: 0.082238
Epoch 3/200: Training loss=0.060994, lr=5.20e-04
Epoch 3/200: Validation combined_loss=0.078605
Validation configuration losses: 32ch=0.078605
Set5/32ch: PSNR(Y)=24.504, SSIM(Y)=0.7420
Set14/32ch: PSNR(Y)=22.991, SSIM(Y)=0.6447
B100/32ch: PSNR(Y)=24.520, SSIM(Y)=0.6201
U100/32ch: PSNR(Y)=22.201, SSIM(Y)=0.6030
M109/32ch: PSNR(Y)=21.426, SSIM(Y)=0.7115
Model saved! Best loss: 0.078605
Epoch 4/200: Training loss=0.057649, lr=6.30e-04
Epoch 4/200: Validation combined_loss=0.075561
Validation configuration losses: 32ch=0.075561
Set5/32ch: PSNR(Y)=24.778, SSIM(Y)=0.7637
Set14/32ch: PSNR(Y)=23.158, SSIM(Y)=0.6663
B100/32ch: PSNR(Y)=24.787, SSIM(Y)=0.6418
U100/32ch: PSNR(Y)=22.502, SSIM(Y)=0.6259
M109/32ch: PSNR(Y)=21.596, SSIM(Y)=0.7322
Model saved! Best loss: 0.075561
Epoch 5/200: Training loss=0.054056, lr=7.40e-04
Epoch 5/200: Validation combined_loss=0.072204
Validation configuration losses: 32ch=0.072204
Set5/32ch: PSNR(Y)=25.556, SSIM(Y)=0.7832
Set14/32ch: PSNR(Y)=23.639, SSIM(Y)=0.6842
B100/32ch: PSNR(Y)=25.020, SSIM(Y)=0.6602
U100/32ch: PSNR(Y)=22.798, SSIM(Y)=0.6453
M109/32ch: PSNR(Y)=22.106, SSIM(Y)=0.7472
Model saved! Best loss: 0.072204
Epoch 6/200: Training loss=0.047107, lr=8.50e-04
Epoch 6/200: Validation combined_loss=0.062737
Validation configuration losses: 32ch=0.062737
Set5/32ch: PSNR(Y)=27.769, SSIM(Y)=0.8040
Set14/32ch: PSNR(Y)=25.527, SSIM(Y)=0.7034
B100/32ch: PSNR(Y)=25.912, SSIM(Y)=0.6739
U100/32ch: PSNR(Y)=23.244, SSIM(Y)=0.6612
M109/32ch: PSNR(Y)=24.268, SSIM(Y)=0.7684
Model saved! Best loss: 0.062737
Epoch 7/200: Training loss=0.045532, lr=9.60e-04
Epoch 7/200: Validation combined_loss=0.058758
Validation configuration losses: 32ch=0.058758
Set5/32ch: PSNR(Y)=28.578, SSIM(Y)=0.8145
Set14/32ch: PSNR(Y)=26.214, SSIM(Y)=0.7154
B100/32ch: PSNR(Y)=26.162, SSIM(Y)=0.6831
U100/32ch: PSNR(Y)=23.430, SSIM(Y)=0.6709
M109/32ch: PSNR(Y)=24.936, SSIM(Y)=0.7815
Model saved! Best loss: 0.058758
Epoch 8/200: Training loss=0.044207, lr=1.07e-03
Epoch 8/200: Validation combined_loss=0.057178
Validation configuration losses: 32ch=0.057178
Set5/32ch: PSNR(Y)=28.839, SSIM(Y)=0.8190
Set14/32ch: PSNR(Y)=26.402, SSIM(Y)=0.7202
B100/32ch: PSNR(Y)=26.252, SSIM(Y)=0.6874
U100/32ch: PSNR(Y)=23.510, SSIM(Y)=0.6751
M109/32ch: PSNR(Y)=25.167, SSIM(Y)=0.7871
Model saved! Best loss: 0.057178
Epoch 9/200: Training loss=0.043448, lr=1.18e-03
Epoch 9/200: Validation combined_loss=0.056271
Validation configuration losses: 32ch=0.056271
Set5/32ch: PSNR(Y)=28.966, SSIM(Y)=0.8218
Set14/32ch: PSNR(Y)=26.486, SSIM(Y)=0.7228
B100/32ch: PSNR(Y)=26.297, SSIM(Y)=0.6900
U100/32ch: PSNR(Y)=23.554, SSIM(Y)=0.6775
M109/32ch: PSNR(Y)=25.302, SSIM(Y)=0.7907
Model saved! Best loss: 0.056271
Epoch 10/200: Training loss=0.043210, lr=1.29e-03
Epoch 10/200: Validation combined_loss=0.055562
Validation configuration losses: 32ch=0.055562
Set5/32ch: PSNR(Y)=29.044, SSIM(Y)=0.8240
Set14/32ch: PSNR(Y)=26.541, SSIM(Y)=0.7247
B100/32ch: PSNR(Y)=26.327, SSIM(Y)=0.6918
U100/32ch: PSNR(Y)=23.584, SSIM(Y)=0.6791
M109/32ch: PSNR(Y)=25.399, SSIM(Y)=0.7937
Model saved! Best loss: 0.055562
Epoch 11/200: Training loss=0.042754, lr=1.40e-03
Epoch 11/200: Validation combined_loss=0.054936
Validation configuration losses: 32ch=0.054936
Set5/32ch: PSNR(Y)=29.127, SSIM(Y)=0.8257
Set14/32ch: PSNR(Y)=26.591, SSIM(Y)=0.7260
B100/32ch: PSNR(Y)=26.351, SSIM(Y)=0.6929
U100/32ch: PSNR(Y)=23.609, SSIM(Y)=0.6802
M109/32ch: PSNR(Y)=25.474, SSIM(Y)=0.7956
Model saved! Best loss: 0.054936
Epoch 12/200: Training loss=0.042480, lr=1.51e-03
Epoch 12/200: Validation combined_loss=0.054506
Validation configuration losses: 32ch=0.054506
Set5/32ch: PSNR(Y)=29.201, SSIM(Y)=0.8271
Set14/32ch: PSNR(Y)=26.628, SSIM(Y)=0.7268
B100/32ch: PSNR(Y)=26.367, SSIM(Y)=0.6937
U100/32ch: PSNR(Y)=23.628, SSIM(Y)=0.6809
M109/32ch: PSNR(Y)=25.524, SSIM(Y)=0.7966
Model saved! Best loss: 0.054506
Epoch 13/200: Training loss=0.042113, lr=1.62e-03
Epoch 13/200: Validation combined_loss=0.054216
Validation configuration losses: 32ch=0.054216
Set5/32ch: PSNR(Y)=29.254, SSIM(Y)=0.8283
Set14/32ch: PSNR(Y)=26.654, SSIM(Y)=0.7275
B100/32ch: PSNR(Y)=26.378, SSIM(Y)=0.6943
U100/32ch: PSNR(Y)=23.644, SSIM(Y)=0.6815
M109/32ch: PSNR(Y)=25.565, SSIM(Y)=0.7975
Model saved! Best loss: 0.054216
Epoch 14/200: Training loss=0.041739, lr=1.73e-03
Epoch 14/200: Validation combined_loss=0.054039
Validation configuration losses: 32ch=0.054039
Set5/32ch: PSNR(Y)=29.302, SSIM(Y)=0.8297
Set14/32ch: PSNR(Y)=26.676, SSIM(Y)=0.7283
B100/32ch: PSNR(Y)=26.385, SSIM(Y)=0.6949
U100/32ch: PSNR(Y)=23.659, SSIM(Y)=0.6824
M109/32ch: PSNR(Y)=25.604, SSIM(Y)=0.7989
Model saved! Best loss: 0.054039
Epoch 15/200: Training loss=0.041391, lr=1.84e-03
Epoch 15/200: Validation combined_loss=0.053718
Validation configuration losses: 32ch=0.053718
Set5/32ch: PSNR(Y)=29.352, SSIM(Y)=0.8312
Set14/32ch: PSNR(Y)=26.703, SSIM(Y)=0.7292
B100/32ch: PSNR(Y)=26.400, SSIM(Y)=0.6956
U100/32ch: PSNR(Y)=23.680, SSIM(Y)=0.6834
M109/32ch: PSNR(Y)=25.652, SSIM(Y)=0.8006
Model saved! Best loss: 0.053718
Epoch 16/200: Training loss=0.041185, lr=1.95e-03
Epoch 16/200: Validation combined_loss=0.053317
Validation configuration losses: 32ch=0.053317
Set5/32ch: PSNR(Y)=29.419, SSIM(Y)=0.8330
Set14/32ch: PSNR(Y)=26.743, SSIM(Y)=0.7304
B100/32ch: PSNR(Y)=26.422, SSIM(Y)=0.6963
U100/32ch: PSNR(Y)=23.710, SSIM(Y)=0.6847
M109/32ch: PSNR(Y)=25.713, SSIM(Y)=0.8028
Model saved! Best loss: 0.053317
Epoch 17/200: Training loss=0.041082, lr=2.06e-03
Epoch 17/200: Validation combined_loss=0.053017
Validation configuration losses: 32ch=0.053017
Set5/32ch: PSNR(Y)=29.498, SSIM(Y)=0.8350
Set14/32ch: PSNR(Y)=26.791, SSIM(Y)=0.7317
B100/32ch: PSNR(Y)=26.449, SSIM(Y)=0.6973
U100/32ch: PSNR(Y)=23.747, SSIM(Y)=0.6862
M109/32ch: PSNR(Y)=25.783, SSIM(Y)=0.8052
Model saved! Best loss: 0.053017
Epoch 18/200: Training loss=0.040268, lr=2.17e-03
Epoch 18/200: Validation combined_loss=0.052349
Validation configuration losses: 32ch=0.052349
Set5/32ch: PSNR(Y)=29.603, SSIM(Y)=0.8379
Set14/32ch: PSNR(Y)=26.860, SSIM(Y)=0.7336
B100/32ch: PSNR(Y)=26.487, SSIM(Y)=0.6983
U100/32ch: PSNR(Y)=23.793, SSIM(Y)=0.6886
M109/32ch: PSNR(Y)=25.895, SSIM(Y)=0.8089
Model saved! Best loss: 0.052349
Epoch 19/200: Training loss=0.040608, lr=2.28e-03
Epoch 19/200: Validation combined_loss=0.052111
Validation configuration losses: 32ch=0.052111
Set5/32ch: PSNR(Y)=29.677, SSIM(Y)=0.8404
Set14/32ch: PSNR(Y)=26.910, SSIM(Y)=0.7352
B100/32ch: PSNR(Y)=26.511, SSIM(Y)=0.6991
U100/32ch: PSNR(Y)=23.832, SSIM(Y)=0.6906
M109/32ch: PSNR(Y)=25.975, SSIM(Y)=0.8119
Model saved! Best loss: 0.052111
Epoch 20/200: Training loss=0.039849, lr=2.39e-03
Epoch 20/200: Validation combined_loss=0.051734
Validation configuration losses: 32ch=0.051734
Set5/32ch: PSNR(Y)=29.756, SSIM(Y)=0.8430
Set14/32ch: PSNR(Y)=26.965, SSIM(Y)=0.7368
B100/32ch: PSNR(Y)=26.537, SSIM(Y)=0.7000
U100/32ch: PSNR(Y)=23.875, SSIM(Y)=0.6932
M109/32ch: PSNR(Y)=26.075, SSIM(Y)=0.8155
Model saved! Best loss: 0.051734
Epoch 21/200: Training loss=0.040030, lr=2.50e-03
Epoch 21/200: Validation combined_loss=0.051562
Validation configuration losses: 32ch=0.051562
Set5/32ch: PSNR(Y)=29.813, SSIM(Y)=0.8449
Set14/32ch: PSNR(Y)=27.008, SSIM(Y)=0.7379
B100/32ch: PSNR(Y)=26.559, SSIM(Y)=0.7007
U100/32ch: PSNR(Y)=23.908, SSIM(Y)=0.6948
M109/32ch: PSNR(Y)=26.145, SSIM(Y)=0.8184
Model saved! Best loss: 0.051562
Epoch 22/200: Training loss=0.039639, lr=2.50e-03
Epoch 22/200: Validation combined_loss=0.051301
Validation configuration losses: 32ch=0.051301
Set5/32ch: PSNR(Y)=29.858, SSIM(Y)=0.8463
Set14/32ch: PSNR(Y)=27.043, SSIM(Y)=0.7390
B100/32ch: PSNR(Y)=26.579, SSIM(Y)=0.7014
U100/32ch: PSNR(Y)=23.939, SSIM(Y)=0.6962
M109/32ch: PSNR(Y)=26.217, SSIM(Y)=0.8209
Model saved! Best loss: 0.051301
Epoch 23/200: Training loss=0.038991, lr=2.50e-03
Epoch 23/200: Validation combined_loss=0.050714
Validation configuration losses: 32ch=0.050714
Set5/32ch: PSNR(Y)=29.931, SSIM(Y)=0.8482
Set14/32ch: PSNR(Y)=27.092, SSIM(Y)=0.7403
B100/32ch: PSNR(Y)=26.609, SSIM(Y)=0.7022
U100/32ch: PSNR(Y)=23.975, SSIM(Y)=0.6983
M109/32ch: PSNR(Y)=26.320, SSIM(Y)=0.8239
Model saved! Best loss: 0.050714
Epoch 24/200: Training loss=0.039066, lr=2.50e-03
Epoch 24/200: Validation combined_loss=0.050442
Validation configuration losses: 32ch=0.050442
Set5/32ch: PSNR(Y)=29.976, SSIM(Y)=0.8496
Set14/32ch: PSNR(Y)=27.125, SSIM(Y)=0.7413
B100/32ch: PSNR(Y)=26.630, SSIM(Y)=0.7029
U100/32ch: PSNR(Y)=24.003, SSIM(Y)=0.6998
M109/32ch: PSNR(Y)=26.382, SSIM(Y)=0.8259
Model saved! Best loss: 0.050442
Epoch 25/200: Training loss=0.038814, lr=2.50e-03
Epoch 25/200: Validation combined_loss=0.050038
Validation configuration losses: 32ch=0.050038
Set5/32ch: PSNR(Y)=30.019, SSIM(Y)=0.8505
Set14/32ch: PSNR(Y)=27.162, SSIM(Y)=0.7423
B100/32ch: PSNR(Y)=26.654, SSIM(Y)=0.7037
U100/32ch: PSNR(Y)=24.034, SSIM(Y)=0.7014
M109/32ch: PSNR(Y)=26.463, SSIM(Y)=0.8282
Model saved! Best loss: 0.050038
Epoch 26/200: Training loss=0.038608, lr=2.50e-03
Epoch 26/200: Validation combined_loss=0.049682
Validation configuration losses: 32ch=0.049682
Set5/32ch: PSNR(Y)=30.062, SSIM(Y)=0.8518
Set14/32ch: PSNR(Y)=27.197, SSIM(Y)=0.7434
B100/32ch: PSNR(Y)=26.674, SSIM(Y)=0.7044
U100/32ch: PSNR(Y)=24.063, SSIM(Y)=0.7030
M109/32ch: PSNR(Y)=26.536, SSIM(Y)=0.8304
Model saved! Best loss: 0.049682
Epoch 27/200: Training loss=0.038513, lr=2.49e-03
Epoch 27/200: Validation combined_loss=0.049352
Validation configuration losses: 32ch=0.049352
Set5/32ch: PSNR(Y)=30.098, SSIM(Y)=0.8530
Set14/32ch: PSNR(Y)=27.230, SSIM(Y)=0.7444
B100/32ch: PSNR(Y)=26.693, SSIM(Y)=0.7051
U100/32ch: PSNR(Y)=24.091, SSIM(Y)=0.7048
M109/32ch: PSNR(Y)=26.609, SSIM(Y)=0.8328
Model saved! Best loss: 0.049352
Epoch 28/200: Training loss=0.038320, lr=2.49e-03
Epoch 28/200: Validation combined_loss=0.049056
Validation configuration losses: 32ch=0.049056
Set5/32ch: PSNR(Y)=30.131, SSIM(Y)=0.8542
Set14/32ch: PSNR(Y)=27.262, SSIM(Y)=0.7454
B100/32ch: PSNR(Y)=26.711, SSIM(Y)=0.7057
U100/32ch: PSNR(Y)=24.117, SSIM(Y)=0.7064
M109/32ch: PSNR(Y)=26.677, SSIM(Y)=0.8350
Model saved! Best loss: 0.049056
Epoch 29/200: Training loss=0.038252, lr=2.49e-03
Epoch 29/200: Validation combined_loss=0.048871
Validation configuration losses: 32ch=0.048871
Set5/32ch: PSNR(Y)=30.164, SSIM(Y)=0.8552
Set14/32ch: PSNR(Y)=27.288, SSIM(Y)=0.7462
B100/32ch: PSNR(Y)=26.723, SSIM(Y)=0.7061
U100/32ch: PSNR(Y)=24.139, SSIM(Y)=0.7076
M109/32ch: PSNR(Y)=26.734, SSIM(Y)=0.8367
Model saved! Best loss: 0.048871
Epoch 30/200: Training loss=0.038262, lr=2.49e-03
Epoch 30/200: Validation combined_loss=0.048770
Validation configuration losses: 32ch=0.048770
Set5/32ch: PSNR(Y)=30.191, SSIM(Y)=0.8560
Set14/32ch: PSNR(Y)=27.305, SSIM(Y)=0.7467
B100/32ch: PSNR(Y)=26.732, SSIM(Y)=0.7064
U100/32ch: PSNR(Y)=24.157, SSIM(Y)=0.7085
M109/32ch: PSNR(Y)=26.776, SSIM(Y)=0.8378
Model saved! Best loss: 0.048770
Epoch 31/200: Training loss=0.037830, lr=2.48e-03
Epoch 31/200: Validation combined_loss=0.048593
Validation configuration losses: 32ch=0.048593
Set5/32ch: PSNR(Y)=30.220, SSIM(Y)=0.8569
Set14/32ch: PSNR(Y)=27.324, SSIM(Y)=0.7473
B100/32ch: PSNR(Y)=26.744, SSIM(Y)=0.7069
U100/32ch: PSNR(Y)=24.176, SSIM(Y)=0.7096
M109/32ch: PSNR(Y)=26.829, SSIM(Y)=0.8394
Model saved! Best loss: 0.048593
Epoch 32/200: Training loss=0.037796, lr=2.48e-03
Epoch 32/200: Validation combined_loss=0.048441
Validation configuration losses: 32ch=0.048441
Set5/32ch: PSNR(Y)=30.244, SSIM(Y)=0.8575
Set14/32ch: PSNR(Y)=27.338, SSIM(Y)=0.7478
B100/32ch: PSNR(Y)=26.754, SSIM(Y)=0.7073
U100/32ch: PSNR(Y)=24.193, SSIM(Y)=0.7105
M109/32ch: PSNR(Y)=26.875, SSIM(Y)=0.8405
Model saved! Best loss: 0.048441
Epoch 33/200: Training loss=0.037939, lr=2.47e-03
Epoch 33/200: Validation combined_loss=0.048365
Validation configuration losses: 32ch=0.048365
Set5/32ch: PSNR(Y)=30.260, SSIM(Y)=0.8580
Set14/32ch: PSNR(Y)=27.351, SSIM(Y)=0.7483
B100/32ch: PSNR(Y)=26.761, SSIM(Y)=0.7076
U100/32ch: PSNR(Y)=24.208, SSIM(Y)=0.7112
M109/32ch: PSNR(Y)=26.911, SSIM(Y)=0.8416
Model saved! Best loss: 0.048365
Epoch 34/200: Training loss=0.037868, lr=2.47e-03
Epoch 34/200: Validation combined_loss=0.048270
Validation configuration losses: 32ch=0.048270
Set5/32ch: PSNR(Y)=30.273, SSIM(Y)=0.8583
Set14/32ch: PSNR(Y)=27.363, SSIM(Y)=0.7486
B100/32ch: PSNR(Y)=26.767, SSIM(Y)=0.7078
U100/32ch: PSNR(Y)=24.222, SSIM(Y)=0.7120
M109/32ch: PSNR(Y)=26.946, SSIM(Y)=0.8426
Model saved! Best loss: 0.048270
Epoch 35/200: Training loss=0.037606, lr=2.46e-03
Epoch 35/200: Validation combined_loss=0.048162
Validation configuration losses: 32ch=0.048162
Set5/32ch: PSNR(Y)=30.290, SSIM(Y)=0.8588
Set14/32ch: PSNR(Y)=27.378, SSIM(Y)=0.7490
B100/32ch: PSNR(Y)=26.774, SSIM(Y)=0.7081
U100/32ch: PSNR(Y)=24.236, SSIM(Y)=0.7127
M109/32ch: PSNR(Y)=26.980, SSIM(Y)=0.8435
Model saved! Best loss: 0.048162
Epoch 36/200: Training loss=0.037643, lr=2.46e-03
Epoch 36/200: Validation combined_loss=0.048064
Validation configuration losses: 32ch=0.048064
Set5/32ch: PSNR(Y)=30.309, SSIM(Y)=0.8593
Set14/32ch: PSNR(Y)=27.391, SSIM(Y)=0.7493
B100/32ch: PSNR(Y)=26.780, SSIM(Y)=0.7083
U100/32ch: PSNR(Y)=24.250, SSIM(Y)=0.7134
M109/32ch: PSNR(Y)=27.014, SSIM(Y)=0.8446
Model saved! Best loss: 0.048064
Epoch 37/200: Training loss=0.037553, lr=2.45e-03
Epoch 37/200: Validation combined_loss=0.047960
Validation configuration losses: 32ch=0.047960
Set5/32ch: PSNR(Y)=30.327, SSIM(Y)=0.8599
Set14/32ch: PSNR(Y)=27.405, SSIM(Y)=0.7498
B100/32ch: PSNR(Y)=26.787, SSIM(Y)=0.7085
U100/32ch: PSNR(Y)=24.264, SSIM(Y)=0.7141
M109/32ch: PSNR(Y)=27.047, SSIM(Y)=0.8455
Model saved! Best loss: 0.047960
Epoch 38/200: Training loss=0.037319, lr=2.45e-03
Epoch 38/200: Validation combined_loss=0.047832
Validation configuration losses: 32ch=0.047832
Set5/32ch: PSNR(Y)=30.348, SSIM(Y)=0.8606
Set14/32ch: PSNR(Y)=27.418, SSIM(Y)=0.7502
B100/32ch: PSNR(Y)=26.796, SSIM(Y)=0.7089
U100/32ch: PSNR(Y)=24.275, SSIM(Y)=0.7147
M109/32ch: PSNR(Y)=27.078, SSIM(Y)=0.8464
Model saved! Best loss: 0.047832
Epoch 39/200: Training loss=0.037362, lr=2.44e-03
Epoch 39/200: Validation combined_loss=0.047809
Validation configuration losses: 32ch=0.047809
Set5/32ch: PSNR(Y)=30.358, SSIM(Y)=0.8610
Set14/32ch: PSNR(Y)=27.423, SSIM(Y)=0.7504
B100/32ch: PSNR(Y)=26.799, SSIM(Y)=0.7090
U100/32ch: PSNR(Y)=24.279, SSIM(Y)=0.7150
M109/32ch: PSNR(Y)=27.080, SSIM(Y)=0.8468
Model saved! Best loss: 0.047809
Epoch 40/200: Training loss=0.037363, lr=2.43e-03
Epoch 40/200: Validation combined_loss=0.047791
Validation configuration losses: 32ch=0.047791
Set5/32ch: PSNR(Y)=30.366, SSIM(Y)=0.8612
Set14/32ch: PSNR(Y)=27.427, SSIM(Y)=0.7506
B100/32ch: PSNR(Y)=26.801, SSIM(Y)=0.7091
U100/32ch: PSNR(Y)=24.285, SSIM(Y)=0.7153
M109/32ch: PSNR(Y)=27.095, SSIM(Y)=0.8472
Model saved! Best loss: 0.047791
Epoch 41/200: Training loss=0.037257, lr=2.43e-03
Epoch 41/200: Validation combined_loss=0.047726
Validation configuration losses: 32ch=0.047726
Set5/32ch: PSNR(Y)=30.368, SSIM(Y)=0.8613
Set14/32ch: PSNR(Y)=27.433, SSIM(Y)=0.7509
B100/32ch: PSNR(Y)=26.806, SSIM(Y)=0.7093
U100/32ch: PSNR(Y)=24.292, SSIM(Y)=0.7157
M109/32ch: PSNR(Y)=27.113, SSIM(Y)=0.8478
Model saved! Best loss: 0.047726
Epoch 42/200: Training loss=0.037164, lr=2.42e-03
Epoch 42/200: Validation combined_loss=0.047654
Validation configuration losses: 32ch=0.047654
Set5/32ch: PSNR(Y)=30.371, SSIM(Y)=0.8614
Set14/32ch: PSNR(Y)=27.438, SSIM(Y)=0.7510
B100/32ch: PSNR(Y)=26.811, SSIM(Y)=0.7094
U100/32ch: PSNR(Y)=24.298, SSIM(Y)=0.7161
M109/32ch: PSNR(Y)=27.126, SSIM(Y)=0.8482
Model saved! Best loss: 0.047654
Epoch 43/200: Training loss=0.037218, lr=2.41e-03
Epoch 43/200: Validation combined_loss=0.047615
Validation configuration losses: 32ch=0.047615
Set5/32ch: PSNR(Y)=30.377, SSIM(Y)=0.8617
Set14/32ch: PSNR(Y)=27.444, SSIM(Y)=0.7513
B100/32ch: PSNR(Y)=26.815, SSIM(Y)=0.7097
U100/32ch: PSNR(Y)=24.305, SSIM(Y)=0.7164
M109/32ch: PSNR(Y)=27.140, SSIM(Y)=0.8486
Model saved! Best loss: 0.047615
Epoch 44/200: Training loss=0.036970, lr=2.40e-03
Epoch 44/200: Validation combined_loss=0.047528
Validation configuration losses: 32ch=0.047528
Set5/32ch: PSNR(Y)=30.383, SSIM(Y)=0.8619
Set14/32ch: PSNR(Y)=27.449, SSIM(Y)=0.7515
B100/32ch: PSNR(Y)=26.820, SSIM(Y)=0.7099
U100/32ch: PSNR(Y)=24.314, SSIM(Y)=0.7169
M109/32ch: PSNR(Y)=27.166, SSIM(Y)=0.8493
Model saved! Best loss: 0.047528
Epoch 45/200: Training loss=0.037194, lr=2.40e-03
Epoch 45/200: Validation combined_loss=0.047521
Validation configuration losses: 32ch=0.047521
Set5/32ch: PSNR(Y)=30.382, SSIM(Y)=0.8620
Set14/32ch: PSNR(Y)=27.451, SSIM(Y)=0.7516
B100/32ch: PSNR(Y)=26.822, SSIM(Y)=0.7100
U100/32ch: PSNR(Y)=24.320, SSIM(Y)=0.7172
M109/32ch: PSNR(Y)=27.179, SSIM(Y)=0.8497
Model saved! Best loss: 0.047521
Epoch 46/200: Training loss=0.037131, lr=2.39e-03
Epoch 46/200: Validation combined_loss=0.047426
Validation configuration losses: 32ch=0.047426
Set5/32ch: PSNR(Y)=30.397, SSIM(Y)=0.8623
Set14/32ch: PSNR(Y)=27.461, SSIM(Y)=0.7519
B100/32ch: PSNR(Y)=26.829, SSIM(Y)=0.7102
U100/32ch: PSNR(Y)=24.330, SSIM(Y)=0.7176
M109/32ch: PSNR(Y)=27.205, SSIM(Y)=0.8503
Model saved! Best loss: 0.047426
Epoch 47/200: Training loss=0.037067, lr=2.38e-03
Epoch 47/200: Validation combined_loss=0.047375
Validation configuration losses: 32ch=0.047375
Set5/32ch: PSNR(Y)=30.410, SSIM(Y)=0.8625
Set14/32ch: PSNR(Y)=27.469, SSIM(Y)=0.7520
B100/32ch: PSNR(Y)=26.832, SSIM(Y)=0.7103
U100/32ch: PSNR(Y)=24.335, SSIM(Y)=0.7178
M109/32ch: PSNR(Y)=27.221, SSIM(Y)=0.8507
Model saved! Best loss: 0.047375
Epoch 48/200: Training loss=0.036968, lr=2.37e-03
Epoch 48/200: Validation combined_loss=0.047316
Validation configuration losses: 32ch=0.047316
Set5/32ch: PSNR(Y)=30.416, SSIM(Y)=0.8627
Set14/32ch: PSNR(Y)=27.476, SSIM(Y)=0.7522
B100/32ch: PSNR(Y)=26.836, SSIM(Y)=0.7104
U100/32ch: PSNR(Y)=24.343, SSIM(Y)=0.7181
M109/32ch: PSNR(Y)=27.244, SSIM(Y)=0.8512
Model saved! Best loss: 0.047316
Epoch 49/200: Training loss=0.036955, lr=2.36e-03
Epoch 49/200: Validation combined_loss=0.047272
Validation configuration losses: 32ch=0.047272
Set5/32ch: PSNR(Y)=30.424, SSIM(Y)=0.8630
Set14/32ch: PSNR(Y)=27.485, SSIM(Y)=0.7524
B100/32ch: PSNR(Y)=26.840, SSIM(Y)=0.7105
U100/32ch: PSNR(Y)=24.350, SSIM(Y)=0.7184
M109/32ch: PSNR(Y)=27.264, SSIM(Y)=0.8516
Model saved! Best loss: 0.047272
Epoch 50/200: Training loss=0.036762, lr=2.35e-03
Epoch 50/200: Validation combined_loss=0.047212
Validation configuration losses: 32ch=0.047212
Set5/32ch: PSNR(Y)=30.435, SSIM(Y)=0.8633
Set14/32ch: PSNR(Y)=27.493, SSIM(Y)=0.7525
B100/32ch: PSNR(Y)=26.845, SSIM(Y)=0.7106
U100/32ch: PSNR(Y)=24.358, SSIM(Y)=0.7187
M109/32ch: PSNR(Y)=27.283, SSIM(Y)=0.8521
Model saved! Best loss: 0.047212
Epoch 51/200: Training loss=0.036810, lr=2.34e-03
Epoch 51/200: Validation combined_loss=0.047149
Validation configuration losses: 32ch=0.047149
Set5/32ch: PSNR(Y)=30.445, SSIM(Y)=0.8636
Set14/32ch: PSNR(Y)=27.504, SSIM(Y)=0.7528
B100/32ch: PSNR(Y)=26.849, SSIM(Y)=0.7107
U100/32ch: PSNR(Y)=24.366, SSIM(Y)=0.7191
M109/32ch: PSNR(Y)=27.306, SSIM(Y)=0.8527
Model saved! Best loss: 0.047149
Epoch 52/200: Training loss=0.036851, lr=2.33e-03
Epoch 52/200: Validation combined_loss=0.047093
Validation configuration losses: 32ch=0.047093
Set5/32ch: PSNR(Y)=30.454, SSIM(Y)=0.8638
Set14/32ch: PSNR(Y)=27.513, SSIM(Y)=0.7530
B100/32ch: PSNR(Y)=26.854, SSIM(Y)=0.7109
U100/32ch: PSNR(Y)=24.375, SSIM(Y)=0.7194
M109/32ch: PSNR(Y)=27.327, SSIM(Y)=0.8531
Model saved! Best loss: 0.047093
Epoch 53/200: Training loss=0.036747, lr=2.32e-03
Epoch 53/200: Validation combined_loss=0.047037
Validation configuration losses: 32ch=0.047037
Set5/32ch: PSNR(Y)=30.463, SSIM(Y)=0.8641
Set14/32ch: PSNR(Y)=27.521, SSIM(Y)=0.7532
B100/32ch: PSNR(Y)=26.857, SSIM(Y)=0.7110
U100/32ch: PSNR(Y)=24.383, SSIM(Y)=0.7198
M109/32ch: PSNR(Y)=27.346, SSIM(Y)=0.8536
Model saved! Best loss: 0.047037
Epoch 54/200: Training loss=0.036782, lr=2.30e-03
Epoch 54/200: Validation combined_loss=0.047005
Validation configuration losses: 32ch=0.047005
Set5/32ch: PSNR(Y)=30.469, SSIM(Y)=0.8642
Set14/32ch: PSNR(Y)=27.527, SSIM(Y)=0.7533
B100/32ch: PSNR(Y)=26.859, SSIM(Y)=0.7111
U100/32ch: PSNR(Y)=24.388, SSIM(Y)=0.7200
M109/32ch: PSNR(Y)=27.358, SSIM(Y)=0.8539
Model saved! Best loss: 0.047005
Epoch 55/200: Training loss=0.036764, lr=2.29e-03
Epoch 55/200: Validation combined_loss=0.046971
Validation configuration losses: 32ch=0.046971
Set5/32ch: PSNR(Y)=30.475, SSIM(Y)=0.8644
Set14/32ch: PSNR(Y)=27.534, SSIM(Y)=0.7535
B100/32ch: PSNR(Y)=26.862, SSIM(Y)=0.7111
U100/32ch: PSNR(Y)=24.393, SSIM(Y)=0.7202
M109/32ch: PSNR(Y)=27.370, SSIM(Y)=0.8541
Model saved! Best loss: 0.046971
Epoch 56/200: Training loss=0.036756, lr=2.28e-03
Epoch 56/200: Validation combined_loss=0.046954
Validation configuration losses: 32ch=0.046954
Set5/32ch: PSNR(Y)=30.486, SSIM(Y)=0.8645
Set14/32ch: PSNR(Y)=27.535, SSIM(Y)=0.7534
B100/32ch: PSNR(Y)=26.863, SSIM(Y)=0.7111
U100/32ch: PSNR(Y)=24.396, SSIM(Y)=0.7202
M109/32ch: PSNR(Y)=27.380, SSIM(Y)=0.8543
Model saved! Best loss: 0.046954
Epoch 57/200: Training loss=0.036614, lr=2.27e-03
Epoch 57/200: Validation combined_loss=0.046923
Validation configuration losses: 32ch=0.046923
Set5/32ch: PSNR(Y)=30.496, SSIM(Y)=0.8647
Set14/32ch: PSNR(Y)=27.542, SSIM(Y)=0.7536
B100/32ch: PSNR(Y)=26.864, SSIM(Y)=0.7112
U100/32ch: PSNR(Y)=24.401, SSIM(Y)=0.7205
M109/32ch: PSNR(Y)=27.392, SSIM(Y)=0.8546
Model saved! Best loss: 0.046923
Epoch 58/200: Training loss=0.036727, lr=2.26e-03
Epoch 58/200: Validation combined_loss=0.046893
Validation configuration losses: 32ch=0.046893
Set5/32ch: PSNR(Y)=30.498, SSIM(Y)=0.8649
Set14/32ch: PSNR(Y)=27.548, SSIM(Y)=0.7537
B100/32ch: PSNR(Y)=26.867, SSIM(Y)=0.7113
U100/32ch: PSNR(Y)=24.406, SSIM(Y)=0.7207
M109/32ch: PSNR(Y)=27.406, SSIM(Y)=0.8549
Model saved! Best loss: 0.046893
Epoch 59/200: Training loss=0.036513, lr=2.24e-03
Epoch 59/200: Validation combined_loss=0.046866
Validation configuration losses: 32ch=0.046866
Set5/32ch: PSNR(Y)=30.508, SSIM(Y)=0.8651
Set14/32ch: PSNR(Y)=27.552, SSIM(Y)=0.7538
B100/32ch: PSNR(Y)=26.869, SSIM(Y)=0.7114
U100/32ch: PSNR(Y)=24.411, SSIM(Y)=0.7209
M109/32ch: PSNR(Y)=27.419, SSIM(Y)=0.8553
Model saved! Best loss: 0.046866
Epoch 60/200: Training loss=0.036548, lr=2.23e-03
Epoch 60/200: Validation combined_loss=0.046831
Validation configuration losses: 32ch=0.046831
Set5/32ch: PSNR(Y)=30.518, SSIM(Y)=0.8653
Set14/32ch: PSNR(Y)=27.555, SSIM(Y)=0.7539
B100/32ch: PSNR(Y)=26.871, SSIM(Y)=0.7115
U100/32ch: PSNR(Y)=24.416, SSIM(Y)=0.7211
M109/32ch: PSNR(Y)=27.429, SSIM(Y)=0.8555
Model saved! Best loss: 0.046831
Epoch 61/200: Training loss=0.036541, lr=2.22e-03
Epoch 61/200: Validation combined_loss=0.046814
Validation configuration losses: 32ch=0.046814
Set5/32ch: PSNR(Y)=30.518, SSIM(Y)=0.8654
Set14/32ch: PSNR(Y)=27.558, SSIM(Y)=0.7540
B100/32ch: PSNR(Y)=26.874, SSIM(Y)=0.7116
U100/32ch: PSNR(Y)=24.422, SSIM(Y)=0.7213
M109/32ch: PSNR(Y)=27.438, SSIM(Y)=0.8556
Model saved! Best loss: 0.046814
Epoch 62/200: Training loss=0.036462, lr=2.20e-03
Epoch 62/200: Validation combined_loss=0.046785
Validation configuration losses: 32ch=0.046785
Set5/32ch: PSNR(Y)=30.532, SSIM(Y)=0.8656
Set14/32ch: PSNR(Y)=27.562, SSIM(Y)=0.7541
B100/32ch: PSNR(Y)=26.877, SSIM(Y)=0.7117
U100/32ch: PSNR(Y)=24.427, SSIM(Y)=0.7215
M109/32ch: PSNR(Y)=27.455, SSIM(Y)=0.8560
Model saved! Best loss: 0.046785
Epoch 63/200: Training loss=0.036547, lr=2.19e-03
Epoch 63/200: Validation combined_loss=0.046751
Validation configuration losses: 32ch=0.046751
Set5/32ch: PSNR(Y)=30.542, SSIM(Y)=0.8658
Set14/32ch: PSNR(Y)=27.568, SSIM(Y)=0.7542
B100/32ch: PSNR(Y)=26.879, SSIM(Y)=0.7117
U100/32ch: PSNR(Y)=24.432, SSIM(Y)=0.7217
M109/32ch: PSNR(Y)=27.470, SSIM(Y)=0.8563
Model saved! Best loss: 0.046751
Epoch 64/200: Training loss=0.036531, lr=2.17e-03
Epoch 64/200: Validation combined_loss=0.046735
Validation configuration losses: 32ch=0.046735
Set5/32ch: PSNR(Y)=30.547, SSIM(Y)=0.8659
Set14/32ch: PSNR(Y)=27.571, SSIM(Y)=0.7543
B100/32ch: PSNR(Y)=26.880, SSIM(Y)=0.7118
U100/32ch: PSNR(Y)=24.435, SSIM(Y)=0.7218
M109/32ch: PSNR(Y)=27.478, SSIM(Y)=0.8565
Model saved! Best loss: 0.046735
Epoch 65/200: Training loss=0.036457, lr=2.16e-03
Epoch 65/200: Validation combined_loss=0.046712
Validation configuration losses: 32ch=0.046712
Set5/32ch: PSNR(Y)=30.554, SSIM(Y)=0.8661
Set14/32ch: PSNR(Y)=27.579, SSIM(Y)=0.7544
B100/32ch: PSNR(Y)=26.882, SSIM(Y)=0.7118
U100/32ch: PSNR(Y)=24.440, SSIM(Y)=0.7220
M109/32ch: PSNR(Y)=27.490, SSIM(Y)=0.8567
Model saved! Best loss: 0.046712
Epoch 66/200: Training loss=0.036450, lr=2.15e-03
Epoch 66/200: Validation combined_loss=0.046676
Validation configuration losses: 32ch=0.046676
Set5/32ch: PSNR(Y)=30.561, SSIM(Y)=0.8663
Set14/32ch: PSNR(Y)=27.582, SSIM(Y)=0.7545
B100/32ch: PSNR(Y)=26.884, SSIM(Y)=0.7119
U100/32ch: PSNR(Y)=24.444, SSIM(Y)=0.7222
M109/32ch: PSNR(Y)=27.499, SSIM(Y)=0.8570
Model saved! Best loss: 0.046676
Epoch 67/200: Training loss=0.036469, lr=2.13e-03
Epoch 67/200: Validation combined_loss=0.046660
Validation configuration losses: 32ch=0.046660
Set5/32ch: PSNR(Y)=30.563, SSIM(Y)=0.8663
Set14/32ch: PSNR(Y)=27.586, SSIM(Y)=0.7546
B100/32ch: PSNR(Y)=26.884, SSIM(Y)=0.7119
U100/32ch: PSNR(Y)=24.446, SSIM(Y)=0.7224
M109/32ch: PSNR(Y)=27.510, SSIM(Y)=0.8572
Model saved! Best loss: 0.046660
Epoch 68/200: Training loss=0.036449, lr=2.12e-03
Epoch 68/200: Validation combined_loss=0.046639
Validation configuration losses: 32ch=0.046639
Set5/32ch: PSNR(Y)=30.569, SSIM(Y)=0.8664
Set14/32ch: PSNR(Y)=27.587, SSIM(Y)=0.7547
B100/32ch: PSNR(Y)=26.885, SSIM(Y)=0.7120
U100/32ch: PSNR(Y)=24.449, SSIM(Y)=0.7225
M109/32ch: PSNR(Y)=27.517, SSIM(Y)=0.8574
Model saved! Best loss: 0.046639
Epoch 69/200: Training loss=0.036467, lr=2.10e-03
Epoch 69/200: Validation combined_loss=0.046631
Validation configuration losses: 32ch=0.046631
Set5/32ch: PSNR(Y)=30.573, SSIM(Y)=0.8665
Set14/32ch: PSNR(Y)=27.589, SSIM(Y)=0.7547
B100/32ch: PSNR(Y)=26.886, SSIM(Y)=0.7120
U100/32ch: PSNR(Y)=24.451, SSIM(Y)=0.7225
M109/32ch: PSNR(Y)=27.520, SSIM(Y)=0.8574
Model saved! Best loss: 0.046631
Epoch 70/200: Training loss=0.036390, lr=2.08e-03
Epoch 70/200: Validation combined_loss=0.046602
Validation configuration losses: 32ch=0.046602
Set5/32ch: PSNR(Y)=30.578, SSIM(Y)=0.8666
Set14/32ch: PSNR(Y)=27.595, SSIM(Y)=0.7548
B100/32ch: PSNR(Y)=26.890, SSIM(Y)=0.7121
U100/32ch: PSNR(Y)=24.455, SSIM(Y)=0.7227
M109/32ch: PSNR(Y)=27.528, SSIM(Y)=0.8576
Model saved! Best loss: 0.046602
Epoch 71/200: Training loss=0.036382, lr=2.07e-03
Epoch 71/200: Validation combined_loss=0.046585
Validation configuration losses: 32ch=0.046585
Set5/32ch: PSNR(Y)=30.584, SSIM(Y)=0.8668
Set14/32ch: PSNR(Y)=27.597, SSIM(Y)=0.7549
B100/32ch: PSNR(Y)=26.891, SSIM(Y)=0.7122
U100/32ch: PSNR(Y)=24.459, SSIM(Y)=0.7229
M109/32ch: PSNR(Y)=27.533, SSIM(Y)=0.8577
Model saved! Best loss: 0.046585
Epoch 72/200: Training loss=0.036302, lr=2.05e-03
Epoch 72/200: Validation combined_loss=0.046563
Validation configuration losses: 32ch=0.046563
Set5/32ch: PSNR(Y)=30.590, SSIM(Y)=0.8669
Set14/32ch: PSNR(Y)=27.601, SSIM(Y)=0.7550
B100/32ch: PSNR(Y)=26.894, SSIM(Y)=0.7123
U100/32ch: PSNR(Y)=24.464, SSIM(Y)=0.7230
M109/32ch: PSNR(Y)=27.540, SSIM(Y)=0.8579
Model saved! Best loss: 0.046563
Epoch 73/200: Training loss=0.036326, lr=2.03e-03
Epoch 73/200: Validation combined_loss=0.046553
Validation configuration losses: 32ch=0.046553
Set5/32ch: PSNR(Y)=30.591, SSIM(Y)=0.8669
Set14/32ch: PSNR(Y)=27.605, SSIM(Y)=0.7551
B100/32ch: PSNR(Y)=26.895, SSIM(Y)=0.7123
U100/32ch: PSNR(Y)=24.468, SSIM(Y)=0.7232
M109/32ch: PSNR(Y)=27.545, SSIM(Y)=0.8580
Model saved! Best loss: 0.046553
Epoch 74/200: Training loss=0.036304, lr=2.02e-03
Epoch 74/200: Validation combined_loss=0.046526
Validation configuration losses: 32ch=0.046526
Set5/32ch: PSNR(Y)=30.591, SSIM(Y)=0.8670
Set14/32ch: PSNR(Y)=27.607, SSIM(Y)=0.7551
B100/32ch: PSNR(Y)=26.898, SSIM(Y)=0.7124
U100/32ch: PSNR(Y)=24.472, SSIM(Y)=0.7234
M109/32ch: PSNR(Y)=27.555, SSIM(Y)=0.8582
Model saved! Best loss: 0.046526
Epoch 75/200: Training loss=0.036308, lr=2.00e-03
Epoch 75/200: Validation combined_loss=0.046521
Validation configuration losses: 32ch=0.046521
Set5/32ch: PSNR(Y)=30.597, SSIM(Y)=0.8671
Set14/32ch: PSNR(Y)=27.607, SSIM(Y)=0.7552
B100/32ch: PSNR(Y)=26.899, SSIM(Y)=0.7124
U100/32ch: PSNR(Y)=24.474, SSIM(Y)=0.7234
M109/32ch: PSNR(Y)=27.556, SSIM(Y)=0.8582
Model saved! Best loss: 0.046521
Epoch 76/200: Training loss=0.036271, lr=1.98e-03
Epoch 76/200: Validation combined_loss=0.046502
Validation configuration losses: 32ch=0.046502
Set5/32ch: PSNR(Y)=30.598, SSIM(Y)=0.8672
Set14/32ch: PSNR(Y)=27.612, SSIM(Y)=0.7553
B100/32ch: PSNR(Y)=26.900, SSIM(Y)=0.7125
U100/32ch: PSNR(Y)=24.477, SSIM(Y)=0.7236
M109/32ch: PSNR(Y)=27.562, SSIM(Y)=0.8584
Model saved! Best loss: 0.046502
Epoch 77/200: Training loss=0.036229, lr=1.97e-03
Epoch 77/200: Validation combined_loss=0.046489
Validation configuration losses: 32ch=0.046489
Set5/32ch: PSNR(Y)=30.600, SSIM(Y)=0.8672
Set14/32ch: PSNR(Y)=27.614, SSIM(Y)=0.7553
B100/32ch: PSNR(Y)=26.902, SSIM(Y)=0.7125
U100/32ch: PSNR(Y)=24.480, SSIM(Y)=0.7237
M109/32ch: PSNR(Y)=27.567, SSIM(Y)=0.8585
Model saved! Best loss: 0.046489
Epoch 78/200: Training loss=0.036273, lr=1.95e-03
Epoch 78/200: Validation combined_loss=0.046489
Validation configuration losses: 32ch=0.046489
Set5/32ch: PSNR(Y)=30.602, SSIM(Y)=0.8672
Set14/32ch: PSNR(Y)=27.615, SSIM(Y)=0.7553
B100/32ch: PSNR(Y)=26.901, SSIM(Y)=0.7125
U100/32ch: PSNR(Y)=24.480, SSIM(Y)=0.7236
M109/32ch: PSNR(Y)=27.565, SSIM(Y)=0.8584
Epoch 79/200: Training loss=0.036213, lr=1.93e-03
Epoch 79/200: Validation combined_loss=0.046481
Validation configuration losses: 32ch=0.046481
Set5/32ch: PSNR(Y)=30.609, SSIM(Y)=0.8673
Set14/32ch: PSNR(Y)=27.614, SSIM(Y)=0.7553
B100/32ch: PSNR(Y)=26.900, SSIM(Y)=0.7125
U100/32ch: PSNR(Y)=24.479, SSIM(Y)=0.7236
M109/32ch: PSNR(Y)=27.566, SSIM(Y)=0.8585
Model saved! Best loss: 0.046481
Epoch 80/200: Training loss=0.036232, lr=1.91e-03
Epoch 80/200: Validation combined_loss=0.046459
Validation configuration losses: 32ch=0.046459
Set5/32ch: PSNR(Y)=30.609, SSIM(Y)=0.8673
Set14/32ch: PSNR(Y)=27.619, SSIM(Y)=0.7554
B100/32ch: PSNR(Y)=26.903, SSIM(Y)=0.7126
U100/32ch: PSNR(Y)=24.483, SSIM(Y)=0.7238
M109/32ch: PSNR(Y)=27.574, SSIM(Y)=0.8587
Model saved! Best loss: 0.046459
Epoch 81/200: Training loss=0.036206, lr=1.89e-03
Epoch 81/200: Validation combined_loss=0.046446
Validation configuration losses: 32ch=0.046446
Set5/32ch: PSNR(Y)=30.614, SSIM(Y)=0.8675
Set14/32ch: PSNR(Y)=27.621, SSIM(Y)=0.7555
B100/32ch: PSNR(Y)=26.904, SSIM(Y)=0.7127
U100/32ch: PSNR(Y)=24.485, SSIM(Y)=0.7239
M109/32ch: PSNR(Y)=27.580, SSIM(Y)=0.8589
Model saved! Best loss: 0.046446
Epoch 82/200: Training loss=0.036170, lr=1.88e-03
Epoch 82/200: Validation combined_loss=0.046446
Validation configuration losses: 32ch=0.046446
Set5/32ch: PSNR(Y)=30.616, SSIM(Y)=0.8675
Set14/32ch: PSNR(Y)=27.622, SSIM(Y)=0.7555
B100/32ch: PSNR(Y)=26.905, SSIM(Y)=0.7127
U100/32ch: PSNR(Y)=24.488, SSIM(Y)=0.7240
M109/32ch: PSNR(Y)=27.583, SSIM(Y)=0.8589
Model saved! Best loss: 0.046446
Epoch 83/200: Training loss=0.036107, lr=1.86e-03
Epoch 83/200: Validation combined_loss=0.046423
Validation configuration losses: 32ch=0.046423
Set5/32ch: PSNR(Y)=30.623, SSIM(Y)=0.8676
Set14/32ch: PSNR(Y)=27.626, SSIM(Y)=0.7556
B100/32ch: PSNR(Y)=26.907, SSIM(Y)=0.7128
U100/32ch: PSNR(Y)=24.493, SSIM(Y)=0.7242
M109/32ch: PSNR(Y)=27.592, SSIM(Y)=0.8591
Model saved! Best loss: 0.046423
Epoch 84/200: Training loss=0.036193, lr=1.84e-03
Epoch 84/200: Validation combined_loss=0.046406
Validation configuration losses: 32ch=0.046406
Set5/32ch: PSNR(Y)=30.632, SSIM(Y)=0.8678
Set14/32ch: PSNR(Y)=27.630, SSIM(Y)=0.7556
B100/32ch: PSNR(Y)=26.909, SSIM(Y)=0.7128
U100/32ch: PSNR(Y)=24.496, SSIM(Y)=0.7243
M109/32ch: PSNR(Y)=27.598, SSIM(Y)=0.8592
Model saved! Best loss: 0.046406
Epoch 85/200: Training loss=0.036058, lr=1.82e-03
Epoch 85/200: Validation combined_loss=0.046388
Validation configuration losses: 32ch=0.046388
Set5/32ch: PSNR(Y)=30.639, SSIM(Y)=0.8679
Set14/32ch: PSNR(Y)=27.633, SSIM(Y)=0.7557
B100/32ch: PSNR(Y)=26.911, SSIM(Y)=0.7129
U100/32ch: PSNR(Y)=24.499, SSIM(Y)=0.7245
M109/32ch: PSNR(Y)=27.608, SSIM(Y)=0.8594
Model saved! Best loss: 0.046388
Epoch 86/200: Training loss=0.036188, lr=1.80e-03
Epoch 86/200: Validation combined_loss=0.046394
Validation configuration losses: 32ch=0.046394
Set5/32ch: PSNR(Y)=30.640, SSIM(Y)=0.8679
Set14/32ch: PSNR(Y)=27.633, SSIM(Y)=0.7557
B100/32ch: PSNR(Y)=26.912, SSIM(Y)=0.7129
U100/32ch: PSNR(Y)=24.500, SSIM(Y)=0.7245
M109/32ch: PSNR(Y)=27.605, SSIM(Y)=0.8594
Epoch 87/200: Training loss=0.036116, lr=1.78e-03
Epoch 87/200: Validation combined_loss=0.046373
Validation configuration losses: 32ch=0.046373
Set5/32ch: PSNR(Y)=30.645, SSIM(Y)=0.8679
Set14/32ch: PSNR(Y)=27.637, SSIM(Y)=0.7558
B100/32ch: PSNR(Y)=26.915, SSIM(Y)=0.7130
U100/32ch: PSNR(Y)=24.504, SSIM(Y)=0.7247
M109/32ch: PSNR(Y)=27.620, SSIM(Y)=0.8597
Model saved! Best loss: 0.046373
Epoch 88/200: Training loss=0.036061, lr=1.76e-03
Epoch 88/200: Validation combined_loss=0.046350
Validation configuration losses: 32ch=0.046350
Set5/32ch: PSNR(Y)=30.649, SSIM(Y)=0.8680
Set14/32ch: PSNR(Y)=27.638, SSIM(Y)=0.7559
B100/32ch: PSNR(Y)=26.916, SSIM(Y)=0.7131
U100/32ch: PSNR(Y)=24.506, SSIM(Y)=0.7248
M109/32ch: PSNR(Y)=27.632, SSIM(Y)=0.8600
Model saved! Best loss: 0.046350
Epoch 89/200: Training loss=0.036088, lr=1.74e-03
Epoch 89/200: Validation combined_loss=0.046326
Validation configuration losses: 32ch=0.046326
Set5/32ch: PSNR(Y)=30.646, SSIM(Y)=0.8680
Set14/32ch: PSNR(Y)=27.639, SSIM(Y)=0.7559
B100/32ch: PSNR(Y)=26.917, SSIM(Y)=0.7131
U100/32ch: PSNR(Y)=24.509, SSIM(Y)=0.7249
M109/32ch: PSNR(Y)=27.649, SSIM(Y)=0.8603
Model saved! Best loss: 0.046326
Epoch 90/200: Training loss=0.036004, lr=1.72e-03
Epoch 90/200: Validation combined_loss=0.046307
Validation configuration losses: 32ch=0.046307
Set5/32ch: PSNR(Y)=30.648, SSIM(Y)=0.8681
Set14/32ch: PSNR(Y)=27.642, SSIM(Y)=0.7560
B100/32ch: PSNR(Y)=26.918, SSIM(Y)=0.7132
U100/32ch: PSNR(Y)=24.512, SSIM(Y)=0.7251
M109/32ch: PSNR(Y)=27.660, SSIM(Y)=0.8605
Model saved! Best loss: 0.046307
Epoch 91/200: Training loss=0.036115, lr=1.70e-03
Epoch 91/200: Validation combined_loss=0.046296
Validation configuration losses: 32ch=0.046296
Set5/32ch: PSNR(Y)=30.651, SSIM(Y)=0.8681
Set14/32ch: PSNR(Y)=27.643, SSIM(Y)=0.7560
B100/32ch: PSNR(Y)=26.919, SSIM(Y)=0.7132
U100/32ch: PSNR(Y)=24.514, SSIM(Y)=0.7251
M109/32ch: PSNR(Y)=27.668, SSIM(Y)=0.8607
Model saved! Best loss: 0.046296
Epoch 92/200: Training loss=0.036056, lr=1.68e-03
Epoch 92/200: Validation combined_loss=0.046278
Validation configuration losses: 32ch=0.046278
Set5/32ch: PSNR(Y)=30.654, SSIM(Y)=0.8681
Set14/32ch: PSNR(Y)=27.646, SSIM(Y)=0.7561
B100/32ch: PSNR(Y)=26.921, SSIM(Y)=0.7133
U100/32ch: PSNR(Y)=24.516, SSIM(Y)=0.7252
M109/32ch: PSNR(Y)=27.677, SSIM(Y)=0.8609
Model saved! Best loss: 0.046278
Epoch 93/200: Training loss=0.036026, lr=1.66e-03
Epoch 93/200: Validation combined_loss=0.046266
Validation configuration losses: 32ch=0.046266
Set5/32ch: PSNR(Y)=30.658, SSIM(Y)=0.8683
Set14/32ch: PSNR(Y)=27.648, SSIM(Y)=0.7561
B100/32ch: PSNR(Y)=26.922, SSIM(Y)=0.7133
U100/32ch: PSNR(Y)=24.518, SSIM(Y)=0.7253
M109/32ch: PSNR(Y)=27.685, SSIM(Y)=0.8610
Model saved! Best loss: 0.046266
Epoch 94/200: Training loss=0.035970, lr=1.64e-03
Epoch 94/200: Validation combined_loss=0.046253
Validation configuration losses: 32ch=0.046253
Set5/32ch: PSNR(Y)=30.661, SSIM(Y)=0.8683
Set14/32ch: PSNR(Y)=27.649, SSIM(Y)=0.7562
B100/32ch: PSNR(Y)=26.923, SSIM(Y)=0.7134
U100/32ch: PSNR(Y)=24.520, SSIM(Y)=0.7254
M109/32ch: PSNR(Y)=27.691, SSIM(Y)=0.8612
Model saved! Best loss: 0.046253
Epoch 95/200: Training loss=0.035969, lr=1.62e-03
Epoch 95/200: Validation combined_loss=0.046236
Validation configuration losses: 32ch=0.046236
Set5/32ch: PSNR(Y)=30.665, SSIM(Y)=0.8684
Set14/32ch: PSNR(Y)=27.651, SSIM(Y)=0.7562
B100/32ch: PSNR(Y)=26.924, SSIM(Y)=0.7134
U100/32ch: PSNR(Y)=24.523, SSIM(Y)=0.7255
M109/32ch: PSNR(Y)=27.697, SSIM(Y)=0.8613
Model saved! Best loss: 0.046236
Epoch 96/200: Training loss=0.036057, lr=1.60e-03
Epoch 96/200: Validation combined_loss=0.046225
Validation configuration losses: 32ch=0.046225
Set5/32ch: PSNR(Y)=30.671, SSIM(Y)=0.8685
Set14/32ch: PSNR(Y)=27.655, SSIM(Y)=0.7563
B100/32ch: PSNR(Y)=26.925, SSIM(Y)=0.7135
U100/32ch: PSNR(Y)=24.526, SSIM(Y)=0.7256
M109/32ch: PSNR(Y)=27.704, SSIM(Y)=0.8614
Model saved! Best loss: 0.046225
Epoch 97/200: Training loss=0.035957, lr=1.58e-03
Epoch 97/200: Validation combined_loss=0.046207
Validation configuration losses: 32ch=0.046207
Set5/32ch: PSNR(Y)=30.676, SSIM(Y)=0.8686
Set14/32ch: PSNR(Y)=27.658, SSIM(Y)=0.7564
B100/32ch: PSNR(Y)=26.926, SSIM(Y)=0.7135
U100/32ch: PSNR(Y)=24.528, SSIM(Y)=0.7258
M109/32ch: PSNR(Y)=27.712, SSIM(Y)=0.8616
Model saved! Best loss: 0.046207
Epoch 98/200: Training loss=0.035956, lr=1.56e-03
Epoch 98/200: Validation combined_loss=0.046191
Validation configuration losses: 32ch=0.046191
Set5/32ch: PSNR(Y)=30.675, SSIM(Y)=0.8686
Set14/32ch: PSNR(Y)=27.660, SSIM(Y)=0.7564
B100/32ch: PSNR(Y)=26.927, SSIM(Y)=0.7135
U100/32ch: PSNR(Y)=24.530, SSIM(Y)=0.7258
M109/32ch: PSNR(Y)=27.718, SSIM(Y)=0.8618
Model saved! Best loss: 0.046191
Epoch 99/200: Training loss=0.035925, lr=1.54e-03
Epoch 99/200: Validation combined_loss=0.046178
Validation configuration losses: 32ch=0.046178
Set5/32ch: PSNR(Y)=30.678, SSIM(Y)=0.8686
Set14/32ch: PSNR(Y)=27.662, SSIM(Y)=0.7564
B100/32ch: PSNR(Y)=26.928, SSIM(Y)=0.7136
U100/32ch: PSNR(Y)=24.531, SSIM(Y)=0.7259
M109/32ch: PSNR(Y)=27.723, SSIM(Y)=0.8619
Model saved! Best loss: 0.046178
Epoch 100/200: Training loss=0.035925, lr=1.52e-03
Epoch 100/200: Validation combined_loss=0.046161
Validation configuration losses: 32ch=0.046161
Set5/32ch: PSNR(Y)=30.684, SSIM(Y)=0.8687
Set14/32ch: PSNR(Y)=27.663, SSIM(Y)=0.7565
B100/32ch: PSNR(Y)=26.929, SSIM(Y)=0.7136
U100/32ch: PSNR(Y)=24.534, SSIM(Y)=0.7260
M109/32ch: PSNR(Y)=27.730, SSIM(Y)=0.8620
Model saved! Best loss: 0.046161
Epoch 101/200: Training loss=0.035895, lr=1.50e-03
Epoch 101/200: Validation combined_loss=0.046152
Validation configuration losses: 32ch=0.046152
Set5/32ch: PSNR(Y)=30.687, SSIM(Y)=0.8688
Set14/32ch: PSNR(Y)=27.665, SSIM(Y)=0.7566
B100/32ch: PSNR(Y)=26.930, SSIM(Y)=0.7136
U100/32ch: PSNR(Y)=24.536, SSIM(Y)=0.7261
M109/32ch: PSNR(Y)=27.735, SSIM(Y)=0.8621
Model saved! Best loss: 0.046152
Epoch 102/200: Training loss=0.035919, lr=1.48e-03
Epoch 102/200: Validation combined_loss=0.046142
Validation configuration losses: 32ch=0.046142
Set5/32ch: PSNR(Y)=30.690, SSIM(Y)=0.8689
Set14/32ch: PSNR(Y)=27.668, SSIM(Y)=0.7566
B100/32ch: PSNR(Y)=26.931, SSIM(Y)=0.7137
U100/32ch: PSNR(Y)=24.536, SSIM(Y)=0.7262
M109/32ch: PSNR(Y)=27.740, SSIM(Y)=0.8623
Model saved! Best loss: 0.046142
Epoch 103/200: Training loss=0.035851, lr=1.46e-03
Epoch 103/200: Validation combined_loss=0.046125
Validation configuration losses: 32ch=0.046125
Set5/32ch: PSNR(Y)=30.691, SSIM(Y)=0.8689
Set14/32ch: PSNR(Y)=27.670, SSIM(Y)=0.7567
B100/32ch: PSNR(Y)=26.932, SSIM(Y)=0.7137
U100/32ch: PSNR(Y)=24.539, SSIM(Y)=0.7263
M109/32ch: PSNR(Y)=27.747, SSIM(Y)=0.8624
Model saved! Best loss: 0.046125
Epoch 104/200: Training loss=0.035857, lr=1.44e-03
Epoch 104/200: Validation combined_loss=0.046120
Validation configuration losses: 32ch=0.046120
Set5/32ch: PSNR(Y)=30.692, SSIM(Y)=0.8689
Set14/32ch: PSNR(Y)=27.671, SSIM(Y)=0.7567
B100/32ch: PSNR(Y)=26.933, SSIM(Y)=0.7137
U100/32ch: PSNR(Y)=24.540, SSIM(Y)=0.7263
M109/32ch: PSNR(Y)=27.750, SSIM(Y)=0.8624
Model saved! Best loss: 0.046120
Epoch 105/200: Training loss=0.035889, lr=1.42e-03
Epoch 105/200: Validation combined_loss=0.046110
Validation configuration losses: 32ch=0.046110
Set5/32ch: PSNR(Y)=30.692, SSIM(Y)=0.8689
Set14/32ch: PSNR(Y)=27.672, SSIM(Y)=0.7567
B100/32ch: PSNR(Y)=26.934, SSIM(Y)=0.7138
U100/32ch: PSNR(Y)=24.542, SSIM(Y)=0.7264
M109/32ch: PSNR(Y)=27.750, SSIM(Y)=0.8625
Model saved! Best loss: 0.046110
Epoch 106/200: Training loss=0.035855, lr=1.40e-03
Epoch 106/200: Validation combined_loss=0.046099
Validation configuration losses: 32ch=0.046099
Set5/32ch: PSNR(Y)=30.690, SSIM(Y)=0.8689
Set14/32ch: PSNR(Y)=27.673, SSIM(Y)=0.7567
B100/32ch: PSNR(Y)=26.935, SSIM(Y)=0.7138
U100/32ch: PSNR(Y)=24.543, SSIM(Y)=0.7264
M109/32ch: PSNR(Y)=27.754, SSIM(Y)=0.8625
Model saved! Best loss: 0.046099
Epoch 107/200: Training loss=0.035832, lr=1.37e-03
Epoch 107/200: Validation combined_loss=0.046086
Validation configuration losses: 32ch=0.046086
Set5/32ch: PSNR(Y)=30.692, SSIM(Y)=0.8690
Set14/32ch: PSNR(Y)=27.674, SSIM(Y)=0.7568
B100/32ch: PSNR(Y)=26.935, SSIM(Y)=0.7139
U100/32ch: PSNR(Y)=24.546, SSIM(Y)=0.7266
M109/32ch: PSNR(Y)=27.760, SSIM(Y)=0.8627
Model saved! Best loss: 0.046086
Epoch 108/200: Training loss=0.035851, lr=1.35e-03
Epoch 108/200: Validation combined_loss=0.046073
Validation configuration losses: 32ch=0.046073
Set5/32ch: PSNR(Y)=30.696, SSIM(Y)=0.8690
Set14/32ch: PSNR(Y)=27.676, SSIM(Y)=0.7569
B100/32ch: PSNR(Y)=26.936, SSIM(Y)=0.7139
U100/32ch: PSNR(Y)=24.546, SSIM(Y)=0.7266
M109/32ch: PSNR(Y)=27.765, SSIM(Y)=0.8628
Model saved! Best loss: 0.046073
Epoch 109/200: Training loss=0.035796, lr=1.33e-03
Epoch 109/200: Validation combined_loss=0.046058
Validation configuration losses: 32ch=0.046058
Set5/32ch: PSNR(Y)=30.697, SSIM(Y)=0.8691
Set14/32ch: PSNR(Y)=27.677, SSIM(Y)=0.7569
B100/32ch: PSNR(Y)=26.937, SSIM(Y)=0.7139
U100/32ch: PSNR(Y)=24.548, SSIM(Y)=0.7267
M109/32ch: PSNR(Y)=27.771, SSIM(Y)=0.8629
Model saved! Best loss: 0.046058
Epoch 110/200: Training loss=0.035817, lr=1.31e-03
Epoch 110/200: Validation combined_loss=0.046045
Validation configuration losses: 32ch=0.046045
Set5/32ch: PSNR(Y)=30.698, SSIM(Y)=0.8691
Set14/32ch: PSNR(Y)=27.679, SSIM(Y)=0.7570
B100/32ch: PSNR(Y)=26.938, SSIM(Y)=0.7140
U100/32ch: PSNR(Y)=24.549, SSIM(Y)=0.7268
M109/32ch: PSNR(Y)=27.777, SSIM(Y)=0.8630
Model saved! Best loss: 0.046045
Epoch 111/200: Training loss=0.035840, lr=1.29e-03
Epoch 111/200: Validation combined_loss=0.046034
Validation configuration losses: 32ch=0.046034
Set5/32ch: PSNR(Y)=30.699, SSIM(Y)=0.8691
Set14/32ch: PSNR(Y)=27.680, SSIM(Y)=0.7570
B100/32ch: PSNR(Y)=26.939, SSIM(Y)=0.7140
U100/32ch: PSNR(Y)=24.550, SSIM(Y)=0.7268
M109/32ch: PSNR(Y)=27.779, SSIM(Y)=0.8631
Model saved! Best loss: 0.046034
Epoch 112/200: Training loss=0.035761, lr=1.27e-03
Epoch 112/200: Validation combined_loss=0.046023
Validation configuration losses: 32ch=0.046023
Set5/32ch: PSNR(Y)=30.702, SSIM(Y)=0.8692
Set14/32ch: PSNR(Y)=27.682, SSIM(Y)=0.7570
B100/32ch: PSNR(Y)=26.940, SSIM(Y)=0.7141
U100/32ch: PSNR(Y)=24.551, SSIM(Y)=0.7269
M109/32ch: PSNR(Y)=27.783, SSIM(Y)=0.8632
Model saved! Best loss: 0.046023
Epoch 113/200: Training loss=0.035832, lr=1.25e-03
Epoch 113/200: Validation combined_loss=0.046019
Validation configuration losses: 32ch=0.046019
Set5/32ch: PSNR(Y)=30.702, SSIM(Y)=0.8693
Set14/32ch: PSNR(Y)=27.682, SSIM(Y)=0.7571
B100/32ch: PSNR(Y)=26.941, SSIM(Y)=0.7141
U100/32ch: PSNR(Y)=24.553, SSIM(Y)=0.7270
M109/32ch: PSNR(Y)=27.784, SSIM(Y)=0.8632
Model saved! Best loss: 0.046019
Epoch 114/200: Training loss=0.035764, lr=1.23e-03
Epoch 114/200: Validation combined_loss=0.046012
Validation configuration losses: 32ch=0.046012
Set5/32ch: PSNR(Y)=30.704, SSIM(Y)=0.8693
Set14/32ch: PSNR(Y)=27.683, SSIM(Y)=0.7571
B100/32ch: PSNR(Y)=26.942, SSIM(Y)=0.7141
U100/32ch: PSNR(Y)=24.554, SSIM(Y)=0.7270
M109/32ch: PSNR(Y)=27.785, SSIM(Y)=0.8632
Model saved! Best loss: 0.046012
Epoch 115/200: Training loss=0.035796, lr=1.21e-03
Epoch 115/200: Validation combined_loss=0.045997
Validation configuration losses: 32ch=0.045997
Set5/32ch: PSNR(Y)=30.701, SSIM(Y)=0.8693
Set14/32ch: PSNR(Y)=27.683, SSIM(Y)=0.7571
B100/32ch: PSNR(Y)=26.943, SSIM(Y)=0.7141
U100/32ch: PSNR(Y)=24.556, SSIM(Y)=0.7271
M109/32ch: PSNR(Y)=27.792, SSIM(Y)=0.8633
Model saved! Best loss: 0.045997
Epoch 116/200: Training loss=0.035748, lr=1.18e-03
Epoch 116/200: Validation combined_loss=0.045994
Validation configuration losses: 32ch=0.045994
Set5/32ch: PSNR(Y)=30.702, SSIM(Y)=0.8693
Set14/32ch: PSNR(Y)=27.684, SSIM(Y)=0.7572
B100/32ch: PSNR(Y)=26.942, SSIM(Y)=0.7141
U100/32ch: PSNR(Y)=24.557, SSIM(Y)=0.7271
M109/32ch: PSNR(Y)=27.795, SSIM(Y)=0.8634
Model saved! Best loss: 0.045994
Epoch 117/200: Training loss=0.035692, lr=1.16e-03
Epoch 117/200: Validation combined_loss=0.045986
Validation configuration losses: 32ch=0.045986
Set5/32ch: PSNR(Y)=30.701, SSIM(Y)=0.8693
Set14/32ch: PSNR(Y)=27.684, SSIM(Y)=0.7571
B100/32ch: PSNR(Y)=26.943, SSIM(Y)=0.7141
U100/32ch: PSNR(Y)=24.557, SSIM(Y)=0.7272
M109/32ch: PSNR(Y)=27.799, SSIM(Y)=0.8635
Model saved! Best loss: 0.045986
Epoch 118/200: Training loss=0.035756, lr=1.14e-03
Epoch 118/200: Validation combined_loss=0.045975
Validation configuration losses: 32ch=0.045975
Set5/32ch: PSNR(Y)=30.701, SSIM(Y)=0.8693
Set14/32ch: PSNR(Y)=27.684, SSIM(Y)=0.7572
B100/32ch: PSNR(Y)=26.944, SSIM(Y)=0.7142
U100/32ch: PSNR(Y)=24.559, SSIM(Y)=0.7272
M109/32ch: PSNR(Y)=27.803, SSIM(Y)=0.8636
Model saved! Best loss: 0.045975
Epoch 119/200: Training loss=0.035723, lr=1.12e-03
Epoch 119/200: Validation combined_loss=0.045972
Validation configuration losses: 32ch=0.045972
Set5/32ch: PSNR(Y)=30.702, SSIM(Y)=0.8694
Set14/32ch: PSNR(Y)=27.687, SSIM(Y)=0.7572
B100/32ch: PSNR(Y)=26.944, SSIM(Y)=0.7142
U100/32ch: PSNR(Y)=24.560, SSIM(Y)=0.7273
M109/32ch: PSNR(Y)=27.806, SSIM(Y)=0.8636
Model saved! Best loss: 0.045972
Epoch 120/200: Training loss=0.035742, lr=1.10e-03
Epoch 120/200: Validation combined_loss=0.045958
Validation configuration losses: 32ch=0.045958
Set5/32ch: PSNR(Y)=30.704, SSIM(Y)=0.8694
Set14/32ch: PSNR(Y)=27.688, SSIM(Y)=0.7572
B100/32ch: PSNR(Y)=26.945, SSIM(Y)=0.7142
U100/32ch: PSNR(Y)=24.563, SSIM(Y)=0.7274
M109/32ch: PSNR(Y)=27.810, SSIM(Y)=0.8637
Model saved! Best loss: 0.045958
Epoch 121/200: Training loss=0.035689, lr=1.08e-03
Epoch 121/200: Validation combined_loss=0.045949
Validation configuration losses: 32ch=0.045949
Set5/32ch: PSNR(Y)=30.704, SSIM(Y)=0.8694
Set14/32ch: PSNR(Y)=27.688, SSIM(Y)=0.7573
B100/32ch: PSNR(Y)=26.946, SSIM(Y)=0.7142
U100/32ch: PSNR(Y)=24.564, SSIM(Y)=0.7274
M109/32ch: PSNR(Y)=27.811, SSIM(Y)=0.8638
Model saved! Best loss: 0.045949
Epoch 122/200: Training loss=0.035696, lr=1.06e-03
Epoch 122/200: Validation combined_loss=0.045946
Validation configuration losses: 32ch=0.045946
Set5/32ch: PSNR(Y)=30.705, SSIM(Y)=0.8694
Set14/32ch: PSNR(Y)=27.688, SSIM(Y)=0.7573
B100/32ch: PSNR(Y)=26.946, SSIM(Y)=0.7143
U100/32ch: PSNR(Y)=24.565, SSIM(Y)=0.7275
M109/32ch: PSNR(Y)=27.813, SSIM(Y)=0.8638
Model saved! Best loss: 0.045946
Epoch 123/200: Training loss=0.035634, lr=1.04e-03
Epoch 123/200: Validation combined_loss=0.045942
Validation configuration losses: 32ch=0.045942
Set5/32ch: PSNR(Y)=30.707, SSIM(Y)=0.8695
Set14/32ch: PSNR(Y)=27.690, SSIM(Y)=0.7573
B100/32ch: PSNR(Y)=26.946, SSIM(Y)=0.7143
U100/32ch: PSNR(Y)=24.564, SSIM(Y)=0.7275
M109/32ch: PSNR(Y)=27.813, SSIM(Y)=0.8638
Model saved! Best loss: 0.045942
Epoch 124/200: Training loss=0.035655, lr=1.02e-03
Epoch 124/200: Validation combined_loss=0.045940
Validation configuration losses: 32ch=0.045940
Set5/32ch: PSNR(Y)=30.707, SSIM(Y)=0.8695
Set14/32ch: PSNR(Y)=27.689, SSIM(Y)=0.7573
B100/32ch: PSNR(Y)=26.946, SSIM(Y)=0.7142
U100/32ch: PSNR(Y)=24.565, SSIM(Y)=0.7275
M109/32ch: PSNR(Y)=27.813, SSIM(Y)=0.8638
Model saved! Best loss: 0.045940
Epoch 125/200: Training loss=0.035639, lr=9.97e-04
Epoch 125/200: Validation combined_loss=0.045932
Validation configuration losses: 32ch=0.045932
Set5/32ch: PSNR(Y)=30.709, SSIM(Y)=0.8695
Set14/32ch: PSNR(Y)=27.690, SSIM(Y)=0.7574
B100/32ch: PSNR(Y)=26.946, SSIM(Y)=0.7143
U100/32ch: PSNR(Y)=24.565, SSIM(Y)=0.7276
M109/32ch: PSNR(Y)=27.817, SSIM(Y)=0.8639
Model saved! Best loss: 0.045932
Epoch 126/200: Training loss=0.035663, lr=9.77e-04
Epoch 126/200: Validation combined_loss=0.045928
Validation configuration losses: 32ch=0.045928
Set5/32ch: PSNR(Y)=30.711, SSIM(Y)=0.8696
Set14/32ch: PSNR(Y)=27.692, SSIM(Y)=0.7574
B100/32ch: PSNR(Y)=26.947, SSIM(Y)=0.7143
U100/32ch: PSNR(Y)=24.566, SSIM(Y)=0.7276
M109/32ch: PSNR(Y)=27.818, SSIM(Y)=0.8640
Model saved! Best loss: 0.045928
Epoch 127/200: Training loss=0.035653, lr=9.56e-04
Epoch 127/200: Validation combined_loss=0.045920
Validation configuration losses: 32ch=0.045920
Set5/32ch: PSNR(Y)=30.712, SSIM(Y)=0.8696
Set14/32ch: PSNR(Y)=27.693, SSIM(Y)=0.7574
B100/32ch: PSNR(Y)=26.948, SSIM(Y)=0.7143
U100/32ch: PSNR(Y)=24.567, SSIM(Y)=0.7277
M109/32ch: PSNR(Y)=27.821, SSIM(Y)=0.8641
Model saved! Best loss: 0.045920
Epoch 128/200: Training loss=0.035562, lr=9.36e-04
Epoch 128/200: Validation combined_loss=0.045916
Validation configuration losses: 32ch=0.045916
Set5/32ch: PSNR(Y)=30.709, SSIM(Y)=0.8695
Set14/32ch: PSNR(Y)=27.694, SSIM(Y)=0.7574
B100/32ch: PSNR(Y)=26.948, SSIM(Y)=0.7143
U100/32ch: PSNR(Y)=24.568, SSIM(Y)=0.7277
M109/32ch: PSNR(Y)=27.824, SSIM(Y)=0.8641
Model saved! Best loss: 0.045916
Epoch 129/200: Training loss=0.035622, lr=9.16e-04
Epoch 129/200: Validation combined_loss=0.045909
Validation configuration losses: 32ch=0.045909
Set5/32ch: PSNR(Y)=30.710, SSIM(Y)=0.8696
Set14/32ch: PSNR(Y)=27.694, SSIM(Y)=0.7575
B100/32ch: PSNR(Y)=26.949, SSIM(Y)=0.7144
U100/32ch: PSNR(Y)=24.569, SSIM(Y)=0.7278
M109/32ch: PSNR(Y)=27.826, SSIM(Y)=0.8641
Model saved! Best loss: 0.045909
Epoch 130/200: Training loss=0.035597, lr=8.96e-04
Epoch 130/200: Validation combined_loss=0.045907
Validation configuration losses: 32ch=0.045907
Set5/32ch: PSNR(Y)=30.709, SSIM(Y)=0.8696
Set14/32ch: PSNR(Y)=27.694, SSIM(Y)=0.7575
B100/32ch: PSNR(Y)=26.949, SSIM(Y)=0.7144
U100/32ch: PSNR(Y)=24.570, SSIM(Y)=0.7278
M109/32ch: PSNR(Y)=27.827, SSIM(Y)=0.8642
Model saved! Best loss: 0.045907
Epoch 131/200: Training loss=0.035640, lr=8.76e-04
Epoch 131/200: Validation combined_loss=0.045897
Validation configuration losses: 32ch=0.045897
Set5/32ch: PSNR(Y)=30.711, SSIM(Y)=0.8696
Set14/32ch: PSNR(Y)=27.696, SSIM(Y)=0.7575
B100/32ch: PSNR(Y)=26.950, SSIM(Y)=0.7144
U100/32ch: PSNR(Y)=24.571, SSIM(Y)=0.7279
M109/32ch: PSNR(Y)=27.830, SSIM(Y)=0.8643
Model saved! Best loss: 0.045897
Epoch 132/200: Training loss=0.035590, lr=8.56e-04
Epoch 132/200: Validation combined_loss=0.045892
Validation configuration losses: 32ch=0.045892
Set5/32ch: PSNR(Y)=30.714, SSIM(Y)=0.8697
Set14/32ch: PSNR(Y)=27.696, SSIM(Y)=0.7576
B100/32ch: PSNR(Y)=26.950, SSIM(Y)=0.7144
U100/32ch: PSNR(Y)=24.572, SSIM(Y)=0.7279
M109/32ch: PSNR(Y)=27.832, SSIM(Y)=0.8643
Model saved! Best loss: 0.045892
Epoch 133/200: Training loss=0.035567, lr=8.37e-04
Epoch 133/200: Validation combined_loss=0.045890
Validation configuration losses: 32ch=0.045890
Set5/32ch: PSNR(Y)=30.715, SSIM(Y)=0.8697
Set14/32ch: PSNR(Y)=27.696, SSIM(Y)=0.7575
B100/32ch: PSNR(Y)=26.951, SSIM(Y)=0.7144
U100/32ch: PSNR(Y)=24.572, SSIM(Y)=0.7279
M109/32ch: PSNR(Y)=27.834, SSIM(Y)=0.8643
Model saved! Best loss: 0.045890
Epoch 134/200: Training loss=0.035557, lr=8.17e-04
Epoch 134/200: Validation combined_loss=0.045883
Validation configuration losses: 32ch=0.045883
Set5/32ch: PSNR(Y)=30.717, SSIM(Y)=0.8697
Set14/32ch: PSNR(Y)=27.696, SSIM(Y)=0.7576
B100/32ch: PSNR(Y)=26.951, SSIM(Y)=0.7144
U100/32ch: PSNR(Y)=24.574, SSIM(Y)=0.7280
M109/32ch: PSNR(Y)=27.837, SSIM(Y)=0.8644
Model saved! Best loss: 0.045883
Epoch 135/200: Training loss=0.035552, lr=7.98e-04
Epoch 135/200: Validation combined_loss=0.045877
Validation configuration losses: 32ch=0.045877
Set5/32ch: PSNR(Y)=30.717, SSIM(Y)=0.8697
Set14/32ch: PSNR(Y)=27.696, SSIM(Y)=0.7576
B100/32ch: PSNR(Y)=26.952, SSIM(Y)=0.7145
U100/32ch: PSNR(Y)=24.575, SSIM(Y)=0.7280
M109/32ch: PSNR(Y)=27.837, SSIM(Y)=0.8644
Model saved! Best loss: 0.045877
Epoch 136/200: Training loss=0.035593, lr=7.79e-04
Epoch 136/200: Validation combined_loss=0.045871
Validation configuration losses: 32ch=0.045871
Set5/32ch: PSNR(Y)=30.717, SSIM(Y)=0.8697
Set14/32ch: PSNR(Y)=27.697, SSIM(Y)=0.7576
B100/32ch: PSNR(Y)=26.952, SSIM(Y)=0.7145
U100/32ch: PSNR(Y)=24.575, SSIM(Y)=0.7280
M109/32ch: PSNR(Y)=27.841, SSIM(Y)=0.8645
Model saved! Best loss: 0.045871
Epoch 137/200: Training loss=0.035575, lr=7.60e-04
Epoch 137/200: Validation combined_loss=0.045868
Validation configuration losses: 32ch=0.045868
Set5/32ch: PSNR(Y)=30.717, SSIM(Y)=0.8698
Set14/32ch: PSNR(Y)=27.698, SSIM(Y)=0.7576
B100/32ch: PSNR(Y)=26.953, SSIM(Y)=0.7145
U100/32ch: PSNR(Y)=24.575, SSIM(Y)=0.7280
M109/32ch: PSNR(Y)=27.841, SSIM(Y)=0.8645
Model saved! Best loss: 0.045868
Epoch 138/200: Training loss=0.035528, lr=7.41e-04
Epoch 138/200: Validation combined_loss=0.045863
Validation configuration losses: 32ch=0.045863
Set5/32ch: PSNR(Y)=30.718, SSIM(Y)=0.8697
Set14/32ch: PSNR(Y)=27.700, SSIM(Y)=0.7577
B100/32ch: PSNR(Y)=26.953, SSIM(Y)=0.7145
U100/32ch: PSNR(Y)=24.575, SSIM(Y)=0.7281
M109/32ch: PSNR(Y)=27.844, SSIM(Y)=0.8646
Model saved! Best loss: 0.045863
Epoch 139/200: Training loss=0.035574, lr=7.22e-04
Epoch 139/200: Validation combined_loss=0.045858
Validation configuration losses: 32ch=0.045858
Set5/32ch: PSNR(Y)=30.721, SSIM(Y)=0.8698
Set14/32ch: PSNR(Y)=27.700, SSIM(Y)=0.7577
B100/32ch: PSNR(Y)=26.953, SSIM(Y)=0.7146
U100/32ch: PSNR(Y)=24.576, SSIM(Y)=0.7281
M109/32ch: PSNR(Y)=27.846, SSIM(Y)=0.8646
Model saved! Best loss: 0.045858
Epoch 140/200: Training loss=0.035565, lr=7.03e-04
Epoch 140/200: Validation combined_loss=0.045848
Validation configuration losses: 32ch=0.045848
Set5/32ch: PSNR(Y)=30.721, SSIM(Y)=0.8698
Set14/32ch: PSNR(Y)=27.700, SSIM(Y)=0.7577
B100/32ch: PSNR(Y)=26.953, SSIM(Y)=0.7145
U100/32ch: PSNR(Y)=24.578, SSIM(Y)=0.7282
M109/32ch: PSNR(Y)=27.850, SSIM(Y)=0.8647
Model saved! Best loss: 0.045848
Epoch 141/200: Training loss=0.035544, lr=6.85e-04
Epoch 141/200: Validation combined_loss=0.045848
Validation configuration losses: 32ch=0.045848
Set5/32ch: PSNR(Y)=30.720, SSIM(Y)=0.8698
Set14/32ch: PSNR(Y)=27.701, SSIM(Y)=0.7577
B100/32ch: PSNR(Y)=26.954, SSIM(Y)=0.7146
U100/32ch: PSNR(Y)=24.578, SSIM(Y)=0.7282
M109/32ch: PSNR(Y)=27.849, SSIM(Y)=0.8647
Epoch 142/200: Training loss=0.035545, lr=6.67e-04
Epoch 142/200: Validation combined_loss=0.045847
Validation configuration losses: 32ch=0.045847
Set5/32ch: PSNR(Y)=30.721, SSIM(Y)=0.8698
Set14/32ch: PSNR(Y)=27.701, SSIM(Y)=0.7577
B100/32ch: PSNR(Y)=26.955, SSIM(Y)=0.7146
U100/32ch: PSNR(Y)=24.579, SSIM(Y)=0.7282
M109/32ch: PSNR(Y)=27.849, SSIM(Y)=0.8647
Model saved! Best loss: 0.045847
Epoch 143/200: Training loss=0.035526, lr=6.49e-04
Epoch 143/200: Validation combined_loss=0.045845
Validation configuration losses: 32ch=0.045845
Set5/32ch: PSNR(Y)=30.724, SSIM(Y)=0.8698
Set14/32ch: PSNR(Y)=27.702, SSIM(Y)=0.7577
B100/32ch: PSNR(Y)=26.955, SSIM(Y)=0.7146
U100/32ch: PSNR(Y)=24.579, SSIM(Y)=0.7283
M109/32ch: PSNR(Y)=27.850, SSIM(Y)=0.8647
Model saved! Best loss: 0.045845
Epoch 144/200: Training loss=0.035476, lr=6.31e-04
Epoch 144/200: Validation combined_loss=0.045836
Validation configuration losses: 32ch=0.045836
Set5/32ch: PSNR(Y)=30.724, SSIM(Y)=0.8699
Set14/32ch: PSNR(Y)=27.702, SSIM(Y)=0.7577
B100/32ch: PSNR(Y)=26.955, SSIM(Y)=0.7146
U100/32ch: PSNR(Y)=24.580, SSIM(Y)=0.7283
M109/32ch: PSNR(Y)=27.854, SSIM(Y)=0.8648
Model saved! Best loss: 0.045836
Epoch 145/200: Training loss=0.035511, lr=6.13e-04
Epoch 145/200: Validation combined_loss=0.045836
Validation configuration losses: 32ch=0.045836
Set5/32ch: PSNR(Y)=30.724, SSIM(Y)=0.8699
Set14/32ch: PSNR(Y)=27.701, SSIM(Y)=0.7578
B100/32ch: PSNR(Y)=26.955, SSIM(Y)=0.7146
U100/32ch: PSNR(Y)=24.581, SSIM(Y)=0.7283
M109/32ch: PSNR(Y)=27.854, SSIM(Y)=0.8648
Model saved! Best loss: 0.045836
Epoch 146/200: Training loss=0.035513, lr=5.96e-04
Epoch 146/200: Validation combined_loss=0.045834
Validation configuration losses: 32ch=0.045834
Set5/32ch: PSNR(Y)=30.724, SSIM(Y)=0.8699
Set14/32ch: PSNR(Y)=27.701, SSIM(Y)=0.7578
B100/32ch: PSNR(Y)=26.956, SSIM(Y)=0.7146
U100/32ch: PSNR(Y)=24.581, SSIM(Y)=0.7284
M109/32ch: PSNR(Y)=27.854, SSIM(Y)=0.8648
Model saved! Best loss: 0.045834
Epoch 147/200: Training loss=0.035524, lr=5.79e-04
Epoch 147/200: Validation combined_loss=0.045835
Validation configuration losses: 32ch=0.045835
Set5/32ch: PSNR(Y)=30.725, SSIM(Y)=0.8699
Set14/32ch: PSNR(Y)=27.702, SSIM(Y)=0.7578
B100/32ch: PSNR(Y)=26.956, SSIM(Y)=0.7147
U100/32ch: PSNR(Y)=24.581, SSIM(Y)=0.7284
M109/32ch: PSNR(Y)=27.853, SSIM(Y)=0.8648
Epoch 148/200: Training loss=0.035505, lr=5.62e-04
Epoch 148/200: Validation combined_loss=0.045826
Validation configuration losses: 32ch=0.045826
Set5/32ch: PSNR(Y)=30.724, SSIM(Y)=0.8699
Set14/32ch: PSNR(Y)=27.702, SSIM(Y)=0.7578
B100/32ch: PSNR(Y)=26.956, SSIM(Y)=0.7147
U100/32ch: PSNR(Y)=24.582, SSIM(Y)=0.7285
M109/32ch: PSNR(Y)=27.857, SSIM(Y)=0.8649
Model saved! Best loss: 0.045826
Epoch 149/200: Training loss=0.035460, lr=5.45e-04
Epoch 149/200: Validation combined_loss=0.045823
Validation configuration losses: 32ch=0.045823
Set5/32ch: PSNR(Y)=30.725, SSIM(Y)=0.8699
Set14/32ch: PSNR(Y)=27.703, SSIM(Y)=0.7578
B100/32ch: PSNR(Y)=26.957, SSIM(Y)=0.7147
U100/32ch: PSNR(Y)=24.582, SSIM(Y)=0.7285
M109/32ch: PSNR(Y)=27.858, SSIM(Y)=0.8649
Model saved! Best loss: 0.045823
Epoch 150/200: Training loss=0.035513, lr=5.29e-04
Epoch 150/200: Validation combined_loss=0.045817
Validation configuration losses: 32ch=0.045817
Set5/32ch: PSNR(Y)=30.724, SSIM(Y)=0.8699
Set14/32ch: PSNR(Y)=27.704, SSIM(Y)=0.7579
B100/32ch: PSNR(Y)=26.957, SSIM(Y)=0.7147
U100/32ch: PSNR(Y)=24.583, SSIM(Y)=0.7285
M109/32ch: PSNR(Y)=27.860, SSIM(Y)=0.8650
Model saved! Best loss: 0.045817
Epoch 151/200: Training loss=0.035455, lr=5.12e-04
Epoch 151/200: Validation combined_loss=0.045814
Validation configuration losses: 32ch=0.045814
Set5/32ch: PSNR(Y)=30.724, SSIM(Y)=0.8699
Set14/32ch: PSNR(Y)=27.704, SSIM(Y)=0.7578
B100/32ch: PSNR(Y)=26.957, SSIM(Y)=0.7147
U100/32ch: PSNR(Y)=24.584, SSIM(Y)=0.7285
M109/32ch: PSNR(Y)=27.861, SSIM(Y)=0.8650
Model saved! Best loss: 0.045814
Epoch 152/200: Training loss=0.035503, lr=4.96e-04
Epoch 152/200: Validation combined_loss=0.045813
Validation configuration losses: 32ch=0.045813
Set5/32ch: PSNR(Y)=30.724, SSIM(Y)=0.8699
Set14/32ch: PSNR(Y)=27.705, SSIM(Y)=0.7579
B100/32ch: PSNR(Y)=26.958, SSIM(Y)=0.7147
U100/32ch: PSNR(Y)=24.584, SSIM(Y)=0.7286
M109/32ch: PSNR(Y)=27.862, SSIM(Y)=0.8650
Model saved! Best loss: 0.045813
Epoch 153/200: Training loss=0.035455, lr=4.80e-04
Epoch 153/200: Validation combined_loss=0.045810
Validation configuration losses: 32ch=0.045810
Set5/32ch: PSNR(Y)=30.726, SSIM(Y)=0.8699
Set14/32ch: PSNR(Y)=27.704, SSIM(Y)=0.7579
B100/32ch: PSNR(Y)=26.958, SSIM(Y)=0.7147
U100/32ch: PSNR(Y)=24.585, SSIM(Y)=0.7286
M109/32ch: PSNR(Y)=27.863, SSIM(Y)=0.8651
Model saved! Best loss: 0.045810
Epoch 154/200: Training loss=0.035450, lr=4.65e-04
Epoch 154/200: Validation combined_loss=0.045808
Validation configuration losses: 32ch=0.045808
Set5/32ch: PSNR(Y)=30.727, SSIM(Y)=0.8700
Set14/32ch: PSNR(Y)=27.704, SSIM(Y)=0.7579
B100/32ch: PSNR(Y)=26.958, SSIM(Y)=0.7148
U100/32ch: PSNR(Y)=24.584, SSIM(Y)=0.7286
M109/32ch: PSNR(Y)=27.864, SSIM(Y)=0.8651
Model saved! Best loss: 0.045808
Epoch 155/200: Training loss=0.035438, lr=4.49e-04
Epoch 155/200: Validation combined_loss=0.045804
Validation configuration losses: 32ch=0.045804
Set5/32ch: PSNR(Y)=30.727, SSIM(Y)=0.8700
Set14/32ch: PSNR(Y)=27.705, SSIM(Y)=0.7579
B100/32ch: PSNR(Y)=26.959, SSIM(Y)=0.7148
U100/32ch: PSNR(Y)=24.585, SSIM(Y)=0.7286
M109/32ch: PSNR(Y)=27.866, SSIM(Y)=0.8651
Model saved! Best loss: 0.045804
Epoch 156/200: Training loss=0.035504, lr=4.34e-04
Epoch 156/200: Validation combined_loss=0.045799
Validation configuration losses: 32ch=0.045799
Set5/32ch: PSNR(Y)=30.728, SSIM(Y)=0.8700
Set14/32ch: PSNR(Y)=27.706, SSIM(Y)=0.7579
B100/32ch: PSNR(Y)=26.959, SSIM(Y)=0.7148
U100/32ch: PSNR(Y)=24.586, SSIM(Y)=0.7287
M109/32ch: PSNR(Y)=27.869, SSIM(Y)=0.8652
Model saved! Best loss: 0.045799
Epoch 157/200: Training loss=0.035414, lr=4.20e-04
Epoch 157/200: Validation combined_loss=0.045797
Validation configuration losses: 32ch=0.045797
Set5/32ch: PSNR(Y)=30.726, SSIM(Y)=0.8699
Set14/32ch: PSNR(Y)=27.705, SSIM(Y)=0.7579
B100/32ch: PSNR(Y)=26.959, SSIM(Y)=0.7148
U100/32ch: PSNR(Y)=24.586, SSIM(Y)=0.7287
M109/32ch: PSNR(Y)=27.870, SSIM(Y)=0.8652
Model saved! Best loss: 0.045797
Epoch 158/200: Training loss=0.035418, lr=4.05e-04
Epoch 158/200: Validation combined_loss=0.045795
Validation configuration losses: 32ch=0.045795
Set5/32ch: PSNR(Y)=30.724, SSIM(Y)=0.8699
Set14/32ch: PSNR(Y)=27.705, SSIM(Y)=0.7580
B100/32ch: PSNR(Y)=26.960, SSIM(Y)=0.7148
U100/32ch: PSNR(Y)=24.587, SSIM(Y)=0.7287
M109/32ch: PSNR(Y)=27.870, SSIM(Y)=0.8652
Model saved! Best loss: 0.045795
Epoch 159/200: Training loss=0.035461, lr=3.91e-04
Epoch 159/200: Validation combined_loss=0.045792
Validation configuration losses: 32ch=0.045792
Set5/32ch: PSNR(Y)=30.726, SSIM(Y)=0.8700
Set14/32ch: PSNR(Y)=27.706, SSIM(Y)=0.7580
B100/32ch: PSNR(Y)=26.960, SSIM(Y)=0.7148
U100/32ch: PSNR(Y)=24.588, SSIM(Y)=0.7287
M109/32ch: PSNR(Y)=27.872, SSIM(Y)=0.8653
Model saved! Best loss: 0.045792
Epoch 160/200: Training loss=0.035466, lr=3.77e-04
Epoch 160/200: Validation combined_loss=0.045788
Validation configuration losses: 32ch=0.045788
Set5/32ch: PSNR(Y)=30.729, SSIM(Y)=0.8700
Set14/32ch: PSNR(Y)=27.706, SSIM(Y)=0.7579
B100/32ch: PSNR(Y)=26.960, SSIM(Y)=0.7148
U100/32ch: PSNR(Y)=24.588, SSIM(Y)=0.7287
M109/32ch: PSNR(Y)=27.873, SSIM(Y)=0.8653
Model saved! Best loss: 0.045788
Epoch 161/200: Training loss=0.035440, lr=3.63e-04
Epoch 161/200: Validation combined_loss=0.045784
Validation configuration losses: 32ch=0.045784
Set5/32ch: PSNR(Y)=30.731, SSIM(Y)=0.8700
Set14/32ch: PSNR(Y)=27.707, SSIM(Y)=0.7580
B100/32ch: PSNR(Y)=26.961, SSIM(Y)=0.7148
U100/32ch: PSNR(Y)=24.588, SSIM(Y)=0.7288
M109/32ch: PSNR(Y)=27.876, SSIM(Y)=0.8654
Model saved! Best loss: 0.045784
Epoch 162/200: Training loss=0.035405, lr=3.50e-04
Epoch 162/200: Validation combined_loss=0.045786
Validation configuration losses: 32ch=0.045786
Set5/32ch: PSNR(Y)=30.731, SSIM(Y)=0.8700
Set14/32ch: PSNR(Y)=27.707, SSIM(Y)=0.7580
B100/32ch: PSNR(Y)=26.960, SSIM(Y)=0.7148
U100/32ch: PSNR(Y)=24.588, SSIM(Y)=0.7288
M109/32ch: PSNR(Y)=27.874, SSIM(Y)=0.8653
Epoch 163/200: Training loss=0.035438, lr=3.37e-04
Epoch 163/200: Validation combined_loss=0.045790
Validation configuration losses: 32ch=0.045790
Set5/32ch: PSNR(Y)=30.730, SSIM(Y)=0.8700
Set14/32ch: PSNR(Y)=27.707, SSIM(Y)=0.7580
B100/32ch: PSNR(Y)=26.961, SSIM(Y)=0.7149
U100/32ch: PSNR(Y)=24.588, SSIM(Y)=0.7288
M109/32ch: PSNR(Y)=27.873, SSIM(Y)=0.8653
Epoch 164/200: Training loss=0.035409, lr=3.24e-04
Epoch 164/200: Validation combined_loss=0.045779
Validation configuration losses: 32ch=0.045779
Set5/32ch: PSNR(Y)=30.731, SSIM(Y)=0.8700
Set14/32ch: PSNR(Y)=27.708, SSIM(Y)=0.7580
B100/32ch: PSNR(Y)=26.961, SSIM(Y)=0.7149
U100/32ch: PSNR(Y)=24.589, SSIM(Y)=0.7288
M109/32ch: PSNR(Y)=27.875, SSIM(Y)=0.8653
Model saved! Best loss: 0.045779
Epoch 165/200: Training loss=0.035403, lr=3.11e-04
Epoch 165/200: Validation combined_loss=0.045777
Validation configuration losses: 32ch=0.045777
Set5/32ch: PSNR(Y)=30.732, SSIM(Y)=0.8701
Set14/32ch: PSNR(Y)=27.708, SSIM(Y)=0.7580
B100/32ch: PSNR(Y)=26.961, SSIM(Y)=0.7149
U100/32ch: PSNR(Y)=24.590, SSIM(Y)=0.7289
M109/32ch: PSNR(Y)=27.878, SSIM(Y)=0.8654
Model saved! Best loss: 0.045777
Epoch 166/200: Training loss=0.035385, lr=2.99e-04
Epoch 166/200: Validation combined_loss=0.045772
Validation configuration losses: 32ch=0.045772
Set5/32ch: PSNR(Y)=30.732, SSIM(Y)=0.8701
Set14/32ch: PSNR(Y)=27.708, SSIM(Y)=0.7580
B100/32ch: PSNR(Y)=26.961, SSIM(Y)=0.7149
U100/32ch: PSNR(Y)=24.590, SSIM(Y)=0.7289
M109/32ch: PSNR(Y)=27.882, SSIM(Y)=0.8655
Model saved! Best loss: 0.045772
Epoch 167/200: Training loss=0.035359, lr=2.87e-04
Epoch 167/200: Validation combined_loss=0.045776
Validation configuration losses: 32ch=0.045776
Set5/32ch: PSNR(Y)=30.733, SSIM(Y)=0.8701
Set14/32ch: PSNR(Y)=27.708, SSIM(Y)=0.7580
B100/32ch: PSNR(Y)=26.961, SSIM(Y)=0.7149
U100/32ch: PSNR(Y)=24.590, SSIM(Y)=0.7289
M109/32ch: PSNR(Y)=27.878, SSIM(Y)=0.8654
Epoch 168/200: Training loss=0.035395, lr=2.75e-04
Epoch 168/200: Validation combined_loss=0.045773
Validation configuration losses: 32ch=0.045773
Set5/32ch: PSNR(Y)=30.731, SSIM(Y)=0.8700
Set14/32ch: PSNR(Y)=27.708, SSIM(Y)=0.7581
B100/32ch: PSNR(Y)=26.961, SSIM(Y)=0.7149
U100/32ch: PSNR(Y)=24.590, SSIM(Y)=0.7289
M109/32ch: PSNR(Y)=27.879, SSIM(Y)=0.8654
Epoch 169/200: Training loss=0.035417, lr=2.64e-04
Epoch 169/200: Validation combined_loss=0.045773
Validation configuration losses: 32ch=0.045773
Set5/32ch: PSNR(Y)=30.733, SSIM(Y)=0.8701
Set14/32ch: PSNR(Y)=27.708, SSIM(Y)=0.7580
B100/32ch: PSNR(Y)=26.962, SSIM(Y)=0.7149
U100/32ch: PSNR(Y)=24.590, SSIM(Y)=0.7289
M109/32ch: PSNR(Y)=27.877, SSIM(Y)=0.8654
Epoch 170/200: Training loss=0.035379, lr=2.53e-04
Epoch 170/200: Validation combined_loss=0.045769
Validation configuration losses: 32ch=0.045769
Set5/32ch: PSNR(Y)=30.733, SSIM(Y)=0.8701
Set14/32ch: PSNR(Y)=27.709, SSIM(Y)=0.7581
B100/32ch: PSNR(Y)=26.962, SSIM(Y)=0.7149
U100/32ch: PSNR(Y)=24.591, SSIM(Y)=0.7289
M109/32ch: PSNR(Y)=27.879, SSIM(Y)=0.8655
Model saved! Best loss: 0.045769
Epoch 171/200: Training loss=0.035406, lr=2.42e-04
Epoch 171/200: Validation combined_loss=0.045765
Validation configuration losses: 32ch=0.045765
Set5/32ch: PSNR(Y)=30.733, SSIM(Y)=0.8701
Set14/32ch: PSNR(Y)=27.710, SSIM(Y)=0.7581
B100/32ch: PSNR(Y)=26.962, SSIM(Y)=0.7149
U100/32ch: PSNR(Y)=24.591, SSIM(Y)=0.7289
M109/32ch: PSNR(Y)=27.882, SSIM(Y)=0.8655
Model saved! Best loss: 0.045765
Epoch 172/200: Training loss=0.035357, lr=2.32e-04
Epoch 172/200: Validation combined_loss=0.045761
Validation configuration losses: 32ch=0.045761
Set5/32ch: PSNR(Y)=30.732, SSIM(Y)=0.8701
Set14/32ch: PSNR(Y)=27.709, SSIM(Y)=0.7581
B100/32ch: PSNR(Y)=26.962, SSIM(Y)=0.7149
U100/32ch: PSNR(Y)=24.592, SSIM(Y)=0.7290
M109/32ch: PSNR(Y)=27.883, SSIM(Y)=0.8655
Model saved! Best loss: 0.045761
Epoch 173/200: Training loss=0.035342, lr=2.22e-04
Epoch 173/200: Validation combined_loss=0.045763
Validation configuration losses: 32ch=0.045763
Set5/32ch: PSNR(Y)=30.735, SSIM(Y)=0.8701
Set14/32ch: PSNR(Y)=27.709, SSIM(Y)=0.7581
B100/32ch: PSNR(Y)=26.963, SSIM(Y)=0.7149
U100/32ch: PSNR(Y)=24.592, SSIM(Y)=0.7290
M109/32ch: PSNR(Y)=27.883, SSIM(Y)=0.8655
Epoch 174/200: Training loss=0.035379, lr=2.12e-04
Epoch 174/200: Validation combined_loss=0.045761
Validation configuration losses: 32ch=0.045761
Set5/32ch: PSNR(Y)=30.736, SSIM(Y)=0.8702
Set14/32ch: PSNR(Y)=27.709, SSIM(Y)=0.7581
B100/32ch: PSNR(Y)=26.963, SSIM(Y)=0.7150
U100/32ch: PSNR(Y)=24.593, SSIM(Y)=0.7290
M109/32ch: PSNR(Y)=27.883, SSIM(Y)=0.8655
Epoch 175/200: Training loss=0.035355, lr=2.02e-04
Epoch 175/200: Validation combined_loss=0.045761
Validation configuration losses: 32ch=0.045761
Set5/32ch: PSNR(Y)=30.736, SSIM(Y)=0.8701
Set14/32ch: PSNR(Y)=27.708, SSIM(Y)=0.7581
B100/32ch: PSNR(Y)=26.963, SSIM(Y)=0.7150
U100/32ch: PSNR(Y)=24.592, SSIM(Y)=0.7290
M109/32ch: PSNR(Y)=27.884, SSIM(Y)=0.8655
Epoch 176/200: Training loss=0.035342, lr=1.93e-04
Epoch 176/200: Validation combined_loss=0.045758
Validation configuration losses: 32ch=0.045758
Set5/32ch: PSNR(Y)=30.738, SSIM(Y)=0.8702
Set14/32ch: PSNR(Y)=27.709, SSIM(Y)=0.7581
B100/32ch: PSNR(Y)=26.963, SSIM(Y)=0.7150
U100/32ch: PSNR(Y)=24.592, SSIM(Y)=0.7290
M109/32ch: PSNR(Y)=27.884, SSIM(Y)=0.8656
Model saved! Best loss: 0.045758
Epoch 177/200: Training loss=0.035317, lr=1.85e-04
Epoch 177/200: Validation combined_loss=0.045756
Validation configuration losses: 32ch=0.045756
Set5/32ch: PSNR(Y)=30.739, SSIM(Y)=0.8702
Set14/32ch: PSNR(Y)=27.709, SSIM(Y)=0.7581
B100/32ch: PSNR(Y)=26.964, SSIM(Y)=0.7150
U100/32ch: PSNR(Y)=24.592, SSIM(Y)=0.7290
M109/32ch: PSNR(Y)=27.884, SSIM(Y)=0.8656
Model saved! Best loss: 0.045756
Epoch 178/200: Training loss=0.035350, lr=1.76e-04
Epoch 178/200: Validation combined_loss=0.045754
Validation configuration losses: 32ch=0.045754
Set5/32ch: PSNR(Y)=30.737, SSIM(Y)=0.8702
Set14/32ch: PSNR(Y)=27.710, SSIM(Y)=0.7581
B100/32ch: PSNR(Y)=26.964, SSIM(Y)=0.7150
U100/32ch: PSNR(Y)=24.593, SSIM(Y)=0.7291
M109/32ch: PSNR(Y)=27.885, SSIM(Y)=0.8656
Model saved! Best loss: 0.045754
Epoch 179/200: Training loss=0.035364, lr=1.68e-04
Epoch 179/200: Validation combined_loss=0.045753
Validation configuration losses: 32ch=0.045753
Set5/32ch: PSNR(Y)=30.737, SSIM(Y)=0.8702
Set14/32ch: PSNR(Y)=27.709, SSIM(Y)=0.7581
B100/32ch: PSNR(Y)=26.963, SSIM(Y)=0.7150
U100/32ch: PSNR(Y)=24.593, SSIM(Y)=0.7290
M109/32ch: PSNR(Y)=27.885, SSIM(Y)=0.8656
Model saved! Best loss: 0.045753
Epoch 180/200: Training loss=0.035378, lr=1.60e-04
Epoch 180/200: Validation combined_loss=0.045753
Validation configuration losses: 32ch=0.045753
Set5/32ch: PSNR(Y)=30.737, SSIM(Y)=0.8702
Set14/32ch: PSNR(Y)=27.710, SSIM(Y)=0.7581
B100/32ch: PSNR(Y)=26.964, SSIM(Y)=0.7150
U100/32ch: PSNR(Y)=24.593, SSIM(Y)=0.7290
M109/32ch: PSNR(Y)=27.885, SSIM(Y)=0.8656
Model saved! Best loss: 0.045753
Epoch 181/200: Training loss=0.035369, lr=1.53e-04
Epoch 181/200: Validation combined_loss=0.045754
Validation configuration losses: 32ch=0.045754
Set5/32ch: PSNR(Y)=30.737, SSIM(Y)=0.8702
Set14/32ch: PSNR(Y)=27.709, SSIM(Y)=0.7581
B100/32ch: PSNR(Y)=26.964, SSIM(Y)=0.7150
U100/32ch: PSNR(Y)=24.594, SSIM(Y)=0.7291
M109/32ch: PSNR(Y)=27.887, SSIM(Y)=0.8657
Epoch 182/200: Training loss=0.035370, lr=1.46e-04
Epoch 182/200: Validation combined_loss=0.045750
Validation configuration losses: 32ch=0.045750
Set5/32ch: PSNR(Y)=30.736, SSIM(Y)=0.8702
Set14/32ch: PSNR(Y)=27.710, SSIM(Y)=0.7582
B100/32ch: PSNR(Y)=26.964, SSIM(Y)=0.7150
U100/32ch: PSNR(Y)=24.594, SSIM(Y)=0.7291
M109/32ch: PSNR(Y)=27.888, SSIM(Y)=0.8657
Model saved! Best loss: 0.045750
Epoch 183/200: Training loss=0.035385, lr=1.39e-04
Epoch 183/200: Validation combined_loss=0.045746
Validation configuration losses: 32ch=0.045746
Set5/32ch: PSNR(Y)=30.735, SSIM(Y)=0.8702
Set14/32ch: PSNR(Y)=27.709, SSIM(Y)=0.7581
B100/32ch: PSNR(Y)=26.964, SSIM(Y)=0.7150
U100/32ch: PSNR(Y)=24.595, SSIM(Y)=0.7291
M109/32ch: PSNR(Y)=27.890, SSIM(Y)=0.8657
Model saved! Best loss: 0.045746
Epoch 184/200: Training loss=0.035361, lr=1.33e-04
Epoch 184/200: Validation combined_loss=0.045747
Validation configuration losses: 32ch=0.045747
Set5/32ch: PSNR(Y)=30.736, SSIM(Y)=0.8702
Set14/32ch: PSNR(Y)=27.709, SSIM(Y)=0.7581
B100/32ch: PSNR(Y)=26.964, SSIM(Y)=0.7150
U100/32ch: PSNR(Y)=24.594, SSIM(Y)=0.7291
M109/32ch: PSNR(Y)=27.888, SSIM(Y)=0.8656
Epoch 185/200: Training loss=0.035363, lr=1.27e-04
Epoch 185/200: Validation combined_loss=0.045747
Validation configuration losses: 32ch=0.045747
Set5/32ch: PSNR(Y)=30.737, SSIM(Y)=0.8702
Set14/32ch: PSNR(Y)=27.709, SSIM(Y)=0.7581
B100/32ch: PSNR(Y)=26.964, SSIM(Y)=0.7150
U100/32ch: PSNR(Y)=24.594, SSIM(Y)=0.7291
M109/32ch: PSNR(Y)=27.889, SSIM(Y)=0.8657
Epoch 186/200: Training loss=0.035335, lr=1.21e-04
Epoch 186/200: Validation combined_loss=0.045745
Validation configuration losses: 32ch=0.045745
Set5/32ch: PSNR(Y)=30.739, SSIM(Y)=0.8702
Set14/32ch: PSNR(Y)=27.710, SSIM(Y)=0.7582
B100/32ch: PSNR(Y)=26.964, SSIM(Y)=0.7150
U100/32ch: PSNR(Y)=24.594, SSIM(Y)=0.7291
M109/32ch: PSNR(Y)=27.889, SSIM(Y)=0.8657
Model saved! Best loss: 0.045745
Epoch 187/200: Training loss=0.035324, lr=1.16e-04
Epoch 187/200: Validation combined_loss=0.045745
Validation configuration losses: 32ch=0.045745
Set5/32ch: PSNR(Y)=30.738, SSIM(Y)=0.8702
Set14/32ch: PSNR(Y)=27.710, SSIM(Y)=0.7581
B100/32ch: PSNR(Y)=26.964, SSIM(Y)=0.7150
U100/32ch: PSNR(Y)=24.595, SSIM(Y)=0.7291
M109/32ch: PSNR(Y)=27.891, SSIM(Y)=0.8657
Epoch 188/200: Training loss=0.035383, lr=1.11e-04
Epoch 188/200: Validation combined_loss=0.045741
Validation configuration losses: 32ch=0.045741
Set5/32ch: PSNR(Y)=30.739, SSIM(Y)=0.8702
Set14/32ch: PSNR(Y)=27.710, SSIM(Y)=0.7581
B100/32ch: PSNR(Y)=26.964, SSIM(Y)=0.7150
U100/32ch: PSNR(Y)=24.595, SSIM(Y)=0.7291
M109/32ch: PSNR(Y)=27.891, SSIM(Y)=0.8657
Model saved! Best loss: 0.045741
Epoch 189/200: Training loss=0.035337, lr=1.06e-04
Epoch 189/200: Validation combined_loss=0.045743
Validation configuration losses: 32ch=0.045743
Set5/32ch: PSNR(Y)=30.738, SSIM(Y)=0.8702
Set14/32ch: PSNR(Y)=27.710, SSIM(Y)=0.7582
B100/32ch: PSNR(Y)=26.965, SSIM(Y)=0.7150
U100/32ch: PSNR(Y)=24.595, SSIM(Y)=0.7291
M109/32ch: PSNR(Y)=27.890, SSIM(Y)=0.8657
Epoch 190/200: Training loss=0.035351, lr=1.02e-04
Epoch 190/200: Validation combined_loss=0.045741
Validation configuration losses: 32ch=0.045741
Set5/32ch: PSNR(Y)=30.739, SSIM(Y)=0.8702
Set14/32ch: PSNR(Y)=27.709, SSIM(Y)=0.7582
B100/32ch: PSNR(Y)=26.964, SSIM(Y)=0.7150
U100/32ch: PSNR(Y)=24.595, SSIM(Y)=0.7292
M109/32ch: PSNR(Y)=27.891, SSIM(Y)=0.8658
Model saved! Best loss: 0.045741
Epoch 191/200: Training loss=0.035325, lr=9.84e-05
Epoch 191/200: Validation combined_loss=0.045741
Validation configuration losses: 32ch=0.045741
Set5/32ch: PSNR(Y)=30.740, SSIM(Y)=0.8702
Set14/32ch: PSNR(Y)=27.710, SSIM(Y)=0.7582
B100/32ch: PSNR(Y)=26.964, SSIM(Y)=0.7150
U100/32ch: PSNR(Y)=24.595, SSIM(Y)=0.7292
M109/32ch: PSNR(Y)=27.890, SSIM(Y)=0.8657
Epoch 192/200: Training loss=0.035320, lr=9.49e-05
Epoch 192/200: Validation combined_loss=0.045741
Validation configuration losses: 32ch=0.045741
Set5/32ch: PSNR(Y)=30.738, SSIM(Y)=0.8702
Set14/32ch: PSNR(Y)=27.710, SSIM(Y)=0.7582
B100/32ch: PSNR(Y)=26.964, SSIM(Y)=0.7150
U100/32ch: PSNR(Y)=24.595, SSIM(Y)=0.7292
M109/32ch: PSNR(Y)=27.889, SSIM(Y)=0.8657
Epoch 193/200: Training loss=0.035393, lr=9.18e-05
Epoch 193/200: Validation combined_loss=0.045737
Validation configuration losses: 32ch=0.045737
Set5/32ch: PSNR(Y)=30.739, SSIM(Y)=0.8702
Set14/32ch: PSNR(Y)=27.710, SSIM(Y)=0.7582
B100/32ch: PSNR(Y)=26.964, SSIM(Y)=0.7150
U100/32ch: PSNR(Y)=24.596, SSIM(Y)=0.7292
M109/32ch: PSNR(Y)=27.891, SSIM(Y)=0.8658
Model saved! Best loss: 0.045737
Epoch 194/200: Training loss=0.035344, lr=8.90e-05
Epoch 194/200: Validation combined_loss=0.045738
Validation configuration losses: 32ch=0.045738
Set5/32ch: PSNR(Y)=30.738, SSIM(Y)=0.8702
Set14/32ch: PSNR(Y)=27.710, SSIM(Y)=0.7582
B100/32ch: PSNR(Y)=26.965, SSIM(Y)=0.7151
U100/32ch: PSNR(Y)=24.595, SSIM(Y)=0.7292
M109/32ch: PSNR(Y)=27.891, SSIM(Y)=0.8658
Epoch 195/200: Training loss=0.035300, lr=8.66e-05
Epoch 195/200: Validation combined_loss=0.045737
Validation configuration losses: 32ch=0.045737
Set5/32ch: PSNR(Y)=30.738, SSIM(Y)=0.8702
Set14/32ch: PSNR(Y)=27.711, SSIM(Y)=0.7582
B100/32ch: PSNR(Y)=26.965, SSIM(Y)=0.7151
U100/32ch: PSNR(Y)=24.596, SSIM(Y)=0.7292
M109/32ch: PSNR(Y)=27.893, SSIM(Y)=0.8658
Epoch 196/200: Training loss=0.035384, lr=8.46e-05
Epoch 196/200: Validation combined_loss=0.045737
Validation configuration losses: 32ch=0.045737
Set5/32ch: PSNR(Y)=30.737, SSIM(Y)=0.8702
Set14/32ch: PSNR(Y)=27.711, SSIM(Y)=0.7582
B100/32ch: PSNR(Y)=26.965, SSIM(Y)=0.7150
U100/32ch: PSNR(Y)=24.596, SSIM(Y)=0.7292
M109/32ch: PSNR(Y)=27.891, SSIM(Y)=0.8658
Epoch 197/200: Training loss=0.035402, lr=8.29e-05
Epoch 197/200: Validation combined_loss=0.045736
Validation configuration losses: 32ch=0.045736
Set5/32ch: PSNR(Y)=30.737, SSIM(Y)=0.8702
Set14/32ch: PSNR(Y)=27.711, SSIM(Y)=0.7582
B100/32ch: PSNR(Y)=26.965, SSIM(Y)=0.7150
U100/32ch: PSNR(Y)=24.596, SSIM(Y)=0.7292
M109/32ch: PSNR(Y)=27.893, SSIM(Y)=0.8658
Model saved! Best loss: 0.045736
Epoch 198/200: Training loss=0.035370, lr=8.17e-05
Epoch 198/200: Validation combined_loss=0.045734
Validation configuration losses: 32ch=0.045734
Set5/32ch: PSNR(Y)=30.738, SSIM(Y)=0.8702
Set14/32ch: PSNR(Y)=27.711, SSIM(Y)=0.7582
B100/32ch: PSNR(Y)=26.965, SSIM(Y)=0.7151
U100/32ch: PSNR(Y)=24.597, SSIM(Y)=0.7293
M109/32ch: PSNR(Y)=27.894, SSIM(Y)=0.8658
Model saved! Best loss: 0.045734
Epoch 199/200: Training loss=0.035340, lr=8.07e-05
Epoch 199/200: Validation combined_loss=0.045736
Validation configuration losses: 32ch=0.045736
Set5/32ch: PSNR(Y)=30.739, SSIM(Y)=0.8702
Set14/32ch: PSNR(Y)=27.711, SSIM(Y)=0.7582
B100/32ch: PSNR(Y)=26.965, SSIM(Y)=0.7151
U100/32ch: PSNR(Y)=24.596, SSIM(Y)=0.7292
M109/32ch: PSNR(Y)=27.893, SSIM(Y)=0.8658
Epoch 200/200: Training loss=0.035279, lr=8.02e-05
Epoch 200/200: Validation combined_loss=0.045732
Validation configuration losses: 32ch=0.045732
Set5/32ch: PSNR(Y)=30.739, SSIM(Y)=0.8703
Set14/32ch: PSNR(Y)=27.711, SSIM(Y)=0.7582
B100/32ch: PSNR(Y)=26.965, SSIM(Y)=0.7151
U100/32ch: PSNR(Y)=24.597, SSIM(Y)=0.7292
M109/32ch: PSNR(Y)=27.893, SSIM(Y)=0.8658
Model saved! Best loss: 0.045732
==================================================
Training Finished
==================================================
==================================================
Testing Best Model
==================================================
Set5/32ch: PSNR(Y)=30.739, SSIM(Y)=0.8703
Set14/32ch: PSNR(Y)=27.711, SSIM(Y)=0.7582
B100/32ch: PSNR(Y)=26.965, SSIM(Y)=0.7151
U100/32ch: PSNR(Y)=24.597, SSIM(Y)=0.7292
M109/32ch: PSNR(Y)=27.893, SSIM(Y)=0.8658
==================================================
Testing Bicubic Interpolation
==================================================
Set5: PSNR(Y)=28.638, SSIM(Y)=0.8129
Set14: PSNR(Y)=26.212, SSIM(Y)=0.7063
B100: PSNR(Y)=26.013, SSIM(Y)=0.6706
U100: PSNR(Y)=23.227, SSIM(Y)=0.6589
M109: PSNR(Y)=25.016, SSIM(Y)=0.7876
