使用设备: cuda
模型总参数量: 17,440
==================================================
Training Started
==================================================
实验名称: QDPSR_x2_0521_2101
放大倍数: 2
批次大小: 64
学习率: 0.0015
最小学习率: 5e-05
训练轮数: 150
设备: cuda
模型参数数量: 17,440
训练批次: 1110
==================================================
Begin Training
Epoch 1/150: Training loss=0.028945, lr=3.00e-04
Epoch 1/150: Validation loss=0.023030
Model saved! Best loss: 0.023030
Set5: PSNR(Y)=33.773, SSIM(Y)=0.9306
Set5-C16: PSNR(Y)=32.091, SSIM(Y)=0.8977
Epoch 2/150: Training loss=0.023251, lr=3.60e-04
Epoch 2/150: Validation loss=0.021037
Model saved! Best loss: 0.021037
Set5: PSNR(Y)=34.605, SSIM(Y)=0.9380
Set5-C16: PSNR(Y)=32.887, SSIM(Y)=0.9206
Epoch 3/150: Training loss=0.022438, lr=4.20e-04
Epoch 3/150: Validation loss=0.020022
Model saved! Best loss: 0.020022
Set5: PSNR(Y)=34.866, SSIM(Y)=0.9422
Set5-C16: PSNR(Y)=33.054, SSIM(Y)=0.9241
Epoch 4/150: Training loss=0.022076, lr=4.80e-04
Epoch 4/150: Validation loss=0.019591
Model saved! Best loss: 0.019591
Set5: PSNR(Y)=34.996, SSIM(Y)=0.9430
Set5-C16: PSNR(Y)=33.490, SSIM(Y)=0.9287
Epoch 5/150: Training loss=0.021858, lr=5.40e-04
Epoch 5/150: Validation loss=0.019237
Model saved! Best loss: 0.019237
Set5: PSNR(Y)=35.160, SSIM(Y)=0.9449
Set5-C16: PSNR(Y)=33.585, SSIM(Y)=0.9299
Epoch 6/150: Training loss=0.022104, lr=6.00e-04
Epoch 6/150: Validation loss=0.018819
Model saved! Best loss: 0.018819
Set5: PSNR(Y)=35.274, SSIM(Y)=0.9454
Set5-C16: PSNR(Y)=34.584, SSIM(Y)=0.9409
Epoch 7/150: Training loss=0.021701, lr=6.60e-04
Epoch 7/150: Validation loss=0.018517
Model saved! Best loss: 0.018517
Set5: PSNR(Y)=35.496, SSIM(Y)=0.9468
Set5-C16: PSNR(Y)=35.071, SSIM(Y)=0.9444
Epoch 8/150: Training loss=0.021436, lr=7.20e-04
Epoch 8/150: Validation loss=0.018057
Model saved! Best loss: 0.018057
Set5: PSNR(Y)=35.693, SSIM(Y)=0.9483
Set5-C16: PSNR(Y)=35.353, SSIM(Y)=0.9463
Epoch 9/150: Training loss=0.021199, lr=7.80e-04
Epoch 9/150: Validation loss=0.017830
Model saved! Best loss: 0.017830
Set5: PSNR(Y)=35.861, SSIM(Y)=0.9495
Set5-C16: PSNR(Y)=35.585, SSIM(Y)=0.9477
Epoch 10/150: Training loss=0.021116, lr=8.40e-04
Epoch 10/150: Validation loss=0.017505
Model saved! Best loss: 0.017505
Set5: PSNR(Y)=35.993, SSIM(Y)=0.9504
Set5-C16: PSNR(Y)=35.783, SSIM(Y)=0.9493
Epoch 11/150: Training loss=0.021014, lr=9.00e-04
Epoch 11/150: Validation loss=0.017344
Model saved! Best loss: 0.017344
Set5: PSNR(Y)=36.110, SSIM(Y)=0.9512
Set5-C16: PSNR(Y)=35.895, SSIM(Y)=0.9501
Epoch 12/150: Training loss=0.020938, lr=9.60e-04
Epoch 12/150: Validation loss=0.017213
Model saved! Best loss: 0.017213
Set5: PSNR(Y)=36.195, SSIM(Y)=0.9517
Set5-C16: PSNR(Y)=35.988, SSIM(Y)=0.9507
Epoch 13/150: Training loss=0.020871, lr=1.02e-03
Epoch 13/150: Validation loss=0.017117
Model saved! Best loss: 0.017117
Set5: PSNR(Y)=36.231, SSIM(Y)=0.9519
Set5-C16: PSNR(Y)=36.042, SSIM(Y)=0.9510
Epoch 14/150: Training loss=0.020880, lr=1.08e-03
Epoch 14/150: Validation loss=0.017093
Model saved! Best loss: 0.017093
Set5: PSNR(Y)=36.216, SSIM(Y)=0.9517
Set5-C16: PSNR(Y)=36.021, SSIM(Y)=0.9508
Epoch 15/150: Training loss=0.020805, lr=1.14e-03
Epoch 15/150: Validation loss=0.016936
Model saved! Best loss: 0.016936
Set5: PSNR(Y)=36.286, SSIM(Y)=0.9521
Set5-C16: PSNR(Y)=36.110, SSIM(Y)=0.9514
Epoch 16/150: Training loss=0.020781, lr=1.20e-03
Epoch 16/150: Validation loss=0.016905
Model saved! Best loss: 0.016905
Set5: PSNR(Y)=36.314, SSIM(Y)=0.9521
Set5-C16: PSNR(Y)=36.126, SSIM(Y)=0.9513
Epoch 17/150: Training loss=0.020742, lr=1.26e-03
Epoch 17/150: Validation loss=0.016827
Model saved! Best loss: 0.016827
Set5: PSNR(Y)=36.331, SSIM(Y)=0.9524
Set5-C16: PSNR(Y)=36.144, SSIM(Y)=0.9515
Epoch 18/150: Training loss=0.020693, lr=1.32e-03
Epoch 18/150: Validation loss=0.016808
Model saved! Best loss: 0.016808
Set5: PSNR(Y)=36.320, SSIM(Y)=0.9523
Set5-C16: PSNR(Y)=36.152, SSIM(Y)=0.9517
Epoch 19/150: Training loss=0.020688, lr=1.38e-03
Epoch 19/150: Validation loss=0.016781
Model saved! Best loss: 0.016781
Set5: PSNR(Y)=36.368, SSIM(Y)=0.9529
Set5-C16: PSNR(Y)=36.192, SSIM(Y)=0.9519
Epoch 20/150: Training loss=0.020664, lr=1.44e-03
Epoch 20/150: Validation loss=0.016770
Model saved! Best loss: 0.016770
Set5: PSNR(Y)=36.341, SSIM(Y)=0.9528
Set5-C16: PSNR(Y)=36.162, SSIM(Y)=0.9519
Epoch 21/150: Training loss=0.020678, lr=1.50e-03
Epoch 21/150: Validation loss=0.016687
Model saved! Best loss: 0.016687
Set5: PSNR(Y)=36.392, SSIM(Y)=0.9528
Set5-C16: PSNR(Y)=36.207, SSIM(Y)=0.9520
Epoch 22/150: Training loss=0.020639, lr=1.50e-03
Epoch 22/150: Validation loss=0.016674
Model saved! Best loss: 0.016674
Set5: PSNR(Y)=36.391, SSIM(Y)=0.9529
Set5-C16: PSNR(Y)=36.222, SSIM(Y)=0.9521
Epoch 23/150: Training loss=0.020665, lr=1.50e-03
Epoch 23/150: Validation loss=0.016679
Epoch 24/150: Training loss=0.020613, lr=1.50e-03
Epoch 24/150: Validation loss=0.016665
Model saved! Best loss: 0.016665
Set5: PSNR(Y)=36.400, SSIM(Y)=0.9530
Set5-C16: PSNR(Y)=36.226, SSIM(Y)=0.9522
Epoch 25/150: Training loss=0.020582, lr=1.50e-03
Epoch 25/150: Validation loss=0.016634
Model saved! Best loss: 0.016634
Set5: PSNR(Y)=36.449, SSIM(Y)=0.9532
Set5-C16: PSNR(Y)=36.258, SSIM(Y)=0.9523
Epoch 26/150: Training loss=0.020632, lr=1.49e-03
Epoch 26/150: Validation loss=0.016623
Model saved! Best loss: 0.016623
Set5: PSNR(Y)=36.404, SSIM(Y)=0.9530
Set5-C16: PSNR(Y)=36.232, SSIM(Y)=0.9522
Epoch 27/150: Training loss=0.020568, lr=1.49e-03
Epoch 27/150: Validation loss=0.016601
Model saved! Best loss: 0.016601
Set5: PSNR(Y)=36.417, SSIM(Y)=0.9530
Set5-C16: PSNR(Y)=36.219, SSIM(Y)=0.9521
Epoch 28/150: Training loss=0.020579, lr=1.49e-03
Epoch 28/150: Validation loss=0.016608
Epoch 29/150: Training loss=0.020604, lr=1.49e-03
Epoch 29/150: Validation loss=0.016569
Model saved! Best loss: 0.016569
Set5: PSNR(Y)=36.438, SSIM(Y)=0.9531
Set5-C16: PSNR(Y)=36.268, SSIM(Y)=0.9523
Epoch 30/150: Training loss=0.020646, lr=1.48e-03
Epoch 30/150: Validation loss=0.016584
Epoch 31/150: Training loss=0.020586, lr=1.48e-03
Epoch 31/150: Validation loss=0.016577
Epoch 32/150: Training loss=0.020542, lr=1.47e-03
Epoch 32/150: Validation loss=0.016583
Epoch 33/150: Training loss=0.020532, lr=1.47e-03
Epoch 33/150: Validation loss=0.016608
Epoch 34/150: Training loss=0.020518, lr=1.46e-03
Epoch 34/150: Validation loss=0.016543
Model saved! Best loss: 0.016543
Set5: PSNR(Y)=36.452, SSIM(Y)=0.9532
Set5-C16: PSNR(Y)=36.290, SSIM(Y)=0.9525
Epoch 35/150: Training loss=0.020582, lr=1.46e-03
Epoch 35/150: Validation loss=0.016503
Model saved! Best loss: 0.016503
Set5: PSNR(Y)=36.472, SSIM(Y)=0.9532
Set5-C16: PSNR(Y)=36.311, SSIM(Y)=0.9526
Epoch 36/150: Training loss=0.020546, lr=1.45e-03
Epoch 36/150: Validation loss=0.016536
Epoch 37/150: Training loss=0.020539, lr=1.45e-03
Epoch 37/150: Validation loss=0.016491
Model saved! Best loss: 0.016491
Set5: PSNR(Y)=36.466, SSIM(Y)=0.9532
Set5-C16: PSNR(Y)=36.271, SSIM(Y)=0.9522
Epoch 38/150: Training loss=0.020541, lr=1.44e-03
Epoch 38/150: Validation loss=0.016513
Epoch 39/150: Training loss=0.020523, lr=1.43e-03
Epoch 39/150: Validation loss=0.016508
Epoch 40/150: Training loss=0.020511, lr=1.42e-03
Epoch 40/150: Validation loss=0.016499
Epoch 41/150: Training loss=0.020492, lr=1.42e-03
Epoch 41/150: Validation loss=0.016476
Model saved! Best loss: 0.016476
Set5: PSNR(Y)=36.488, SSIM(Y)=0.9534
Set5-C16: PSNR(Y)=36.307, SSIM(Y)=0.9525
Epoch 42/150: Training loss=0.020535, lr=1.41e-03
Epoch 42/150: Validation loss=0.016477
Epoch 43/150: Training loss=0.020498, lr=1.40e-03
Epoch 43/150: Validation loss=0.016462
Model saved! Best loss: 0.016462
Set5: PSNR(Y)=36.493, SSIM(Y)=0.9535
Set5-C16: PSNR(Y)=36.297, SSIM(Y)=0.9523
Epoch 44/150: Training loss=0.020529, lr=1.39e-03
Epoch 44/150: Validation loss=0.016470
Epoch 45/150: Training loss=0.020510, lr=1.38e-03
Epoch 45/150: Validation loss=0.016471
Epoch 46/150: Training loss=0.020454, lr=1.37e-03
Epoch 46/150: Validation loss=0.016482
Epoch 47/150: Training loss=0.020522, lr=1.36e-03
Epoch 47/150: Validation loss=0.016497
Epoch 48/150: Training loss=0.020465, lr=1.35e-03
Epoch 48/150: Validation loss=0.016492
Epoch 49/150: Training loss=0.020516, lr=1.34e-03
Epoch 49/150: Validation loss=0.016509
Epoch 50/150: Training loss=0.020491, lr=1.33e-03
Epoch 50/150: Validation loss=0.016484
Epoch 51/150: Training loss=0.020466, lr=1.32e-03
Epoch 51/150: Validation loss=0.016459
Model saved! Best loss: 0.016459
Set5: PSNR(Y)=36.521, SSIM(Y)=0.9536
Set5-C16: PSNR(Y)=36.356, SSIM(Y)=0.9527
Epoch 52/150: Training loss=0.020526, lr=1.31e-03
Epoch 52/150: Validation loss=0.016476
Epoch 53/150: Training loss=0.020504, lr=1.29e-03
Epoch 53/150: Validation loss=0.016494
Epoch 54/150: Training loss=0.020452, lr=1.28e-03
Epoch 54/150: Validation loss=0.016441
Model saved! Best loss: 0.016441
Set5: PSNR(Y)=36.503, SSIM(Y)=0.9535
Set5-C16: PSNR(Y)=36.333, SSIM(Y)=0.9526
Epoch 55/150: Training loss=0.020469, lr=1.27e-03
Epoch 55/150: Validation loss=0.016409
Model saved! Best loss: 0.016409
Set5: PSNR(Y)=36.549, SSIM(Y)=0.9536
Set5-C16: PSNR(Y)=36.363, SSIM(Y)=0.9528
Epoch 56/150: Training loss=0.020459, lr=1.26e-03
Epoch 56/150: Validation loss=0.016413
Epoch 57/150: Training loss=0.020455, lr=1.24e-03
Epoch 57/150: Validation loss=0.016415
Epoch 58/150: Training loss=0.020436, lr=1.23e-03
Epoch 58/150: Validation loss=0.016410
Epoch 59/150: Training loss=0.020447, lr=1.22e-03
Epoch 59/150: Validation loss=0.016435
Epoch 60/150: Training loss=0.020485, lr=1.20e-03
Epoch 60/150: Validation loss=0.016426
Epoch 61/150: Training loss=0.020444, lr=1.19e-03
Epoch 61/150: Validation loss=0.016443
Epoch 62/150: Training loss=0.020462, lr=1.17e-03
Epoch 62/150: Validation loss=0.016412
Epoch 63/150: Training loss=0.020474, lr=1.16e-03
Epoch 63/150: Validation loss=0.016410
Epoch 64/150: Training loss=0.020464, lr=1.14e-03
Epoch 64/150: Validation loss=0.016394
Model saved! Best loss: 0.016394
Set5: PSNR(Y)=36.519, SSIM(Y)=0.9536
Set5-C16: PSNR(Y)=36.342, SSIM(Y)=0.9528
Epoch 65/150: Training loss=0.020447, lr=1.13e-03
Epoch 65/150: Validation loss=0.016454
Epoch 66/150: Training loss=0.020411, lr=1.11e-03
Epoch 66/150: Validation loss=0.016398
Epoch 67/150: Training loss=0.020425, lr=1.10e-03
Epoch 67/150: Validation loss=0.016391
Model saved! Best loss: 0.016391
Set5: PSNR(Y)=36.531, SSIM(Y)=0.9537
Set5-C16: PSNR(Y)=36.323, SSIM(Y)=0.9527
Epoch 68/150: Training loss=0.020465, lr=1.08e-03
Epoch 68/150: Validation loss=0.016394
Epoch 69/150: Training loss=0.020407, lr=1.06e-03
Epoch 69/150: Validation loss=0.016374
Model saved! Best loss: 0.016374
Set5: PSNR(Y)=36.564, SSIM(Y)=0.9538
Set5-C16: PSNR(Y)=36.351, SSIM(Y)=0.9527
Epoch 70/150: Training loss=0.020428, lr=1.05e-03
Epoch 70/150: Validation loss=0.016410
Epoch 71/150: Training loss=0.020444, lr=1.03e-03
Epoch 71/150: Validation loss=0.016397
Epoch 72/150: Training loss=0.020402, lr=1.02e-03
Epoch 72/150: Validation loss=0.016363
Model saved! Best loss: 0.016363
Set5: PSNR(Y)=36.548, SSIM(Y)=0.9537
Set5-C16: PSNR(Y)=36.363, SSIM(Y)=0.9528
Epoch 73/150: Training loss=0.020458, lr=9.99e-04
Epoch 73/150: Validation loss=0.016352
Model saved! Best loss: 0.016352
Set5: PSNR(Y)=36.517, SSIM(Y)=0.9536
Set5-C16: PSNR(Y)=36.329, SSIM(Y)=0.9527
Epoch 74/150: Training loss=0.020430, lr=9.82e-04
Epoch 74/150: Validation loss=0.016371
Epoch 75/150: Training loss=0.020422, lr=9.65e-04
Epoch 75/150: Validation loss=0.016382
Epoch 76/150: Training loss=0.020457, lr=9.49e-04
Epoch 76/150: Validation loss=0.016382
Epoch 77/150: Training loss=0.020442, lr=9.31e-04
Epoch 77/150: Validation loss=0.016370
Epoch 78/150: Training loss=0.020420, lr=9.14e-04
Epoch 78/150: Validation loss=0.016334
Model saved! Best loss: 0.016334
Set5: PSNR(Y)=36.587, SSIM(Y)=0.9540
Set5-C16: PSNR(Y)=36.383, SSIM(Y)=0.9529
Epoch 79/150: Training loss=0.020439, lr=8.97e-04
Epoch 79/150: Validation loss=0.016349
Epoch 80/150: Training loss=0.020425, lr=8.80e-04
Epoch 80/150: Validation loss=0.016379
Epoch 81/150: Training loss=0.020414, lr=8.62e-04
Epoch 81/150: Validation loss=0.016390
Epoch 82/150: Training loss=0.020397, lr=8.45e-04
Epoch 82/150: Validation loss=0.016362
Epoch 83/150: Training loss=0.020441, lr=8.28e-04
Epoch 83/150: Validation loss=0.016381
Epoch 84/150: Training loss=0.020427, lr=8.10e-04
Epoch 84/150: Validation loss=0.016341
Epoch 85/150: Training loss=0.020414, lr=7.93e-04
Epoch 85/150: Validation loss=0.016380
Epoch 86/150: Training loss=0.020408, lr=7.75e-04
Epoch 86/150: Validation loss=0.016380
Epoch 87/150: Training loss=0.020406, lr=7.57e-04
Epoch 87/150: Validation loss=0.016347
Epoch 88/150: Training loss=0.020401, lr=7.40e-04
Epoch 88/150: Validation loss=0.016369
Epoch 89/150: Training loss=0.020388, lr=7.22e-04
Epoch 89/150: Validation loss=0.016365
Epoch 90/150: Training loss=0.020384, lr=7.05e-04
Epoch 90/150: Validation loss=0.016390
Epoch 91/150: Training loss=0.020413, lr=6.88e-04
Epoch 91/150: Validation loss=0.016345
Epoch 92/150: Training loss=0.020426, lr=6.70e-04
Epoch 92/150: Validation loss=0.016369
Epoch 93/150: Training loss=0.020416, lr=6.53e-04
Epoch 93/150: Validation loss=0.016396
Epoch 94/150: Training loss=0.020361, lr=6.36e-04
Epoch 94/150: Validation loss=0.016410
Epoch 95/150: Training loss=0.020405, lr=6.19e-04
Epoch 95/150: Validation loss=0.016332
Model saved! Best loss: 0.016332
Set5: PSNR(Y)=36.581, SSIM(Y)=0.9539
Set5-C16: PSNR(Y)=36.372, SSIM(Y)=0.9528
Epoch 96/150: Training loss=0.020442, lr=6.01e-04
Epoch 96/150: Validation loss=0.016354
Epoch 97/150: Training loss=0.020378, lr=5.85e-04
Epoch 97/150: Validation loss=0.016340
Epoch 98/150: Training loss=0.020397, lr=5.68e-04
Epoch 98/150: Validation loss=0.016327
Model saved! Best loss: 0.016327
Set5: PSNR(Y)=36.585, SSIM(Y)=0.9537
Set5-C16: PSNR(Y)=36.367, SSIM(Y)=0.9527
Epoch 99/150: Training loss=0.020381, lr=5.51e-04
Epoch 99/150: Validation loss=0.016342
Epoch 100/150: Training loss=0.020364, lr=5.34e-04
Epoch 100/150: Validation loss=0.016348
Epoch 101/150: Training loss=0.020390, lr=5.18e-04
Epoch 101/150: Validation loss=0.016300
Model saved! Best loss: 0.016300
Set5: PSNR(Y)=36.607, SSIM(Y)=0.9541
Set5-C16: PSNR(Y)=36.419, SSIM(Y)=0.9532
Epoch 102/150: Training loss=0.020402, lr=5.02e-04
Epoch 102/150: Validation loss=0.016373
Epoch 103/150: Training loss=0.020377, lr=4.85e-04
Epoch 103/150: Validation loss=0.016321
Epoch 104/150: Training loss=0.020368, lr=4.69e-04
Epoch 104/150: Validation loss=0.016322
Epoch 105/150: Training loss=0.020377, lr=4.54e-04
Epoch 105/150: Validation loss=0.016364
Epoch 106/150: Training loss=0.020380, lr=4.38e-04
Epoch 106/150: Validation loss=0.016355
Epoch 107/150: Training loss=0.020323, lr=4.23e-04
Epoch 107/150: Validation loss=0.016369
Epoch 108/150: Training loss=0.020323, lr=4.07e-04
Epoch 108/150: Validation loss=0.016325
Epoch 109/150: Training loss=0.020383, lr=3.92e-04
Epoch 109/150: Validation loss=0.016353
Epoch 110/150: Training loss=0.020356, lr=3.78e-04
Epoch 110/150: Validation loss=0.016347
Epoch 111/150: Training loss=0.020328, lr=3.63e-04
Epoch 111/150: Validation loss=0.016331
Epoch 112/150: Training loss=0.020333, lr=3.49e-04
Epoch 112/150: Validation loss=0.016349
Epoch 113/150: Training loss=0.020356, lr=3.35e-04
Epoch 113/150: Validation loss=0.016383
Epoch 114/150: Training loss=0.020328, lr=3.21e-04
Epoch 114/150: Validation loss=0.016327
Epoch 115/150: Training loss=0.020320, lr=3.07e-04
Epoch 115/150: Validation loss=0.016318
Epoch 116/150: Training loss=0.020376, lr=2.94e-04
Epoch 116/150: Validation loss=0.016325
Epoch 117/150: Training loss=0.020358, lr=2.81e-04
Epoch 117/150: Validation loss=0.016343
Epoch 118/150: Training loss=0.020303, lr=2.69e-04
Epoch 118/150: Validation loss=0.016329
Epoch 119/150: Training loss=0.020314, lr=2.56e-04
Epoch 119/150: Validation loss=0.016319
Epoch 120/150: Training loss=0.020321, lr=2.44e-04
Epoch 120/150: Validation loss=0.016331
Epoch 121/150: Training loss=0.020366, lr=2.32e-04
Epoch 121/150: Validation loss=0.016387
Epoch 122/150: Training loss=0.020320, lr=2.21e-04
Epoch 122/150: Validation loss=0.016296
Model saved! Best loss: 0.016296
Set5: PSNR(Y)=36.576, SSIM(Y)=0.9539
Set5-C16: PSNR(Y)=36.386, SSIM(Y)=0.9529
Epoch 123/150: Training loss=0.020369, lr=2.10e-04
Epoch 123/150: Validation loss=0.016307
Epoch 124/150: Training loss=0.020344, lr=1.99e-04
Epoch 124/150: Validation loss=0.016316
Epoch 125/150: Training loss=0.020357, lr=1.88e-04
Epoch 125/150: Validation loss=0.016304
Epoch 126/150: Training loss=0.020317, lr=1.78e-04
Epoch 126/150: Validation loss=0.016337
Epoch 127/150: Training loss=0.020373, lr=1.69e-04
Epoch 127/150: Validation loss=0.016325
Epoch 128/150: Training loss=0.020343, lr=1.59e-04
Epoch 128/150: Validation loss=0.016334
Epoch 129/150: Training loss=0.020355, lr=1.50e-04
Epoch 129/150: Validation loss=0.016321
Epoch 130/150: Training loss=0.020301, lr=1.41e-04
Epoch 130/150: Validation loss=0.016351
Epoch 131/150: Training loss=0.020346, lr=1.33e-04
Epoch 131/150: Validation loss=0.016289
Model saved! Best loss: 0.016289
Set5: PSNR(Y)=36.570, SSIM(Y)=0.9538
Set5-C16: PSNR(Y)=36.400, SSIM(Y)=0.9530
Epoch 132/150: Training loss=0.020320, lr=1.25e-04
Epoch 132/150: Validation loss=0.016280
Model saved! Best loss: 0.016280
Set5: PSNR(Y)=36.581, SSIM(Y)=0.9539
Set5-C16: PSNR(Y)=36.407, SSIM(Y)=0.9530
Epoch 133/150: Training loss=0.020353, lr=1.18e-04
Epoch 133/150: Validation loss=0.016293
Epoch 134/150: Training loss=0.020315, lr=1.10e-04
Epoch 134/150: Validation loss=0.016354
Epoch 135/150: Training loss=0.020315, lr=1.04e-04
Epoch 135/150: Validation loss=0.016289
Epoch 136/150: Training loss=0.020311, lr=9.71e-05
Epoch 136/150: Validation loss=0.016285
Epoch 137/150: Training loss=0.020331, lr=9.11e-05
Epoch 137/150: Validation loss=0.016270
Model saved! Best loss: 0.016270
Set5: PSNR(Y)=36.612, SSIM(Y)=0.9542
Set5-C16: PSNR(Y)=36.427, SSIM(Y)=0.9532
Epoch 138/150: Training loss=0.020348, lr=8.55e-05
Epoch 138/150: Validation loss=0.016253
Model saved! Best loss: 0.016253
Set5: PSNR(Y)=36.622, SSIM(Y)=0.9542
Set5-C16: PSNR(Y)=36.426, SSIM(Y)=0.9532
Epoch 139/150: Training loss=0.020325, lr=8.03e-05
Epoch 139/150: Validation loss=0.016284
Epoch 140/150: Training loss=0.020304, lr=7.55e-05
Epoch 140/150: Validation loss=0.016314
Epoch 141/150: Training loss=0.020328, lr=7.11e-05
Epoch 141/150: Validation loss=0.016268
Epoch 142/150: Training loss=0.020342, lr=6.71e-05
Epoch 142/150: Validation loss=0.016318
Epoch 143/150: Training loss=0.020309, lr=6.35e-05
Epoch 143/150: Validation loss=0.016287
Epoch 144/150: Training loss=0.020323, lr=6.03e-05
Epoch 144/150: Validation loss=0.016296
Epoch 145/150: Training loss=0.020288, lr=5.76e-05
Epoch 145/150: Validation loss=0.016277
Epoch 146/150: Training loss=0.020260, lr=5.53e-05
Epoch 146/150: Validation loss=0.016298
Epoch 147/150: Training loss=0.020318, lr=5.34e-05
Epoch 147/150: Validation loss=0.016295
Epoch 148/150: Training loss=0.020318, lr=5.19e-05
Epoch 148/150: Validation loss=0.016269
Epoch 149/150: Training loss=0.020315, lr=5.08e-05
Epoch 149/150: Validation loss=0.016301
Epoch 150/150: Training loss=0.020311, lr=5.02e-05
Epoch 150/150: Validation loss=0.016265
==================================================
Training Finished
==================================================
==================================================
Testing Best Model
==================================================
Set5: PSNR(Y)=36.622, SSIM(Y)=0.9542
Set5-C16: PSNR(Y)=36.426, SSIM(Y)=0.9532
==================================================
Testing Bicubic Interpolation
==================================================
Set5: PSNR(Y)=33.977, SSIM(Y)=0.9330
