使用设备: cuda
模型总参数量: 13,888
==================================================
Training Started
==================================================
实验名称: QDPSR_x2_0327_0131
放大倍数: 2
批次大小: 64
学习率: 0.0015
最小学习率: 5e-05
训练轮数: 150
设备: cuda
模型参数数量: 13,888
训练批次: 1110
==================================================
Begin Training
Epoch 1/150: Training loss=0.027965, lr=3.00e-04
Epoch 1/150: Validation loss=0.022538
Model saved! Best loss: 0.022538
Set5: PSNR(Y)=33.289, SSIM(Y)=0.9249
Set5-C16: PSNR(Y)=30.991, SSIM(Y)=0.8338
Epoch 2/150: Training loss=0.023085, lr=3.80e-04
Epoch 2/150: Validation loss=0.020024
Model saved! Best loss: 0.020024
Set5: PSNR(Y)=34.635, SSIM(Y)=0.9395
Set5-C16: PSNR(Y)=31.393, SSIM(Y)=0.8567
Epoch 3/150: Training loss=0.022149, lr=4.60e-04
Epoch 3/150: Validation loss=0.019406
Model saved! Best loss: 0.019406
Set5: PSNR(Y)=34.935, SSIM(Y)=0.9423
Set5-C16: PSNR(Y)=31.871, SSIM(Y)=0.8835
Epoch 4/150: Training loss=0.021784, lr=5.40e-04
Epoch 4/150: Validation loss=0.019093
Model saved! Best loss: 0.019093
Set5: PSNR(Y)=35.133, SSIM(Y)=0.9434
Set5-C16: PSNR(Y)=32.266, SSIM(Y)=0.8944
Epoch 5/150: Training loss=0.021368, lr=6.20e-04
Epoch 5/150: Validation loss=0.018392
Model saved! Best loss: 0.018392
Set5: PSNR(Y)=35.427, SSIM(Y)=0.9454
Set5-C16: PSNR(Y)=32.608, SSIM(Y)=0.9184
Epoch 6/150: Training loss=0.021768, lr=7.00e-04
Epoch 6/150: Validation loss=0.017959
Model saved! Best loss: 0.017959
Set5: PSNR(Y)=35.620, SSIM(Y)=0.9466
Set5-C16: PSNR(Y)=34.273, SSIM(Y)=0.9377
Epoch 7/150: Training loss=0.021251, lr=7.80e-04
Epoch 7/150: Validation loss=0.017543
Model saved! Best loss: 0.017543
Set5: PSNR(Y)=35.828, SSIM(Y)=0.9481
Set5-C16: PSNR(Y)=35.064, SSIM(Y)=0.9435
Epoch 8/150: Training loss=0.020969, lr=8.60e-04
Epoch 8/150: Validation loss=0.017142
Model saved! Best loss: 0.017142
Set5: PSNR(Y)=36.015, SSIM(Y)=0.9492
Set5-C16: PSNR(Y)=35.392, SSIM(Y)=0.9454
Epoch 9/150: Training loss=0.020832, lr=9.40e-04
Epoch 9/150: Validation loss=0.016805
Model saved! Best loss: 0.016805
Set5: PSNR(Y)=36.170, SSIM(Y)=0.9505
Set5-C16: PSNR(Y)=35.585, SSIM(Y)=0.9471
Epoch 10/150: Training loss=0.020735, lr=1.02e-03
Epoch 10/150: Validation loss=0.016610
Model saved! Best loss: 0.016610
Set5: PSNR(Y)=36.272, SSIM(Y)=0.9513
Set5-C16: PSNR(Y)=35.719, SSIM(Y)=0.9481
Epoch 11/150: Training loss=0.020709, lr=1.10e-03
Epoch 11/150: Validation loss=0.016464
Model saved! Best loss: 0.016464
Set5: PSNR(Y)=36.345, SSIM(Y)=0.9515
Set5-C16: PSNR(Y)=35.827, SSIM(Y)=0.9485
Epoch 12/150: Training loss=0.020596, lr=1.18e-03
Epoch 12/150: Validation loss=0.016341
Model saved! Best loss: 0.016341
Set5: PSNR(Y)=36.394, SSIM(Y)=0.9519
Set5-C16: PSNR(Y)=35.887, SSIM(Y)=0.9490
Epoch 13/150: Training loss=0.020540, lr=1.26e-03
Epoch 13/150: Validation loss=0.016308
Model saved! Best loss: 0.016308
Set5: PSNR(Y)=36.415, SSIM(Y)=0.9519
Set5-C16: PSNR(Y)=35.885, SSIM(Y)=0.9488
Epoch 14/150: Training loss=0.020547, lr=1.34e-03
Epoch 14/150: Validation loss=0.016305
Model saved! Best loss: 0.016305
Set5: PSNR(Y)=36.426, SSIM(Y)=0.9516
Set5-C16: PSNR(Y)=35.984, SSIM(Y)=0.9493
Epoch 15/150: Training loss=0.020508, lr=1.42e-03
Epoch 15/150: Validation loss=0.016195
Model saved! Best loss: 0.016195
Set5: PSNR(Y)=36.491, SSIM(Y)=0.9523
Set5-C16: PSNR(Y)=36.006, SSIM(Y)=0.9495
Epoch 16/150: Training loss=0.020444, lr=1.50e-03
Epoch 16/150: Validation loss=0.016189
Model saved! Best loss: 0.016189
Set5: PSNR(Y)=36.478, SSIM(Y)=0.9523
Set5-C16: PSNR(Y)=36.001, SSIM(Y)=0.9497
Epoch 17/150: Training loss=0.020430, lr=1.50e-03
Epoch 17/150: Validation loss=0.016175
Model saved! Best loss: 0.016175
Set5: PSNR(Y)=36.464, SSIM(Y)=0.9524
Set5-C16: PSNR(Y)=35.987, SSIM(Y)=0.9497
Epoch 18/150: Training loss=0.020470, lr=1.50e-03
Epoch 18/150: Validation loss=0.016101
Model saved! Best loss: 0.016101
Set5: PSNR(Y)=36.528, SSIM(Y)=0.9528
Set5-C16: PSNR(Y)=36.026, SSIM(Y)=0.9499
Epoch 19/150: Training loss=0.020350, lr=1.50e-03
Epoch 19/150: Validation loss=0.016144
Epoch 20/150: Training loss=0.020394, lr=1.50e-03
Epoch 20/150: Validation loss=0.016118
Epoch 21/150: Training loss=0.020387, lr=1.50e-03
Epoch 21/150: Validation loss=0.016027
Model saved! Best loss: 0.016027
Set5: PSNR(Y)=36.553, SSIM(Y)=0.9528
Set5-C16: PSNR(Y)=36.058, SSIM(Y)=0.9500
Epoch 22/150: Training loss=0.020349, lr=1.49e-03
Epoch 22/150: Validation loss=0.016051
Epoch 23/150: Training loss=0.020375, lr=1.49e-03
Epoch 23/150: Validation loss=0.016102
Epoch 24/150: Training loss=0.020403, lr=1.49e-03
Epoch 24/150: Validation loss=0.015996
Model saved! Best loss: 0.015996
Set5: PSNR(Y)=36.579, SSIM(Y)=0.9529
Set5-C16: PSNR(Y)=36.056, SSIM(Y)=0.9500
Epoch 25/150: Training loss=0.020362, lr=1.48e-03
Epoch 25/150: Validation loss=0.015976
Model saved! Best loss: 0.015976
Set5: PSNR(Y)=36.589, SSIM(Y)=0.9530
Set5-C16: PSNR(Y)=36.059, SSIM(Y)=0.9499
Epoch 26/150: Training loss=0.020364, lr=1.48e-03
Epoch 26/150: Validation loss=0.015976
Epoch 27/150: Training loss=0.020279, lr=1.48e-03
Epoch 27/150: Validation loss=0.016004
Epoch 28/150: Training loss=0.020323, lr=1.47e-03
Epoch 28/150: Validation loss=0.015951
Model saved! Best loss: 0.015951
Set5: PSNR(Y)=36.594, SSIM(Y)=0.9531
Set5-C16: PSNR(Y)=36.057, SSIM(Y)=0.9500
Epoch 29/150: Training loss=0.020290, lr=1.47e-03
Epoch 29/150: Validation loss=0.015887
Model saved! Best loss: 0.015887
Set5: PSNR(Y)=36.630, SSIM(Y)=0.9535
Set5-C16: PSNR(Y)=36.111, SSIM(Y)=0.9504
Epoch 30/150: Training loss=0.020355, lr=1.46e-03
Epoch 30/150: Validation loss=0.015925
Epoch 31/150: Training loss=0.020346, lr=1.46e-03
Epoch 31/150: Validation loss=0.015960
Epoch 32/150: Training loss=0.020297, lr=1.45e-03
Epoch 32/150: Validation loss=0.015884
Model saved! Best loss: 0.015884
Set5: PSNR(Y)=36.612, SSIM(Y)=0.9535
Set5-C16: PSNR(Y)=36.086, SSIM(Y)=0.9505
Epoch 33/150: Training loss=0.020296, lr=1.44e-03
Epoch 33/150: Validation loss=0.015949
Epoch 34/150: Training loss=0.020325, lr=1.44e-03
Epoch 34/150: Validation loss=0.015917
Epoch 35/150: Training loss=0.020316, lr=1.43e-03
Epoch 35/150: Validation loss=0.015835
Model saved! Best loss: 0.015835
Set5: PSNR(Y)=36.648, SSIM(Y)=0.9533
Set5-C16: PSNR(Y)=36.097, SSIM(Y)=0.9503
Epoch 36/150: Training loss=0.020285, lr=1.42e-03
Epoch 36/150: Validation loss=0.015918
Epoch 37/150: Training loss=0.020319, lr=1.42e-03
Epoch 37/150: Validation loss=0.015932
Epoch 38/150: Training loss=0.020275, lr=1.41e-03
Epoch 38/150: Validation loss=0.015920
Epoch 39/150: Training loss=0.020297, lr=1.40e-03
Epoch 39/150: Validation loss=0.015920
Epoch 40/150: Training loss=0.020322, lr=1.39e-03
Epoch 40/150: Validation loss=0.015895
Epoch 41/150: Training loss=0.020282, lr=1.38e-03
Epoch 41/150: Validation loss=0.015903
Epoch 42/150: Training loss=0.020270, lr=1.37e-03
Epoch 42/150: Validation loss=0.015873
Epoch 43/150: Training loss=0.020225, lr=1.36e-03
Epoch 43/150: Validation loss=0.015962
Epoch 44/150: Training loss=0.020267, lr=1.35e-03
Epoch 44/150: Validation loss=0.015882
Epoch 45/150: Training loss=0.020239, lr=1.34e-03
Epoch 45/150: Validation loss=0.015871
Epoch 46/150: Training loss=0.020291, lr=1.33e-03
Epoch 46/150: Validation loss=0.015885
Epoch 47/150: Training loss=0.020234, lr=1.32e-03
Epoch 47/150: Validation loss=0.015868
Epoch 48/150: Training loss=0.020227, lr=1.31e-03
Epoch 48/150: Validation loss=0.015841
Epoch 49/150: Training loss=0.020224, lr=1.30e-03
Epoch 49/150: Validation loss=0.015814
Model saved! Best loss: 0.015814
Set5: PSNR(Y)=36.638, SSIM(Y)=0.9532
Set5-C16: PSNR(Y)=36.128, SSIM(Y)=0.9503
Epoch 50/150: Training loss=0.020192, lr=1.28e-03
Epoch 50/150: Validation loss=0.015848
Epoch 51/150: Training loss=0.020248, lr=1.27e-03
Epoch 51/150: Validation loss=0.015887
Epoch 52/150: Training loss=0.020183, lr=1.26e-03
Epoch 52/150: Validation loss=0.015853
Epoch 53/150: Training loss=0.020243, lr=1.25e-03
Epoch 53/150: Validation loss=0.015849
Epoch 54/150: Training loss=0.020204, lr=1.23e-03
Epoch 54/150: Validation loss=0.015825
Epoch 55/150: Training loss=0.020218, lr=1.22e-03
Epoch 55/150: Validation loss=0.015815
Epoch 56/150: Training loss=0.020258, lr=1.21e-03
Epoch 56/150: Validation loss=0.015811
Model saved! Best loss: 0.015811
Set5: PSNR(Y)=36.658, SSIM(Y)=0.9535
Set5-C16: PSNR(Y)=36.132, SSIM(Y)=0.9503
Epoch 57/150: Training loss=0.020260, lr=1.19e-03
Epoch 57/150: Validation loss=0.015878
Epoch 58/150: Training loss=0.020223, lr=1.18e-03
Epoch 58/150: Validation loss=0.015815
Epoch 59/150: Training loss=0.020172, lr=1.17e-03
Epoch 59/150: Validation loss=0.015806
Model saved! Best loss: 0.015806
Set5: PSNR(Y)=36.653, SSIM(Y)=0.9536
Set5-C16: PSNR(Y)=36.123, SSIM(Y)=0.9505
Epoch 60/150: Training loss=0.020177, lr=1.15e-03
Epoch 60/150: Validation loss=0.015788
Model saved! Best loss: 0.015788
Set5: PSNR(Y)=36.663, SSIM(Y)=0.9536
Set5-C16: PSNR(Y)=36.134, SSIM(Y)=0.9506
Epoch 61/150: Training loss=0.020201, lr=1.14e-03
Epoch 61/150: Validation loss=0.015787
Model saved! Best loss: 0.015787
Set5: PSNR(Y)=36.649, SSIM(Y)=0.9536
Set5-C16: PSNR(Y)=36.102, SSIM(Y)=0.9504
Epoch 62/150: Training loss=0.020210, lr=1.12e-03
Epoch 62/150: Validation loss=0.015820
Epoch 63/150: Training loss=0.020221, lr=1.11e-03
Epoch 63/150: Validation loss=0.015814
Epoch 64/150: Training loss=0.020185, lr=1.09e-03
Epoch 64/150: Validation loss=0.015765
Model saved! Best loss: 0.015765
Set5: PSNR(Y)=36.678, SSIM(Y)=0.9537
Set5-C16: PSNR(Y)=36.155, SSIM(Y)=0.9507
Epoch 65/150: Training loss=0.020244, lr=1.08e-03
Epoch 65/150: Validation loss=0.015812
Epoch 66/150: Training loss=0.020163, lr=1.06e-03
Epoch 66/150: Validation loss=0.015814
Epoch 67/150: Training loss=0.020168, lr=1.05e-03
Epoch 67/150: Validation loss=0.015815
Epoch 68/150: Training loss=0.020212, lr=1.03e-03
Epoch 68/150: Validation loss=0.015756
Model saved! Best loss: 0.015756
Set5: PSNR(Y)=36.685, SSIM(Y)=0.9538
Set5-C16: PSNR(Y)=36.146, SSIM(Y)=0.9506
Epoch 69/150: Training loss=0.020203, lr=1.02e-03
Epoch 69/150: Validation loss=0.015782
Epoch 70/150: Training loss=0.020234, lr=9.99e-04
Epoch 70/150: Validation loss=0.015768
Epoch 71/150: Training loss=0.020207, lr=9.83e-04
Epoch 71/150: Validation loss=0.015763
Epoch 72/150: Training loss=0.020193, lr=9.67e-04
Epoch 72/150: Validation loss=0.015739
Model saved! Best loss: 0.015739
Set5: PSNR(Y)=36.700, SSIM(Y)=0.9536
Set5-C16: PSNR(Y)=36.183, SSIM(Y)=0.9507
Epoch 73/150: Training loss=0.020195, lr=9.50e-04
Epoch 73/150: Validation loss=0.015732
Model saved! Best loss: 0.015732
Set5: PSNR(Y)=36.695, SSIM(Y)=0.9535
Set5-C16: PSNR(Y)=36.181, SSIM(Y)=0.9509
Epoch 74/150: Training loss=0.020226, lr=9.34e-04
Epoch 74/150: Validation loss=0.015724
Model saved! Best loss: 0.015724
Set5: PSNR(Y)=36.683, SSIM(Y)=0.9538
Set5-C16: PSNR(Y)=36.181, SSIM(Y)=0.9509
Epoch 75/150: Training loss=0.020195, lr=9.17e-04
Epoch 75/150: Validation loss=0.015753
Epoch 76/150: Training loss=0.020221, lr=9.01e-04
Epoch 76/150: Validation loss=0.015797
Epoch 77/150: Training loss=0.020156, lr=8.84e-04
Epoch 77/150: Validation loss=0.015782
Epoch 78/150: Training loss=0.020132, lr=8.68e-04
Epoch 78/150: Validation loss=0.015750
Epoch 79/150: Training loss=0.020122, lr=8.51e-04
Epoch 79/150: Validation loss=0.015736
Epoch 80/150: Training loss=0.020183, lr=8.34e-04
Epoch 80/150: Validation loss=0.015744
Epoch 81/150: Training loss=0.020146, lr=8.17e-04
Epoch 81/150: Validation loss=0.015770
Epoch 82/150: Training loss=0.020221, lr=8.00e-04
Epoch 82/150: Validation loss=0.015756
Epoch 83/150: Training loss=0.020172, lr=7.83e-04
Epoch 83/150: Validation loss=0.015743
Epoch 84/150: Training loss=0.020137, lr=7.67e-04
Epoch 84/150: Validation loss=0.015710
Model saved! Best loss: 0.015710
Set5: PSNR(Y)=36.703, SSIM(Y)=0.9538
Set5-C16: PSNR(Y)=36.178, SSIM(Y)=0.9507
Epoch 85/150: Training loss=0.020141, lr=7.50e-04
Epoch 85/150: Validation loss=0.015716
Epoch 86/150: Training loss=0.020167, lr=7.33e-04
Epoch 86/150: Validation loss=0.015714
Epoch 87/150: Training loss=0.020163, lr=7.16e-04
Epoch 87/150: Validation loss=0.015685
Model saved! Best loss: 0.015685
Set5: PSNR(Y)=36.700, SSIM(Y)=0.9538
Set5-C16: PSNR(Y)=36.169, SSIM(Y)=0.9508
Epoch 88/150: Training loss=0.020136, lr=6.99e-04
Epoch 88/150: Validation loss=0.015693
Epoch 89/150: Training loss=0.020141, lr=6.82e-04
Epoch 89/150: Validation loss=0.015725
Epoch 90/150: Training loss=0.020121, lr=6.66e-04
Epoch 90/150: Validation loss=0.015742
Epoch 91/150: Training loss=0.020195, lr=6.49e-04
Epoch 91/150: Validation loss=0.015704
Epoch 92/150: Training loss=0.020117, lr=6.33e-04
Epoch 92/150: Validation loss=0.015681
Model saved! Best loss: 0.015681
Set5: PSNR(Y)=36.717, SSIM(Y)=0.9539
Set5-C16: PSNR(Y)=36.178, SSIM(Y)=0.9508
Epoch 93/150: Training loss=0.020181, lr=6.16e-04
Epoch 93/150: Validation loss=0.015685
Epoch 94/150: Training loss=0.020107, lr=6.00e-04
Epoch 94/150: Validation loss=0.015700
Epoch 95/150: Training loss=0.020183, lr=5.83e-04
Epoch 95/150: Validation loss=0.015736
Epoch 96/150: Training loss=0.020182, lr=5.67e-04
Epoch 96/150: Validation loss=0.015699
Epoch 97/150: Training loss=0.020055, lr=5.51e-04
Epoch 97/150: Validation loss=0.015686
Epoch 98/150: Training loss=0.020155, lr=5.35e-04
Epoch 98/150: Validation loss=0.015718
Epoch 99/150: Training loss=0.020146, lr=5.19e-04
Epoch 99/150: Validation loss=0.015734
Epoch 100/150: Training loss=0.020174, lr=5.03e-04
Epoch 100/150: Validation loss=0.015712
Epoch 101/150: Training loss=0.020113, lr=4.88e-04
Epoch 101/150: Validation loss=0.015708
Epoch 102/150: Training loss=0.020148, lr=4.72e-04
Epoch 102/150: Validation loss=0.015712
Epoch 103/150: Training loss=0.020060, lr=4.57e-04
Epoch 103/150: Validation loss=0.015687
Epoch 104/150: Training loss=0.020086, lr=4.42e-04
Epoch 104/150: Validation loss=0.015739
Epoch 105/150: Training loss=0.020131, lr=4.27e-04
Epoch 105/150: Validation loss=0.015726
Epoch 106/150: Training loss=0.020127, lr=4.13e-04
Epoch 106/150: Validation loss=0.015693
Epoch 107/150: Training loss=0.020133, lr=3.98e-04
Epoch 107/150: Validation loss=0.015737
Epoch 108/150: Training loss=0.020063, lr=3.84e-04
Epoch 108/150: Validation loss=0.015691
Epoch 109/150: Training loss=0.020120, lr=3.70e-04
Epoch 109/150: Validation loss=0.015709
Epoch 110/150: Training loss=0.020148, lr=3.56e-04
Epoch 110/150: Validation loss=0.015692
Epoch 111/150: Training loss=0.020093, lr=3.42e-04
Epoch 111/150: Validation loss=0.015708
Epoch 112/150: Training loss=0.020112, lr=3.29e-04
Epoch 112/150: Validation loss=0.015738
Epoch 113/150: Training loss=0.020076, lr=3.15e-04
Epoch 113/150: Validation loss=0.015663
Model saved! Best loss: 0.015663
Set5: PSNR(Y)=36.731, SSIM(Y)=0.9540
Set5-C16: PSNR(Y)=36.212, SSIM(Y)=0.9510
Epoch 114/150: Training loss=0.020125, lr=3.03e-04
Epoch 114/150: Validation loss=0.015694
Epoch 115/150: Training loss=0.020129, lr=2.90e-04
Epoch 115/150: Validation loss=0.015649
Model saved! Best loss: 0.015649
Set5: PSNR(Y)=36.727, SSIM(Y)=0.9540
Set5-C16: PSNR(Y)=36.210, SSIM(Y)=0.9510
Epoch 116/150: Training loss=0.020112, lr=2.77e-04
Epoch 116/150: Validation loss=0.015688
Epoch 117/150: Training loss=0.020103, lr=2.65e-04
Epoch 117/150: Validation loss=0.015672
Epoch 118/150: Training loss=0.020081, lr=2.53e-04
Epoch 118/150: Validation loss=0.015690
Epoch 119/150: Training loss=0.020093, lr=2.42e-04
Epoch 119/150: Validation loss=0.015684
Epoch 120/150: Training loss=0.020115, lr=2.31e-04
Epoch 120/150: Validation loss=0.015678
Epoch 121/150: Training loss=0.020095, lr=2.20e-04
Epoch 121/150: Validation loss=0.015694
Epoch 122/150: Training loss=0.020107, lr=2.09e-04
Epoch 122/150: Validation loss=0.015693
Epoch 123/150: Training loss=0.020116, lr=1.99e-04
Epoch 123/150: Validation loss=0.015656
Epoch 124/150: Training loss=0.020119, lr=1.88e-04
Epoch 124/150: Validation loss=0.015711
Epoch 125/150: Training loss=0.020091, lr=1.79e-04
Epoch 125/150: Validation loss=0.015666
Epoch 126/150: Training loss=0.020064, lr=1.69e-04
Epoch 126/150: Validation loss=0.015635
Model saved! Best loss: 0.015635
Set5: PSNR(Y)=36.735, SSIM(Y)=0.9540
Set5-C16: PSNR(Y)=36.234, SSIM(Y)=0.9511
Epoch 127/150: Training loss=0.020110, lr=1.60e-04
Epoch 127/150: Validation loss=0.015678
Epoch 128/150: Training loss=0.020156, lr=1.51e-04
Epoch 128/150: Validation loss=0.015662
Epoch 129/150: Training loss=0.020100, lr=1.43e-04
Epoch 129/150: Validation loss=0.015666
Epoch 130/150: Training loss=0.020075, lr=1.35e-04
Epoch 130/150: Validation loss=0.015686
Epoch 131/150: Training loss=0.020115, lr=1.27e-04
Epoch 131/150: Validation loss=0.015673
Epoch 132/150: Training loss=0.020137, lr=1.20e-04
Epoch 132/150: Validation loss=0.015655
Epoch 133/150: Training loss=0.020122, lr=1.13e-04
Epoch 133/150: Validation loss=0.015672
Epoch 134/150: Training loss=0.020099, lr=1.06e-04
Epoch 134/150: Validation loss=0.015701
Epoch 135/150: Training loss=0.020103, lr=9.97e-05
Epoch 135/150: Validation loss=0.015720
Epoch 136/150: Training loss=0.020079, lr=9.37e-05
Epoch 136/150: Validation loss=0.015710
Epoch 137/150: Training loss=0.020154, lr=8.81e-05
Epoch 137/150: Validation loss=0.015674
Epoch 138/150: Training loss=0.020115, lr=8.29e-05
Epoch 138/150: Validation loss=0.015680
Epoch 139/150: Training loss=0.020123, lr=7.81e-05
Epoch 139/150: Validation loss=0.015661
Epoch 140/150: Training loss=0.020121, lr=7.36e-05
Epoch 140/150: Validation loss=0.015680
Epoch 141/150: Training loss=0.020048, lr=6.95e-05
Epoch 141/150: Validation loss=0.015693
Epoch 142/150: Training loss=0.020072, lr=6.58e-05
Epoch 142/150: Validation loss=0.015678
Epoch 143/150: Training loss=0.020118, lr=6.25e-05
Epoch 143/150: Validation loss=0.015662
Epoch 144/150: Training loss=0.020080, lr=5.96e-05
Epoch 144/150: Validation loss=0.015657
Epoch 145/150: Training loss=0.020083, lr=5.71e-05
Epoch 145/150: Validation loss=0.015667
Epoch 146/150: Training loss=0.020084, lr=5.49e-05
Epoch 146/150: Validation loss=0.015633
Model saved! Best loss: 0.015633
Set5: PSNR(Y)=36.735, SSIM(Y)=0.9541
Set5-C16: PSNR(Y)=36.217, SSIM(Y)=0.9511
Epoch 147/150: Training loss=0.020107, lr=5.31e-05
Epoch 147/150: Validation loss=0.015649
Epoch 148/150: Training loss=0.020039, lr=5.18e-05
Epoch 148/150: Validation loss=0.015673
Epoch 149/150: Training loss=0.020102, lr=5.08e-05
Epoch 149/150: Validation loss=0.015666
Epoch 150/150: Training loss=0.020072, lr=5.02e-05
Epoch 150/150: Validation loss=0.015668
==================================================
Training Finished
==================================================
==================================================
Testing Best Model
==================================================
Set5: PSNR(Y)=15.398, SSIM(Y)=0.1448
Set5-C16: PSNR(Y)=22.543, SSIM(Y)=0.4069
==================================================
Testing Bicubic Interpolation
==================================================
Set5: PSNR(Y)=33.977, SSIM(Y)=0.9330
==================================================
Testing Bilinear Interpolation
==================================================
Set5: PSNR(Y)=32.256, SSIM(Y)=0.9118
