Using device: cuda
Using MDPSR model for scale 2 (mixed_blocks=3)
Model parameters: 8,336
==================================================
Training Started
==================================================
实验名称: MDPSR_x2_0801_2238
放大倍数: 2
批次大小: 64
学习率: 0.002
最小学习率: 8e-05
训练轮数: 150
设备: cuda
模型参数数量: 8,336
训练批次: 1110
==================================================
Begin Training
Epoch 1/150: Training loss=0.023923, lr=3.00e-04
Epoch 1/150: Validation loss=0.033240
Set5: PSNR(Y)=33.982, SSIM(Y)=0.9331
Set14: PSNR(Y)=30.542, SSIM(Y)=0.8748
B100: PSNR(Y)=29.708, SSIM(Y)=0.8490
U100: PSNR(Y)=27.064, SSIM(Y)=0.8452
M109: PSNR(Y)=31.215, SSIM(Y)=0.9383
Model saved! Best loss: 0.033240
Epoch 2/150: Training loss=0.022098, lr=4.13e-04
Epoch 2/150: Validation loss=0.028498
Set5: PSNR(Y)=35.924, SSIM(Y)=0.9503
Set14: PSNR(Y)=31.994, SSIM(Y)=0.9009
B100: PSNR(Y)=30.909, SSIM(Y)=0.8808
U100: PSNR(Y)=28.513, SSIM(Y)=0.8802
M109: PSNR(Y)=34.144, SSIM(Y)=0.9601
Model saved! Best loss: 0.028498
Epoch 3/150: Training loss=0.020754, lr=5.27e-04
Epoch 3/150: Validation loss=0.027276
Set5: PSNR(Y)=36.451, SSIM(Y)=0.9538
Set14: PSNR(Y)=32.329, SSIM(Y)=0.9052
B100: PSNR(Y)=31.168, SSIM(Y)=0.8859
U100: PSNR(Y)=29.000, SSIM(Y)=0.8892
M109: PSNR(Y)=35.024, SSIM(Y)=0.9647
Model saved! Best loss: 0.027276
Epoch 4/150: Training loss=0.020545, lr=6.40e-04
Epoch 4/150: Validation loss=0.026889
Set5: PSNR(Y)=36.612, SSIM(Y)=0.9547
Set14: PSNR(Y)=32.422, SSIM(Y)=0.9060
B100: PSNR(Y)=31.240, SSIM(Y)=0.8868
U100: PSNR(Y)=29.176, SSIM(Y)=0.8918
M109: PSNR(Y)=35.270, SSIM(Y)=0.9659
Model saved! Best loss: 0.026889
Epoch 5/150: Training loss=0.020380, lr=7.53e-04
Epoch 5/150: Validation loss=0.026663
Set5: PSNR(Y)=36.697, SSIM(Y)=0.9551
Set14: PSNR(Y)=32.471, SSIM(Y)=0.9065
B100: PSNR(Y)=31.282, SSIM(Y)=0.8873
U100: PSNR(Y)=29.281, SSIM(Y)=0.8934
M109: PSNR(Y)=35.414, SSIM(Y)=0.9665
Model saved! Best loss: 0.026663
Epoch 6/150: Training loss=0.020313, lr=8.67e-04
Epoch 6/150: Validation loss=0.026501
Set5: PSNR(Y)=36.760, SSIM(Y)=0.9554
Set14: PSNR(Y)=32.509, SSIM(Y)=0.9068
B100: PSNR(Y)=31.315, SSIM(Y)=0.8878
U100: PSNR(Y)=29.356, SSIM(Y)=0.8946
M109: PSNR(Y)=35.518, SSIM(Y)=0.9670
Model saved! Best loss: 0.026501
Epoch 7/150: Training loss=0.020212, lr=9.80e-04
Epoch 7/150: Validation loss=0.026378
Set5: PSNR(Y)=36.805, SSIM(Y)=0.9556
Set14: PSNR(Y)=32.537, SSIM(Y)=0.9071
B100: PSNR(Y)=31.339, SSIM(Y)=0.8880
U100: PSNR(Y)=29.412, SSIM(Y)=0.8954
M109: PSNR(Y)=35.598, SSIM(Y)=0.9673
Model saved! Best loss: 0.026378
Epoch 8/150: Training loss=0.020175, lr=1.09e-03
Epoch 8/150: Validation loss=0.026278
Set5: PSNR(Y)=36.848, SSIM(Y)=0.9557
Set14: PSNR(Y)=32.559, SSIM(Y)=0.9073
B100: PSNR(Y)=31.356, SSIM(Y)=0.8882
U100: PSNR(Y)=29.457, SSIM(Y)=0.8960
M109: PSNR(Y)=35.665, SSIM(Y)=0.9676
Model saved! Best loss: 0.026278
Epoch 9/150: Training loss=0.020097, lr=1.21e-03
Epoch 9/150: Validation loss=0.026181
Set5: PSNR(Y)=36.893, SSIM(Y)=0.9559
Set14: PSNR(Y)=32.583, SSIM(Y)=0.9075
B100: PSNR(Y)=31.374, SSIM(Y)=0.8885
U100: PSNR(Y)=29.501, SSIM(Y)=0.8967
M109: PSNR(Y)=35.736, SSIM(Y)=0.9678
Model saved! Best loss: 0.026181
Epoch 10/150: Training loss=0.020054, lr=1.32e-03
Epoch 10/150: Validation loss=0.026082
Set5: PSNR(Y)=36.930, SSIM(Y)=0.9560
Set14: PSNR(Y)=32.609, SSIM(Y)=0.9077
B100: PSNR(Y)=31.393, SSIM(Y)=0.8888
U100: PSNR(Y)=29.552, SSIM(Y)=0.8974
M109: PSNR(Y)=35.800, SSIM(Y)=0.9681
Model saved! Best loss: 0.026082
Epoch 11/150: Training loss=0.020019, lr=1.43e-03
Epoch 11/150: Validation loss=0.025987
Set5: PSNR(Y)=36.961, SSIM(Y)=0.9562
Set14: PSNR(Y)=32.631, SSIM(Y)=0.9079
B100: PSNR(Y)=31.411, SSIM(Y)=0.8891
U100: PSNR(Y)=29.602, SSIM(Y)=0.8981
M109: PSNR(Y)=35.867, SSIM(Y)=0.9684
Model saved! Best loss: 0.025987
Epoch 12/150: Training loss=0.019976, lr=1.55e-03
Epoch 12/150: Validation loss=0.025904
Set5: PSNR(Y)=36.980, SSIM(Y)=0.9563
Set14: PSNR(Y)=32.647, SSIM(Y)=0.9081
B100: PSNR(Y)=31.425, SSIM(Y)=0.8893
U100: PSNR(Y)=29.643, SSIM(Y)=0.8987
M109: PSNR(Y)=35.930, SSIM(Y)=0.9686
Model saved! Best loss: 0.025904
Epoch 13/150: Training loss=0.019996, lr=1.66e-03
Epoch 13/150: Validation loss=0.025833
Set5: PSNR(Y)=36.999, SSIM(Y)=0.9564
Set14: PSNR(Y)=32.659, SSIM(Y)=0.9082
B100: PSNR(Y)=31.437, SSIM(Y)=0.8894
U100: PSNR(Y)=29.679, SSIM(Y)=0.8992
M109: PSNR(Y)=35.984, SSIM(Y)=0.9688
Model saved! Best loss: 0.025833
Epoch 14/150: Training loss=0.019956, lr=1.77e-03
Epoch 14/150: Validation loss=0.025769
Set5: PSNR(Y)=37.015, SSIM(Y)=0.9564
Set14: PSNR(Y)=32.668, SSIM(Y)=0.9084
B100: PSNR(Y)=31.449, SSIM(Y)=0.8896
U100: PSNR(Y)=29.711, SSIM(Y)=0.8997
M109: PSNR(Y)=36.035, SSIM(Y)=0.9689
Model saved! Best loss: 0.025769
Epoch 15/150: Training loss=0.019904, lr=1.89e-03
Epoch 15/150: Validation loss=0.025706
Set5: PSNR(Y)=37.030, SSIM(Y)=0.9565
Set14: PSNR(Y)=32.679, SSIM(Y)=0.9085
B100: PSNR(Y)=31.461, SSIM(Y)=0.8898
U100: PSNR(Y)=29.745, SSIM(Y)=0.9002
M109: PSNR(Y)=36.082, SSIM(Y)=0.9691
Model saved! Best loss: 0.025706
Epoch 16/150: Training loss=0.019890, lr=2.00e-03
Epoch 16/150: Validation loss=0.025648
Set5: PSNR(Y)=37.049, SSIM(Y)=0.9566
Set14: PSNR(Y)=32.691, SSIM(Y)=0.9086
B100: PSNR(Y)=31.473, SSIM(Y)=0.8900
U100: PSNR(Y)=29.774, SSIM(Y)=0.9006
M109: PSNR(Y)=36.122, SSIM(Y)=0.9692
Model saved! Best loss: 0.025648
Epoch 17/150: Training loss=0.019871, lr=2.00e-03
Epoch 17/150: Validation loss=0.025597
Set5: PSNR(Y)=37.068, SSIM(Y)=0.9566
Set14: PSNR(Y)=32.698, SSIM(Y)=0.9087
B100: PSNR(Y)=31.483, SSIM(Y)=0.8901
U100: PSNR(Y)=29.799, SSIM(Y)=0.9010
M109: PSNR(Y)=36.157, SSIM(Y)=0.9694
Model saved! Best loss: 0.025597
Epoch 18/150: Training loss=0.019846, lr=2.00e-03
Epoch 18/150: Validation loss=0.025550
Set5: PSNR(Y)=37.085, SSIM(Y)=0.9567
Set14: PSNR(Y)=32.706, SSIM(Y)=0.9088
B100: PSNR(Y)=31.492, SSIM(Y)=0.8903
U100: PSNR(Y)=29.822, SSIM(Y)=0.9013
M109: PSNR(Y)=36.187, SSIM(Y)=0.9695
Model saved! Best loss: 0.025550
Epoch 19/150: Training loss=0.019829, lr=2.00e-03
Epoch 19/150: Validation loss=0.025508
Set5: PSNR(Y)=37.101, SSIM(Y)=0.9567
Set14: PSNR(Y)=32.717, SSIM(Y)=0.9089
B100: PSNR(Y)=31.501, SSIM(Y)=0.8904
U100: PSNR(Y)=29.842, SSIM(Y)=0.9016
M109: PSNR(Y)=36.215, SSIM(Y)=0.9696
Model saved! Best loss: 0.025508
Epoch 20/150: Training loss=0.019843, lr=2.00e-03
Epoch 20/150: Validation loss=0.025471
Set5: PSNR(Y)=37.107, SSIM(Y)=0.9568
Set14: PSNR(Y)=32.723, SSIM(Y)=0.9090
B100: PSNR(Y)=31.508, SSIM(Y)=0.8905
U100: PSNR(Y)=29.862, SSIM(Y)=0.9018
M109: PSNR(Y)=36.240, SSIM(Y)=0.9697
Model saved! Best loss: 0.025471
Epoch 21/150: Training loss=0.019806, lr=1.99e-03
Epoch 21/150: Validation loss=0.025440
Set5: PSNR(Y)=37.112, SSIM(Y)=0.9568
Set14: PSNR(Y)=32.727, SSIM(Y)=0.9091
B100: PSNR(Y)=31.514, SSIM(Y)=0.8907
U100: PSNR(Y)=29.877, SSIM(Y)=0.9021
M109: PSNR(Y)=36.261, SSIM(Y)=0.9698
Model saved! Best loss: 0.025440
Epoch 22/150: Training loss=0.019769, lr=1.99e-03
Epoch 22/150: Validation loss=0.025408
Set5: PSNR(Y)=37.118, SSIM(Y)=0.9569
Set14: PSNR(Y)=32.734, SSIM(Y)=0.9092
B100: PSNR(Y)=31.520, SSIM(Y)=0.8908
U100: PSNR(Y)=29.892, SSIM(Y)=0.9023
M109: PSNR(Y)=36.281, SSIM(Y)=0.9699
Model saved! Best loss: 0.025408
Epoch 23/150: Training loss=0.019781, lr=1.99e-03
Epoch 23/150: Validation loss=0.025381
Set5: PSNR(Y)=37.125, SSIM(Y)=0.9569
Set14: PSNR(Y)=32.739, SSIM(Y)=0.9092
B100: PSNR(Y)=31.525, SSIM(Y)=0.8909
U100: PSNR(Y)=29.906, SSIM(Y)=0.9025
M109: PSNR(Y)=36.299, SSIM(Y)=0.9699
Model saved! Best loss: 0.025381
Epoch 24/150: Training loss=0.019738, lr=1.98e-03
Epoch 24/150: Validation loss=0.025360
Set5: PSNR(Y)=37.129, SSIM(Y)=0.9569
Set14: PSNR(Y)=32.746, SSIM(Y)=0.9093
B100: PSNR(Y)=31.530, SSIM(Y)=0.8909
U100: PSNR(Y)=29.916, SSIM(Y)=0.9026
M109: PSNR(Y)=36.313, SSIM(Y)=0.9700
Model saved! Best loss: 0.025360
Epoch 25/150: Training loss=0.019762, lr=1.98e-03
Epoch 25/150: Validation loss=0.025338
Set5: PSNR(Y)=37.134, SSIM(Y)=0.9570
Set14: PSNR(Y)=32.753, SSIM(Y)=0.9093
B100: PSNR(Y)=31.534, SSIM(Y)=0.8910
U100: PSNR(Y)=29.928, SSIM(Y)=0.9028
M109: PSNR(Y)=36.324, SSIM(Y)=0.9700
Model saved! Best loss: 0.025338
Epoch 26/150: Training loss=0.019729, lr=1.97e-03
Epoch 26/150: Validation loss=0.025320
Set5: PSNR(Y)=37.138, SSIM(Y)=0.9570
Set14: PSNR(Y)=32.757, SSIM(Y)=0.9094
B100: PSNR(Y)=31.537, SSIM(Y)=0.8910
U100: PSNR(Y)=29.937, SSIM(Y)=0.9029
M109: PSNR(Y)=36.336, SSIM(Y)=0.9701
Model saved! Best loss: 0.025320
Epoch 27/150: Training loss=0.019745, lr=1.97e-03
Epoch 27/150: Validation loss=0.025307
Set5: PSNR(Y)=37.140, SSIM(Y)=0.9570
Set14: PSNR(Y)=32.762, SSIM(Y)=0.9094
B100: PSNR(Y)=31.539, SSIM(Y)=0.8911
U100: PSNR(Y)=29.943, SSIM(Y)=0.9030
M109: PSNR(Y)=36.345, SSIM(Y)=0.9701
Model saved! Best loss: 0.025307
Epoch 28/150: Training loss=0.019708, lr=1.96e-03
Epoch 28/150: Validation loss=0.025291
Set5: PSNR(Y)=37.143, SSIM(Y)=0.9570
Set14: PSNR(Y)=32.767, SSIM(Y)=0.9095
B100: PSNR(Y)=31.542, SSIM(Y)=0.8911
U100: PSNR(Y)=29.951, SSIM(Y)=0.9031
M109: PSNR(Y)=36.353, SSIM(Y)=0.9701
Model saved! Best loss: 0.025291
Epoch 29/150: Training loss=0.019715, lr=1.96e-03
Epoch 29/150: Validation loss=0.025277
Set5: PSNR(Y)=37.144, SSIM(Y)=0.9570
Set14: PSNR(Y)=32.772, SSIM(Y)=0.9095
B100: PSNR(Y)=31.544, SSIM(Y)=0.8911
U100: PSNR(Y)=29.956, SSIM(Y)=0.9032
M109: PSNR(Y)=36.365, SSIM(Y)=0.9702
Model saved! Best loss: 0.025277
Epoch 30/150: Training loss=0.019714, lr=1.95e-03
Epoch 30/150: Validation loss=0.025258
Set5: PSNR(Y)=37.149, SSIM(Y)=0.9571
Set14: PSNR(Y)=32.773, SSIM(Y)=0.9096
B100: PSNR(Y)=31.546, SSIM(Y)=0.8912
U100: PSNR(Y)=29.965, SSIM(Y)=0.9033
M109: PSNR(Y)=36.379, SSIM(Y)=0.9702
Model saved! Best loss: 0.025258
Epoch 31/150: Training loss=0.019703, lr=1.94e-03
Epoch 31/150: Validation loss=0.025240
Set5: PSNR(Y)=37.151, SSIM(Y)=0.9571
Set14: PSNR(Y)=32.774, SSIM(Y)=0.9096
B100: PSNR(Y)=31.548, SSIM(Y)=0.8912
U100: PSNR(Y)=29.972, SSIM(Y)=0.9035
M109: PSNR(Y)=36.395, SSIM(Y)=0.9703
Model saved! Best loss: 0.025240
Epoch 32/150: Training loss=0.019703, lr=1.93e-03
Epoch 32/150: Validation loss=0.025219
Set5: PSNR(Y)=37.150, SSIM(Y)=0.9571
Set14: PSNR(Y)=32.774, SSIM(Y)=0.9096
B100: PSNR(Y)=31.549, SSIM(Y)=0.8912
U100: PSNR(Y)=29.983, SSIM(Y)=0.9036
M109: PSNR(Y)=36.411, SSIM(Y)=0.9703
Model saved! Best loss: 0.025219
Epoch 33/150: Training loss=0.019684, lr=1.93e-03
Epoch 33/150: Validation loss=0.025205
Set5: PSNR(Y)=37.151, SSIM(Y)=0.9571
Set14: PSNR(Y)=32.777, SSIM(Y)=0.9096
B100: PSNR(Y)=31.552, SSIM(Y)=0.8913
U100: PSNR(Y)=29.992, SSIM(Y)=0.9038
M109: PSNR(Y)=36.420, SSIM(Y)=0.9704
Model saved! Best loss: 0.025205
Epoch 34/150: Training loss=0.019704, lr=1.92e-03
Epoch 34/150: Validation loss=0.025190
Set5: PSNR(Y)=37.153, SSIM(Y)=0.9571
Set14: PSNR(Y)=32.780, SSIM(Y)=0.9097
B100: PSNR(Y)=31.554, SSIM(Y)=0.8913
U100: PSNR(Y)=29.999, SSIM(Y)=0.9039
M109: PSNR(Y)=36.430, SSIM(Y)=0.9704
Model saved! Best loss: 0.025190
Epoch 35/150: Training loss=0.019674, lr=1.91e-03
Epoch 35/150: Validation loss=0.025176
Set5: PSNR(Y)=37.156, SSIM(Y)=0.9571
Set14: PSNR(Y)=32.782, SSIM(Y)=0.9097
B100: PSNR(Y)=31.556, SSIM(Y)=0.8913
U100: PSNR(Y)=30.007, SSIM(Y)=0.9040
M109: PSNR(Y)=36.441, SSIM(Y)=0.9704
Model saved! Best loss: 0.025176
Epoch 36/150: Training loss=0.019654, lr=1.90e-03
Epoch 36/150: Validation loss=0.025166
Set5: PSNR(Y)=37.157, SSIM(Y)=0.9571
Set14: PSNR(Y)=32.784, SSIM(Y)=0.9097
B100: PSNR(Y)=31.558, SSIM(Y)=0.8913
U100: PSNR(Y)=30.012, SSIM(Y)=0.9041
M109: PSNR(Y)=36.445, SSIM(Y)=0.9704
Model saved! Best loss: 0.025166
Epoch 37/150: Training loss=0.019673, lr=1.89e-03
Epoch 37/150: Validation loss=0.025152
Set5: PSNR(Y)=37.163, SSIM(Y)=0.9571
Set14: PSNR(Y)=32.787, SSIM(Y)=0.9097
B100: PSNR(Y)=31.560, SSIM(Y)=0.8914
U100: PSNR(Y)=30.019, SSIM(Y)=0.9042
M109: PSNR(Y)=36.454, SSIM(Y)=0.9705
Model saved! Best loss: 0.025152
Epoch 38/150: Training loss=0.019663, lr=1.88e-03
Epoch 38/150: Validation loss=0.025141
Set5: PSNR(Y)=37.166, SSIM(Y)=0.9571
Set14: PSNR(Y)=32.789, SSIM(Y)=0.9097
B100: PSNR(Y)=31.563, SSIM(Y)=0.8914
U100: PSNR(Y)=30.027, SSIM(Y)=0.9042
M109: PSNR(Y)=36.459, SSIM(Y)=0.9705
Model saved! Best loss: 0.025141
Epoch 39/150: Training loss=0.019626, lr=1.87e-03
Epoch 39/150: Validation loss=0.025132
Set5: PSNR(Y)=37.169, SSIM(Y)=0.9571
Set14: PSNR(Y)=32.791, SSIM(Y)=0.9097
B100: PSNR(Y)=31.565, SSIM(Y)=0.8914
U100: PSNR(Y)=30.030, SSIM(Y)=0.9043
M109: PSNR(Y)=36.465, SSIM(Y)=0.9705
Model saved! Best loss: 0.025132
Epoch 40/150: Training loss=0.019631, lr=1.85e-03
Epoch 40/150: Validation loss=0.025121
Set5: PSNR(Y)=37.169, SSIM(Y)=0.9571
Set14: PSNR(Y)=32.793, SSIM(Y)=0.9097
B100: PSNR(Y)=31.567, SSIM(Y)=0.8915
U100: PSNR(Y)=30.037, SSIM(Y)=0.9044
M109: PSNR(Y)=36.470, SSIM(Y)=0.9705
Model saved! Best loss: 0.025121
Epoch 41/150: Training loss=0.019664, lr=1.84e-03
Epoch 41/150: Validation loss=0.025111
Set5: PSNR(Y)=37.171, SSIM(Y)=0.9571
Set14: PSNR(Y)=32.796, SSIM(Y)=0.9097
B100: PSNR(Y)=31.569, SSIM(Y)=0.8915
U100: PSNR(Y)=30.041, SSIM(Y)=0.9044
M109: PSNR(Y)=36.477, SSIM(Y)=0.9705
Model saved! Best loss: 0.025111
Epoch 42/150: Training loss=0.019637, lr=1.83e-03
Epoch 42/150: Validation loss=0.025103
Set5: PSNR(Y)=37.173, SSIM(Y)=0.9572
Set14: PSNR(Y)=32.798, SSIM(Y)=0.9098
B100: PSNR(Y)=31.571, SSIM(Y)=0.8915
U100: PSNR(Y)=30.045, SSIM(Y)=0.9045
M109: PSNR(Y)=36.482, SSIM(Y)=0.9706
Model saved! Best loss: 0.025103
Epoch 43/150: Training loss=0.019628, lr=1.82e-03
Epoch 43/150: Validation loss=0.025092
Set5: PSNR(Y)=37.173, SSIM(Y)=0.9572
Set14: PSNR(Y)=32.803, SSIM(Y)=0.9098
B100: PSNR(Y)=31.573, SSIM(Y)=0.8916
U100: PSNR(Y)=30.049, SSIM(Y)=0.9045
M109: PSNR(Y)=36.491, SSIM(Y)=0.9706
Model saved! Best loss: 0.025092
Epoch 44/150: Training loss=0.019637, lr=1.80e-03
Epoch 44/150: Validation loss=0.025084
Set5: PSNR(Y)=37.174, SSIM(Y)=0.9572
Set14: PSNR(Y)=32.806, SSIM(Y)=0.9098
B100: PSNR(Y)=31.575, SSIM(Y)=0.8916
U100: PSNR(Y)=30.054, SSIM(Y)=0.9046
M109: PSNR(Y)=36.495, SSIM(Y)=0.9706
Model saved! Best loss: 0.025084
Epoch 45/150: Training loss=0.019628, lr=1.79e-03
Epoch 45/150: Validation loss=0.025078
Set5: PSNR(Y)=37.175, SSIM(Y)=0.9572
Set14: PSNR(Y)=32.806, SSIM(Y)=0.9099
B100: PSNR(Y)=31.576, SSIM(Y)=0.8916
U100: PSNR(Y)=30.055, SSIM(Y)=0.9046
M109: PSNR(Y)=36.500, SSIM(Y)=0.9706
Model saved! Best loss: 0.025078
Epoch 46/150: Training loss=0.019621, lr=1.78e-03
Epoch 46/150: Validation loss=0.025072
Set5: PSNR(Y)=37.177, SSIM(Y)=0.9572
Set14: PSNR(Y)=32.807, SSIM(Y)=0.9099
B100: PSNR(Y)=31.577, SSIM(Y)=0.8916
U100: PSNR(Y)=30.060, SSIM(Y)=0.9046
M109: PSNR(Y)=36.501, SSIM(Y)=0.9706
Model saved! Best loss: 0.025072
Epoch 47/150: Training loss=0.019622, lr=1.76e-03
Epoch 47/150: Validation loss=0.025064
Set5: PSNR(Y)=37.179, SSIM(Y)=0.9572
Set14: PSNR(Y)=32.810, SSIM(Y)=0.9099
B100: PSNR(Y)=31.579, SSIM(Y)=0.8916
U100: PSNR(Y)=30.064, SSIM(Y)=0.9047
M109: PSNR(Y)=36.506, SSIM(Y)=0.9706
Model saved! Best loss: 0.025064
Epoch 48/150: Training loss=0.019600, lr=1.75e-03
Epoch 48/150: Validation loss=0.025055
Set5: PSNR(Y)=37.179, SSIM(Y)=0.9572
Set14: PSNR(Y)=32.812, SSIM(Y)=0.9099
B100: PSNR(Y)=31.581, SSIM(Y)=0.8917
U100: PSNR(Y)=30.069, SSIM(Y)=0.9047
M109: PSNR(Y)=36.512, SSIM(Y)=0.9707
Model saved! Best loss: 0.025055
Epoch 49/150: Training loss=0.019591, lr=1.73e-03
Epoch 49/150: Validation loss=0.025049
Set5: PSNR(Y)=37.181, SSIM(Y)=0.9572
Set14: PSNR(Y)=32.812, SSIM(Y)=0.9099
B100: PSNR(Y)=31.582, SSIM(Y)=0.8917
U100: PSNR(Y)=30.071, SSIM(Y)=0.9048
M109: PSNR(Y)=36.517, SSIM(Y)=0.9707
Model saved! Best loss: 0.025049
Epoch 50/150: Training loss=0.019573, lr=1.71e-03
Epoch 50/150: Validation loss=0.025042
Set5: PSNR(Y)=37.184, SSIM(Y)=0.9572
Set14: PSNR(Y)=32.818, SSIM(Y)=0.9100
B100: PSNR(Y)=31.583, SSIM(Y)=0.8917
U100: PSNR(Y)=30.075, SSIM(Y)=0.9048
M109: PSNR(Y)=36.523, SSIM(Y)=0.9707
Model saved! Best loss: 0.025042
Epoch 51/150: Training loss=0.019603, lr=1.70e-03
Epoch 51/150: Validation loss=0.025036
Set5: PSNR(Y)=37.187, SSIM(Y)=0.9572
Set14: PSNR(Y)=32.816, SSIM(Y)=0.9100
B100: PSNR(Y)=31.584, SSIM(Y)=0.8917
U100: PSNR(Y)=30.078, SSIM(Y)=0.9048
M109: PSNR(Y)=36.527, SSIM(Y)=0.9707
Model saved! Best loss: 0.025036
Epoch 52/150: Training loss=0.019587, lr=1.68e-03
Epoch 52/150: Validation loss=0.025029
Set5: PSNR(Y)=37.188, SSIM(Y)=0.9572
Set14: PSNR(Y)=32.814, SSIM(Y)=0.9099
B100: PSNR(Y)=31.585, SSIM(Y)=0.8917
U100: PSNR(Y)=30.080, SSIM(Y)=0.9049
M109: PSNR(Y)=36.534, SSIM(Y)=0.9707
Model saved! Best loss: 0.025029
Epoch 53/150: Training loss=0.019609, lr=1.67e-03
Epoch 53/150: Validation loss=0.025024
Set5: PSNR(Y)=37.187, SSIM(Y)=0.9572
Set14: PSNR(Y)=32.815, SSIM(Y)=0.9100
B100: PSNR(Y)=31.587, SSIM(Y)=0.8918
U100: PSNR(Y)=30.084, SSIM(Y)=0.9049
M109: PSNR(Y)=36.536, SSIM(Y)=0.9707
Model saved! Best loss: 0.025024
Epoch 54/150: Training loss=0.019602, lr=1.65e-03
Epoch 54/150: Validation loss=0.025019
Set5: PSNR(Y)=37.190, SSIM(Y)=0.9572
Set14: PSNR(Y)=32.818, SSIM(Y)=0.9100
B100: PSNR(Y)=31.589, SSIM(Y)=0.8918
U100: PSNR(Y)=30.087, SSIM(Y)=0.9049
M109: PSNR(Y)=36.539, SSIM(Y)=0.9708
Model saved! Best loss: 0.025019
Epoch 55/150: Training loss=0.019599, lr=1.63e-03
Epoch 55/150: Validation loss=0.025011
Set5: PSNR(Y)=37.196, SSIM(Y)=0.9572
Set14: PSNR(Y)=32.821, SSIM(Y)=0.9100
B100: PSNR(Y)=31.591, SSIM(Y)=0.8918
U100: PSNR(Y)=30.091, SSIM(Y)=0.9050
M109: PSNR(Y)=36.545, SSIM(Y)=0.9708
Model saved! Best loss: 0.025011
Epoch 56/150: Training loss=0.019585, lr=1.61e-03
Epoch 56/150: Validation loss=0.025003
Set5: PSNR(Y)=37.201, SSIM(Y)=0.9573
Set14: PSNR(Y)=32.822, SSIM(Y)=0.9100
B100: PSNR(Y)=31.593, SSIM(Y)=0.8919
U100: PSNR(Y)=30.094, SSIM(Y)=0.9050
M109: PSNR(Y)=36.554, SSIM(Y)=0.9708
Model saved! Best loss: 0.025003
Epoch 57/150: Training loss=0.019550, lr=1.60e-03
Epoch 57/150: Validation loss=0.024997
Set5: PSNR(Y)=37.205, SSIM(Y)=0.9573
Set14: PSNR(Y)=32.825, SSIM(Y)=0.9100
B100: PSNR(Y)=31.595, SSIM(Y)=0.8919
U100: PSNR(Y)=30.096, SSIM(Y)=0.9050
M109: PSNR(Y)=36.558, SSIM(Y)=0.9708
Model saved! Best loss: 0.024997
Epoch 58/150: Training loss=0.019586, lr=1.58e-03
Epoch 58/150: Validation loss=0.024993
Set5: PSNR(Y)=37.206, SSIM(Y)=0.9573
Set14: PSNR(Y)=32.830, SSIM(Y)=0.9100
B100: PSNR(Y)=31.596, SSIM(Y)=0.8919
U100: PSNR(Y)=30.099, SSIM(Y)=0.9051
M109: PSNR(Y)=36.560, SSIM(Y)=0.9708
Model saved! Best loss: 0.024993
Epoch 59/150: Training loss=0.019597, lr=1.56e-03
Epoch 59/150: Validation loss=0.024987
Set5: PSNR(Y)=37.209, SSIM(Y)=0.9573
Set14: PSNR(Y)=32.831, SSIM(Y)=0.9100
B100: PSNR(Y)=31.597, SSIM(Y)=0.8919
U100: PSNR(Y)=30.103, SSIM(Y)=0.9051
M109: PSNR(Y)=36.563, SSIM(Y)=0.9708
Model saved! Best loss: 0.024987
Epoch 60/150: Training loss=0.019552, lr=1.54e-03
Epoch 60/150: Validation loss=0.024982
Set5: PSNR(Y)=37.208, SSIM(Y)=0.9572
Set14: PSNR(Y)=32.830, SSIM(Y)=0.9100
B100: PSNR(Y)=31.598, SSIM(Y)=0.8919
U100: PSNR(Y)=30.105, SSIM(Y)=0.9052
M109: PSNR(Y)=36.570, SSIM(Y)=0.9709
Model saved! Best loss: 0.024982
Epoch 61/150: Training loss=0.019587, lr=1.52e-03
Epoch 61/150: Validation loss=0.024976
Set5: PSNR(Y)=37.212, SSIM(Y)=0.9572
Set14: PSNR(Y)=32.834, SSIM(Y)=0.9101
B100: PSNR(Y)=31.599, SSIM(Y)=0.8919
U100: PSNR(Y)=30.106, SSIM(Y)=0.9052
M109: PSNR(Y)=36.578, SSIM(Y)=0.9709
Model saved! Best loss: 0.024976
Epoch 62/150: Training loss=0.019571, lr=1.50e-03
Epoch 62/150: Validation loss=0.024973
Set5: PSNR(Y)=37.209, SSIM(Y)=0.9572
Set14: PSNR(Y)=32.833, SSIM(Y)=0.9101
B100: PSNR(Y)=31.600, SSIM(Y)=0.8920
U100: PSNR(Y)=30.108, SSIM(Y)=0.9052
M109: PSNR(Y)=36.582, SSIM(Y)=0.9709
Model saved! Best loss: 0.024973
Epoch 63/150: Training loss=0.019543, lr=1.48e-03
Epoch 63/150: Validation loss=0.024970
Set5: PSNR(Y)=37.209, SSIM(Y)=0.9572
Set14: PSNR(Y)=32.835, SSIM(Y)=0.9101
B100: PSNR(Y)=31.601, SSIM(Y)=0.8920
U100: PSNR(Y)=30.109, SSIM(Y)=0.9052
M109: PSNR(Y)=36.585, SSIM(Y)=0.9709
Model saved! Best loss: 0.024970
Epoch 64/150: Training loss=0.019545, lr=1.46e-03
Epoch 64/150: Validation loss=0.024966
Set5: PSNR(Y)=37.209, SSIM(Y)=0.9572
Set14: PSNR(Y)=32.833, SSIM(Y)=0.9101
B100: PSNR(Y)=31.602, SSIM(Y)=0.8920
U100: PSNR(Y)=30.110, SSIM(Y)=0.9052
M109: PSNR(Y)=36.589, SSIM(Y)=0.9709
Model saved! Best loss: 0.024966
Epoch 65/150: Training loss=0.019538, lr=1.44e-03
Epoch 65/150: Validation loss=0.024963
Set5: PSNR(Y)=37.208, SSIM(Y)=0.9572
Set14: PSNR(Y)=32.832, SSIM(Y)=0.9101
B100: PSNR(Y)=31.602, SSIM(Y)=0.8920
U100: PSNR(Y)=30.112, SSIM(Y)=0.9052
M109: PSNR(Y)=36.589, SSIM(Y)=0.9709
Model saved! Best loss: 0.024963
Epoch 66/150: Training loss=0.019551, lr=1.42e-03
Epoch 66/150: Validation loss=0.024959
Set5: PSNR(Y)=37.213, SSIM(Y)=0.9573
Set14: PSNR(Y)=32.834, SSIM(Y)=0.9101
B100: PSNR(Y)=31.603, SSIM(Y)=0.8920
U100: PSNR(Y)=30.113, SSIM(Y)=0.9053
M109: PSNR(Y)=36.593, SSIM(Y)=0.9709
Model saved! Best loss: 0.024959
Epoch 67/150: Training loss=0.019547, lr=1.40e-03
Epoch 67/150: Validation loss=0.024956
Set5: PSNR(Y)=37.215, SSIM(Y)=0.9573
Set14: PSNR(Y)=32.835, SSIM(Y)=0.9101
B100: PSNR(Y)=31.604, SSIM(Y)=0.8920
U100: PSNR(Y)=30.114, SSIM(Y)=0.9053
M109: PSNR(Y)=36.594, SSIM(Y)=0.9709
Model saved! Best loss: 0.024956
Epoch 68/150: Training loss=0.019536, lr=1.38e-03
Epoch 68/150: Validation loss=0.024955
Set5: PSNR(Y)=37.217, SSIM(Y)=0.9573
Set14: PSNR(Y)=32.835, SSIM(Y)=0.9101
B100: PSNR(Y)=31.604, SSIM(Y)=0.8920
U100: PSNR(Y)=30.115, SSIM(Y)=0.9053
M109: PSNR(Y)=36.596, SSIM(Y)=0.9709
Model saved! Best loss: 0.024955
Epoch 69/150: Training loss=0.019518, lr=1.36e-03
Epoch 69/150: Validation loss=0.024954
Set5: PSNR(Y)=37.221, SSIM(Y)=0.9573
Set14: PSNR(Y)=32.832, SSIM(Y)=0.9101
B100: PSNR(Y)=31.604, SSIM(Y)=0.8921
U100: PSNR(Y)=30.115, SSIM(Y)=0.9053
M109: PSNR(Y)=36.593, SSIM(Y)=0.9709
Model saved! Best loss: 0.024954
Epoch 70/150: Training loss=0.019518, lr=1.34e-03
Epoch 70/150: Validation loss=0.024958
Set5: PSNR(Y)=37.217, SSIM(Y)=0.9573
Set14: PSNR(Y)=32.829, SSIM(Y)=0.9101
B100: PSNR(Y)=31.603, SSIM(Y)=0.8921
U100: PSNR(Y)=30.111, SSIM(Y)=0.9053
M109: PSNR(Y)=36.585, SSIM(Y)=0.9709
Epoch 71/150: Training loss=0.019527, lr=1.32e-03
Epoch 71/150: Validation loss=0.024956
Set5: PSNR(Y)=37.215, SSIM(Y)=0.9573
Set14: PSNR(Y)=32.827, SSIM(Y)=0.9100
B100: PSNR(Y)=31.603, SSIM(Y)=0.8921
U100: PSNR(Y)=30.108, SSIM(Y)=0.9052
M109: PSNR(Y)=36.584, SSIM(Y)=0.9709
Epoch 72/150: Training loss=0.019529, lr=1.29e-03
Epoch 72/150: Validation loss=0.024952
Set5: PSNR(Y)=37.216, SSIM(Y)=0.9573
Set14: PSNR(Y)=32.826, SSIM(Y)=0.9100
B100: PSNR(Y)=31.603, SSIM(Y)=0.8921
U100: PSNR(Y)=30.107, SSIM(Y)=0.9052
M109: PSNR(Y)=36.580, SSIM(Y)=0.9709
Model saved! Best loss: 0.024952
Epoch 73/150: Training loss=0.019532, lr=1.27e-03
Epoch 73/150: Validation loss=0.024947
Set5: PSNR(Y)=37.218, SSIM(Y)=0.9573
Set14: PSNR(Y)=32.827, SSIM(Y)=0.9100
B100: PSNR(Y)=31.603, SSIM(Y)=0.8921
U100: PSNR(Y)=30.106, SSIM(Y)=0.9052
M109: PSNR(Y)=36.581, SSIM(Y)=0.9709
Model saved! Best loss: 0.024947
Epoch 74/150: Training loss=0.019510, lr=1.25e-03
Epoch 74/150: Validation loss=0.024942
Set5: PSNR(Y)=37.219, SSIM(Y)=0.9573
Set14: PSNR(Y)=32.826, SSIM(Y)=0.9100
B100: PSNR(Y)=31.604, SSIM(Y)=0.8921
U100: PSNR(Y)=30.107, SSIM(Y)=0.9052
M109: PSNR(Y)=36.581, SSIM(Y)=0.9709
Model saved! Best loss: 0.024942
Epoch 75/150: Training loss=0.019507, lr=1.23e-03
Epoch 75/150: Validation loss=0.024938
Set5: PSNR(Y)=37.218, SSIM(Y)=0.9573
Set14: PSNR(Y)=32.825, SSIM(Y)=0.9100
B100: PSNR(Y)=31.603, SSIM(Y)=0.8921
U100: PSNR(Y)=30.106, SSIM(Y)=0.9052
M109: PSNR(Y)=36.582, SSIM(Y)=0.9709
Model saved! Best loss: 0.024938
Epoch 76/150: Training loss=0.019494, lr=1.21e-03
Epoch 76/150: Validation loss=0.024931
Set5: PSNR(Y)=37.218, SSIM(Y)=0.9573
Set14: PSNR(Y)=32.826, SSIM(Y)=0.9100
B100: PSNR(Y)=31.604, SSIM(Y)=0.8921
U100: PSNR(Y)=30.108, SSIM(Y)=0.9052
M109: PSNR(Y)=36.586, SSIM(Y)=0.9709
Model saved! Best loss: 0.024931
Epoch 77/150: Training loss=0.019511, lr=1.18e-03
Epoch 77/150: Validation loss=0.024927
Set5: PSNR(Y)=37.222, SSIM(Y)=0.9573
Set14: PSNR(Y)=32.828, SSIM(Y)=0.9100
B100: PSNR(Y)=31.604, SSIM(Y)=0.8921
U100: PSNR(Y)=30.108, SSIM(Y)=0.9053
M109: PSNR(Y)=36.588, SSIM(Y)=0.9709
Model saved! Best loss: 0.024927
Epoch 78/150: Training loss=0.019472, lr=1.16e-03
Epoch 78/150: Validation loss=0.024921
Set5: PSNR(Y)=37.223, SSIM(Y)=0.9573
Set14: PSNR(Y)=32.829, SSIM(Y)=0.9100
B100: PSNR(Y)=31.605, SSIM(Y)=0.8921
U100: PSNR(Y)=30.108, SSIM(Y)=0.9053
M109: PSNR(Y)=36.593, SSIM(Y)=0.9709
Model saved! Best loss: 0.024921
Epoch 79/150: Training loss=0.019489, lr=1.14e-03
Epoch 79/150: Validation loss=0.024918
Set5: PSNR(Y)=37.223, SSIM(Y)=0.9573
Set14: PSNR(Y)=32.829, SSIM(Y)=0.9100
B100: PSNR(Y)=31.606, SSIM(Y)=0.8921
U100: PSNR(Y)=30.110, SSIM(Y)=0.9053
M109: PSNR(Y)=36.594, SSIM(Y)=0.9709
Model saved! Best loss: 0.024918
Epoch 80/150: Training loss=0.019486, lr=1.12e-03
Epoch 80/150: Validation loss=0.024916
Set5: PSNR(Y)=37.224, SSIM(Y)=0.9573
Set14: PSNR(Y)=32.828, SSIM(Y)=0.9100
B100: PSNR(Y)=31.606, SSIM(Y)=0.8921
U100: PSNR(Y)=30.110, SSIM(Y)=0.9053
M109: PSNR(Y)=36.596, SSIM(Y)=0.9709
Model saved! Best loss: 0.024916
Epoch 81/150: Training loss=0.019467, lr=1.10e-03
Epoch 81/150: Validation loss=0.024911
Set5: PSNR(Y)=37.225, SSIM(Y)=0.9573
Set14: PSNR(Y)=32.829, SSIM(Y)=0.9100
B100: PSNR(Y)=31.607, SSIM(Y)=0.8921
U100: PSNR(Y)=30.112, SSIM(Y)=0.9053
M109: PSNR(Y)=36.596, SSIM(Y)=0.9709
Model saved! Best loss: 0.024911
Epoch 82/150: Training loss=0.019509, lr=1.07e-03
Epoch 82/150: Validation loss=0.024908
Set5: PSNR(Y)=37.224, SSIM(Y)=0.9573
Set14: PSNR(Y)=32.828, SSIM(Y)=0.9100
B100: PSNR(Y)=31.607, SSIM(Y)=0.8921
U100: PSNR(Y)=30.113, SSIM(Y)=0.9053
M109: PSNR(Y)=36.600, SSIM(Y)=0.9709
Model saved! Best loss: 0.024908
Epoch 83/150: Training loss=0.019480, lr=1.05e-03
Epoch 83/150: Validation loss=0.024904
Set5: PSNR(Y)=37.224, SSIM(Y)=0.9573
Set14: PSNR(Y)=32.828, SSIM(Y)=0.9100
B100: PSNR(Y)=31.607, SSIM(Y)=0.8921
U100: PSNR(Y)=30.114, SSIM(Y)=0.9053
M109: PSNR(Y)=36.601, SSIM(Y)=0.9710
Model saved! Best loss: 0.024904
Epoch 84/150: Training loss=0.019465, lr=1.03e-03
Epoch 84/150: Validation loss=0.024901
Set5: PSNR(Y)=37.222, SSIM(Y)=0.9573
Set14: PSNR(Y)=32.828, SSIM(Y)=0.9100
B100: PSNR(Y)=31.607, SSIM(Y)=0.8921
U100: PSNR(Y)=30.115, SSIM(Y)=0.9053
M109: PSNR(Y)=36.603, SSIM(Y)=0.9710
Model saved! Best loss: 0.024901
Epoch 85/150: Training loss=0.019470, lr=1.01e-03
Epoch 85/150: Validation loss=0.024898
Set5: PSNR(Y)=37.222, SSIM(Y)=0.9573
Set14: PSNR(Y)=32.831, SSIM(Y)=0.9101
B100: PSNR(Y)=31.608, SSIM(Y)=0.8921
U100: PSNR(Y)=30.115, SSIM(Y)=0.9054
M109: PSNR(Y)=36.605, SSIM(Y)=0.9710
Model saved! Best loss: 0.024898
Epoch 86/150: Training loss=0.019454, lr=9.84e-04
Epoch 86/150: Validation loss=0.024895
Set5: PSNR(Y)=37.221, SSIM(Y)=0.9573
Set14: PSNR(Y)=32.832, SSIM(Y)=0.9101
B100: PSNR(Y)=31.609, SSIM(Y)=0.8921
U100: PSNR(Y)=30.116, SSIM(Y)=0.9054
M109: PSNR(Y)=36.607, SSIM(Y)=0.9710
Model saved! Best loss: 0.024895
Epoch 87/150: Training loss=0.019491, lr=9.62e-04
Epoch 87/150: Validation loss=0.024891
Set5: PSNR(Y)=37.219, SSIM(Y)=0.9573
Set14: PSNR(Y)=32.832, SSIM(Y)=0.9100
B100: PSNR(Y)=31.609, SSIM(Y)=0.8921
U100: PSNR(Y)=30.118, SSIM(Y)=0.9054
M109: PSNR(Y)=36.608, SSIM(Y)=0.9710
Model saved! Best loss: 0.024891
Epoch 88/150: Training loss=0.019449, lr=9.40e-04
Epoch 88/150: Validation loss=0.024889
Set5: PSNR(Y)=37.219, SSIM(Y)=0.9573
Set14: PSNR(Y)=32.832, SSIM(Y)=0.9101
B100: PSNR(Y)=31.609, SSIM(Y)=0.8921
U100: PSNR(Y)=30.117, SSIM(Y)=0.9054
M109: PSNR(Y)=36.611, SSIM(Y)=0.9710
Model saved! Best loss: 0.024889
Epoch 89/150: Training loss=0.019460, lr=9.17e-04
Epoch 89/150: Validation loss=0.024885
Set5: PSNR(Y)=37.219, SSIM(Y)=0.9573
Set14: PSNR(Y)=32.833, SSIM(Y)=0.9101
B100: PSNR(Y)=31.609, SSIM(Y)=0.8921
U100: PSNR(Y)=30.119, SSIM(Y)=0.9054
M109: PSNR(Y)=36.613, SSIM(Y)=0.9710
Model saved! Best loss: 0.024885
Epoch 90/150: Training loss=0.019453, lr=8.95e-04
Epoch 90/150: Validation loss=0.024882
Set5: PSNR(Y)=37.219, SSIM(Y)=0.9573
Set14: PSNR(Y)=32.835, SSIM(Y)=0.9101
B100: PSNR(Y)=31.610, SSIM(Y)=0.8921
U100: PSNR(Y)=30.121, SSIM(Y)=0.9054
M109: PSNR(Y)=36.615, SSIM(Y)=0.9710
Model saved! Best loss: 0.024882
Epoch 91/150: Training loss=0.019463, lr=8.73e-04
Epoch 91/150: Validation loss=0.024880
Set5: PSNR(Y)=37.218, SSIM(Y)=0.9573
Set14: PSNR(Y)=32.835, SSIM(Y)=0.9101
B100: PSNR(Y)=31.610, SSIM(Y)=0.8921
U100: PSNR(Y)=30.122, SSIM(Y)=0.9054
M109: PSNR(Y)=36.614, SSIM(Y)=0.9710
Model saved! Best loss: 0.024880
Epoch 92/150: Training loss=0.019473, lr=8.51e-04
Epoch 92/150: Validation loss=0.024876
Set5: PSNR(Y)=37.218, SSIM(Y)=0.9573
Set14: PSNR(Y)=32.835, SSIM(Y)=0.9101
B100: PSNR(Y)=31.610, SSIM(Y)=0.8922
U100: PSNR(Y)=30.124, SSIM(Y)=0.9055
M109: PSNR(Y)=36.615, SSIM(Y)=0.9710
Model saved! Best loss: 0.024876
Epoch 93/150: Training loss=0.019432, lr=8.29e-04
Epoch 93/150: Validation loss=0.024874
Set5: PSNR(Y)=37.218, SSIM(Y)=0.9573
Set14: PSNR(Y)=32.836, SSIM(Y)=0.9101
B100: PSNR(Y)=31.611, SSIM(Y)=0.8922
U100: PSNR(Y)=30.125, SSIM(Y)=0.9055
M109: PSNR(Y)=36.616, SSIM(Y)=0.9710
Model saved! Best loss: 0.024874
Epoch 94/150: Training loss=0.019451, lr=8.08e-04
Epoch 94/150: Validation loss=0.024872
Set5: PSNR(Y)=37.218, SSIM(Y)=0.9573
Set14: PSNR(Y)=32.838, SSIM(Y)=0.9101
B100: PSNR(Y)=31.611, SSIM(Y)=0.8922
U100: PSNR(Y)=30.126, SSIM(Y)=0.9055
M109: PSNR(Y)=36.617, SSIM(Y)=0.9710
Model saved! Best loss: 0.024872
Epoch 95/150: Training loss=0.019425, lr=7.86e-04
Epoch 95/150: Validation loss=0.024870
Set5: PSNR(Y)=37.217, SSIM(Y)=0.9573
Set14: PSNR(Y)=32.838, SSIM(Y)=0.9101
B100: PSNR(Y)=31.612, SSIM(Y)=0.8922
U100: PSNR(Y)=30.126, SSIM(Y)=0.9055
M109: PSNR(Y)=36.617, SSIM(Y)=0.9710
Model saved! Best loss: 0.024870
Epoch 96/150: Training loss=0.019435, lr=7.65e-04
Epoch 96/150: Validation loss=0.024866
Set5: PSNR(Y)=37.220, SSIM(Y)=0.9573
Set14: PSNR(Y)=32.841, SSIM(Y)=0.9101
B100: PSNR(Y)=31.612, SSIM(Y)=0.8922
U100: PSNR(Y)=30.127, SSIM(Y)=0.9055
M109: PSNR(Y)=36.622, SSIM(Y)=0.9710
Model saved! Best loss: 0.024866
Epoch 97/150: Training loss=0.019436, lr=7.43e-04
Epoch 97/150: Validation loss=0.024863
Set5: PSNR(Y)=37.221, SSIM(Y)=0.9573
Set14: PSNR(Y)=32.842, SSIM(Y)=0.9101
B100: PSNR(Y)=31.612, SSIM(Y)=0.8922
U100: PSNR(Y)=30.127, SSIM(Y)=0.9055
M109: PSNR(Y)=36.626, SSIM(Y)=0.9710
Model saved! Best loss: 0.024863
Epoch 98/150: Training loss=0.019457, lr=7.22e-04
Epoch 98/150: Validation loss=0.024862
Set5: PSNR(Y)=37.220, SSIM(Y)=0.9573
Set14: PSNR(Y)=32.841, SSIM(Y)=0.9102
B100: PSNR(Y)=31.612, SSIM(Y)=0.8922
U100: PSNR(Y)=30.127, SSIM(Y)=0.9055
M109: PSNR(Y)=36.623, SSIM(Y)=0.9710
Model saved! Best loss: 0.024862
Epoch 99/150: Training loss=0.019438, lr=7.01e-04
Epoch 99/150: Validation loss=0.024859
Set5: PSNR(Y)=37.218, SSIM(Y)=0.9573
Set14: PSNR(Y)=32.841, SSIM(Y)=0.9102
B100: PSNR(Y)=31.613, SSIM(Y)=0.8922
U100: PSNR(Y)=30.129, SSIM(Y)=0.9055
M109: PSNR(Y)=36.627, SSIM(Y)=0.9710
Model saved! Best loss: 0.024859
Epoch 100/150: Training loss=0.019432, lr=6.80e-04
Epoch 100/150: Validation loss=0.024856
Set5: PSNR(Y)=37.218, SSIM(Y)=0.9573
Set14: PSNR(Y)=32.843, SSIM(Y)=0.9102
B100: PSNR(Y)=31.613, SSIM(Y)=0.8922
U100: PSNR(Y)=30.129, SSIM(Y)=0.9055
M109: PSNR(Y)=36.628, SSIM(Y)=0.9710
Model saved! Best loss: 0.024856
Epoch 101/150: Training loss=0.019435, lr=6.60e-04
Epoch 101/150: Validation loss=0.024854
Set5: PSNR(Y)=37.217, SSIM(Y)=0.9573
Set14: PSNR(Y)=32.843, SSIM(Y)=0.9102
B100: PSNR(Y)=31.613, SSIM(Y)=0.8922
U100: PSNR(Y)=30.130, SSIM(Y)=0.9055
M109: PSNR(Y)=36.632, SSIM(Y)=0.9710
Model saved! Best loss: 0.024854
Epoch 102/150: Training loss=0.019410, lr=6.39e-04
Epoch 102/150: Validation loss=0.024852
Set5: PSNR(Y)=37.220, SSIM(Y)=0.9573
Set14: PSNR(Y)=32.842, SSIM(Y)=0.9102
B100: PSNR(Y)=31.613, SSIM(Y)=0.8922
U100: PSNR(Y)=30.131, SSIM(Y)=0.9055
M109: PSNR(Y)=36.630, SSIM(Y)=0.9710
Model saved! Best loss: 0.024852
Epoch 103/150: Training loss=0.019403, lr=6.19e-04
Epoch 103/150: Validation loss=0.024848
Set5: PSNR(Y)=37.221, SSIM(Y)=0.9573
Set14: PSNR(Y)=32.842, SSIM(Y)=0.9102
B100: PSNR(Y)=31.613, SSIM(Y)=0.8922
U100: PSNR(Y)=30.132, SSIM(Y)=0.9056
M109: PSNR(Y)=36.632, SSIM(Y)=0.9711
Model saved! Best loss: 0.024848
Epoch 104/150: Training loss=0.019426, lr=5.99e-04
Epoch 104/150: Validation loss=0.024845
Set5: PSNR(Y)=37.221, SSIM(Y)=0.9573
Set14: PSNR(Y)=32.844, SSIM(Y)=0.9102
B100: PSNR(Y)=31.614, SSIM(Y)=0.8922
U100: PSNR(Y)=30.132, SSIM(Y)=0.9056
M109: PSNR(Y)=36.635, SSIM(Y)=0.9711
Model saved! Best loss: 0.024845
Epoch 105/150: Training loss=0.019445, lr=5.79e-04
Epoch 105/150: Validation loss=0.024843
Set5: PSNR(Y)=37.221, SSIM(Y)=0.9573
Set14: PSNR(Y)=32.843, SSIM(Y)=0.9102
B100: PSNR(Y)=31.614, SSIM(Y)=0.8922
U100: PSNR(Y)=30.132, SSIM(Y)=0.9056
M109: PSNR(Y)=36.637, SSIM(Y)=0.9711
Model saved! Best loss: 0.024843
Epoch 106/150: Training loss=0.019411, lr=5.60e-04
Epoch 106/150: Validation loss=0.024842
Set5: PSNR(Y)=37.221, SSIM(Y)=0.9573
Set14: PSNR(Y)=32.844, SSIM(Y)=0.9102
B100: PSNR(Y)=31.614, SSIM(Y)=0.8922
U100: PSNR(Y)=30.132, SSIM(Y)=0.9056
M109: PSNR(Y)=36.636, SSIM(Y)=0.9711
Model saved! Best loss: 0.024842
Epoch 107/150: Training loss=0.019419, lr=5.41e-04
Epoch 107/150: Validation loss=0.024841
Set5: PSNR(Y)=37.221, SSIM(Y)=0.9573
Set14: PSNR(Y)=32.844, SSIM(Y)=0.9102
B100: PSNR(Y)=31.614, SSIM(Y)=0.8922
U100: PSNR(Y)=30.132, SSIM(Y)=0.9056
M109: PSNR(Y)=36.635, SSIM(Y)=0.9711
Model saved! Best loss: 0.024841
Epoch 108/150: Training loss=0.019434, lr=5.22e-04
Epoch 108/150: Validation loss=0.024838
Set5: PSNR(Y)=37.222, SSIM(Y)=0.9573
Set14: PSNR(Y)=32.847, SSIM(Y)=0.9102
B100: PSNR(Y)=31.615, SSIM(Y)=0.8922
U100: PSNR(Y)=30.134, SSIM(Y)=0.9056
M109: PSNR(Y)=36.635, SSIM(Y)=0.9711
Model saved! Best loss: 0.024838
Epoch 109/150: Training loss=0.019429, lr=5.03e-04
Epoch 109/150: Validation loss=0.024837
Set5: PSNR(Y)=37.222, SSIM(Y)=0.9573
Set14: PSNR(Y)=32.845, SSIM(Y)=0.9102
B100: PSNR(Y)=31.615, SSIM(Y)=0.8922
U100: PSNR(Y)=30.133, SSIM(Y)=0.9056
M109: PSNR(Y)=36.637, SSIM(Y)=0.9711
Model saved! Best loss: 0.024837
Epoch 110/150: Training loss=0.019438, lr=4.85e-04
Epoch 110/150: Validation loss=0.024835
Set5: PSNR(Y)=37.223, SSIM(Y)=0.9573
Set14: PSNR(Y)=32.846, SSIM(Y)=0.9102
B100: PSNR(Y)=31.615, SSIM(Y)=0.8922
U100: PSNR(Y)=30.134, SSIM(Y)=0.9056
M109: PSNR(Y)=36.638, SSIM(Y)=0.9711
Model saved! Best loss: 0.024835
Epoch 111/150: Training loss=0.019384, lr=4.67e-04
Epoch 111/150: Validation loss=0.024833
Set5: PSNR(Y)=37.222, SSIM(Y)=0.9573
Set14: PSNR(Y)=32.846, SSIM(Y)=0.9102
B100: PSNR(Y)=31.615, SSIM(Y)=0.8922
U100: PSNR(Y)=30.134, SSIM(Y)=0.9056
M109: PSNR(Y)=36.641, SSIM(Y)=0.9711
Model saved! Best loss: 0.024833
Epoch 112/150: Training loss=0.019426, lr=4.49e-04
Epoch 112/150: Validation loss=0.024829
Set5: PSNR(Y)=37.224, SSIM(Y)=0.9573
Set14: PSNR(Y)=32.846, SSIM(Y)=0.9102
B100: PSNR(Y)=31.616, SSIM(Y)=0.8922
U100: PSNR(Y)=30.136, SSIM(Y)=0.9056
M109: PSNR(Y)=36.642, SSIM(Y)=0.9711
Model saved! Best loss: 0.024829
Epoch 113/150: Training loss=0.019436, lr=4.32e-04
Epoch 113/150: Validation loss=0.024827
Set5: PSNR(Y)=37.222, SSIM(Y)=0.9573
Set14: PSNR(Y)=32.846, SSIM(Y)=0.9102
B100: PSNR(Y)=31.616, SSIM(Y)=0.8922
U100: PSNR(Y)=30.136, SSIM(Y)=0.9056
M109: PSNR(Y)=36.642, SSIM(Y)=0.9711
Model saved! Best loss: 0.024827
Epoch 114/150: Training loss=0.019424, lr=4.14e-04
Epoch 114/150: Validation loss=0.024826
Set5: PSNR(Y)=37.220, SSIM(Y)=0.9573
Set14: PSNR(Y)=32.847, SSIM(Y)=0.9102
B100: PSNR(Y)=31.616, SSIM(Y)=0.8922
U100: PSNR(Y)=30.137, SSIM(Y)=0.9056
M109: PSNR(Y)=36.641, SSIM(Y)=0.9711
Model saved! Best loss: 0.024826
Epoch 115/150: Training loss=0.019395, lr=3.98e-04
Epoch 115/150: Validation loss=0.024825
Set5: PSNR(Y)=37.221, SSIM(Y)=0.9573
Set14: PSNR(Y)=32.848, SSIM(Y)=0.9102
B100: PSNR(Y)=31.616, SSIM(Y)=0.8922
U100: PSNR(Y)=30.136, SSIM(Y)=0.9056
M109: PSNR(Y)=36.643, SSIM(Y)=0.9711
Model saved! Best loss: 0.024825
Epoch 116/150: Training loss=0.019389, lr=3.81e-04
Epoch 116/150: Validation loss=0.024824
Set5: PSNR(Y)=37.221, SSIM(Y)=0.9573
Set14: PSNR(Y)=32.848, SSIM(Y)=0.9102
B100: PSNR(Y)=31.616, SSIM(Y)=0.8922
U100: PSNR(Y)=30.136, SSIM(Y)=0.9056
M109: PSNR(Y)=36.643, SSIM(Y)=0.9711
Model saved! Best loss: 0.024824
Epoch 117/150: Training loss=0.019416, lr=3.65e-04
Epoch 117/150: Validation loss=0.024823
Set5: PSNR(Y)=37.222, SSIM(Y)=0.9573
Set14: PSNR(Y)=32.848, SSIM(Y)=0.9102
B100: PSNR(Y)=31.616, SSIM(Y)=0.8922
U100: PSNR(Y)=30.136, SSIM(Y)=0.9056
M109: PSNR(Y)=36.642, SSIM(Y)=0.9711
Model saved! Best loss: 0.024823
Epoch 118/150: Training loss=0.019411, lr=3.49e-04
Epoch 118/150: Validation loss=0.024821
Set5: PSNR(Y)=37.225, SSIM(Y)=0.9574
Set14: PSNR(Y)=32.848, SSIM(Y)=0.9102
B100: PSNR(Y)=31.616, SSIM(Y)=0.8922
U100: PSNR(Y)=30.136, SSIM(Y)=0.9056
M109: PSNR(Y)=36.643, SSIM(Y)=0.9711
Model saved! Best loss: 0.024821
Epoch 119/150: Training loss=0.019435, lr=3.34e-04
Epoch 119/150: Validation loss=0.024818
Set5: PSNR(Y)=37.223, SSIM(Y)=0.9573
Set14: PSNR(Y)=32.848, SSIM(Y)=0.9102
B100: PSNR(Y)=31.616, SSIM(Y)=0.8922
U100: PSNR(Y)=30.137, SSIM(Y)=0.9056
M109: PSNR(Y)=36.645, SSIM(Y)=0.9711
Model saved! Best loss: 0.024818
Epoch 120/150: Training loss=0.019424, lr=3.19e-04
Epoch 120/150: Validation loss=0.024816
Set5: PSNR(Y)=37.225, SSIM(Y)=0.9574
Set14: PSNR(Y)=32.848, SSIM(Y)=0.9102
B100: PSNR(Y)=31.616, SSIM(Y)=0.8922
U100: PSNR(Y)=30.138, SSIM(Y)=0.9057
M109: PSNR(Y)=36.644, SSIM(Y)=0.9711
Model saved! Best loss: 0.024816
Epoch 121/150: Training loss=0.019362, lr=3.05e-04
Epoch 121/150: Validation loss=0.024815
Set5: PSNR(Y)=37.223, SSIM(Y)=0.9573
Set14: PSNR(Y)=32.849, SSIM(Y)=0.9102
B100: PSNR(Y)=31.616, SSIM(Y)=0.8922
U100: PSNR(Y)=30.138, SSIM(Y)=0.9057
M109: PSNR(Y)=36.644, SSIM(Y)=0.9711
Model saved! Best loss: 0.024815
Epoch 122/150: Training loss=0.019412, lr=2.90e-04
Epoch 122/150: Validation loss=0.024814
Set5: PSNR(Y)=37.224, SSIM(Y)=0.9574
Set14: PSNR(Y)=32.849, SSIM(Y)=0.9102
B100: PSNR(Y)=31.616, SSIM(Y)=0.8922
U100: PSNR(Y)=30.138, SSIM(Y)=0.9057
M109: PSNR(Y)=36.646, SSIM(Y)=0.9711
Model saved! Best loss: 0.024814
Epoch 123/150: Training loss=0.019396, lr=2.77e-04
Epoch 123/150: Validation loss=0.024812
Set5: PSNR(Y)=37.222, SSIM(Y)=0.9573
Set14: PSNR(Y)=32.849, SSIM(Y)=0.9103
B100: PSNR(Y)=31.616, SSIM(Y)=0.8922
U100: PSNR(Y)=30.138, SSIM(Y)=0.9057
M109: PSNR(Y)=36.646, SSIM(Y)=0.9711
Model saved! Best loss: 0.024812
Epoch 124/150: Training loss=0.019425, lr=2.63e-04
Epoch 124/150: Validation loss=0.024812
Set5: PSNR(Y)=37.222, SSIM(Y)=0.9573
Set14: PSNR(Y)=32.849, SSIM(Y)=0.9103
B100: PSNR(Y)=31.616, SSIM(Y)=0.8922
U100: PSNR(Y)=30.137, SSIM(Y)=0.9057
M109: PSNR(Y)=36.644, SSIM(Y)=0.9711
Epoch 125/150: Training loss=0.019378, lr=2.50e-04
Epoch 125/150: Validation loss=0.024811
Set5: PSNR(Y)=37.223, SSIM(Y)=0.9573
Set14: PSNR(Y)=32.849, SSIM(Y)=0.9102
B100: PSNR(Y)=31.616, SSIM(Y)=0.8922
U100: PSNR(Y)=30.137, SSIM(Y)=0.9057
M109: PSNR(Y)=36.644, SSIM(Y)=0.9711
Model saved! Best loss: 0.024811
Epoch 126/150: Training loss=0.019391, lr=2.38e-04
Epoch 126/150: Validation loss=0.024809
Set5: PSNR(Y)=37.222, SSIM(Y)=0.9573
Set14: PSNR(Y)=32.849, SSIM(Y)=0.9102
B100: PSNR(Y)=31.616, SSIM(Y)=0.8922
U100: PSNR(Y)=30.138, SSIM(Y)=0.9057
M109: PSNR(Y)=36.645, SSIM(Y)=0.9711
Model saved! Best loss: 0.024809
Epoch 127/150: Training loss=0.019414, lr=2.26e-04
Epoch 127/150: Validation loss=0.024807
Set5: PSNR(Y)=37.225, SSIM(Y)=0.9574
Set14: PSNR(Y)=32.849, SSIM(Y)=0.9102
B100: PSNR(Y)=31.616, SSIM(Y)=0.8922
U100: PSNR(Y)=30.137, SSIM(Y)=0.9057
M109: PSNR(Y)=36.648, SSIM(Y)=0.9711
Model saved! Best loss: 0.024807
Epoch 128/150: Training loss=0.019399, lr=2.14e-04
Epoch 128/150: Validation loss=0.024806
Set5: PSNR(Y)=37.224, SSIM(Y)=0.9573
Set14: PSNR(Y)=32.850, SSIM(Y)=0.9102
B100: PSNR(Y)=31.616, SSIM(Y)=0.8922
U100: PSNR(Y)=30.138, SSIM(Y)=0.9057
M109: PSNR(Y)=36.647, SSIM(Y)=0.9711
Model saved! Best loss: 0.024806
Epoch 129/150: Training loss=0.019402, lr=2.03e-04
Epoch 129/150: Validation loss=0.024806
Set5: PSNR(Y)=37.223, SSIM(Y)=0.9573
Set14: PSNR(Y)=32.850, SSIM(Y)=0.9103
B100: PSNR(Y)=31.616, SSIM(Y)=0.8922
U100: PSNR(Y)=30.137, SSIM(Y)=0.9057
M109: PSNR(Y)=36.647, SSIM(Y)=0.9711
Epoch 130/150: Training loss=0.019400, lr=1.92e-04
Epoch 130/150: Validation loss=0.024805
Set5: PSNR(Y)=37.223, SSIM(Y)=0.9574
Set14: PSNR(Y)=32.851, SSIM(Y)=0.9103
B100: PSNR(Y)=31.617, SSIM(Y)=0.8923
U100: PSNR(Y)=30.138, SSIM(Y)=0.9057
M109: PSNR(Y)=36.647, SSIM(Y)=0.9711
Model saved! Best loss: 0.024805
Epoch 131/150: Training loss=0.019385, lr=1.82e-04
Epoch 131/150: Validation loss=0.024803
Set5: PSNR(Y)=37.225, SSIM(Y)=0.9574
Set14: PSNR(Y)=32.850, SSIM(Y)=0.9103
B100: PSNR(Y)=31.617, SSIM(Y)=0.8923
U100: PSNR(Y)=30.137, SSIM(Y)=0.9057
M109: PSNR(Y)=36.649, SSIM(Y)=0.9711
Model saved! Best loss: 0.024803
Epoch 132/150: Training loss=0.019373, lr=1.72e-04
Epoch 132/150: Validation loss=0.024802
Set5: PSNR(Y)=37.226, SSIM(Y)=0.9574
Set14: PSNR(Y)=32.850, SSIM(Y)=0.9103
B100: PSNR(Y)=31.617, SSIM(Y)=0.8922
U100: PSNR(Y)=30.138, SSIM(Y)=0.9057
M109: PSNR(Y)=36.649, SSIM(Y)=0.9711
Model saved! Best loss: 0.024802
Epoch 133/150: Training loss=0.019372, lr=1.63e-04
Epoch 133/150: Validation loss=0.024801
Set5: PSNR(Y)=37.225, SSIM(Y)=0.9574
Set14: PSNR(Y)=32.849, SSIM(Y)=0.9103
B100: PSNR(Y)=31.617, SSIM(Y)=0.8923
U100: PSNR(Y)=30.139, SSIM(Y)=0.9057
M109: PSNR(Y)=36.648, SSIM(Y)=0.9711
Model saved! Best loss: 0.024801
Epoch 134/150: Training loss=0.019385, lr=1.54e-04
Epoch 134/150: Validation loss=0.024801
Set5: PSNR(Y)=37.224, SSIM(Y)=0.9574
Set14: PSNR(Y)=32.850, SSIM(Y)=0.9103
B100: PSNR(Y)=31.617, SSIM(Y)=0.8923
U100: PSNR(Y)=30.138, SSIM(Y)=0.9057
M109: PSNR(Y)=36.648, SSIM(Y)=0.9711
Model saved! Best loss: 0.024801
Epoch 135/150: Training loss=0.019412, lr=1.46e-04
Epoch 135/150: Validation loss=0.024800
Set5: PSNR(Y)=37.224, SSIM(Y)=0.9574
Set14: PSNR(Y)=32.850, SSIM(Y)=0.9103
B100: PSNR(Y)=31.617, SSIM(Y)=0.8923
U100: PSNR(Y)=30.139, SSIM(Y)=0.9057
M109: PSNR(Y)=36.649, SSIM(Y)=0.9711
Model saved! Best loss: 0.024800
Epoch 136/150: Training loss=0.019382, lr=1.38e-04
Epoch 136/150: Validation loss=0.024799
Set5: PSNR(Y)=37.225, SSIM(Y)=0.9574
Set14: PSNR(Y)=32.851, SSIM(Y)=0.9103
B100: PSNR(Y)=31.617, SSIM(Y)=0.8922
U100: PSNR(Y)=30.140, SSIM(Y)=0.9057
M109: PSNR(Y)=36.651, SSIM(Y)=0.9711
Model saved! Best loss: 0.024799
Epoch 137/150: Training loss=0.019374, lr=1.30e-04
Epoch 137/150: Validation loss=0.024798
Set5: PSNR(Y)=37.225, SSIM(Y)=0.9574
Set14: PSNR(Y)=32.852, SSIM(Y)=0.9103
B100: PSNR(Y)=31.617, SSIM(Y)=0.8923
U100: PSNR(Y)=30.140, SSIM(Y)=0.9057
M109: PSNR(Y)=36.649, SSIM(Y)=0.9711
Model saved! Best loss: 0.024798
Epoch 138/150: Training loss=0.019363, lr=1.24e-04
Epoch 138/150: Validation loss=0.024799
Set5: PSNR(Y)=37.225, SSIM(Y)=0.9574
Set14: PSNR(Y)=32.851, SSIM(Y)=0.9103
B100: PSNR(Y)=31.616, SSIM(Y)=0.8923
U100: PSNR(Y)=30.140, SSIM(Y)=0.9057
M109: PSNR(Y)=36.649, SSIM(Y)=0.9711
Epoch 139/150: Training loss=0.019389, lr=1.17e-04
Epoch 139/150: Validation loss=0.024798
Set5: PSNR(Y)=37.226, SSIM(Y)=0.9574
Set14: PSNR(Y)=32.852, SSIM(Y)=0.9103
B100: PSNR(Y)=31.617, SSIM(Y)=0.8923
U100: PSNR(Y)=30.139, SSIM(Y)=0.9057
M109: PSNR(Y)=36.650, SSIM(Y)=0.9711
Model saved! Best loss: 0.024798
Epoch 140/150: Training loss=0.019389, lr=1.11e-04
Epoch 140/150: Validation loss=0.024796
Set5: PSNR(Y)=37.226, SSIM(Y)=0.9574
Set14: PSNR(Y)=32.852, SSIM(Y)=0.9103
B100: PSNR(Y)=31.617, SSIM(Y)=0.8923
U100: PSNR(Y)=30.140, SSIM(Y)=0.9057
M109: PSNR(Y)=36.648, SSIM(Y)=0.9711
Model saved! Best loss: 0.024796
Epoch 141/150: Training loss=0.019407, lr=1.06e-04
Epoch 141/150: Validation loss=0.024794
Set5: PSNR(Y)=37.227, SSIM(Y)=0.9574
Set14: PSNR(Y)=32.852, SSIM(Y)=0.9103
B100: PSNR(Y)=31.617, SSIM(Y)=0.8923
U100: PSNR(Y)=30.141, SSIM(Y)=0.9057
M109: PSNR(Y)=36.650, SSIM(Y)=0.9711
Model saved! Best loss: 0.024794
Epoch 142/150: Training loss=0.019393, lr=1.01e-04
Epoch 142/150: Validation loss=0.024794
Set5: PSNR(Y)=37.227, SSIM(Y)=0.9574
Set14: PSNR(Y)=32.852, SSIM(Y)=0.9103
B100: PSNR(Y)=31.617, SSIM(Y)=0.8923
U100: PSNR(Y)=30.140, SSIM(Y)=0.9057
M109: PSNR(Y)=36.652, SSIM(Y)=0.9711
Model saved! Best loss: 0.024794
Epoch 143/150: Training loss=0.019371, lr=9.66e-05
Epoch 143/150: Validation loss=0.024795
Set5: PSNR(Y)=37.226, SSIM(Y)=0.9574
Set14: PSNR(Y)=32.850, SSIM(Y)=0.9103
B100: PSNR(Y)=31.617, SSIM(Y)=0.8923
U100: PSNR(Y)=30.140, SSIM(Y)=0.9057
M109: PSNR(Y)=36.650, SSIM(Y)=0.9711
Epoch 144/150: Training loss=0.019370, lr=9.27e-05
Epoch 144/150: Validation loss=0.024794
Set5: PSNR(Y)=37.226, SSIM(Y)=0.9574
Set14: PSNR(Y)=32.851, SSIM(Y)=0.9103
B100: PSNR(Y)=31.617, SSIM(Y)=0.8923
U100: PSNR(Y)=30.141, SSIM(Y)=0.9057
M109: PSNR(Y)=36.650, SSIM(Y)=0.9711
Model saved! Best loss: 0.024794
Epoch 145/150: Training loss=0.019407, lr=8.93e-05
Epoch 145/150: Validation loss=0.024794
Set5: PSNR(Y)=37.225, SSIM(Y)=0.9574
Set14: PSNR(Y)=32.851, SSIM(Y)=0.9103
B100: PSNR(Y)=31.617, SSIM(Y)=0.8923
U100: PSNR(Y)=30.140, SSIM(Y)=0.9057
M109: PSNR(Y)=36.649, SSIM(Y)=0.9711
Epoch 146/150: Training loss=0.019398, lr=8.65e-05
Epoch 146/150: Validation loss=0.024793
Set5: PSNR(Y)=37.226, SSIM(Y)=0.9574
Set14: PSNR(Y)=32.851, SSIM(Y)=0.9103
B100: PSNR(Y)=31.617, SSIM(Y)=0.8923
U100: PSNR(Y)=30.142, SSIM(Y)=0.9057
M109: PSNR(Y)=36.650, SSIM(Y)=0.9711
Model saved! Best loss: 0.024793
Epoch 147/150: Training loss=0.019358, lr=8.42e-05
Epoch 147/150: Validation loss=0.024792
Set5: PSNR(Y)=37.226, SSIM(Y)=0.9574
Set14: PSNR(Y)=32.851, SSIM(Y)=0.9103
B100: PSNR(Y)=31.617, SSIM(Y)=0.8923
U100: PSNR(Y)=30.142, SSIM(Y)=0.9057
M109: PSNR(Y)=36.652, SSIM(Y)=0.9711
Model saved! Best loss: 0.024792
Epoch 148/150: Training loss=0.019416, lr=8.23e-05
Epoch 148/150: Validation loss=0.024792
Set5: PSNR(Y)=37.225, SSIM(Y)=0.9574
Set14: PSNR(Y)=32.852, SSIM(Y)=0.9103
B100: PSNR(Y)=31.617, SSIM(Y)=0.8923
U100: PSNR(Y)=30.141, SSIM(Y)=0.9057
M109: PSNR(Y)=36.652, SSIM(Y)=0.9711
Model saved! Best loss: 0.024792
Epoch 149/150: Training loss=0.019367, lr=8.10e-05
Epoch 149/150: Validation loss=0.024792
Set5: PSNR(Y)=37.226, SSIM(Y)=0.9574
Set14: PSNR(Y)=32.853, SSIM(Y)=0.9103
B100: PSNR(Y)=31.617, SSIM(Y)=0.8923
U100: PSNR(Y)=30.141, SSIM(Y)=0.9057
M109: PSNR(Y)=36.653, SSIM(Y)=0.9711
Epoch 150/150: Training loss=0.019386, lr=8.03e-05
Epoch 150/150: Validation loss=0.024793
Set5: PSNR(Y)=37.226, SSIM(Y)=0.9574
Set14: PSNR(Y)=32.852, SSIM(Y)=0.9103
B100: PSNR(Y)=31.617, SSIM(Y)=0.8923
U100: PSNR(Y)=30.141, SSIM(Y)=0.9057
M109: PSNR(Y)=36.651, SSIM(Y)=0.9711
==================================================
Training Finished
==================================================
==================================================
Testing Best Model
==================================================
Set5: PSNR(Y)=37.225, SSIM(Y)=0.9574
Set14: PSNR(Y)=32.852, SSIM(Y)=0.9103
B100: PSNR(Y)=31.617, SSIM(Y)=0.8923
U100: PSNR(Y)=30.141, SSIM(Y)=0.9057
M109: PSNR(Y)=36.652, SSIM(Y)=0.9711
==================================================
Testing Bicubic Interpolation
==================================================
Set5: PSNR(Y)=33.977, SSIM(Y)=0.9330
Set14: PSNR(Y)=30.539, SSIM(Y)=0.8748
B100: PSNR(Y)=29.707, SSIM(Y)=0.8490
U100: PSNR(Y)=27.063, SSIM(Y)=0.8451
M109: PSNR(Y)=31.213, SSIM(Y)=0.9382
